--------- beginning of main
08-01 05:33:23.049  7142  7142 I adbd    : adbd service requested 'shell,v2,TERM=dumb,raw:am start -n com.tcs.vehicleassistant/.LocalLLMActivity'
--------- beginning of system
08-01 05:33:23.093  4054  9238 W ActivityTaskManager: callingPackage for (uid=0, pid=9678) has no WPC
08-01 05:33:23.096  4054  9238 V GrammaticalInflectionUtils: AttributionSource: AttributionSource { uid = 1010188, packageName = null, attributionTag = null, token = android.os.Binder@6b926d2, deviceId = 0, next = null } does not have READ_SYSTEM_GRAMMATICAL_GENDER permission.
08-01 05:33:23.097  4054  9238 E CellBroadcastUtils: getDefaultCellBroadcastReceiverPackageName: no package found
08-01 05:33:23.103  4054  9238 V SplashScreenExceptionList: SplashScreen checking exception for package com.tcs.vehicleassistant (target sdk:34) -> false
08-01 05:33:23.104  4054  9238 D CorePackageUpdate: onRecentTaskRemoved Removing task: 1000087
08-01 05:33:23.104  4054  9238 D CorePackageUpdate: Couldn't find a persistent state for task= 1000087
08-01 05:33:23.106  4551  4669 V WindowManagerShell: Transition requested (#57): android.os.BinderProxy@6aad98c TransitionRequestInfo { type = OPEN, triggerTask = TaskInfo{userId=10 taskId=1000089 effectiveUid=1010188 displayId=0 isRunning=true baseIntent=Intent { flg=0x10000000 cmp=com.tcs.vehicleassistant/.LocalLLMActivity } baseActivity=ComponentInfo{com.tcs.vehicleassistant/com.tcs.vehicleassistant.LocalLLMActivity} topActivity=ComponentInfo{com.tcs.vehicleassistant/com.tcs.vehicleassistant.LocalLLMActivity} origActivity=null realActivity=ComponentInfo{com.tcs.vehicleassistant/com.tcs.vehicleassistant.LocalLLMActivity} realActivityIsAppLockEnabled=false numActivities=1 lastActiveTime=47113184 supportsMultiWindow=true supportsMultiWindowWithoutConstraints=true resizeMode=1 isResizeable=true minWidth=-1 minHeight=-1 defaultMinSize=220 token=WCT{android.os.BinderProxy@34f78d5} topActivityType=1 pictureInPictureParams=null shouldDockBigOverlays=false launchIntoPipHostTaskId=-1 lastParentTaskIdBeforePip=-1 displayCutoutSafeInsets=Rect(0, 0 - 0, 0) topActivityInfo=ActivityInfo{96588ea com.tcs.vehicleassistant.LocalLLMActivity} launchCookies=[] positionInParent=Point(0, 0) parentTaskId=1000008 isFocused=false isInteractive=false isVisible=false isVisibleRequested=true isTopActivityNoDisplay=false isSleeping=false locusId=null displayAreaFeatureId=1 isTopActivityTransparent=false isActivityStackTransparent=false lastNonFullscreenBounds=null leafTaskBoundsFromOptions= false capturedLink=null capturedLinkTimestamp=0 requestedVisibleTypes=503 topActivityRequestOpenInBrowserEducationTimestamp=0 appCompatTaskInfo=AppCompatTaskInfo { topActivityInSizeCompat=false isLeafTask= true eligibleForLetterboxEducation= false isLetterboxEducationEnabled= false isLetterboxDoubleTapEnabled= false eligibleForUserAspectRatioButton= false topActivityBoundsLetterboxed= false isFromLetterboxDoubleTap= false topActivityLetterboxVerticalPosition= -1 topActivityLetterboxHorizontalPosition= -1 topActivityLetterboxWidth=-1 topActivityLetterboxHeight=-1 topActivityAppBounds=Rect(2560, 152 - 5120, 1408) isUserFullscreenOverrideEnabled=false isSystemFullscreenOverrideEnabled=false hasMinAspectRatioOverride=false topActivityLetterboxBounds=null topNonResizableActivityAspectRatio=-1.0} topActivityMainWindowFrame=null isAppBubble=false}, pipChange = null, remoteTransitionInfo = null, displayChanges = null, requestedLocation = null, userChange = null, windowingLayerChange = null, fullscreenRequestChange = null, flags = 0, debugId = 57 }
08-01 05:33:23.106  4551  4669 D AutoTaskStackController: handleRequest, id=57, binder=android.os.BinderProxy@6aad98c, type=1, triggertask = TaskInfo{taskId=1000089 userId=10 displayId=0 topActivity=ComponentInfo{com.tcs.vehicleassistant/com.tcs.vehicleassistant.LocalLLMActivity} baseIntent=Intent { flg=0x10000000 cmp=com.tcs.vehicleassistant/.LocalLLMActivity } baseActivity=ComponentInfo{com.tcs.vehicleassistant/com.tcs.vehicleassistant.LocalLLMActivity}}
08-01 05:33:23.106  4551  4669 D PanelAutoTaskStackTransitionHandlerDelegate: handleRequest: TransitionRequestInfo { type = OPEN, triggerTask = TaskInfo{userId=10 taskId=1000089 effectiveUid=1010188 displayId=0 isRunning=true baseIntent=Intent { flg=0x10000000 cmp=com.tcs.vehicleassistant/.LocalLLMActivity } baseActivity=ComponentInfo{com.tcs.vehicleassistant/com.tcs.vehicleassistant.LocalLLMActivity} topActivity=ComponentInfo{com.tcs.vehicleassistant/com.tcs.vehicleassistant.LocalLLMActivity} origActivity=null realActivity=ComponentInfo{com.tcs.vehicleassistant/com.tcs.vehicleassistant.LocalLLMActivity} realActivityIsAppLockEnabled=false numActivities=1 lastActiveTime=47113184 supportsMultiWindow=true supportsMultiWindowWithoutConstraints=true resizeMode=1 isResizeable=true minWidth=-1 minHeight=-1 defaultMinSize=220 token=WCT{android.os.BinderProxy@34f78d5} topActivityType=1 pictureInPictureParams=null shouldDockBigOverlays=false launchIntoPipHostTaskId=-1 lastParentTaskIdBeforePip=-1 displayCutoutSafeInsets=Rect(0, 0 - 0, 0) topActivityInfo=ActivityInfo{96588ea com.tcs.vehicleassistant.LocalLLMActivity} launchCookies=[] positionInParent=Point(0, 0) parentTaskId=1000008 isFocused=false isInteractive=false isVisible=false isVisibleRequested=true isTopActivityNoDisplay=false isSleeping=false locusId=null displayAreaFeatureId=1 isTopActivityTransparent=false isActivityStackTransparent=false lastNonFullscreenBounds=null leafTaskBoundsFromOptions= false capturedLink=null capturedLinkTimestamp=0 requestedVisibleTypes=503 topActivityRequestOpenInBrowserEducationTimestamp=0 appCompatTaskInfo=AppCompatTaskInfo { topActivityInSizeCompat=false isLeafTask= true eligibleForLetterboxEducation= false isLetterboxEducationEnabled= false isLetterboxDoubleTapEnabled= false eligibleForUserAspectRatioButton= false topActivityBoundsLetterboxed= false isFromLetterboxDoubleTap= false topActivityLetterboxVerticalPosition= -1 topActivityLetterboxHorizontalPosition= -1 topActivityLetterboxWidth=-1 topActivityLetterboxHeight=-1 topActivityAppBounds=Rect(2560, 152 - 5120, 1408) isUserFullscreenOverrideEnabled=false isSystemFullscreenOverrideEnabled=false hasMinAspectRatioOverride=false topActivityLetterboxBounds=null topNonResizableActivityAspectRatio=-1.0} topActivityMainWindowFrame=null isAppBubble=false}, pipChange = null, remoteTransitionInfo = null, displayChanges = null, requestedLocation = null, userChange = null, windowingLayerChange = null, fullscreenRequestChange = null, flags = 0, debugId = 57 }
08-01 05:33:23.106  4054  9238 V ActivityTaskManager: TaskLaunchParamsModifier: phase=3 task=Task{f4a07e3 #1000089 type=standard A=1010188:com.tcs.vehicleassistant} activity=ActivityRecord{116728850 u10 com.tcs.vehicleassistant/.LocalLLMActivity t-1} display-from-task=0 display-id=0 task-display-area-windowing-mode=1 suggested-display-area=DefaultTaskDisplayArea@97733621 inherit-from-task=multi-window non-freeform-task-display-area display-area=DefaultTaskDisplayArea@97733621 skip-bounds-multi-window
08-01 05:33:23.106  4054  9238 I ActivityTaskManager: START u10 {flg=0x10000000 xflg=0x4 cmp=com.tcs.vehicleassistant/.LocalLLMActivity} with LAUNCH_MULTIPLE from uid 0 (com.android.shell) (BAL_ALLOW_ALLOWLISTED_UID) result code=0
08-01 05:33:23.107  4551  4669 D PanelAutoTaskStackTransitionHandlerDelegate: triggerTask: TaskInfo{userId=10 taskId=1000089 effectiveUid=1010188 displayId=0 isRunning=true baseIntent=Intent { flg=0x10000000 cmp=com.tcs.vehicleassistant/.LocalLLMActivity } baseActivity=ComponentInfo{com.tcs.vehicleassistant/com.tcs.vehicleassistant.LocalLLMActivity} topActivity=ComponentInfo{com.tcs.vehicleassistant/com.tcs.vehicleassistant.LocalLLMActivity} origActivity=null realActivity=ComponentInfo{com.tcs.vehicleassistant/com.tcs.vehicleassistant.LocalLLMActivity} realActivityIsAppLockEnabled=false numActivities=1 lastActiveTime=47113184 supportsMultiWindow=true supportsMultiWindowWithoutConstraints=true resizeMode=1 isResizeable=true minWidth=-1 minHeight=-1 defaultMinSize=220 token=WCT{android.os.BinderProxy@34f78d5} topActivityType=1 pictureInPictureParams=null shouldDockBigOverlays=false launchIntoPipHostTaskId=-1 lastParentTaskIdBeforePip=-1 displayCutoutSafeInsets=Rect(0, 0 - 0, 0) topActivityInfo=ActivityInfo{96588ea com.tcs.vehicleassistant.LocalLLMActivity} launchCookies=[] positionInParent=Point(0, 0) parentTaskId=1000008 isFocused=false isInteractive=false isVisible=false isVisibleRequested=true isTopActivityNoDisplay=false isSleeping=false locusId=null displayAreaFeatureId=1 isTopActivityTransparent=false isActivityStackTransparent=false lastNonFullscreenBounds=null leafTaskBoundsFromOptions= false capturedLink=null capturedLinkTimestamp=0 requestedVisibleTypes=503 topActivityRequestOpenInBrowserEducationTimestamp=0 appCompatTaskInfo=AppCompatTaskInfo { topActivityInSizeCompat=false isLeafTask= true eligibleForLetterboxEducation= false isLetterboxEducationEnabled= false isLetterboxDoubleTapEnabled= false eligibleForUserAspectRatioButton= false topActivityBoundsLetterboxed= false isFromLetterboxDoubleTap= false topActivityLetterboxVerticalPosition= -1 topActivityLetterboxHorizontalPosition= -1 topActivityLetterboxWidth=-1 topActivityLetterboxHeight=-1 topActivityAppBounds=Rect(2560, 152 - 5120, 1408) isUserFullscreenOverrideEnabled=false isSystemFullscreenOverrideEnabled=false hasMinAspectRatioOverride=false topActivityLetterboxBounds=null topNonResizableActivityAspectRatio=-1.0} topActivityMainWindowFrame=null isAppBubble=false}
08-01 05:33:23.107  4551  4669 D PanelAutoTaskStackTransitionHandlerDelegate: isNonCurrentUser: false
08-01 05:33:23.107  4551  4669 D PanelAutoTaskStackTransitionHandlerDelegate: hasShowForAllUsersFlag: false
08-01 05:33:23.107  4551  4669 D PanelAutoTaskStackTransitionHandlerDelegate: Transition type=1 using component=ComponentInfo{com.tcs.vehicleassistant/com.tcs.vehicleassistant.LocalLLMActivity}
08-01 05:33:23.107  4551  4669 D StateManager: handleEvents [Event{mId='_System_TaskOpenEvent' mTokens='panelId=app_panel , component=com.tcs.vehicleassistant/com.tcs.vehicleassistant.LocalLLMActivity' mApplicableDisplays='0'}]
08-01 05:33:23.107  4551  4669 D PanelState: setVariant,  Variant{
08-01 05:33:23.107  4551  4669 D PanelState: 	mId=@235339779
08-01 05:33:23.107  4551  4669 D PanelState: 	mIdName=closed
08-01 05:33:23.107  4551  4669 D PanelState: 	mAlpha=1.0
08-01 05:33:23.107  4551  4669 D PanelState: 	mIsVisible=false
08-01 05:33:23.107  4551  4669 D PanelState: 	mLayer=2
08-01 05:33:23.107  4551  4669 D PanelState: 	mCanFocusOnTransition=false
08-01 05:33:23.107  4551  4669 D PanelState: 	mBounds=Rect(0, 152 - 832, 1408)
08-01 05:33:23.107  4551  4669 D PanelState: 	mSafeBounds=Rect(0, 152 - 832, 1408)
08-01 05:33:23.107  4551  4669 D PanelState: 	mTaskToolbarBounds=Rect(0, 0 - 0, 0)
08-01 05:33:23.107  4551  4669 D PanelState: 	mCornerRadius=Corner{mRadiusTL=0, mRadiusTR=0, mRadiusBL=0, mRadiusBR=0}
08-01 05:33:23.107  4551  4669 D PanelState: 	mInsets=Insets{left=0, top=0, right=0, bottom=0}
08-01 05:33:23.107  4551  4669 D PanelState: 	mDecors=empty}
08-01 05:33:23.107  4551  4669 D StateManager: add animator for widget_panel
08-01 05:33:23.107  4551  4669 D StateManager: add transition for widget_panel for event Event{mId='_System_TaskOpenEvent' mTokens='panelId=app_panel , component=com.tcs.vehicleassistant/com.tcs.vehicleassistant.LocalLLMActivity' mApplicableDisplays='0'}
08-01 05:33:23.108  4551  4669 D PanelState: setVariant,  Variant{
08-01 05:33:23.108  4551  4669 D PanelState: 	mId=@235339779
08-01 05:33:23.108  4551  4669 D PanelState: 	mIdName=closed
08-01 05:33:23.108  4551  4669 D PanelState: 	mAlpha=1.0
08-01 05:33:23.108  4551  4669 D PanelState: 	mIsVisible=false
08-01 05:33:23.108  4551  4669 D PanelState: 	mLayer=2
08-01 05:33:23.108  4551  4669 D PanelState: 	mCanFocusOnTransition=false
08-01 05:33:23.108  4551  4669 D PanelState: 	mBounds=Rect(832, 152 - 2480, 1408)
08-01 05:33:23.108  4551  4669 D PanelState: 	mSafeBounds=Rect(832, 152 - 2480, 1408)
08-01 05:33:23.108  4551  4669 D PanelState: 	mTaskToolbarBounds=Rect(0, 0 - 0, 0)
08-01 05:33:23.108  4551  4669 D PanelState: 	mCornerRadius=Corner{mRadiusTL=96, mRadiusTR=96, mRadiusBL=96, mRadiusBR=96}
08-01 05:33:23.108  4551  4669 D PanelState: 	mInsets=Insets{left=0, top=0, right=0, bottom=0}
08-01 05:33:23.108  4551  4669 D PanelState: 	mDecors=empty}
08-01 05:33:23.108  4551  4669 D StateManager: add animator for map_panel
08-01 05:33:23.108  4551  4669 D StateManager: add transition for map_panel for event Event{mId='_System_TaskOpenEvent' mTokens='panelId=app_panel , component=com.tcs.vehicleassistant/com.tcs.vehicleassistant.LocalLLMActivity' mApplicableDisplays='0'}
08-01 05:33:23.108  4551  4669 D StateManager: No transition for unreactive_panel
08-01 05:33:23.108  4551  4669 D StateManager: No transition for nav
08-01 05:33:23.108  4054  4077 W ActivityManager: ProcessRecord{22f2821 0:com.tcs.vehicleassistant/u10a188} is attached to a previous process 9244
08-01 05:33:23.108  4551  4669 D StateManager: No transition for projected_panel
08-01 05:33:23.109  4551  4669 D StateManager: No transition for assistant_panel
08-01 05:33:23.109  4551  4669 D PanelState: setVariant,  Variant{
08-01 05:33:23.109  4551  4669 D PanelState: 	mId=@235339784
08-01 05:33:23.109  4551  4669 D PanelState: 	mIdName=opened
08-01 05:33:23.109  4551  4669 D PanelState: 	mAlpha=1.0
08-01 05:33:23.109  4551  4669 D PanelState: 	mIsVisible=true
08-01 05:33:23.109  4551  4669 D PanelState: 	mLayer=100
08-01 05:33:23.109  4551  4669 D PanelState: 	mCanFocusOnTransition=true
08-01 05:33:23.109  4551  4669 D PanelState: 	mBounds=Rect(0, 152 - 2560, 1408)
08-01 05:33:23.109  4551  4669 D PanelState: 	mSafeBounds=Rect(138, 152 - 2560, 1408)
08-01 05:33:23.109  4551  4669 D PanelState: 	mTaskToolbarBounds=Rect(0, 152 - 138, 1408)
08-01 05:33:23.109  4551  4669 D PanelState: 	mCornerRadius=Corner{mRadiusTL=0, mRadiusTR=0, mRadiusBL=0, mRadiusBR=0}
08-01 05:33:23.109  4551  4669 D PanelState: 	mInsets=Insets{left=0, top=0, right=0, bottom=0}
08-01 05:33:23.109  4551  4669 D PanelState: 	mDecors=empty}
08-01 05:33:23.109  4551  4669 D StateManager: add animator for app_panel
08-01 05:33:23.109  4551  4669 D StateManager: add transition for app_panel for event Event{mId='_System_TaskOpenEvent' mTokens='panelId=app_panel , component=com.tcs.vehicleassistant/com.tcs.vehicleassistant.LocalLLMActivity' mApplicableDisplays='0'}
08-01 05:33:23.110  4551  4551 D DockViewModel: Add dynamic item, component: ComponentInfo{com.tcs.vehicleassistant/com.tcs.vehicleassistant.LocalLLMActivity}
08-01 05:33:23.111  4551  4669 D StateManager: No transition for suw_panel
08-01 05:33:23.111  4551  4669 D StateManager: No transition for status
08-01 05:33:23.111  4551  4669 D StateManager: No transition for _Hun_Panel
08-01 05:33:23.111  4054  6535 D ConnectivityService: requestNetwork for uid/pid:10153/4551 asUid: 1010188 activeRequest: null callbackRequest: 177 [NetworkRequest [ REQUEST id=178, [ Capabilities: INTERNET&NOT_RESTRICTED&TRUSTED&NOT_VCN_MANAGED&NOT_BANDWIDTH_CONSTRAINED Uid: 1010188 RequestorUid: 10153 RequestorPkg: com.android.systemui UnderlyingNetworks: Null] ]] callback flags: 0 order: 2147483647 isUidTracked: false declaredMethods: AVAIL|NC
08-01 05:33:23.112  4551  4669 D PanelTransitionCoordinator: Set base intent for app_panel
08-01 05:33:23.112  4551  4669 D PanelTransitionCoordinator: Focusing TaskPanel=app_panel for task launch
08-01 05:33:23.112  4551  4669 D PanelAutoTaskStackTransitionHandlerDelegate: handleRequest: COMPLETED AutoTaskStackTransaction(operations=[SetTaskStackState(taskStackId=1000003, taskStackName=widget_panel, state=AutoTaskStackState(bounds=Rect(0, 152 - 832, 1408), isAboveBarrier=false, layer=2)), SetSafeRegionBounds(taskStackId=1000003, taskStackName=widget_panel, safeRegionBounds=Rect(0, 152 - 832, 1408)), SetTaskStackState(taskStackId=1000004, taskStackName=map_panel, state=AutoTaskStackState(bounds=Rect(832, 152 - 2480, 1408), isAboveBarrier=false, layer=2)), SetSafeRegionBounds(taskStackId=1000004, taskStackName=map_panel, safeRegionBounds=Rect(832, 152 - 2480, 1408)), SetTaskStackState(taskStackId=1000008, taskStackName=app_panel, state=AutoTaskStackState(bounds=Rect(0, 152 - 2560, 1408), isAboveBarrier=true, layer=100)), SetSafeRegionBounds(taskStackId=1000008, taskStackName=app_panel, safeRegionBounds=Rect(138, 152 - 2560, 1408)), SetFocusedTaskStack(taskStackId=1000008, taskStackName=app_panel)])
08-01 05:33:23.112  4551  4669 D AutoTaskStackController: Sending ast = 
08-01 05:33:23.112  4551  4669 D AutoTaskStackController: 	SetTaskStackState(taskStackId=1000003, taskStackName=widget_panel, state=AutoTaskStackState(bounds=Rect(0, 152 - 832, 1408), isAboveBarrier=false, layer=2))
08-01 05:33:23.112  4551  4669 D AutoTaskStackController: 	SetSafeRegionBounds(taskStackId=1000003, taskStackName=widget_panel, safeRegionBounds=Rect(0, 152 - 832, 1408))
08-01 05:33:23.112  4551  4669 D AutoTaskStackController: 	SetTaskStackState(taskStackId=1000004, taskStackName=map_panel, state=AutoTaskStackState(bounds=Rect(832, 152 - 2480, 1408), isAboveBarrier=false, layer=2))
08-01 05:33:23.112  4551  4669 D AutoTaskStackController: 	SetSafeRegionBounds(taskStackId=1000004, taskStackName=map_panel, safeRegionBounds=Rect(832, 152 - 2480, 1408))
08-01 05:33:23.112  4551  4669 D AutoTaskStackController: 	SetTaskStackState(taskStackId=1000008, taskStackName=app_panel, state=AutoTaskStackState(bounds=Rect(0, 152 - 2560, 1408), isAboveBarrier=true, layer=100))
08-01 05:33:23.112  4551  4669 D AutoTaskStackController: 	SetSafeRegionBounds(taskStackId=1000008, taskStackName=app_panel, safeRegionBounds=Rect(138, 152 - 2560, 1408))
08-01 05:33:23.112  4551  4669 D AutoTaskStackController: 	SetFocusedTaskStack(taskStackId=1000008, taskStackName=app_panel)
08-01 05:33:23.113  4551  4669 V WindowManagerShell: Transition (#57): request handled by AutoTaskStackControllerImpl
08-01 05:33:23.115  4054  6673 I CarDisplayCompatScaleProviderUpdatableImpl: Returning CompatScale null for package com.tcs.vehicleassistant
08-01 05:33:23.118  4054  6673 W InputChannel-JNI: Channel already disposed.
08-01 05:33:23.120  4054  4253 D WifiNetworkFactory: got request NetworkRequest [ REQUEST id=178, [ Capabilities: INTERNET&NOT_RESTRICTED&TRUSTED&NOT_VCN_MANAGED&NOT_BANDWIDTH_CONSTRAINED Uid: 1010188 RequestorUid: 10153 RequestorPkg: com.android.systemui UnderlyingNetworks: Null] ]
08-01 05:33:23.121  4054  4174 V WindowManager: deferTransitionReady deferReadyDepth=1 stack=com.android.server.wm.WindowOrganizerController.applyTransaction:717 com.android.server.wm.WindowOrganizerController.startTransition:436 com.android.server.wm.WindowOrganizerController.startTransition:338 android.window.IWindowOrganizerController$Stub.onTransact:254 com.android.server.wm.WindowOrganizerController.onTransact:239 
08-01 05:33:23.122  4054  4260 D ConnectivityService: NetReassign [178 : null → 100] [c 1] [a 4] [i 4]
08-01 05:33:23.122  4054  4253 V WifiNetworkFactory: Accepted network request NetworkRequest [ REQUEST id=178, [ Capabilities: INTERNET&NOT_RESTRICTED&TRUSTED&NOT_VCN_MANAGED&NOT_BANDWIDTH_CONSTRAINED Uid: 1010188 RequestorUid: 10153 RequestorPkg: com.android.systemui UnderlyingNetworks: Null] ]
08-01 05:33:23.122  4054  4253 D UntrustedWifiNetworkFactory: got request NetworkRequest [ REQUEST id=178, [ Capabilities: INTERNET&NOT_RESTRICTED&TRUSTED&NOT_VCN_MANAGED&NOT_BANDWIDTH_CONSTRAINED Uid: 1010188 RequestorUid: 10153 RequestorPkg: com.android.systemui UnderlyingNetworks: Null] ]
08-01 05:33:23.122  4054  4253 D OemPaidWifiNetworkFactory: got request NetworkRequest [ REQUEST id=178, [ Capabilities: INTERNET&NOT_RESTRICTED&TRUSTED&NOT_VCN_MANAGED&NOT_BANDWIDTH_CONSTRAINED Uid: 1010188 RequestorUid: 10153 RequestorPkg: com.android.systemui UnderlyingNetworks: Null] ]
08-01 05:33:23.123  4054  4253 D MultiInternetWifiNetworkFactory: got request NetworkRequest [ REQUEST id=178, [ Capabilities: INTERNET&NOT_RESTRICTED&TRUSTED&NOT_VCN_MANAGED&NOT_BANDWIDTH_CONSTRAINED Uid: 1010188 RequestorUid: 10153 RequestorPkg: com.android.systemui UnderlyingNetworks: Null] ]
08-01 05:33:23.125  4551  4551 D DockViewModel: Updating ComponentInfo{com.tcs.vehicleassistant/com.tcs.vehicleassistant.LocalLLMActivity} at 3
08-01 05:33:23.125  4551  4551 D DockViewModel: createDockList called
08-01 05:33:23.129  4551  4744 I Surface : Creating surface for consumer unnamed-4551-30 with slotExpansion=1 for 64 slots
08-01 05:33:23.130  4054  4174 V WindowManager: continueTransitionReady deferReadyDepth=0 stack=com.android.server.wm.WindowOrganizerController.applyTransaction:864 com.android.server.wm.WindowOrganizerController.startTransition:436 com.android.server.wm.WindowOrganizerController.startTransition:338 android.window.IWindowOrganizerController$Stub.onTransact:254 com.android.server.wm.WindowOrganizerController.onTransact:239 
08-01 05:33:23.137  4551  4744 E ConsumerBase: [ImageReader-320x320f1u2816m2-4551-3] abandonLocked: ConsumerBase is abandoned!
08-01 05:33:23.137  4551  4669 W Looper  : Slow dispatch took 31ms wmshell.main app=com.android.systemui main=false group=FOREGROUND h=android.os.Handler c=com.android.wm.shell.transition.Transitions$TransitionPlayerImpl$$ExternalSyntheticLambda2@45ccc69 m=0
08-01 05:33:23.137  4551  4669 D AutoTaskStackController: onTaskInfoChanged = 1000008
08-01 05:33:23.137  4551  4669 W Looper  : Slow delivery took 31ms wmshell.main app=com.android.systemui main=false group=FOREGROUND h=android.os.Handler c=android.window.TaskOrganizer$1$$ExternalSyntheticLambda4@40136ee m=0
08-01 05:33:23.137  4551  4669 V RecentTasksController: Notify recent tasks changed
08-01 05:33:23.137  4551  4669 V RecentTasksController: Notify recent tasks changed
08-01 05:33:23.137  4551  4669 D AutoTaskStackController: onTaskInfoChanged = 1000088
08-01 05:33:23.138  5879  9685 W FA      : Failed to retrieve Firebase Instance Id
08-01 05:33:23.140  4551  4669 D AutoCaptionController: Task id 1000088 requires DisplayCompat false, top activity safe region letterboxed false, for user 10 and top activity: ComponentInfo{com.android.car.carlauncher/com.android.car.carlauncher.WidgetHostActivity}
08-01 05:33:23.140  4551  4669 D AutoCaptionController: updateCaptionBarVisibility. TaskId: 1000088, visible false, captionDecor null
08-01 05:33:23.140  4551  4669 W Looper  : Drained
08-01 05:33:23.140  4551  4551 D class com.android.car.datasubscription.DataSubscriptionController: onAvailable 100
08-01 05:33:23.140  4551  4551 D class com.android.car.datasubscription.DataSubscriptionController: onCapabilitiesChanged 100
08-01 05:33:23.141  4551  4669 D AutoTaskStackController: onTaskInfoChanged = 1000003
08-01 05:33:23.142  4972  9682 E JavaBinder: *** Uncaught remote exception! Exceptions are not yet supported across processes. Client PID 4551 UID 10153.
08-01 05:33:23.142  4972  9682 E JavaBinder: android.view.ViewRootImpl$CalledFromWrongThreadException: Only the original thread that created a view hierarchy can touch its views. Expected: main Calling: binder:4972_A
08-01 05:33:23.142  4972  9682 E JavaBinder: 	at android.view.ViewRootImpl.newCalledFromWrongThreadException(ViewRootImpl.java:12155)
08-01 05:33:23.142  4972  9682 E JavaBinder: 	at android.view.ViewRootImpl.throwCalledFromWrongThreadException(ViewRootImpl.java:12144)
08-01 05:33:23.142  4972  9682 E JavaBinder: 	at android.view.ViewRootImpl.checkThreadCompat(ViewRootImpl.java:12182)
08-01 05:33:23.142  4972  9682 E JavaBinder: 	at android.view.ViewRootImpl.scheduleTraversals(ViewRootImpl.java:3308)
08-01 05:33:23.142  4972  9682 E JavaBinder: 	at android.view.ViewRootImpl.invalidate(ViewRootImpl.java:2867)
08-01 05:33:23.142  4972  9682 E JavaBinder: 	at android.view.ViewRootImpl.onDescendantInvalidated(ViewRootImpl.java:2860)
08-01 05:33:23.142  4972  9682 E JavaBinder: 	at android.view.ViewGroup.onDescendantInvalidated(ViewGroup.java:6230)
08-01 05:33:23.142  4972  9682 E JavaBinder: 	at android.view.ViewGroup.onDescendantInvalidated(ViewGroup.java:6230)
08-01 05:33:23.142  4972  9682 E JavaBinder: 	at android.view.ViewGroup.onDescendantInvalidated(ViewGroup.java:6230)
08-01 05:33:23.142  4972  9682 E JavaBinder: 	at android.view.ViewGroup.onDescendantInvalidated(ViewGroup.java:6230)
08-01 05:33:23.142  4972  9682 E JavaBinder: 	at android.view.ViewGroup.onDescendantInvalidated(ViewGroup.java:6230)
08-01 05:33:23.142  4972  9682 E JavaBinder: 	at android.view.ViewGroup.onDescendantInvalidated(ViewGroup.java:6230)
08-01 05:33:23.142  4972  9682 E JavaBinder: 	at android.view.ViewGroup.onDescendantInvalidated(ViewGroup.java:6230)
08-01 05:33:23.142  4972  9682 E JavaBinder: 	at android.view.ViewGroup.invalidateChild(ViewGroup.java:6248)
08-01 05:33:23.142  4972  9682 E JavaBinder: 	at android.view.View.invalidateInternal(View.java:21490)
08-01 05:33:23.142  4972  9682 E JavaBinder: 	at android.view.View.invalidate(View.java:21450)
08-01 05:33:23.142  4972  9682 E JavaBinder: 	at android.view.View.invalidate(View.java:21432)
08-01 05:33:23.142  4972  9682 E JavaBinder: 	at android.view.SurfaceView.setResizeBackgroundColor(SurfaceView.java:2145)
08-01 05:33:23.142  4972  9682 E JavaBinder: 	at android.car.builtin.view.ViewHelper.seResizeBackgroundColor(ViewHelper.java:42)
08-01 05:33:23.142  4972  9682 E JavaBinder: 	at android.car.app.ControlledRemoteCarTaskView$1.onTaskInfoChanged(ControlledRemoteCarTaskView.java:100)
08-01 05:33:23.142  4972  9682 E JavaBinder: 	at android.car.app.ICarTaskViewClient$Stub.onTransact(ICarTaskViewClient.java:156)
08-01 05:33:23.142  4972  9682 E JavaBinder: 	at android.os.Binder.execTransactInternal(Binder.java:1364)
08-01 05:33:23.142  4972  9682 E JavaBinder: 	at android.os.Binder.execTransact(Binder.java:1323)
08-01 05:33:23.144  5709  5709 D BoundBrokerSvc: onBind: Intent { act=com.google.android.gms.measurement.START xflg=0x4 pkg=com.google.android.gms }
08-01 05:33:23.144  5709  5709 D BoundBrokerSvc: Loading bound service for intent: Intent { act=com.google.android.gms.measurement.START xflg=0x4 pkg=com.google.android.gms }
08-01 05:33:23.149  4551  4669 D AutoTaskStackController: onTaskInfoChanged = 1000004
08-01 05:33:23.149  4551  4669 D AutoTaskStackController: onTaskInfoChanged = 1000008
08-01 05:33:23.150  4054  4703 W ActivityManager: pid 4551 com.android.systemui sent binder code 5 with flags 2 and got error -74
08-01 05:33:23.152  4551  4744 D SplashScreenView: Build android.window.SplashScreenView{26cc625 V.E...... ......ID 0,0-0,0}
08-01 05:33:23.152  4551  4744 D SplashScreenView: Icon: view: android.widget.ImageView{24dd3fa V.ED..... ......I. 0,0-0,0 #1020575 android:id/splashscreen_icon_view} drawable: com.android.wm.shell.startingsurface.SplashscreenIconDrawableFactory$ImmobileIconDrawable@f159dab size: 320
08-01 05:33:23.152  4551  4744 D SplashScreenView: Branding: view: android.view.View{f806c08 G.ED..... ......I. 0,0-0,0 #1020574 android:id/splashscreen_branding_view} drawable: null size w: 0 h: 0
08-01 05:33:23.153  4551  4741 D WindowOnBackDispatcher: setTopOnBackInvokedCallback (unwrapped): android.view.ViewRootImpl$$ExternalSyntheticLambda14@c0e6987
08-01 05:33:23.154  4054  4703 D CoreBackPreview: Window{ead236a u10 Splash Screen com.tcs.vehicleassistant}: Setting back callback OnBackInvokedCallbackInfo{mCallback=android.window.IOnBackInvokedCallback$Stub$Proxy@a8b2209, mPriority=0, mIsAnimationCallback=false, mOverrideBehavior=0}
08-01 05:33:23.154  4054  6535 D WindowManager: setClientSurface Surface(name=VRI-Splash Screen com.tcs.vehicleassistant#313)/@0xd926c0e for ead236a Splash Screen com.tcs.vehicleassistant
08-01 05:33:23.156  4551  4669 D DisplaySystemBarsController: topFocusedWindowChanged behavior = 1, component = ComponentInfo{com.android.car.carlauncher/com.android.car.carlauncher.CarLauncher}, requestedVisibleTypes = 503, mWindowRequestedVisibleTypes = 503, mPackageName = null, userId = 0, display id = 0
08-01 05:33:23.157  4551  4741 I Surface : Creating surface for consumer unnamed-4551-31 with slotExpansion=1 for 64 slots
08-01 05:33:23.158  4551  4741 I Surface : Creating surface for consumer VRI[vehicleassistant]#26(BLAST Consumer)26 with slotExpansion=1 for 64 slots
08-01 05:33:23.159  4768  4768 V RotaryController: onAccessibilityEvent: EventType: TYPE_WINDOWS_CHANGED; EventTime: 47113237; PackageName: null; MovementGranularity: 0; Action: 0; ContentChangeTypes: []; WindowChangeTypes: [WINDOWS_CHANGE_ACTIVE, WINDOWS_CHANGE_FOCUSED]; TextChangeTypes: [] [ ClassName: null; Text: []; ContentDescription: null; ItemCount: -1; CurrentItemIndex: -1; Enabled: false; Password: false; Checked: false; FullScreen: false; Scrollable: false; ImportantForAccessibility: true; AccessibilityDataSensitive: false; BeforeText: null; FromIndex: -1; ToIndex: -1; ScrollX: 0; ScrollY: 0; MaxScrollX: 0; MaxScrollY: 0; ScrollDeltaX: -1; ScrollDeltaY: -1; AddedCount: -1; RemovedCount: -1; ParcelableData: null; DisplayId: 0 ]; recordCount: 0
08-01 05:33:23.159  4768  4768 V RotaryController: event window ID: c
08-01 05:33:23.159  4768  4768 V RotaryController: onAccessibilityEvent: EventType: TYPE_WINDOWS_CHANGED; EventTime: 47113237; PackageName: null; MovementGranularity: 0; Action: 0; ContentChangeTypes: []; WindowChangeTypes: [WINDOWS_CHANGE_ACTIVE, WINDOWS_CHANGE_FOCUSED]; TextChangeTypes: [] [ ClassName: null; Text: []; ContentDescription: null; ItemCount: -1; CurrentItemIndex: -1; Enabled: false; Password: false; Checked: false; FullScreen: false; Scrollable: false; ImportantForAccessibility: true; AccessibilityDataSensitive: false; BeforeText: null; FromIndex: -1; ToIndex: -1; ScrollX: 0; ScrollY: 0; MaxScrollX: 0; MaxScrollY: 0; ScrollDeltaX: -1; ScrollDeltaY: -1; AddedCount: -1; RemovedCount: -1; ParcelableData: null; DisplayId: 0 ]; recordCount: 0
08-01 05:33:23.159  4768  4768 V RotaryController: event window ID: a
08-01 05:33:23.168  4551  4551 D DockAdapter: Binding at position 3 without payloads
08-01 05:33:23.168  4551  4551 D DockAdapter: Is callback set for 3: false
08-01 05:33:23.168  4551  4551 D DockItemViewController: updateViewBasedOnState, typeState: DYNAMIC, optionalState: []
08-01 05:33:23.170  4551  9681 V WindowManagerShell: onTransitionReady(transaction=17411797420664)
08-01 05:33:23.171  4551  4669 V WindowManagerShell: onTransitionReady (#57) android.os.BinderProxy@6aad98c: {id=57 t=OPEN f=0x0 trk=0 r=[0@Point(0, 0)] c=[
08-01 05:33:23.171  4551  4669 V WindowManagerShell:         {m=OPEN f=MOVE_TO_TOP|FLAG_CHANGED_INTERACTIVE p=WCT{android.os.BinderProxy@f399c54} leash=Surface(name=Task=1000089#310)/@0xa1d479b sb=Rect(2560, 152 - 5120, 1408) eb=Rect(0, 152 - 2560, 1408) epz=Point(2560, 1256) d=0 taskParent=1000008 winMode=6 userId=10},
08-01 05:33:23.171  4551  4669 V WindowManagerShell:         {m=TO_FRONT f=TRANSLUCENT|MOVE_TO_TOP|FLAG_CHANGED_INTERACTIVE leash=Surface(name=Task=1000008(app_panel)#58)/@0x72ae738 sb=Rect(2560, 152 - 5120, 1408) eb=Rect(0, 152 - 2560, 1408) eo=Point(0, 152) epz=Point(2560, 1600) d=0 taskParent=-1 winMode=6 userId=10},
08-01 05:33:23.171  4551  4669 V WindowManagerShell:         {m=TO_BACK f=FLAG_CHANGED_INTERACTIVE p=WCT{android.os.BinderProxy@60898ad} leash=Surface(name=Task=1000088#154)/@0xd07b311 sb=Rect(0, 152 - 832, 1408) eb=Rect(0, 152 - 832, 1408) epz=Point(832, 1256) d=0 taskParent=1000003 winMode=6 userId=10},
08-01 05:33:23.171  4551  4669 V WindowManagerShell:         {m=TO_BACK f=TRANSLUCENT|FLAG_CHANGED_INTERACTIVE leash=Surface(name=Task=1000003(widget_panel)#52)/@0x4fc9c76 sb=Rect(0, 152 - 832, 1408) eb=Rect(0, 152 - 832, 1408) eo=Point(0, 152) epz=Point(2560, 1600) d=0 taskParent=-1 winMode=6 userId=10},
08-01 05:33:23.171  4551  4669 V WindowManagerShell:         {m=TO_BACK f=TRANSLUCENT|FLAG_CHANGED_INTERACTIVE p=WCT{android.os.BinderProxy@3868b48} leash=Surface(name=Task=1000086#98)/@0x6236f4d sb=Rect(832, 0 - 2528, 1408) eb=Rect(832, 0 - 2528, 1408) eo=Point(0, -152) epz=Point(1648, 1256) d=0 taskParent=1000004 winMode=6 userId=10},
08-01 05:33:23.171  4551  4669 V WindowManagerShell:         {m=TO_BACK f=TRANSLUCENT|FLAG_CHANGED_INTERACTIVE leash=Surface(name=Task=1000004(map_panel)#54)/@0xc676550 sb=Rect(832, 152 - 2480, 1408) eb=Rect(832, 152 - 2480, 1408) eo=Point(832, 152) epz=Point(2560, 1600) d=0 taskParent=-1 winMode=6 userId=10}
08-01 05:33:23.171  4551  4669 V WindowManagerShell:     ]}
08-01 05:33:23.172  4551  4669 V WindowManagerShell: Playing animation for (#57) android.os.BinderProxy@6aad98c@0
08-01 05:33:23.172  4551  4669 V WindowManagerShell:  try firstHandler com.android.wm.shell.automotive.AutoTaskStackControllerImpl@2c1ddd8
08-01 05:33:23.172  4551  4669 D AutoTaskStackController: startAnimation, id=57 = changes=[{m=OPEN f=MOVE_TO_TOP|FLAG_CHANGED_INTERACTIVE p=WCT{android.os.BinderProxy@f399c54} leash=Surface(name=Task=1000089#310)/@0xa1d479b sb=Rect(2560, 152 - 5120, 1408) eb=Rect(0, 152 - 2560, 1408) epz=Point(2560, 1256) d=0 taskParent=1000008 winMode=6 userId=10}, {m=TO_FRONT f=TRANSLUCENT|MOVE_TO_TOP|FLAG_CHANGED_INTERACTIVE leash=Surface(name=Task=1000008(app_panel)#58)/@0x72ae738 sb=Rect(2560, 152 - 5120, 1408) eb=Rect(0, 152 - 2560, 1408) eo=Point(0, 152) epz=Point(2560, 1600) d=0 taskParent=-1 winMode=6 userId=10}, {m=TO_BACK f=FLAG_CHANGED_INTERACTIVE p=WCT{android.os.BinderProxy@60898ad} leash=Surface(name=Task=1000088#154)/@0xd07b311 sb=Rect(0, 152 - 832, 1408) eb=Rect(0, 152 - 832, 1408) epz=Point(832, 1256) d=0 taskParent=1000003 winMode=6 userId=10}, {m=TO_BACK f=TRANSLUCENT|FLAG_CHANGED_INTERACTIVE leash=Surface(name=Task=1000003(widget_panel)#52)/@0x4fc9c76 sb=Rect(0, 152 - 832, 1408) eb=Rect(0, 152 - 832, 1408) eo=Point(0, 152) epz=Point(2560, 1600) d=0 taskParent=-1 winMode=6 userId=10}, {m=TO_BACK f=TRANSLUCENT|FLAG_CHANGED_INTERACTIVE p=WCT{android.os.BinderProxy@3868b48} leash=Surface(name=Task=1000086#98)/@0x6236f4d sb=Rect(832, 0 - 2528, 1408) eb=Rect(832, 0 - 2528, 1408) eo=Point(0, -152) epz=Point(1648, 1256) d=0 taskParent=1000004 winMode=6 userId=10}, {m=TO_BACK f=TRANSLUCENT|FLAG_CHANGED_INTERACTIVE leash=Surface(name=Task=1000004(map_panel)#54)/@0xc676550 sb=Rect(832, 152 - 2480, 1408) eb=Rect(832, 152 - 2480, 1408) eo=Point(832, 152) epz=Point(2560, 1600) d=0 taskParent=-1 winMode=6 userId=10}]
08-01 05:33:23.173  4551  4669 V AutoTaskStackController: Creating reconciled task stack change for 1000008 (app_panel), newVisibility: true, layer 100, bounds Rect(0, 152 - 2560, 1408)fromRequestedState: true, fromCurrentState: false
08-01 05:33:23.173  4551  4669 V AutoTaskStackController: Creating reconciled task stack change for 1000003 (widget_panel), newVisibility: false, layer 2, bounds Rect(0, 152 - 832, 1408)fromRequestedState: true, fromCurrentState: false
08-01 05:33:23.173  4551  4669 V AutoTaskStackController: Creating reconciled task stack change for 1000004 (map_panel), newVisibility: false, layer 2, bounds Rect(832, 152 - 2480, 1408)fromRequestedState: true, fromCurrentState: false
08-01 05:33:23.173  4551  4669 D AutoTaskStackController:  in startAnimation, id=57, changedTaskStacks=
08-01 05:33:23.173  4551  4669 D AutoTaskStackController: 	TaskStackStateChange(taskId=1000008, taskStackName=app_panel, state=AutoTaskStackState(bounds=Rect(0, 152 - 2560, 1408), isAboveBarrier=true, layer=100))
08-01 05:33:23.173  4551  4669 D AutoTaskStackController: 	TaskStackStateChange(taskId=1000003, taskStackName=widget_panel, state=AutoTaskStackState(bounds=Rect(0, 152 - 832, 1408), isAboveBarrier=false, layer=2))
08-01 05:33:23.173  4551  4669 D AutoTaskStackController: 	TaskStackStateChange(taskId=1000004, taskStackName=map_panel, state=AutoTaskStackState(bounds=Rect(832, 152 - 2480, 1408), isAboveBarrier=false, layer=2))
08-01 05:33:23.174  4551  4669 D PanelAutoTaskStackTransitionHandlerDelegate: startAnimation INFO = {id=57 t=OPEN f=0x0 trk=0 r=[0@Point(0, 0)] c=[{m=OPEN f=MOVE_TO_TOP|FLAG_CHANGED_INTERACTIVE p=WCT{android.os.BinderProxy@f399c54} leash=Surface(name=Task=1000089#310)/@0xa1d479b sb=Rect(2560, 152 - 5120, 1408) eb=Rect(0, 152 - 2560, 1408) epz=Point(2560, 1256) d=0 taskParent=1000008 winMode=6 userId=10},{m=TO_FRONT f=TRANSLUCENT|MOVE_TO_TOP|FLAG_CHANGED_INTERACTIVE leash=Surface(name=Task=1000008(app_panel)#58)/@0x72ae738 sb=Rect(2560, 152 - 5120, 1408) eb=Rect(0, 152 - 2560, 1408) eo=Point(0, 152) epz=Point(2560, 1600) d=0 taskParent=-1 winMode=6 userId=10},{m=TO_BACK f=FLAG_CHANGED_INTERACTIVE p=WCT{android.os.BinderProxy@60898ad} leash=Surface(name=Task=1000088#154)/@0xd07b311 sb=Rect(0, 152 - 832, 1408) eb=Rect(0, 152 - 832, 1408) epz=Point(832, 1256) d=0 taskParent=1000003 winMode=6 userId=10},{m=TO_BACK f=TRANSLUCENT|FLAG_CHANGED_INTERACTIVE leash=Surface(name=Task=1000003(widget_panel)#52)/@0x4fc9c76 sb=Rect(0, 152 - 832, 1408) eb=Rect(0, 152 - 832, 1408) eo=Point(0, 152) epz=Point(2560, 1600) d=0 taskParent=-1 winMode=6 userId=10},{m=TO_BACK f=TRANSLUCENT|FLAG_CHANGED_INTERACTIVE p=WCT{android.os.BinderProxy@3868b48} leash=Surface(name=Task=1000086#98)/@0x6236f4d sb=Rect(832, 0 - 2528, 1408) eb=Rect(832, 0 - 2528, 1408) eo=Point(0, -152) epz=Point(1648, 1256) d=0 taskParent=1000004 winMode=6 userId=10},{m=TO_BACK f=TRANSLUCENT|FLAG_CHANGED_INTERACTIVE leash=Surface(name=Task=1000004(map_panel)#54)/@0xc676550 sb=Rect(832, 152 - 2480, 1408) eb=Rect(832, 152 - 2480, 1408) eo=Point(832, 152) epz=Point(2560, 1600) d=0 taskParent=-1 winMode=6 userId=10}]}, changedTaskStacks=[TaskStackStateChange(taskId=1000008, taskStackName=app_panel, state=AutoTaskStackState(bounds=Rect(0, 152 - 2560, 1408), isAboveBarrier=true, layer=100)), TaskStackStateChange(taskId=1000003, taskStackName=widget_panel, state=AutoTaskStackState(bounds=Rect(0, 152 - 832, 1408), isAboveBarrier=false, layer=2)), TaskStackStateChange(taskId=1000004, taskStackName=map_panel, state=AutoTaskStackState(bounds=Rect(832, 152 - 2480, 1408), isAboveBarrier=false, layer=2))], start transaction=17411797420664, finishTransaction=17411797420677
08-01 05:33:23.174  4551  4669 D PanelTransitionCoordinator: Post applied events []
08-01 05:33:23.174  4551  4669 D PanelTransitionCoordinator: app_panelcurrentState
08-01 05:33:23.174  4551  4669 D SysUIPanel: update TaskPanel:app_panel, updateChildren =false, variantnull
08-01 05:33:23.174  4551  4669 D PanelTransitionCoordinator: widget_panelcurrentState
08-01 05:33:23.174  4551  4669 D SysUIPanel: update TaskPanel:widget_panel, updateChildren =false, variantnull
08-01 05:33:23.174  4551  4669 D PanelTransitionCoordinator: map_panelcurrentState
08-01 05:33:23.175  4551  4669 D SysUIPanel: update TaskPanel:map_panel, updateChildren =false, variantnull
08-01 05:33:23.175  4054  4074 V WindowManager: Sent Transition (#57) createdAt=08-01 05:33:23.096 via request=TransitionRequestInfo { type = OPEN, triggerTask = TaskInfo{userId=10 taskId=1000089 effectiveUid=1010188 displayId=0 isRunning=true baseIntent=Intent { flg=0x10000000 cmp=com.tcs.vehicleassistant/.LocalLLMActivity } baseActivity=ComponentInfo{com.tcs.vehicleassistant/com.tcs.vehicleassistant.LocalLLMActivity} topActivity=ComponentInfo{com.tcs.vehicleassistant/com.tcs.vehicleassistant.LocalLLMActivity} origActivity=null realActivity=ComponentInfo{com.tcs.vehicleassistant/com.tcs.vehicleassistant.LocalLLMActivity} realActivityIsAppLockEnabled=false numActivities=1 lastActiveTime=47113184 supportsMultiWindow=true supportsMultiWindowWithoutConstraints=true resizeMode=1 isResizeable=true minWidth=-1 minHeight=-1 defaultMinSize=220 token=WCT{RemoteToken{4780941 Task{f4a07e3 #1000089 type=standard A=1010188:com.tcs.vehicleassistant}}} topActivityType=1 pictureInPictureParams=null shouldDockBigOverlays=false launchIntoPipHostTaskId=-1 lastParentTaskIdBeforePip=-1 displayCutoutSafeInsets=Rect(0, 0 - 0, 0) topActivityInfo=ActivityInfo{333eee6 com.tcs.vehicleassistant.LocalLLMActivity} launchCookies=[] positionInParent=Point(0, 0) parentTaskId=1000008 isFocused=false isInteractive=false isVisible=false isVisibleRequested=true isTopActivityNoDisplay=false isSleeping=false locusId=null displayAreaFeatureId=1 isTopActivityTransparent=false isActivityStackTransparent=false lastNonFullscreenBounds=null leafTaskBoundsFromOptions= false capturedLink=null capturedLinkTimestamp=0 requestedVisibleTypes=503 topActivityRequestOpenInBrowserEducationTimestamp=0 appCompatTaskInfo=AppCompatTaskInfo { topActivityInSizeCompat=false isLeafTask= true eligibleForLetterboxEducation= false isLetterboxEducationEnabled= false isLetterboxDoubleTapEnabled= false eligibleForUserAspectRatioButton= false topActivityBoundsLetterboxed= false isFromLetterboxDoubleTap= false topActivityLetterboxVerticalPosition= -1 topActivityLetterboxHorizontalPosition= -1 topActivityLetterboxWidth=-1 topActivityLetterboxHeight=-1 topActivityAppBounds=Rect(2560, 152 - 5120, 1408) isUserFullscreenOverrideEnabled=false isSystemFullscreenOverrideEnabled=false hasMinAspectRatioOverride=false topActivityLetterboxBounds=null topNonResizableActivityAspectRatio=-1.0} topActivityMainWindowFrame=null isAppBubble=false}, pipChange = null, remoteTransitionInfo = null, displayChanges = null, requestedLocation = null, userChange = null, windowingLayerChange = null, fullscreenRequestChange = null, flags = 0, debugId = 57 }
08-01 05:33:23.175  4054  4074 V WindowManager:     startWCT=WindowContainerTransaction { changes= {RemoteToken{1a04e39 Task{59c90fb #1000008 name=app_panel type=undefined}}={bounds:Rect(0, 152 - 2560, 1408),}, RemoteToken{5c78bed Task{8e6fa22 #1000004 name=map_panel type=undefined}}={bounds:Rect(832, 152 - 2480, 1408),}, RemoteToken{d5c181a Task{9959d28 #1000003 name=widget_panel type=undefined}}={bounds:Rect(0, 152 - 832, 1408),}} hops= [{reorder: RemoteToken{d5c181a Task{9959d28 #1000003 name=widget_panel type=undefined}} to bottom}, {setSafeRegionBounds: container= RemoteToken{d5c181a Task{9959d28 #1000003 name=widget_panel type=undefined}} safeRegionBounds= Rect(0, 152 - 832, 1408)}, {reorder: RemoteToken{5c78bed Task{8e6fa22 #1000004 name=map_panel type=undefined}} to bottom}, {setSafeRegionBounds: container= RemoteToken{5c78bed Task{8e6fa22 #1000004 name=map_panel type=undefined}} safeRegionBounds= Rect(832, 152 - 2480, 1408)}, {reorder: RemoteToken{1a04e39 Task{59c90fb #1000008 name=app_panel type=undefined}} to top}, {setSafeRegionBounds: container= RemoteToken{1a04e39 Task{59c90fb #1000008 name=app_panel type=undefined}} safeRegionBounds= Rect(138, 152 - 2560, 1408)}, {reorder: RemoteToken{1a04e39 Task{59c90fb #1000008 name=app_panel type=undefined}} to top}] flags= 0 errorCallbackToken=null taskFragmentOrganizer=null }
08-01 05:33:23.176  4551  4669 D PanelTransitionCoordinator: playPendingAnimations: 3
08-01 05:33:23.176  4551  4669 D PanelTransitionCoordinator: stopOtherAnimations android.os.BinderProxy@6aad98c
08-01 05:33:23.176   552 29272 E hwc-display: [PrimaryDisplay] resetColorMappingInfoForClientComp:: resetColorMappingInfo() idx=3 error(-22)
08-01 05:33:23.176  4551  4669 D PanelTransitionCoordinator: widget_panel duration for animator 300
08-01 05:33:23.176  4551  4669 D PanelTransitionCoordinator: map_panel duration for animator 300
08-01 05:33:23.176   552 29272 E hwc-display: [PrimaryDisplay] resetColorMappingInfoForClientComp:: resetColorMappingInfo() idx=4 error(-22)
08-01 05:33:23.176   552 29272 E hwc-display: [PrimaryDisplay] resetColorMappingInfoForClientComp:: resetColorMappingInfo() idx=5 error(-22)
08-01 05:33:23.176  4551  4669 D PanelTransitionCoordinator: app_panel duration for animator 300
08-01 05:33:23.176  4551  4669 D PanelTransitionCoordinator: total duration 300
08-01 05:33:23.176  4054  4074 V WindowManager:     info={id=57 t=OPEN f=0x0 trk=0 r=[0@Point(0, 0)] c=[
08-01 05:33:23.176  4054  4074 V WindowManager:         {WCT{RemoteToken{4780941 Task{f4a07e3 #1000089 type=standard A=1010188:com.tcs.vehicleassistant}}} m=OPEN f=MOVE_TO_TOP|FLAG_CHANGED_INTERACTIVE p=WCT{RemoteToken{1a04e39 Task{59c90fb #1000008 name=app_panel type=undefined}}} leash=Surface(name=Task=1000089#310)/@0x518762f sb=Rect(2560, 152 - 5120, 1408) eb=Rect(0, 152 - 2560, 1408) epz=Point(2560, 1256) d=0 taskParent=1000008 winMode=6 userId=10},
08-01 05:33:23.176  4054  4074 V WindowManager:         {WCT{RemoteToken{1a04e39 Task{59c90fb #1000008 name=app_panel type=undefined}}} m=TO_FRONT f=TRANSLUCENT|MOVE_TO_TOP|FLAG_CHANGED_INTERACTIVE leash=Surface(name=Task=1000008(app_panel)#58)/@0xeb648b3 sb=Rect(2560, 152 - 5120, 1408) eb=Rect(0, 152 - 2560, 1408) eo=Point(0, 152) epz=Point(2560, 1600) d=0 taskParent=-1 winMode=6 userId=10},
08-01 05:33:23.176  4054  4074 V WindowManager:         {WCT{RemoteToken{c471ab5 Task{153d3a9 #1000088 type=undefined A=1010097:com.android.car.carlauncher}}} m=TO_BACK f=FLAG_CHANGED_INTERACTIVE p=WCT{RemoteToken{d5c181a Task{9959d28 #1000003 name=widget_panel type=undefined}}} leash=Surface(name=Task=1000088#154)/@0x75e959f sb=Rect(0, 152 - 832, 1408) eb=Rect(0, 152 - 832, 1408) epz=Point(832, 1256) d=0 taskParent=1000003 winMode=6 userId=10},
08-01 05:33:23.176  4054  4074 V WindowManager:         {WCT{RemoteToken{d5c181a Task{9959d28 #1000003 name=widget_panel type=undefined}}} m=TO_BACK f=TRANSLUCENT|FLAG_CHANGED_INTERACTIVE leash=Surface(name=Task=1000003(widget_panel)#52)/@0xa08a33e sb=Rect(0, 152 - 832, 1408) eb=Rect(0, 152 - 832, 1408) eo=Point(0, 152) epz=Point(2560, 1600) d=0 taskParent=-1 winMode=6 userId=10},
08-01 05:33:23.176  4054  4074 V WindowManager:         {WCT{RemoteToken{6f4a7a5 Task{e933eae #1000086 type=undefined A=1010128:com.google.android.apps.maps}}} m=TO_BACK f=TRANSLUCENT|FLAG_CHANGED_INTERACTIVE p=WCT{RemoteToken{5c78bed Task{8e6fa22 #1000004 name=map_panel type=undefined}}} leash=Surface(name=Task=1000086#98)/@0x279a622 sb=Rect(832, 0 - 2528, 1408) eb=Rect(832, 0 - 2528, 1408) eo=Point(0, -152) epz=Point(1648, 1256) d=0 taskParent=1000004 winMode=6 userId=10},
08-01 05:33:23.176  4054  4074 V WindowManager:         {WCT{RemoteToken{5c78bed Task{8e6fa22 #1000004 name=map_panel type=undefined}}} m=TO_BACK f=TRANSLUCENT|FLAG_CHANGED_INTERACTIVE leash=Surface(name=Task=1000004(map_panel)#54)/@0xc8967ed sb=Rect(832, 152 - 2480, 1408) eb=Rect(832, 152 - 2480, 1408) eo=Point(832, 152) epz=Point(2560, 1600) d=0 taskParent=-1 winMode=6 userId=10}
08-01 05:33:23.176  4054  4074 V WindowManager:     ]}
08-01 05:33:23.176  4551  4669 D Variant : Panel updated: TaskPanel{mId='widget_panel
08-01 05:33:23.176  4551  4669 D Variant : , isRooTaskEmpty=false
08-01 05:33:23.176  4551  4669 D Variant : , mBounds=Rect(0, 152 - 832, 1408)
08-01 05:33:23.176  4551  4669 D Variant : , mAlpha=1.0
08-01 05:33:23.176  4551  4669 D Variant : , mIsVisible=true
08-01 05:33:23.176  4551  4669 D Variant : , rootTaskId=1000003
08-01 05:33:23.176  4551  4669 D Variant : , mRole=null
08-01 05:33:23.176  4551  4669 D Variant : , mLayer=2
08-01 05:33:23.176  4551  4669 D Variant : , mLeash=Surface(name=Task=1000003(widget_panel)#52)/@0xd07b1c4
08-01 05:33:23.176  4551  4669 D Variant : , mRootTaskStack=RootTaskStack(id=1000003, displayId=0, leash=Surface(name=Task=1000003(widget_panel)#52)/@0xd07b1c4, name=widget_panel, rootTaskInfo=TaskInfo{userId=10 taskId=1000003 effectiveUid=0 displayId=0 isRunning=true baseIntent=Intent {  } baseActivity=ComponentInfo{com.android.car.carlauncher/com.android.car.carlauncher.WidgetHostActivity} topActivity=ComponentInfo{com.android.car.carlauncher/com.android.car.carlauncher.WidgetHostActivity} origActivity=null realActivity=null realActivityIsAppLockEnabled=false numActivities=1 lastActiveTime=46727694 supportsMultiWindow=true supportsMultiWindowWithoutConstraints=true resizeMode=1 isResizeable=true minWidth=-1 minHeight=-1 defaultMinSize=220 token=WCT{android.os.BinderProxy@60898ad} topActivityType=1 pictureInPictureParams=null shouldDockBigOverlays=false launchIntoPipHostTaskId=-1 lastParentTaskIdBeforePip=-1 displayCutoutSafeInsets=Rect(0, 0 - 0, 0) topActivityInfo=ActivityInfo{b662914 com.android.car.carlauncher.WidgetHostActivity} launchCookies=[android.os.Binder@de5c56] positionInParent=Point(0, 152) parentTaskId=-1 isFocused=false isInteractive=false isVisible=true isVisibleRequested=false isTopActivityNoDisplay=false isSleeping=false locusId=null displayAreaFeatureId=1 isTopActivityTransparent=false isActivityStackTransparent=false lastNonFullscreenBounds=null leafTaskBoundsFromOptions= false capturedLink=null capturedLinkTimestamp=0 requestedVisibleTypes=503 topActivityRequestOpenInBrowserEducationTimestamp=0 appCompatTaskInfo=AppCompatTaskInfo { topActivityInSizeCompat=false isLeafTask= false eligibleForLetterboxEducation= false isLetterboxEducationEnabled= false isLetterboxDoubleTapEnabled= false eligibleForUserAspectRatioButton= false topActivityBoundsLetterboxed= false isFromLetterboxDoubleTap= false topActivityLetterboxVerticalPosition= -1 topActivityLetterboxHorizontalPosition= -1 topActivityLetterboxWidth=-1 topActivityLetterboxHeight=-1 topActivityAppBounds=Rect(0, 152 - 832, 1408) isUserFullscreenOverrideEnabled=false isSystemFullscreenOverrideEnabled=false hasMinAspectRatioOverride=false topActivityLetterboxBounds=null topNonResizableActivityAspectRatio=-1.0} topActivityMainWindowFrame=null isAppBubble=false})
08-01 05:33:23.176  4551  4669 D Variant : , mCornerRadius=Corner{mRadiusTL=0, mRadiusTR=0, mRadiusBL=0, mRadiusBR=0}
08-01 05:33:23.176  4551  4669 D Variant : , mIsLaunchRoot=false
08-01 05:33:23.176  4551  4669 D Variant : , mDisplayId=0
08-01 05:33:23.176  4551  4669 D Variant : , mDecors=Empty}
08-01 05:33:23.177  4551  4669 D Variant : Panel updated: TaskPanel{mId='widget_panel
08-01 05:33:23.177  4551  4669 D Variant : , isRooTaskEmpty=false
08-01 05:33:23.177  4551  4669 D Variant : , mBounds=Rect(0, 152 - 832, 1408)
08-01 05:33:23.177  4551  4669 D Variant : , mAlpha=1.0
08-01 05:33:23.177  4551  4669 D Variant : , mIsVisible=true
08-01 05:33:23.177  4551  4669 D Variant : , rootTaskId=1000003
08-01 05:33:23.177  4551  4669 D Variant : , mRole=null
08-01 05:33:23.177  4551  4669 D Variant : , mLayer=2
08-01 05:33:23.177  4551  4669 D Variant : , mLeash=Surface(name=Task=1000003(widget_panel)#52)/@0xd07b1c4
08-01 05:33:23.177  4551  4669 D Variant : , mRootTaskStack=RootTaskStack(id=1000003, displayId=0, leash=Surface(name=Task=1000003(widget_panel)#52)/@0xd07b1c4, name=widget_panel, rootTaskInfo=TaskInfo{userId=10 taskId=1000003 effectiveUid=0 displayId=0 isRunning=true baseIntent=Intent {  } baseActivity=ComponentInfo{com.android.car.carlauncher/com.android.car.carlauncher.WidgetHostActivity} topActivity=ComponentInfo{com.android.car.carlauncher/com.android.car.carlauncher.WidgetHostActivity} origActivity=null realActivity=null realActivityIsAppLockEnabled=false numActivities=1 lastActiveTime=46727694 supportsMultiWindow=true supportsMultiWindowWithoutConstraints=true resizeMode=1 isResizeable=true minWidth=-1 minHeight=-1 defaultMinSize=220 token=WCT{android.os.BinderProxy@60898ad} topActivityType=1 pictureInPictureParams=null shouldDockBigOverlays=false launchIntoPipHostTaskId=-1 lastParentTaskIdBeforePip=-1 displayCutoutSafeInsets=Rect(0, 0 - 0, 0) topActivityInfo=ActivityInfo{b662914 com.android.car.carlauncher.WidgetHostActivity} launchCookies=[android.os.Binder@de5c56] positionInParent=Point(0, 152) parentTaskId=-1 isFocused=false isInteractive=false isVisible=true isVisibleRequested=false isTopActivityNoDisplay=false isSleeping=false locusId=null displayAreaFeatureId=1 isTopActivityTransparent=false isActivityStackTransparent=false lastNonFullscreenBounds=null leafTaskBoundsFromOptions= false capturedLink=null capturedLinkTimestamp=0 requestedVisibleTypes=503 topActivityRequestOpenInBrowserEducationTimestamp=0 appCompatTaskInfo=AppCompatTaskInfo { topActivityInSizeCompat=false isLeafTask= false eligibleForLetterboxEducation= false isLetterboxEducationEnabled= false isLetterboxDoubleTapEnabled= false eligibleForUserAspectRatioButton= false topActivityBoundsLetterboxed= false isFromLetterboxDoubleTap= false topActivityLetterboxVerticalPosition= -1 topActivityLetterboxHorizontalPosition= -1 topActivityLetterboxWidth=-1 topActivityLetterboxHeight=-1 topActivityAppBounds=Rect(0, 152 - 832, 1408) isUserFullscreenOverrideEnabled=false isSystemFullscreenOverrideEnabled=false hasMinAspectRatioOverride=false topActivityLetterboxBounds=null topNonResizableActivityAspectRatio=-1.0} topActivityMainWindowFrame=null isAppBubble=false})
08-01 05:33:23.177  4551  4669 D Variant : , mCornerRadius=Corner{mRadiusTL=0, mRadiusTR=0, mRadiusBL=0, mRadiusBR=0}
08-01 05:33:23.177  4551  4669 D Variant : , mIsLaunchRoot=false
08-01 05:33:23.177  4551  4669 D Variant : , mDisplayId=0
08-01 05:33:23.177  4551  4669 D Variant : , mDecors=Empty}
08-01 05:33:23.177  4551  4669 D Variant : Panel updated: TaskPanel{mId='map_panel
08-01 05:33:23.177  4551  4669 D Variant : , isRooTaskEmpty=false
08-01 05:33:23.177  4551  4669 D Variant : , mBounds=Rect(832, 152 - 2480, 1408)
08-01 05:33:23.177  4551  4669 D Variant : , mAlpha=1.0
08-01 05:33:23.177  4551  4669 D Variant : , mIsVisible=true
08-01 05:33:23.177  4551  4669 D Variant : , rootTaskId=1000004
08-01 05:33:23.177  4551  4669 D Variant : , mRole=null
08-01 05:33:23.177  4551  4669 D Variant : , mLayer=2
08-01 05:33:23.177  4551  4669 D Variant : , mLeash=Surface(name=Task=1000004(map_panel)#54)/@0x96fb1eb
08-01 05:33:23.177  4551  4669 D Variant : , mRootTaskStack=RootTaskStack(id=1000004, displayId=0, leash=Surface(name=Task=1000004(map_panel)#54)/@0x96fb1eb, name=map_panel, rootTaskInfo=TaskInfo{userId=10 taskId=1000004 effectiveUid=0 displayId=0 isRunning=true baseIntent=Intent {  } baseActivity=ComponentInfo{com.google.android.apps.maps/com.google.android.maps.MapsActivity} topActivity=ComponentInfo{com.google.android.apps.maps/com.google.android.maps.MapsActivity} origActivity=null realActivity=null realActivityIsAppLockEnabled=false numActivities=1 lastActiveTime=46727713 supportsMultiWindow=true supportsMultiWindowWithoutConstraints=true resizeMode=2 isResizeable=true minWidth=-1 minHeight=-1 defaultMinSize=220 token=WCT{android.os.BinderProxy@3868b48} topActivityType=1 pictureInPictureParams=null shouldDockBigOverlays=false launchIntoPipHostTaskId=-1 lastParentTaskIdBeforePip=-1 displayCutoutSafeInsets=Rect(0, 0 - 0, 0) topActivityInfo=ActivityInfo{47bc5bd com.google.android.maps.MapsActivity} launchCookies=[android.os.Binder@ac312a9] positionInParent=Point(832, 152) parentTaskId=-1 isFocused=true isInteractive=false isVisible=true isVisibleRequested=false isTopActivityNoDisplay=false isSleeping=false locusId=null displayAreaFeatureId=1 isTopActivityTransparent=false isActivityStackTransparent=false lastNonFullscreenBounds=null leafTaskBoundsFromOptions= false capturedLink=null capturedLinkTimestamp=0 requestedVisibleTypes=503 topActivityRequestOpenInBrowserEducationTimestamp=0 appCompatTaskInfo=AppCompatTaskInfo { topActivityInSizeCompat=false isLeafTask= false eligibleForLetterboxEducation= false isLetterboxEducationEnabled= false isLetterboxDoubleTapEnabled= false eligibleForUserAspectRatioButton= false topActivityBoundsLetterboxed= false isFromLetterboxDoubleTap= false topActivityLetterboxVerticalPosition= -1 topActivityLetterboxHorizontalPosition= -1 topActivityLetterboxWidth=-1 topActivityLetterboxHeight=-1 topActivityAppBounds=Rect(832, 0 - 2528, 1408) isUserFullscreenOverrideEnabled=false isSystemFullscreenOverrideEnabled=false hasMinAspectRatioOverride=false topActivityLetterboxBounds=null topNonResizableActivityAspectRatio=-1.0} topActivityMainWindowFrame=null isAppBubble=false})
08-01 05:33:23.177  4551  4669 D Variant : , mCornerRadius=Corner{mRadiusTL=96, mRadiusTR=96, mRadiusBL=96, mRadiusBR=96}
08-01 05:33:23.177  4551  4669 D Variant : , mIsLaunchRoot=false
08-01 05:33:23.177  4551  4669 D Variant : , mDisplayId=0
08-01 05:33:23.177  4551  4669 D Variant : , mDecors=Empty}
08-01 05:33:23.177  4551  4669 D Variant : Panel updated: TaskPanel{mId='map_panel
08-01 05:33:23.177  4551  4669 D Variant : , isRooTaskEmpty=false
08-01 05:33:23.177  4551  4669 D Variant : , mBounds=Rect(832, 152 - 2480, 1408)
08-01 05:33:23.177  4551  4669 D Variant : , mAlpha=1.0
08-01 05:33:23.177  4551  4669 D Variant : , mIsVisible=true
08-01 05:33:23.177  4551  4669 D Variant : , rootTaskId=1000004
08-01 05:33:23.177  4551  4669 D Variant : , mRole=null
08-01 05:33:23.177  4551  4669 D Variant : , mLayer=2
08-01 05:33:23.177  4551  4669 D Variant : , mLeash=Surface(name=Task=1000004(map_panel)#54)/@0x96fb1eb
08-01 05:33:23.177  4551  4669 D Variant : , mRootTaskStack=RootTaskStack(id=1000004, displayId=0, leash=Surface(name=Task=1000004(map_panel)#54)/@0x96fb1eb, name=map_panel, rootTaskInfo=TaskInfo{userId=10 taskId=1000004 effectiveUid=0 displayId=0 isRunning=true baseIntent=Intent {  } baseActivity=ComponentInfo{com.google.android.apps.maps/com.google.android.maps.MapsActivity} topActivity=ComponentInfo{com.google.android.apps.maps/com.google.android.maps.MapsActivity} origActivity=null realActivity=null realActivityIsAppLockEnabled=false numActivities=1 lastActiveTime=46727713 supportsMultiWindow=true supportsMultiWindowWithoutConstraints=true resizeMode=2 isResizeable=true minWidth=-1 minHeight=-1 defaultMinSize=220 token=WCT{android.os.BinderProxy@3868b48} topActivityType=1 pictureInPictureParams=null shouldDockBigOverlays=false launchIntoPipHostTaskId=-1 lastParentTaskIdBeforePip=-1 displayCutoutSafeInsets=Rect(0, 0 - 0, 0) topActivityInfo=ActivityInfo{47bc5bd com.google.android.maps.MapsActivity} launchCookies=[android.os.Binder@ac312a9] positionInParent=Point(832, 152) parentTaskId=-1 isFocused=true isInteractive=false isVisible=true isVisibleRequested=false isTopActivityNoDisplay=false isSleeping=false locusId=null displayAreaFeatureId=1 isTopActivityTransparent=false isActivityStackTransparent=false lastNonFullscreenBounds=null leafTaskBoundsFromOptions= false capturedLink=null capturedLinkTimestamp=0 requestedVisibleTypes=503 topActivityRequestOpenInBrowserEducationTimestamp=0 appCompatTaskInfo=AppCompatTaskInfo { topActivityInSizeCompat=false isLeafTask= false eligibleForLetterboxEducation= false isLetterboxEducationEnabled= false isLetterboxDoubleTapEnabled= false eligibleForUserAspectRatioButton= false topActivityBoundsLetterboxed= false isFromLetterboxDoubleTap= false topActivityLetterboxVerticalPosition= -1 topActivityLetterboxHorizontalPosition= -1 topActivityLetterboxWidth=-1 topActivityLetterboxHeight=-1 topActivityAppBounds=Rect(832, 0 - 2528, 1408) isUserFullscreenOverrideEnabled=false isSystemFullscreenOverrideEnabled=false hasMinAspectRatioOverride=false topActivityLetterboxBounds=null topNonResizableActivityAspectRatio=-1.0} topActivityMainWindowFrame=null isAppBubble=false})
08-01 05:33:23.177  4551  4669 D Variant : , mCornerRadius=Corner{mRadiusTL=96, mRadiusTR=96, mRadiusBL=96, mRadiusBR=96}
08-01 05:33:23.177  4551  4669 D Variant : , mIsLaunchRoot=false
08-01 05:33:23.177  4551  4669 D Variant : , mDisplayId=0
08-01 05:33:23.177  4551  4669 D Variant : , mDecors=Empty}
08-01 05:33:23.177  4551  4669 D Variant : Panel updated: TaskPanel{mId='app_panel
08-01 05:33:23.177  4551  4669 D Variant : , isRooTaskEmpty=false
08-01 05:33:23.177  4551  4669 D Variant : , mBounds=Rect(2560, 152 - 5120, 1408)
08-01 05:33:23.177  4551  4669 D Variant : , mAlpha=0.0
08-01 05:33:23.177  4551  4669 D Variant : , mIsVisible=true
08-01 05:33:23.177  4551  4669 D Variant : , rootTaskId=1000008
08-01 05:33:23.177  4551  4669 D Variant : , mRole=com.android.car.scalableui.model.Role@657aed9
08-01 05:33:23.177  4551  4669 D Variant : , mLayer=100
08-01 05:33:23.177  4551  4669 D Variant : , mLeash=Surface(name=Task=1000008(app_panel)#58)/@0x1676fa7
08-01 05:33:23.177  4551  4669 D Variant : , mRootTaskStack=RootTaskStack(id=1000008, displayId=0, leash=Surface(name=Task=1000008(app_panel)#58)/@0x1676fa7, name=app_panel, rootTaskInfo=TaskInfo{userId=10 taskId=1000008 effectiveUid=0 displayId=0 isRunning=true baseIntent=Intent {  } baseActivity=ComponentInfo{com.tcs.vehicleassistant/com.tcs.vehicleassistant.LocalLLMActivity} topActivity=ComponentInfo{com.tcs.vehicleassistant/com.tcs.vehicleassistant.LocalLLMActivity} origActivity=null realActivity=null realActivityIsAppLockEnabled=false numActivities=1 lastActiveTime=46727764 supportsMultiWindow=true supportsMultiWindowWithoutConstraints=true resizeMode=1 isResizeable=true minWidth=-1 minHeight=-1 defaultMinSize=220 token=WCT{android.os.BinderProxy@f399c54} topActivityType=1 pictureInPictureParams=null shouldDockBigOverlays=false launchIntoPipHostTaskId=-1 lastParentTaskIdBeforePip=-1 displayCutoutSafeInsets=Rect(0, 0 - 0, 0) topActivityInfo=ActivityInfo{c20f7b2 com.tcs.vehicleassistant.LocalLLMActivity} launchCookies=[android.os.Binder@f4f70c1] positionInParent=Point(0, 152) parentTaskId=-1 isFocused=false isInteractive=false isVisible=false isVisibleRequested=true isTopActivityNoDisplay=false isSleeping=false locusId=null displayAreaFeatureId=1 isTopActivityTransparent=false isActivityStackTransparent=false lastNonFullscreenBounds=null leafTaskBoundsFromOptions= false capturedLink=null capturedLinkTimestamp=0 requestedVisibleTypes=503 topActivityRequestOpenInBrowserEducationTimestamp=0 appCompatTaskInfo=AppCompatTaskInfo { topActivityInSizeCompat=false isLeafTask= false eligibleForLetterboxEducation= false isLetterboxEducationEnabled= false isLetterboxDoubleTapEnabled= false eligibleForUserAspectRatioButton= false topActivityBoundsLetterboxed= false isFromLetterboxDoubleTap= false topActivityLetterboxVerticalPosition= -1 topActivityLetterboxHorizontalPosition= -1 topActivityLetterboxWidth=-1 topActivityLetterboxHeight=-1 topActivityAppBounds=Rect(0, 152 - 2560, 1408) isUserFullscreenOverrideEnabled=false isSystemFullscreenOverrideEnabled=false hasMinAspectRatioOverride=false topActivityLetterboxBounds=null topNonResizableActivityAspectRatio=-1.0} topActivityMainWindowFrame=null isAppBubble=false})
08-01 05:33:23.177  4551  4669 D Variant : , mCornerRadius=Corner{mRadiusTL=0, mRadiusTR=0, mRadiusBL=0, mRadiusBR=0}
08-01 05:33:23.177  4551  4669 D Variant : , mIsLaunchRoot=true
08-01 05:33:23.177  4551  4669 D Variant : , mDisplayId=0
08-01 05:33:23.177  4551  4669 D Variant : , mDecors=Empty}
08-01 05:33:23.177  4551  4669 D Variant : Panel updated: TaskPanel{mId='app_panel
08-01 05:33:23.177  4551  4669 D Variant : , isRooTaskEmpty=false
08-01 05:33:23.177  4551  4669 D Variant : , mBounds=Rect(2560, 152 - 5120, 1408)
08-01 05:33:23.177  4551  4669 D Variant : , mAlpha=0.0
08-01 05:33:23.177  4551  4669 D Variant : , mIsVisible=true
08-01 05:33:23.177  4551  4669 D Variant : , rootTaskId=1000008
08-01 05:33:23.177  4551  4669 D Variant : , mRole=com.android.car.scalableui.model.Role@657aed9
08-01 05:33:23.177  4551  4669 D Variant : , mLayer=100
08-01 05:33:23.177  4551  4669 D Variant : , mLeash=Surface(name=Task=1000008(app_panel)#58)/@0x1676fa7
08-01 05:33:23.177  4551  4669 D Variant : , mRootTaskStack=RootTaskStack(id=1000008, displayId=0, leash=Surface(name=Task=1000008(app_panel)#58)/@0x1676fa7, name=app_panel, rootTaskInfo=TaskInfo{userId=10 taskId=1000008 effectiveUid=0 displayId=0 isRunning=true baseIntent=Intent {  } baseActivity=ComponentInfo{com.tcs.vehicleassistant/com.tcs.vehicleassistant.LocalLLMActivity} topActivity=ComponentInfo{com.tcs.vehicleassistant/com.tcs.vehicleassistant.LocalLLMActivity} origActivity=null realActivity=null realActivityIsAppLockEnabled=false numActivities=1 lastActiveTime=46727764 supportsMultiWindow=true supportsMultiWindowWithoutConstraints=true resizeMode=1 isResizeable=true minWidth=-1 minHeight=-1 defaultMinSize=220 token=WCT{android.os.BinderProxy@f399c54} topActivityType=1 pictureInPictureParams=null shouldDockBigOverlays=false launchIntoPipHostTaskId=-1 lastParentTaskIdBeforePip=-1 displayCutoutSafeInsets=Rect(0, 0 - 0, 0) topActivityInfo=ActivityInfo{c20f7b2 com.tcs.vehicleassistant.LocalLLMActivity} launchCookies=[android.os.Binder@f4f70c1] positionInParent=Point(0, 152) parentTaskId=-1 isFocused=false isInteractive=false isVisible=false isVisibleRequested=true isTopActivityNoDisplay=false isSleeping=false locusId=null displayAreaFeatureId=1 isTopActivityTransparent=false isActivityStackTransparent=false lastNonFullscreenBounds=null leafTaskBoundsFromOptions= false capturedLink=null capturedLinkTimestamp=0 requestedVisibleTypes=503 topActivityRequestOpenInBrowserEducationTimestamp=0 appCompatTaskInfo=AppCompatTaskInfo { topActivityInSizeCompat=false isLeafTask= false eligibleForLetterboxEducation= false isLetterboxEducationEnabled= false isLetterboxDoubleTapEnabled= false eligibleForUserAspectRatioButton= false topActivityBoundsLetterboxed= false isFromLetterboxDoubleTap= false topActivityLetterboxVerticalPosition= -1 topActivityLetterboxHorizontalPosition= -1 topActivityLetterboxWidth=-1 topActivityLetterboxHeight=-1 topActivityAppBounds=Rect(0, 152 - 2560, 1408) isUserFullscreenOverrideEnabled=false isSystemFullscreenOverrideEnabled=false hasMinAspectRatioOverride=false topActivityLetterboxBounds=null topNonResizableActivityAspectRatio=-1.0} topActivityMainWindowFrame=null isAppBubble=false})
08-01 05:33:23.177  4551  4669 D Variant : , mCornerRadius=Corner{mRadiusTL=0, mRadiusTR=0, mRadiusBL=0, mRadiusBR=0}
08-01 05:33:23.177  4551  4669 D Variant : , mIsLaunchRoot=true
08-01 05:33:23.177  4551  4669 D Variant : , mDisplayId=0
08-01 05:33:23.177  4551  4669 D Variant : , mDecors=Empty}
08-01 05:33:23.177  4551  4669 D PanelTransitionCoordinator: Surface animation progress 0.0
08-01 05:33:23.178  4551  4669 D SysUIPanel: update TaskPanel:widget_panel, updateChildren =false, variantnull
08-01 05:33:23.178  4551  4669 D SysUIPanel: update TaskPanel:map_panel, updateChildren =false, variantnull
08-01 05:33:23.178  4551  4669 D SysUIPanel: update TaskPanel:app_panel, updateChildren =false, variantnull
08-01 05:33:23.179  4551  4669 D PanelTransitionCoordinator: Surface animation progress 0.0
08-01 05:33:23.179  4551  4669 D SysUIPanel: update TaskPanel:widget_panel, updateChildren =false, variantnull
08-01 05:33:23.179  4972  4972 D FocusParkingView: The window of Activity [com.android.car.carlauncher.CarLauncher@7a35ff6] gained focus
08-01 05:33:23.179  4551  4669 D SysUIPanel: update TaskPanel:map_panel, updateChildren =false, variantnull
08-01 05:33:23.179  4972  4972 D FocusParkingView: The window of Activity [com.android.car.carlauncher.CarLauncher@7a35ff6] gained focus
08-01 05:33:23.179  4972  4972 D FocusAreaHelper: The window of Activity [com.android.car.carlauncher.CarLauncher@7a35ff6] gained focus
08-01 05:33:23.179  4551  4669 D SysUIPanel: update TaskPanel:app_panel, updateChildren =false, variantnull
08-01 05:33:23.179  4972  4972 D FocusAreaHelper: The window of Activity [com.android.car.carlauncher.CarLauncher@7a35ff6] gained focus
08-01 05:33:23.182  4551  9688 D ButtonSelectionStateController: onBeforePanelStateChanged: changedPanelIds=[widget_panel, map_panel, app_panel] panelStates=PanelState{
08-01 05:33:23.182  4551  9688 D ButtonSelectionStateController: 	mId='widget_panel'
08-01 05:33:23.182  4551  9688 D ButtonSelectionStateController: 	mType='0'
08-01 05:33:23.182  4551  9688 D ButtonSelectionStateController: 	mDisplayId=0
08-01 05:33:23.182  4551  9688 D ButtonSelectionStateController: 	mRunningAnimator=ValueAnimator@dc28e68
08-01 05:33:23.182  4551  9688 D ButtonSelectionStateController:     :  0.0  1.0  
08-01 05:33:23.182  4551  9688 D ButtonSelectionStateController: 	mCurrentVariant=Variant{
08-01 05:33:23.182  4551  9688 D ButtonSelectionStateController: 		mId=@235339779
08-01 05:33:23.182  4551  9688 D ButtonSelectionStateController: 		mIdName=closed
08-01 05:33:23.182  4551  9688 D ButtonSelectionStateController: 		mAlpha=1.0
08-01 05:33:23.182  4551  9688 D ButtonSelectionStateController: 		mIsVisible=false
08-01 05:33:23.182  4551  9688 D ButtonSelectionStateController: 		mLayer=2
08-01 05:33:23.182  4551  9688 D ButtonSelectionStateController: 		mCanFocusOnTransition=false
08-01 05:33:23.182  4551  9688 D ButtonSelectionStateController: 		mBounds=Rect(0, 152 - 832, 1408)
08-01 05:33:23.182  4551  9688 D ButtonSelectionStateController: 		mSafeBounds=Rect(0, 152 - 832, 1408)
08-01 05:33:23.182  4551  9688 D ButtonSelectionStateController: 		mTaskToolbarBounds=Rect(0, 0 - 0, 0)
08-01 05:33:23.182  4551  9688 D ButtonSelectionStateController: 		mCornerRadius=Corner{mRadiusTL=0, mRadiusTR=0, mRadiusBL=0, mRadiusBR=0}
08-01 05:33:23.182  4551  9688 D ButtonSelectionStateController: 		mInsets=Insets{left=0, top=0, right=0, bottom=0}
08-01 05:33:23.182  4551  9688 D ButtonSelectionStateController: 		mDecors=empty}
08-01 05:33:23.182  4551  9688 D ButtonSelectionStateController: 	mPanelControllerMetadata=null
08-01 05:33:23.182  4551  9688 D ButtonSelectionStateController: 	mPendingControllerId='null'}
08-01 05:33:23.182  4551  9688 D ButtonSelectionStateController: PanelState{
08-01 05:33:23.182  4551  9688 D ButtonSelectionStateController: 	mId='map_panel'
08-01 05:33:23.182  4551  9688 D ButtonSelectionStateController: 	mType='0'
08-01 05:33:23.182  4551  9688 D ButtonSelectionStateController: 	mDisplayId=0
08-01 05:33:23.182  4551  9688 D ButtonSelectionStateController: 	mRunningAnimator=ValueAnimator@faa8281
08-01 05:33:23.182  4551  9688 D ButtonSelectionStateController:     :  0.0  1.0  
08-01 05:33:23.182  4551  9688 D ButtonSelectionStateController: 	mCurrentVariant=Variant{
08-01 05:33:23.182  4551  9688 D ButtonSelectionStateController: 		mId=@235339779
08-01 05:33:23.182  4551  9688 D ButtonSelectionStateController: 		mIdName=closed
08-01 05:33:23.182  4551  9688 D ButtonSelectionStateController: 		mAlpha=1.0
08-01 05:33:23.182  4551  9688 D ButtonSelectionStateController: 		mIsVisible=false
08-01 05:33:23.182  4551  9688 D ButtonSelectionStateController: 		mLayer=2
08-01 05:33:23.182  4551  9688 D ButtonSelectionStateController: 		mCanFocusOnTransition=false
08-01 05:33:23.182  4551  9688 D ButtonSelectionStateController: 		mBounds=Rect(832, 152 - 2480, 1408)
08-01 05:33:23.182  4551  9688 D ButtonSelectionStateController: 		mSafeBounds=Rect(832, 152 - 2480, 1408)
08-01 05:33:23.182  4551  9688 D ButtonSelectionStateController: 		mTaskToolbarBounds=Rect(0, 0 - 0, 0)
08-01 05:33:23.182  4551  9688 D ButtonSelectionStateController: 		mCornerRadius=Corner{mRadiusTL=96, mRadiusTR=96, mRadiusBL=96, mRadiusBR=96}
08-01 05:33:23.182  4551  9688 D ButtonSelectionStateController: 		mInsets=Insets{left=0, top=0, right=0, bottom=0}
08-01 05:33:23.182  4551  9688 D ButtonSelectionStateController: 		mDecors=empty}
08-01 05:33:23.182  4551  9688 D ButtonSelectionStateController: 	mPanelControllerMetadata=null
08-01 05:33:23.182  4551  9688 D ButtonSelectionStateController: 	mPendingControllerId='null'}
08-01 05:33:23.182  4551  9688 D ButtonSelectionStateController: PanelState{
08-01 05:33:23.182  4551  9688 D ButtonSelectionStateController: 	mId='app_panel'
08-01 05:33:23.182  4551  9688 D ButtonSelectionStateController: 	mType='0'
08-01 05:33:23.182  4551  9688 D ButtonSelectionStateController: 	mDisplayId=0
08-01 05:33:23.182  4551  9688 D ButtonSelectionStateController: 	mRunningAnimator=ValueAnimator@230f26
08-01 05:33:23.182  4551  9688 D ButtonSelectionStateController:     :  0.0  1.0  
08-01 05:33:23.182  4551  9688 D ButtonSelectionStateController: 	mCurrentVariant=Variant{
08-01 05:33:23.182  4551  9688 D ButtonSelectionStateController: 		mId=@235339784
08-01 05:33:23.182  4551  9688 D ButtonSelectionStateController: 		mIdName=opened
08-01 05:33:23.182  4551  9688 D ButtonSelectionStateController: 		mAlpha=1.0
08-01 05:33:23.182  4551  9688 D ButtonSelectionStateController: 		mIsVisible=true
08-01 05:33:23.182  4551  9688 D ButtonSelectionStateController: 		mLayer=100
08-01 05:33:23.182  4551  9688 D ButtonSelectionStateController: 		mCanFocusOnTransition=true
08-01 05:33:23.182  4551  9688 D ButtonSelectionStateController: 		mBounds=Rect(0, 152 - 2560, 1408)
08-01 05:33:23.182  4551  9688 D ButtonSelectionStateController: 		mSafeBounds=Rect(138, 152 - 2560, 1408)
08-01 05:33:23.182  4551  9688 D ButtonSelectionStateController: 		mTaskToolbarBounds=Rect(0, 152 - 138, 1408)
08-01 05:33:23.182  4551  9688 D ButtonSelectionStateController: 		mCornerRadius=Corner{mRadiusTL=0, mRadiusTR=0, mRadiusBL=0, mRadiusBR=0}
08-01 05:33:23.182  4551  9688 D ButtonSelectionStateController: 		mInsets=Insets{left=0, top=0, right=0, bottom=0}
08-01 05:33:23.182  4551  9688 D ButtonSelectionStateController: 		mDecors=empty}
08-01 05:33:23.182  4551  9688 D ButtonSelectionStateController: 	mPanelControllerMetadata=null
08-01 05:33:23.182  4551  9688 D ButtonSelectionStateController: 	mPendingControllerId='null'}
08-01 05:33:23.182  4551  4551 D ButtonSelectionStateController: updatePanelButtonsSelection: mSelectedButtonsForPanelVisibility=0, mSelectedButtonsForPanelApp=0
08-01 05:33:23.183  4054  4222 I ImeTracker: com.android.car.carlauncher:be6fce5c: onRequestHide at ORIGIN_SERVER reason HIDE_UNSPECIFIED_WINDOW fromUser false userId 10 displayId 0
08-01 05:33:23.183  4551  4669 D AutoTaskStackController: 57 played
08-01 05:33:23.183  4551  4669 V WindowManagerShell:  animated by firstHandler
08-01 05:33:23.183  4551  4669 D AutoTaskStackController: onTaskInfoChanged = 1000008
08-01 05:33:23.183  4551  4669 V ShellTaskOrganizer: Task appeared taskId=1000089 listener=com.android.wm.shell.automotive.AutoTaskStackControllerImpl$RootTaskStackListenerAdapter@f740066
08-01 05:33:23.184  4551  4669 D AutoTaskStackController: onTaskAppeared = 1000089
08-01 05:33:23.184  4972  4972 D InsetsController: hide(ime())
08-01 05:33:23.184  4972  4972 I ImeTracker: com.android.car.carlauncher:be6fce5c: onCancelled at PHASE_CLIENT_ALREADY_HIDDEN
08-01 05:33:23.185  4768  4768 V RotaryController: onAccessibilityEvent: EventType: TYPE_WINDOW_STATE_CHANGED; EventTime: 47113262; PackageName: com.android.car.carlauncher; MovementGranularity: 0; Action: 0; ContentChangeTypes: []; WindowChangeTypes: []; TextChangeTypes: [] [ ClassName: com.android.car.carlauncher.CarLauncher; Text: [Car Launcher]; ContentDescription: null; ItemCount: -1; CurrentItemIndex: -1; Enabled: true; Password: false; Checked: false; FullScreen: true; Scrollable: false; ImportantForAccessibility: true; AccessibilityDataSensitive: false; BeforeText: null; FromIndex: -1; ToIndex: -1; ScrollX: 0; ScrollY: 0; MaxScrollX: 0; MaxScrollY: 0; ScrollDeltaX: -1; ScrollDeltaY: -1; AddedCount: -1; RemovedCount: -1; ParcelableData: null; DisplayId: 0 ]; recordCount: 0
08-01 05:33:23.186  4551  4669 D AutoCaptionController: Task id 1000089 requires DisplayCompat false, top activity safe region letterboxed false, for user 10 and top activity: ComponentInfo{com.tcs.vehicleassistant/com.tcs.vehicleassistant.LocalLLMActivity}
08-01 05:33:23.186  4551  4669 D SysUIPanel: onTaskAppeared: 1000089
08-01 05:33:23.186  4551  4669 V RecentTasksController: Notify recent tasks changed
08-01 05:33:23.187  8547  8547 I GoogleInputMethodService: GoogleInputMethodService.onFinishInput():2259 
08-01 05:33:23.187  4054  4172 W InputChannel-JNI: Channel already disposed.
08-01 05:33:23.187  8547  8547 I Module  : DeviceLockedStatusModuleProvider$Module.updateDeviceLockedStatusInternal():127 repeatCheckTimes = 0, locked = false
08-01 05:33:23.187  8547  8547 I GoogleInputMethodService: GoogleInputMethodService.onStartInput():1446 onStartInput(EditorInfo{EditorInfo{packageName=com.android.car.carlauncher, inputType=0, inputTypeString=NULL, enableLearning=false, autoCorrection=false, autoComplete=false, imeOptions=0, privateImeOptions=null, actionName=UNSPECIFIED, actionLabel=null, initialSelStart=-1, initialSelEnd=-1, initialCapsMode=0, label=null, fieldId=0, fieldName=null, extras=null, hintText=null, hintLocales=[]}}, false)
08-01 05:33:23.187  8547  8547 I InputMethodService: InputMethodService.updateInputViewCoversNavigation():341 Input view is null, cannot update input view padding.
08-01 05:33:23.188  8547  8547 I Module  : DeviceLockedStatusModuleProvider$Module.updateDeviceLockedStatusInternal():127 repeatCheckTimes = 1, locked = false
08-01 05:33:23.188  4054  4172 W PackageConfigPersister: App-specific configuration not found for packageName: com.android.car.carlauncher and userId: 10
08-01 05:33:23.189  4054  6535 I ImeTracker: system_server:2f82c915: onRequestHide at ORIGIN_SERVER reason IME_REQUESTED_CHANGED_LISTENER fromUser false displayId 0
08-01 05:33:23.190  4054  4077 I ImeTracker: system_server:2f82c915: onCancelled at PHASE_SERVER_SHOULD_HIDE
08-01 05:33:23.192  4551  4669 D Variant : Panel updated: TaskPanel{mId='widget_panel
08-01 05:33:23.192  4551  4669 D Variant : , isRooTaskEmpty=false
08-01 05:33:23.192  4551  4669 D Variant : , mBounds=Rect(0, 152 - 832, 1408)
08-01 05:33:23.192  4551  4669 D Variant : , mAlpha=1.0
08-01 05:33:23.192  4551  4669 D Variant : , mIsVisible=true
08-01 05:33:23.192  4551  4669 D Variant : , rootTaskId=1000003
08-01 05:33:23.192  4551  4669 D Variant : , mRole=null
08-01 05:33:23.192  4551  4669 D Variant : , mLayer=2
08-01 05:33:23.192  4551  4669 D Variant : , mLeash=Surface(name=Task=1000003(widget_panel)#52)/@0xd07b1c4
08-01 05:33:23.192  4551  4669 D Variant : , mRootTaskStack=RootTaskStack(id=1000003, displayId=0, leash=Surface(name=Task=1000003(widget_panel)#52)/@0xd07b1c4, name=widget_panel, rootTaskInfo=TaskInfo{userId=10 taskId=1000003 effectiveUid=0 displayId=0 isRunning=true baseIntent=Intent {  } baseActivity=ComponentInfo{com.android.car.carlauncher/com.android.car.carlauncher.WidgetHostActivity} topActivity=ComponentInfo{com.android.car.carlauncher/com.android.car.carlauncher.WidgetHostActivity} origActivity=null realActivity=null realActivityIsAppLockEnabled=false numActivities=1 lastActiveTime=46727694 supportsMultiWindow=true supportsMultiWindowWithoutConstraints=true resizeMode=1 isResizeable=true minWidth=-1 minHeight=-1 defaultMinSize=220 token=WCT{android.os.BinderProxy@60898ad} topActivityType=1 pictureInPictureParams=null shouldDockBigOverlays=false launchIntoPipHostTaskId=-1 lastParentTaskIdBeforePip=-1 displayCutoutSafeInsets=Rect(0, 0 - 0, 0) topActivityInfo=ActivityInfo{b662914 com.android.car.carlauncher.WidgetHostActivity} launchCookies=[android.os.Binder@de5c56] positionInParent=Point(0, 152) parentTaskId=-1 isFocused=false isInteractive=false isVisible=true isVisibleRequested=false isTopActivityNoDisplay=false isSleeping=false locusId=null displayAreaFeatureId=1 isTopActivityTransparent=false isActivityStackTransparent=false lastNonFullscreenBounds=null leafTaskBoundsFromOptions= false capturedLink=null capturedLinkTimestamp=0 requestedVisibleTypes=503 topActivityRequestOpenInBrowserEducationTimestamp=0 appCompatTaskInfo=AppCompatTaskInfo { topActivityInSizeCompat=false isLeafTask= false eligibleForLetterboxEducation= false isLetterboxEducationEnabled= false isLetterboxDoubleTapEnabled= false eligibleForUserAspectRatioButton= false topActivityBoundsLetterboxed= false isFromLetterboxDoubleTap= false topActivityLetterboxVerticalPosition= -1 topActivityLetterboxHorizontalPosition= -1 topActivityLetterboxWidth=-1 topActivityLetterboxHeight=-1 topActivityAppBounds=Rect(0, 152 - 832, 1408) isUserFullscreenOverrideEnabled=false isSystemFullscreenOverrideEnabled=false hasMinAspectRatioOverride=false topActivityLetterboxBounds=null topNonResizableActivityAspectRatio=-1.0} topActivityMainWindowFrame=null isAppBubble=false})
08-01 05:33:23.192  4551  4669 D Variant : , mCornerRadius=Corner{mRadiusTL=0, mRadiusTR=0, mRadiusBL=0, mRadiusBR=0}
08-01 05:33:23.192  4551  4669 D Variant : , mIsLaunchRoot=false
08-01 05:33:23.192  4551  4669 D Variant : , mDisplayId=0
08-01 05:33:23.192  4551  4669 D Variant : , mDecors=Empty}
08-01 05:33:23.192  4551  4669 D Variant : Panel updated: TaskPanel{mId='map_panel
08-01 05:33:23.192  4551  4669 D Variant : , isRooTaskEmpty=false
08-01 05:33:23.192  4551  4669 D Variant : , mBounds=Rect(832, 152 - 2480, 1408)
08-01 05:33:23.192  4551  4669 D Variant : , mAlpha=1.0
08-01 05:33:23.192  4551  4669 D Variant : , mIsVisible=true
08-01 05:33:23.192  4551  4669 D Variant : , rootTaskId=1000004
08-01 05:33:23.192  4551  4669 D Variant : , mRole=null
08-01 05:33:23.192  4551  4669 D Variant : , mLayer=2
08-01 05:33:23.192  4551  4669 D Variant : , mLeash=Surface(name=Task=1000004(map_panel)#54)/@0x96fb1eb
08-01 05:33:23.192  4551  4669 D Variant : , mRootTaskStack=RootTaskStack(id=1000004, displayId=0, leash=Surface(name=Task=1000004(map_panel)#54)/@0x96fb1eb, name=map_panel, rootTaskInfo=TaskInfo{userId=10 taskId=1000004 effectiveUid=0 displayId=0 isRunning=true baseIntent=Intent {  } baseActivity=ComponentInfo{com.google.android.apps.maps/com.google.android.maps.MapsActivity} topActivity=ComponentInfo{com.google.android.apps.maps/com.google.android.maps.MapsActivity} origActivity=null realActivity=null realActivityIsAppLockEnabled=false numActivities=1 lastActiveTime=46727713 supportsMultiWindow=true supportsMultiWindowWithoutConstraints=true resizeMode=2 isResizeable=true minWidth=-1 minHeight=-1 defaultMinSize=220 token=WCT{android.os.BinderProxy@3868b48} topActivityType=1 pictureInPictureParams=null shouldDockBigOverlays=false launchIntoPipHostTaskId=-1 lastParentTaskIdBeforePip=-1 displayCutoutSafeInsets=Rect(0, 0 - 0, 0) topActivityInfo=ActivityInfo{47bc5bd com.google.android.maps.MapsActivity} launchCookies=[android.os.Binder@ac312a9] positionInParent=Point(832, 152) parentTaskId=-1 isFocused=true isInteractive=false isVisible=true isVisibleRequested=false isTopActivityNoDisplay=false isSleeping=false locusId=null displayAreaFeatureId=1 isTopActivityTransparent=false isActivityStackTransparent=false lastNonFullscreenBounds=null leafTaskBoundsFromOptions= false capturedLink=null capturedLinkTimestamp=0 requestedVisibleTypes=503 topActivityRequestOpenInBrowserEducationTimestamp=0 appCompatTaskInfo=AppCompatTaskInfo { topActivityInSizeCompat=false isLeafTask= false eligibleForLetterboxEducation= false isLetterboxEducationEnabled= false isLetterboxDoubleTapEnabled= false eligibleForUserAspectRatioButton= false topActivityBoundsLetterboxed= false isFromLetterboxDoubleTap= false topActivityLetterboxVerticalPosition= -1 topActivityLetterboxHorizontalPosition= -1 topActivityLetterboxWidth=-1 topActivityLetterboxHeight=-1 topActivityAppBounds=Rect(832, 0 - 2528, 1408) isUserFullscreenOverrideEnabled=false isSystemFullscreenOverrideEnabled=false hasMinAspectRatioOverride=false topActivityLetterboxBounds=null topNonResizableActivityAspectRatio=-1.0} topActivityMainWindowFrame=null isAppBubble=false})
08-01 05:33:23.192  4551  4669 D Variant : , mCornerRadius=Corner{mRadiusTL=96, mRadiusTR=96, mRadiusBL=96, mRadiusBR=96}
08-01 05:33:23.192  4551  4669 D Variant : , mIsLaunchRoot=false
08-01 05:33:23.192  4551  4669 D Variant : , mDisplayId=0
08-01 05:33:23.192  4551  4669 D Variant : , mDecors=Empty}
08-01 05:33:23.192  4551  4669 D Variant : Panel updated: TaskPanel{mId='app_panel
08-01 05:33:23.192  4551  4669 D Variant : , isRooTaskEmpty=false
08-01 05:33:23.192  4551  4669 D Variant : , mBounds=Rect(2560, 152 - 5120, 1408)
08-01 05:33:23.192  4551  4669 D Variant : , mAlpha=0.0
08-01 05:33:23.192  4551  4669 D Variant : , mIsVisible=true
08-01 05:33:23.192  4551  4669 D Variant : , rootTaskId=1000008
08-01 05:33:23.192  4551  4669 D Variant : , mRole=com.android.car.scalableui.model.Role@657aed9
08-01 05:33:23.192  4551  4669 D Variant : , mLayer=100
08-01 05:33:23.192  4551  4669 D Variant : , mLeash=Surface(name=Task=1000008(app_panel)#58)/@0x1676fa7
08-01 05:33:23.192  4551  4669 D Variant : , mRootTaskStack=RootTaskStack(id=1000008, displayId=0, leash=Surface(name=Task=1000008(app_panel)#58)/@0x1676fa7, name=app_panel, rootTaskInfo=TaskInfo{userId=10 taskId=1000008 effectiveUid=0 displayId=0 isRunning=true baseIntent=Intent {  } baseActivity=ComponentInfo{com.tcs.vehicleassistant/com.tcs.vehicleassistant.LocalLLMActivity} topActivity=ComponentInfo{com.tcs.vehicleassistant/com.tcs.vehicleassistant.LocalLLMActivity} origActivity=null realActivity=null realActivityIsAppLockEnabled=false numActivities=1 lastActiveTime=46727764 supportsMultiWindow=true supportsMultiWindowWithoutConstraints=true resizeMode=1 isResizeable=true minWidth=-1 minHeight=-1 defaultMinSize=220 token=WCT{android.os.BinderProxy@f399c54} topActivityType=1 pictureInPictureParams=null shouldDockBigOverlays=false launchIntoPipHostTaskId=-1 lastParentTaskIdBeforePip=-1 displayCutoutSafeInsets=Rect(0, 0 - 0, 0) topActivityInfo=ActivityInfo{3698a29 com.tcs.vehicleassistant.LocalLLMActivity} launchCookies=[android.os.Binder@f4f70c1] positionInParent=Point(0, 152) parentTaskId=-1 isFocused=false isInteractive=false isVisible=true isVisibleRequested=true isTopActivityNoDisplay=false isSleeping=false locusId=null displayAreaFeatureId=1 isTopActivityTransparent=false isActivityStackTransparent=false lastNonFullscreenBounds=null leafTaskBoundsFromOptions= false capturedLink=null capturedLinkTimestamp=0 requestedVisibleTypes=503 topActivityRequestOpenInBrowserEducationTimestamp=0 appCompatTaskInfo=AppCompatTaskInfo { topActivityInSizeCompat=false isLeafTask= false eligibleForLetterboxEducation= false isLetterboxEducationEnabled= false isLetterboxDoubleTapEnabled= false eligibleForUserAspectRatioButton= false topActivityBoundsLetterboxed= false isFromLetterboxDoubleTap= false topActivityLetterboxVerticalPosition= -1 topActivityLetterboxHorizontalPosition= -1 topActivityLetterboxWidth=-1 topActivityLetterboxHeight=-1 topActivityAppBounds=Rect(0, 152 - 2560, 1408) isUserFullscreenOverrideEnabled=false isSystemFullscreenOverrideEnabled=false hasMinAspectRatioOverride=false topActivityLetterboxBounds=null topNonResizableActivityAspectRatio=-1.0} topActivityMainWindowFrame=null isAppBubble=false})
08-01 05:33:23.192  4551  4669 D Variant : , mCornerRadius=Corner{mRadiusTL=0, mRadiusTR=0, mRadiusBL=0, mRadiusBR=0}
08-01 05:33:23.192  4551  4669 D Variant : , mIsLaunchRoot=true
08-01 05:33:23.192  4551  4669 D Variant : , mDisplayId=0
08-01 05:33:23.192  4551  4669 D Variant : , mDecors=Empty}
08-01 05:33:23.192  4551  4669 D PanelTransitionCoordinator: Surface animation progress 0.0
08-01 05:33:23.193  4551  4669 D SysUIPanel: update TaskPanel:widget_panel, updateChildren =false, variantnull
08-01 05:33:23.193  4551  4669 D SysUIPanel: update TaskPanel:map_panel, updateChildren =false, variantnull
08-01 05:33:23.193  4551  4669 D SysUIPanel: update TaskPanel:app_panel, updateChildren =false, variantnull
08-01 05:33:23.194  4551  4551 D ButtonSelectionStateController: updatePanelButtonsSelection: mSelectedButtonsForPanelVisibility=0, mSelectedButtonsForPanelApp=0
08-01 05:33:23.195  4768  4768 V RotaryController: event source: android.view.accessibility.AccessibilityNodeInfo@80006cc8; boundsInParent: Rect(0, 0 - 2560, 1600); boundsInScreen: Rect(0, 0 - 2560, 1600); boundsInWindow: Rect(0, 0 - 2560, 1600); packageName: com.android.car.carlauncher; className: android.widget.FrameLayout; text: null; error: null; maxTextLength: -1; stateDescription: null; contentDescription: null; tooltipText: null; containerTitle: null; viewIdResName: null; uniqueId: null; checkable: false; checked: false; focusable: false; focused: false; selected: false; clickable: false; longClickable: false; contextClickable: false; enabled: true; password: false; scrollable: false; granularScrollingSupported: false; importantForAccessibility: true; visible: true; actions: [AccessibilityAction: ACTION_SELECT - null, AccessibilityAction: ACTION_CLEAR_SELECTION - null, AccessibilityAction: ACTION_ACCESSIBILITY_FOCUS - null, AccessibilityAction: ACTION_SHOW_ON_SCREEN - null]; isTextSelectable: false
08-01 05:33:23.195  4768  4768 V RotaryController: event window ID: a
08-01 05:33:23.195  4551  4551 D ButtonSelectionStateController: updatePanelButtonsSelection: mSelectedButtonsForPanelVisibility=0, mSelectedButtonsForPanelApp=0
08-01 05:33:23.197  4768  4768 D RotaryController: Task ID of app window: 1000085
08-01 05:33:23.197  4768  4768 V RotaryController: onAccessibilityEvent: EventType: TYPE_WINDOWS_CHANGED; EventTime: 47113263; PackageName: null; MovementGranularity: 0; Action: 0; ContentChangeTypes: []; WindowChangeTypes: [WINDOWS_CHANGE_REMOVED]; TextChangeTypes: [] [ ClassName: null; Text: []; ContentDescription: null; ItemCount: -1; CurrentItemIndex: -1; Enabled: false; Password: false; Checked: false; FullScreen: false; Scrollable: false; ImportantForAccessibility: true; AccessibilityDataSensitive: false; BeforeText: null; FromIndex: -1; ToIndex: -1; ScrollX: 0; ScrollY: 0; MaxScrollX: 0; MaxScrollY: 0; ScrollDeltaX: -1; ScrollDeltaY: -1; AddedCount: -1; RemovedCount: -1; ParcelableData: null; DisplayId: 0 ]; recordCount: 0
08-01 05:33:23.198  4768  4768 V RotaryController: event window ID: c
08-01 05:33:23.198  4768  4768 V RotaryController: onAccessibilityEvent: EventType: TYPE_WINDOWS_CHANGED; EventTime: 47113263; PackageName: null; MovementGranularity: 0; Action: 0; ContentChangeTypes: []; WindowChangeTypes: [WINDOWS_CHANGE_REMOVED]; TextChangeTypes: [] [ ClassName: null; Text: []; ContentDescription: null; ItemCount: -1; CurrentItemIndex: -1; Enabled: false; Password: false; Checked: false; FullScreen: false; Scrollable: false; ImportantForAccessibility: true; AccessibilityDataSensitive: false; BeforeText: null; FromIndex: -1; ToIndex: -1; ScrollX: 0; ScrollY: 0; MaxScrollX: 0; MaxScrollY: 0; ScrollDeltaX: -1; ScrollDeltaY: -1; AddedCount: -1; RemovedCount: -1; ParcelableData: null; DisplayId: 0 ]; recordCount: 0
08-01 05:33:23.198  4768  4768 V RotaryController: event window ID: 18
08-01 05:33:23.198  4768  4768 V RotaryController: onAccessibilityEvent: EventType: TYPE_WINDOWS_CHANGED; EventTime: 47113263; PackageName: null; MovementGranularity: 0; Action: 0; ContentChangeTypes: []; WindowChangeTypes: [WINDOWS_CHANGE_LAYER]; TextChangeTypes: [] [ ClassName: null; Text: []; ContentDescription: null; ItemCount: -1; CurrentItemIndex: -1; Enabled: false; Password: false; Checked: false; FullScreen: false; Scrollable: false; ImportantForAccessibility: true; AccessibilityDataSensitive: false; BeforeText: null; FromIndex: -1; ToIndex: -1; ScrollX: 0; ScrollY: 0; MaxScrollX: 0; MaxScrollY: 0; ScrollDeltaX: -1; ScrollDeltaY: -1; AddedCount: -1; RemovedCount: -1; ParcelableData: null; DisplayId: 0 ]; recordCount: 0
08-01 05:33:23.198  4768  4768 V RotaryController: event window ID: 8
08-01 05:33:23.198  4768  4768 V RotaryController: onAccessibilityEvent: EventType: TYPE_WINDOWS_CHANGED; EventTime: 47113263; PackageName: null; MovementGranularity: 0; Action: 0; ContentChangeTypes: []; WindowChangeTypes: [WINDOWS_CHANGE_LAYER]; TextChangeTypes: [] [ ClassName: null; Text: []; ContentDescription: null; ItemCount: -1; CurrentItemIndex: -1; Enabled: false; Password: false; Checked: false; FullScreen: false; Scrollable: false; ImportantForAccessibility: true; AccessibilityDataSensitive: false; BeforeText: null; FromIndex: -1; ToIndex: -1; ScrollX: 0; ScrollY: 0; MaxScrollX: 0; MaxScrollY: 0; ScrollDeltaX: -1; ScrollDeltaY: -1; AddedCount: -1; RemovedCount: -1; ParcelableData: null; DisplayId: 0 ]; recordCount: 0
08-01 05:33:23.198  4768  4768 V RotaryController: event window ID: 7
08-01 05:33:23.209  4551  4669 D Variant : Panel updated: TaskPanel{mId='widget_panel
08-01 05:33:23.209  4551  4669 D Variant : , isRooTaskEmpty=false
08-01 05:33:23.209  4551  4669 D Variant : , mBounds=Rect(0, 152 - 832, 1408)
08-01 05:33:23.209  4551  4669 D Variant : , mAlpha=1.0
08-01 05:33:23.209  4551  4669 D Variant : , mIsVisible=true
08-01 05:33:23.209  4551  4669 D Variant : , rootTaskId=1000003
08-01 05:33:23.209  4551  4669 D Variant : , mRole=null
08-01 05:33:23.209  4551  4669 D Variant : , mLayer=2
08-01 05:33:23.209  4551  4669 D Variant : , mLeash=Surface(name=Task=1000003(widget_panel)#52)/@0xd07b1c4
08-01 05:33:23.209  4551  4669 D Variant : , mRootTaskStack=RootTaskStack(id=1000003, displayId=0, leash=Surface(name=Task=1000003(widget_panel)#52)/@0xd07b1c4, name=widget_panel, rootTaskInfo=TaskInfo{userId=10 taskId=1000003 effectiveUid=0 displayId=0 isRunning=true baseIntent=Intent {  } baseActivity=ComponentInfo{com.android.car.carlauncher/com.android.car.carlauncher.WidgetHostActivity} topActivity=ComponentInfo{com.android.car.carlauncher/com.android.car.carlauncher.WidgetHostActivity} origActivity=null realActivity=null realActivityIsAppLockEnabled=false numActivities=1 lastActiveTime=46727694 supportsMultiWindow=true supportsMultiWindowWithoutConstraints=true resizeMode=1 isResizeable=true minWidth=-1 minHeight=-1 defaultMinSize=220 token=WCT{android.os.BinderProxy@60898ad} topActivityType=1 pictureInPictureParams=null shouldDockBigOverlays=false launchIntoPipHostTaskId=-1 lastParentTaskIdBeforePip=-1 displayCutoutSafeInsets=Rect(0, 0 - 0, 0) topActivityInfo=ActivityInfo{b662914 com.android.car.carlauncher.WidgetHostActivity} launchCookies=[android.os.Binder@de5c56] positionInParent=Point(0, 152) parentTaskId=-1 isFocused=false isInteractive=false isVisible=true isVisibleRequested=false isTopActivityNoDisplay=false isSleeping=false locusId=null displayAreaFeatureId=1 isTopActivityTransparent=false isActivityStackTransparent=false lastNonFullscreenBounds=null leafTaskBoundsFromOptions= false capturedLink=null capturedLinkTimestamp=0 requestedVisibleTypes=503 topActivityRequestOpenInBrowserEducationTimestamp=0 appCompatTaskInfo=AppCompatTaskInfo { topActivityInSizeCompat=false isLeafTask= false eligibleForLetterboxEducation= false isLetterboxEducationEnabled= false isLetterboxDoubleTapEnabled= false eligibleForUserAspectRatioButton= false topActivityBoundsLetterboxed= false isFromLetterboxDoubleTap= false topActivityLetterboxVerticalPosition= -1 topActivityLetterboxHorizontalPosition= -1 topActivityLetterboxWidth=-1 topActivityLetterboxHeight=-1 topActivityAppBounds=Rect(0, 152 - 832, 1408) isUserFullscreenOverrideEnabled=false isSystemFullscreenOverrideEnabled=false hasMinAspectRatioOverride=false topActivityLetterboxBounds=null topNonResizableActivityAspectRatio=-1.0} topActivityMainWindowFrame=null isAppBubble=false})
08-01 05:33:23.209  4551  4669 D Variant : , mCornerRadius=Corner{mRadiusTL=0, mRadiusTR=0, mRadiusBL=0, mRadiusBR=0}
08-01 05:33:23.209  4551  4669 D Variant : , mIsLaunchRoot=false
08-01 05:33:23.209  4551  4669 D Variant : , mDisplayId=0
08-01 05:33:23.209  4551  4669 D Variant : , mDecors=Empty}
08-01 05:33:23.209  4551  4669 D Variant : Panel updated: TaskPanel{mId='map_panel
08-01 05:33:23.209  4551  4669 D Variant : , isRooTaskEmpty=false
08-01 05:33:23.209  4551  4669 D Variant : , mBounds=Rect(832, 152 - 2480, 1408)
08-01 05:33:23.209  4551  4669 D Variant : , mAlpha=1.0
08-01 05:33:23.209  4551  4669 D Variant : , mIsVisible=true
08-01 05:33:23.209  4551  4669 D Variant : , rootTaskId=1000004
08-01 05:33:23.209  4551  4669 D Variant : , mRole=null
08-01 05:33:23.209  4551  4669 D Variant : , mLayer=2
08-01 05:33:23.209  4551  4669 D Variant : , mLeash=Surface(name=Task=1000004(map_panel)#54)/@0x96fb1eb
08-01 05:33:23.209  4551  4669 D Variant : , mRootTaskStack=RootTaskStack(id=1000004, displayId=0, leash=Surface(name=Task=1000004(map_panel)#54)/@0x96fb1eb, name=map_panel, rootTaskInfo=TaskInfo{userId=10 taskId=1000004 effectiveUid=0 displayId=0 isRunning=true baseIntent=Intent {  } baseActivity=ComponentInfo{com.google.android.apps.maps/com.google.android.maps.MapsActivity} topActivity=ComponentInfo{com.google.android.apps.maps/com.google.android.maps.MapsActivity} origActivity=null realActivity=null realActivityIsAppLockEnabled=false numActivities=1 lastActiveTime=46727713 supportsMultiWindow=true supportsMultiWindowWithoutConstraints=true resizeMode=2 isResizeable=true minWidth=-1 minHeight=-1 defaultMinSize=220 token=WCT{android.os.BinderProxy@3868b48} topActivityType=1 pictureInPictureParams=null shouldDockBigOverlays=false launchIntoPipHostTaskId=-1 lastParentTaskIdBeforePip=-1 displayCutoutSafeInsets=Rect(0, 0 - 0, 0) topActivityInfo=ActivityInfo{47bc5bd com.google.android.maps.MapsActivity} launchCookies=[android.os.Binder@ac312a9] positionInParent=Point(832, 152) parentTaskId=-1 isFocused=true isInteractive=false isVisible=true isVisibleRequested=false isTopActivityNoDisplay=false isSleeping=false locusId=null displayAreaFeatureId=1 isTopActivityTransparent=false isActivityStackTransparent=false lastNonFullscreenBounds=null leafTaskBoundsFromOptions= false capturedLink=null capturedLinkTimestamp=0 requestedVisibleTypes=503 topActivityRequestOpenInBrowserEducationTimestamp=0 appCompatTaskInfo=AppCompatTaskInfo { topActivityInSizeCompat=false isLeafTask= false eligibleForLetterboxEducation= false isLetterboxEducationEnabled= false isLetterboxDoubleTapEnabled= false eligibleForUserAspectRatioButton= false topActivityBoundsLetterboxed= false isFromLetterboxDoubleTap= false topActivityLetterboxVerticalPosition= -1 topActivityLetterboxHorizontalPosition= -1 topActivityLetterboxWidth=-1 topActivityLetterboxHeight=-1 topActivityAppBounds=Rect(832, 0 - 2528, 1408) isUserFullscreenOverrideEnabled=false isSystemFullscreenOverrideEnabled=false hasMinAspectRatioOverride=false topActivityLetterboxBounds=null topNonResizableActivityAspectRatio=-1.0} topActivityMainWindowFrame=null isAppBubble=false})
08-01 05:33:23.209  4551  4669 D Variant : , mCornerRadius=Corner{mRadiusTL=96, mRadiusTR=96, mRadiusBL=96, mRadiusBR=96}
08-01 05:33:23.209  4551  4669 D Variant : , mIsLaunchRoot=false
08-01 05:33:23.209  4551  4669 D Variant : , mDisplayId=0
08-01 05:33:23.209  4551  4669 D Variant : , mDecors=Empty}
08-01 05:33:23.209  4551  4669 D Variant : Panel updated: TaskPanel{mId='app_panel
08-01 05:33:23.209  4551  4669 D Variant : , isRooTaskEmpty=false
08-01 05:33:23.209  4551  4669 D Variant : , mBounds=Rect(2279, 152 - 4839, 1408)
08-01 05:33:23.209  4551  4669 D Variant : , mAlpha=0.110122204
08-01 05:33:23.209  4551  4669 D Variant : , mIsVisible=true
08-01 05:33:23.209  4551  4669 D Variant : , rootTaskId=1000008
08-01 05:33:23.209  4551  4669 D Variant : , mRole=com.android.car.scalableui.model.Role@657aed9
08-01 05:33:23.209  4551  4669 D Variant : , mLayer=100
08-01 05:33:23.209  4551  4669 D Variant : , mLeash=Surface(name=Task=1000008(app_panel)#58)/@0x1676fa7
08-01 05:33:23.209  4551  4669 D Variant : , mRootTaskStack=RootTaskStack(id=1000008, displayId=0, leash=Surface(name=Task=1000008(app_panel)#58)/@0x1676fa7, name=app_panel, rootTaskInfo=TaskInfo{userId=10 taskId=1000008 effectiveUid=0 displayId=0 isRunning=true baseIntent=Intent {  } baseActivity=ComponentInfo{com.tcs.vehicleassistant/com.tcs.vehicleassistant.LocalLLMActivity} topActivity=ComponentInfo{com.tcs.vehicleassistant/com.tcs.vehicleassistant.LocalLLMActivity} origActivity=null realActivity=null realActivityIsAppLockEnabled=false numActivities=1 lastActiveTime=46727764 supportsMultiWindow=true supportsMultiWindowWithoutConstraints=true resizeMode=1 isResizeable=true minWidth=-1 minHeight=-1 defaultMinSize=220 token=WCT{android.os.BinderProxy@f399c54} topActivityType=1 pictureInPictureParams=null shouldDockBigOverlays=false launchIntoPipHostTaskId=-1 lastParentTaskIdBeforePip=-1 displayCutoutSafeInsets=Rect(0, 0 - 0, 0) topActivityInfo=ActivityInfo{3698a29 com.tcs.vehicleassistant.LocalLLMActivity} launchCookies=[android.os.Binder@f4f70c1] positionInParent=Point(0, 152) parentTaskId=-1 isFocused=false isInteractive=false isVisible=true isVisibleRequested=true isTopActivityNoDisplay=false isSleeping=false locusId=null displayAreaFeatureId=1 isTopActivityTransparent=false isActivityStackTransparent=false lastNonFullscreenBounds=null leafTaskBoundsFromOptions= false capturedLink=null capturedLinkTimestamp=0 requestedVisibleTypes=503 topActivityRequestOpenInBrowserEducationTimestamp=0 appCompatTaskInfo=AppCompatTaskInfo { topActivityInSizeCompat=false isLeafTask= false eligibleForLetterboxEducation= false isLetterboxEducationEnabled= false isLetterboxDoubleTapEnabled= false eligibleForUserAspectRatioButton= false topActivityBoundsLetterboxed= false isFromLetterboxDoubleTap= false topActivityLetterboxVerticalPosition= -1 topActivityLetterboxHorizontalPosition= -1 topActivityLetterboxWidth=-1 topActivityLetterboxHeight=-1 topActivityAppBounds=Rect(0, 152 - 2560, 1408) isUserFullscreenOverrideEnabled=false isSystemFullscreenOverrideEnabled=false hasMinAspectRatioOverride=false topActivityLetterboxBounds=null topNonResizableActivityAspectRatio=-1.0} topActivityMainWindowFrame=null isAppBubble=false})
08-01 05:33:23.209  4551  4669 D Variant : , mCornerRadius=Corner{mRadiusTL=0, mRadiusTR=0, mRadiusBL=0, mRadiusBR=0}
08-01 05:33:23.209  4551  4669 D Variant : , mIsLaunchRoot=true
08-01 05:33:23.209  4551  4669 D Variant : , mDisplayId=0
08-01 05:33:23.209  4551  4669 D Variant : , mDecors=Empty}
08-01 05:33:23.209  4551  4669 D PanelTransitionCoordinator: Surface animation progress 0.007902175
08-01 05:33:23.210  4551  4669 D SysUIPanel: update TaskPanel:widget_panel, updateChildren =false, variantnull
08-01 05:33:23.210  4551  4669 D SysUIPanel: update TaskPanel:map_panel, updateChildren =false, variantnull
08-01 05:33:23.210  4551  4669 D SysUIPanel: update TaskPanel:app_panel, updateChildren =false, variantnull
08-01 05:33:23.216  4054  6535 V ActivityManager: Got obituary of 9244:com.tcs.vehicleassistant
08-01 05:33:23.216  7142  7142 I adbd    : Remote process closed the socket (on MSG_PEEK)
08-01 05:33:23.216  4054  4133 I libprocessgroup: Reclaiming from /sys/fs/cgroup/apps/uid_1010188/pid_9244
08-01 05:33:23.216  4054  4132 W ActivityManager: Slow operation: 299ms so far, now at startProcess: asking zygote to start proc
08-01 05:33:23.216  4363  4383 D SubscriptionManager: stageUnregister: propertyIdsToUnregister: [INFO_MODEL, GEAR_SELECTION, HVAC_DEFROSTER, WINDOW_POS, HVAC_AC_ON, HVAC_RECIRC_ON, HVAC_AUTO_ON, HVAC_POWER_ON, HVAC_FAN_SPEED, HVAC_FAN_DIRECTION, HVAC_SEAT_TEMPERATURE, HVAC_TEMPERATURE_SET]
08-01 05:33:23.216  4054  4133 E libprocessgroup: Failed to read /sys/fs/cgroup/apps/uid_1010188/pid_9244/memory.current: No such file or directory
08-01 05:33:23.217  3862  3862 I Zygote  : Process 9244 exited due to signal 9 (Killed)
08-01 05:33:23.217  4054  4133 I libprocessgroup: Removed cgroup /sys/fs/cgroup/apps/uid_1010188/pid_9244
08-01 05:33:23.217  3862  3862 W Zygote  : Resorting to Java fork code; multipleOK = false
08-01 05:33:23.217  4363  4383 D SubscriptionManager: The property: WINDOW_POS, areaId: ROW_2_LEFT is no longer subscribed
08-01 05:33:23.217  4363  4383 D SubscriptionManager: The property: WINDOW_POS, areaId: ROOF_TOP_1 is no longer subscribed
08-01 05:33:23.217  4363  4383 D SubscriptionManager: The property: WINDOW_POS, areaId: ROW_1_RIGHT is no longer subscribed
08-01 05:33:23.218  4363  4383 D SubscriptionManager: The property: WINDOW_POS, areaId: ROW_2_RIGHT is no longer subscribed
08-01 05:33:23.218  4363  4383 D SubscriptionManager: The property: WINDOW_POS, areaId: ROW_1_LEFT is no longer subscribed
08-01 05:33:23.218  4363  4383 D SubscriptionManager: The property: INFO_MODEL, areaId: GLOBAL is no longer subscribed
08-01 05:33:23.218  4363  4383 D SubscriptionManager: All areas for the property: INFO_MODEL are no longer subscribed, unsubscribe it
08-01 05:33:23.218  4363  4383 D SubscriptionManager: All areas for the property: WINDOW_POS are no longer subscribed, unsubscribe it
08-01 05:33:23.218  4363  4383 D SubscriptionManager: stageUnregister: propertyIdsToUnregister: [INFO_MODEL]
08-01 05:33:23.218  4363  4383 D SubscriptionManager: The property: INFO_MODEL, areaId: GLOBAL is no longer subscribed
08-01 05:33:23.218  4363  4383 D SubscriptionManager: All areas for the property: INFO_MODEL are no longer subscribed, unsubscribe it
08-01 05:33:23.218  4363  4383 W CAR.HAL : Unsubscribe to a static property: INFO_MODEL(0x11100102), do nothing
08-01 05:33:23.218  4363  4383 D SubscriptionManager: stageUnregister: propertyIdsToUnregister: [WINDOW_POS]
08-01 05:33:23.219  4363  4383 D SubscriptionManager: The property: WINDOW_POS, areaId: ROW_2_RIGHT is no longer subscribed
08-01 05:33:23.219  4363  4383 D SubscriptionManager: The property: WINDOW_POS, areaId: ROOF_TOP_1 is no longer subscribed
08-01 05:33:23.219  4363  4383 D SubscriptionManager: The property: WINDOW_POS, areaId: ROW_1_LEFT is no longer subscribed
08-01 05:33:23.219  4363  4383 D SubscriptionManager: The property: WINDOW_POS, areaId: ROW_2_LEFT is no longer subscribed
08-01 05:33:23.219  4363  4383 D SubscriptionManager: The property: WINDOW_POS, areaId: ROW_1_RIGHT is no longer subscribed
08-01 05:33:23.219  4363  4383 D SubscriptionManager: All areas for the property: WINDOW_POS are no longer subscribed, unsubscribe it
08-01 05:33:23.225  4551  4669 D Variant : Panel updated: TaskPanel{mId='widget_panel
08-01 05:33:23.225  4551  4669 D Variant : , isRooTaskEmpty=false
08-01 05:33:23.225  4551  4669 D Variant : , mBounds=Rect(0, 152 - 832, 1408)
08-01 05:33:23.225  4551  4669 D Variant : , mAlpha=1.0
08-01 05:33:23.225  4551  4669 D Variant : , mIsVisible=true
08-01 05:33:23.225  4551  4669 D Variant : , rootTaskId=1000003
08-01 05:33:23.225  4551  4669 D Variant : , mRole=null
08-01 05:33:23.225  4551  4669 D Variant : , mLayer=2
08-01 05:33:23.225  4551  4669 D Variant : , mLeash=Surface(name=Task=1000003(widget_panel)#52)/@0xd07b1c4
08-01 05:33:23.225  4551  4669 D Variant : , mRootTaskStack=RootTaskStack(id=1000003, displayId=0, leash=Surface(name=Task=1000003(widget_panel)#52)/@0xd07b1c4, name=widget_panel, rootTaskInfo=TaskInfo{userId=10 taskId=1000003 effectiveUid=0 displayId=0 isRunning=true baseIntent=Intent {  } baseActivity=ComponentInfo{com.android.car.carlauncher/com.android.car.carlauncher.WidgetHostActivity} topActivity=ComponentInfo{com.android.car.carlauncher/com.android.car.carlauncher.WidgetHostActivity} origActivity=null realActivity=null realActivityIsAppLockEnabled=false numActivities=1 lastActiveTime=46727694 supportsMultiWindow=true supportsMultiWindowWithoutConstraints=true resizeMode=1 isResizeable=true minWidth=-1 minHeight=-1 defaultMinSize=220 token=WCT{android.os.BinderProxy@60898ad} topActivityType=1 pictureInPictureParams=null shouldDockBigOverlays=false launchIntoPipHostTaskId=-1 lastParentTaskIdBeforePip=-1 displayCutoutSafeInsets=Rect(0, 0 - 0, 0) topActivityInfo=ActivityInfo{b662914 com.android.car.carlauncher.WidgetHostActivity} launchCookies=[android.os.Binder@de5c56] positionInParent=Point(0, 152) parentTaskId=-1 isFocused=false isInteractive=false isVisible=true isVisibleRequested=false isTopActivityNoDisplay=false isSleeping=false locusId=null displayAreaFeatureId=1 isTopActivityTransparent=false isActivityStackTransparent=false lastNonFullscreenBounds=null leafTaskBoundsFromOptions= false capturedLink=null capturedLinkTimestamp=0 requestedVisibleTypes=503 topActivityRequestOpenInBrowserEducationTimestamp=0 appCompatTaskInfo=AppCompatTaskInfo { topActivityInSizeCompat=false isLeafTask= false eligibleForLetterboxEducation= false isLetterboxEducationEnabled= false isLetterboxDoubleTapEnabled= false eligibleForUserAspectRatioButton= false topActivityBoundsLetterboxed= false isFromLetterboxDoubleTap= false topActivityLetterboxVerticalPosition= -1 topActivityLetterboxHorizontalPosition= -1 topActivityLetterboxWidth=-1 topActivityLetterboxHeight=-1 topActivityAppBounds=Rect(0, 152 - 832, 1408) isUserFullscreenOverrideEnabled=false isSystemFullscreenOverrideEnabled=false hasMinAspectRatioOverride=false topActivityLetterboxBounds=null topNonResizableActivityAspectRatio=-1.0} topActivityMainWindowFrame=null isAppBubble=false})
08-01 05:33:23.225  4551  4669 D Variant : , mCornerRadius=Corner{mRadiusTL=0, mRadiusTR=0, mRadiusBL=0, mRadiusBR=0}
08-01 05:33:23.225  4551  4669 D Variant : , mIsLaunchRoot=false
08-01 05:33:23.225  4551  4669 D Variant : , mDisplayId=0
08-01 05:33:23.225  4551  4669 D Variant : , mDecors=Empty}
08-01 05:33:23.226  4551  4669 D Variant : Panel updated: TaskPanel{mId='map_panel
08-01 05:33:23.226  4551  4669 D Variant : , isRooTaskEmpty=false
08-01 05:33:23.226  4551  4669 D Variant : , mBounds=Rect(832, 152 - 2480, 1408)
08-01 05:33:23.226  4551  4669 D Variant : , mAlpha=1.0
08-01 05:33:23.226  4551  4669 D Variant : , mIsVisible=true
08-01 05:33:23.226  4551  4669 D Variant : , rootTaskId=1000004
08-01 05:33:23.226  4551  4669 D Variant : , mRole=null
08-01 05:33:23.226  4551  4669 D Variant : , mLayer=2
08-01 05:33:23.226  4551  4669 D Variant : , mLeash=Surface(name=Task=1000004(map_panel)#54)/@0x96fb1eb
08-01 05:33:23.226  4551  4669 D Variant : , mRootTaskStack=RootTaskStack(id=1000004, displayId=0, leash=Surface(name=Task=1000004(map_panel)#54)/@0x96fb1eb, name=map_panel, rootTaskInfo=TaskInfo{userId=10 taskId=1000004 effectiveUid=0 displayId=0 isRunning=true baseIntent=Intent {  } baseActivity=ComponentInfo{com.google.android.apps.maps/com.google.android.maps.MapsActivity} topActivity=ComponentInfo{com.google.android.apps.maps/com.google.android.maps.MapsActivity} origActivity=null realActivity=null realActivityIsAppLockEnabled=false numActivities=1 lastActiveTime=46727713 supportsMultiWindow=true supportsMultiWindowWithoutConstraints=true resizeMode=2 isResizeable=true minWidth=-1 minHeight=-1 defaultMinSize=220 token=WCT{android.os.BinderProxy@3868b48} topActivityType=1 pictureInPictureParams=null shouldDockBigOverlays=false launchIntoPipHostTaskId=-1 lastParentTaskIdBeforePip=-1 displayCutoutSafeInsets=Rect(0, 0 - 0, 0) topActivityInfo=ActivityInfo{47bc5bd com.google.android.maps.MapsActivity} launchCookies=[android.os.Binder@ac312a9] positionInParent=Point(832, 152) parentTaskId=-1 isFocused=true isInteractive=false isVisible=true isVisibleRequested=false isTopActivityNoDisplay=false isSleeping=false locusId=null displayAreaFeatureId=1 isTopActivityTransparent=false isActivityStackTransparent=false lastNonFullscreenBounds=null leafTaskBoundsFromOptions= false capturedLink=null capturedLinkTimestamp=0 requestedVisibleTypes=503 topActivityRequestOpenInBrowserEducationTimestamp=0 appCompatTaskInfo=AppCompatTaskInfo { topActivityInSizeCompat=false isLeafTask= false eligibleForLetterboxEducation= false isLetterboxEducationEnabled= false isLetterboxDoubleTapEnabled= false eligibleForUserAspectRatioButton= false topActivityBoundsLetterboxed= false isFromLetterboxDoubleTap= false topActivityLetterboxVerticalPosition= -1 topActivityLetterboxHorizontalPosition= -1 topActivityLetterboxWidth=-1 topActivityLetterboxHeight=-1 topActivityAppBounds=Rect(832, 0 - 2528, 1408) isUserFullscreenOverrideEnabled=false isSystemFullscreenOverrideEnabled=false hasMinAspectRatioOverride=false topActivityLetterboxBounds=null topNonResizableActivityAspectRatio=-1.0} topActivityMainWindowFrame=null isAppBubble=false})
08-01 05:33:23.226  4551  4669 D Variant : , mCornerRadius=Corner{mRadiusTL=96, mRadiusTR=96, mRadiusBL=96, mRadiusBR=96}
08-01 05:33:23.226  4551  4669 D Variant : , mIsLaunchRoot=false
08-01 05:33:23.226  4551  4669 D Variant : , mDisplayId=0
08-01 05:33:23.226  4551  4669 D Variant : , mDecors=Empty}
08-01 05:33:23.227  3862  3862 D Zygote  : Forked child process 9689
08-01 05:33:23.228  4551  4669 D Variant : Panel updated: TaskPanel{mId='app_panel
08-01 05:33:23.228  4551  4669 D Variant : , isRooTaskEmpty=false
08-01 05:33:23.228  4551  4669 D Variant : , mBounds=Rect(2028, 152 - 4588, 1408)
08-01 05:33:23.228  4551  4669 D Variant : , mAlpha=0.20790005
08-01 05:33:23.228  4551  4669 D Variant : , mIsVisible=true
08-01 05:33:23.228  4551  4669 D Variant : , rootTaskId=1000008
08-01 05:33:23.228  4551  4669 D Variant : , mRole=com.android.car.scalableui.model.Role@657aed9
08-01 05:33:23.228  4551  4669 D Variant : , mLayer=100
08-01 05:33:23.228  4551  4669 D Variant : , mLeash=Surface(name=Task=1000008(app_panel)#58)/@0x1676fa7
08-01 05:33:23.228  4551  4669 D Variant : , mRootTaskStack=RootTaskStack(id=1000008, displayId=0, leash=Surface(name=Task=1000008(app_panel)#58)/@0x1676fa7, name=app_panel, rootTaskInfo=TaskInfo{userId=10 taskId=1000008 effectiveUid=0 displayId=0 isRunning=true baseIntent=Intent {  } baseActivity=ComponentInfo{com.tcs.vehicleassistant/com.tcs.vehicleassistant.LocalLLMActivity} topActivity=ComponentInfo{com.tcs.vehicleassistant/com.tcs.vehicleassistant.LocalLLMActivity} origActivity=null realActivity=null realActivityIsAppLockEnabled=false numActivities=1 lastActiveTime=46727764 supportsMultiWindow=true supportsMultiWindowWithoutConstraints=true resizeMode=1 isResizeable=true minWidth=-1 minHeight=-1 defaultMinSize=220 token=WCT{android.os.BinderProxy@f399c54} topActivityType=1 pictureInPictureParams=null shouldDockBigOverlays=false launchIntoPipHostTaskId=-1 lastParentTaskIdBeforePip=-1 displayCutoutSafeInsets=Rect(0, 0 - 0, 0) topActivityInfo=ActivityInfo{3698a29 com.tcs.vehicleassistant.LocalLLMActivity} launchCookies=[android.os.Binder@f4f70c1] positionInParent=Point(0, 152) parentTaskId=-1 isFocused=false isInteractive=false isVisible=true isVisibleRequested=true isTopActivityNoDisplay=false isSleeping=false locusId=null displayAreaFeatureId=1 isTopActivityTransparent=false isActivityStackTransparent=false lastNonFullscreenBounds=null leafTaskBoundsFromOptions= false capturedLink=null capturedLinkTimestamp=0 requestedVisibleTypes=503 topActivityRequestOpenInBrowserEducationTimestamp=0 appCompatTaskInfo=AppCompatTaskInfo { topActivityInSizeCompat=false isLeafTask= false eligibleForLetterboxEducation= false isLetterboxEducationEnabled= false isLetterboxDoubleTapEnabled= false eligibleForUserAspectRatioButton= false topActivityBoundsLetterboxed= false isFromLetterboxDoubleTap= false topActivityLetterboxVerticalPosition= -1 topActivityLetterboxHorizontalPosition= -1 topActivityLetterboxWidth=-1 topActivityLetterboxHeight=-1 topActivityAppBounds=Rect(0, 152 - 2560, 1408) isUserFullscreenOverrideEnabled=false isSystemFullscreenOverrideEnabled=false hasMinAspectRatioOverride=false topActivityLetterboxBounds=null topNonResizableActivityAspectRatio=-1.0} topActivityMainWindowFrame=null isAppBubble=false})
08-01 05:33:23.228  4551  4669 D Variant : , mCornerRadius=Corner{mRadiusTL=0, mRadiusTR=0, mRadiusBL=0, mRadiusBR=0}
08-01 05:33:23.228  4551  4669 D Variant : , mIsLaunchRoot=true
08-01 05:33:23.228  4551  4669 D Variant : , mDisplayId=0
08-01 05:33:23.228  4551  4669 D Variant : , mDecors=Empty}
08-01 05:33:23.228  4551  4669 D PanelTransitionCoordinator: Surface animation progress 0.029559612
08-01 05:33:23.228  4551  4669 D SysUIPanel: update TaskPanel:widget_panel, updateChildren =false, variantnull
08-01 05:33:23.228  4054  4132 W ActivityManager: Slow operation: 311ms so far, now at startProcess: returned from zygote!
08-01 05:33:23.228  4551  4669 D SysUIPanel: update TaskPanel:map_panel, updateChildren =false, variantnull
08-01 05:33:23.228  4551  4669 D SysUIPanel: update TaskPanel:app_panel, updateChildren =false, variantnull
08-01 05:33:23.229  4054  4132 W ActivityManager: Slow operation: 311ms so far, now at startProcess: done updating battery stats
08-01 05:33:23.229  4054  4132 W ActivityManager: Slow operation: 311ms so far, now at startProcess: building log message
08-01 05:33:23.229  4054  4132 I ActivityManager: Start proc 9689:com.tcs.vehicleassistant/u10a188 for bound-service {com.tcs.vehicleassistant/com.tcs.vehicleassistant.AssistantVoiceInteractionService}
08-01 05:33:23.229  4054  4132 W ActivityManager: Slow operation: 311ms so far, now at startProcess: starting to update pids map
08-01 05:33:23.229  4054  4132 W ActivityManager: Slow operation: 311ms so far, now at startProcess: done updating pids map
08-01 05:33:23.231  9689  9689 W zygote64: Activation of cgroup controller +memory failed in path /sys/fs/cgroup/apps/uid_1010188: Invalid argument
08-01 05:33:23.231  9689  9689 I libprocessgroup: Created cgroup /sys/fs/cgroup/apps/uid_1010188/pid_9689
08-01 05:33:23.231  9689  9689 I Zygote  : seccomp disabled by setenforce 0
08-01 05:33:23.231  9689  9689 I libc    : SetHeapTaggingLevel: tag level set to 0
08-01 05:33:23.235  9689  9689 I Zygote  : Process 9689 created for com.tcs.vehicleassistant
08-01 05:33:23.235  9689  9689 I ehicleassistant: Late-enabling -Xcheck:jni
08-01 05:33:23.242  4551  4669 D Variant : Panel updated: TaskPanel{mId='widget_panel
08-01 05:33:23.242  4551  4669 D Variant : , isRooTaskEmpty=false
08-01 05:33:23.242  4551  4669 D Variant : , mBounds=Rect(0, 152 - 832, 1408)
08-01 05:33:23.242  4551  4669 D Variant : , mAlpha=1.0
08-01 05:33:23.242  4551  4669 D Variant : , mIsVisible=true
08-01 05:33:23.242  4551  4669 D Variant : , rootTaskId=1000003
08-01 05:33:23.242  4551  4669 D Variant : , mRole=null
08-01 05:33:23.242  4551  4669 D Variant : , mLayer=2
08-01 05:33:23.242  4551  4669 D Variant : , mLeash=Surface(name=Task=1000003(widget_panel)#52)/@0xd07b1c4
08-01 05:33:23.242  4551  4669 D Variant : , mRootTaskStack=RootTaskStack(id=1000003, displayId=0, leash=Surface(name=Task=1000003(widget_panel)#52)/@0xd07b1c4, name=widget_panel, rootTaskInfo=TaskInfo{userId=10 taskId=1000003 effectiveUid=0 displayId=0 isRunning=true baseIntent=Intent {  } baseActivity=ComponentInfo{com.android.car.carlauncher/com.android.car.carlauncher.WidgetHostActivity} topActivity=ComponentInfo{com.android.car.carlauncher/com.android.car.carlauncher.WidgetHostActivity} origActivity=null realActivity=null realActivityIsAppLockEnabled=false numActivities=1 lastActiveTime=46727694 supportsMultiWindow=true supportsMultiWindowWithoutConstraints=true resizeMode=1 isResizeable=true minWidth=-1 minHeight=-1 defaultMinSize=220 token=WCT{android.os.BinderProxy@60898ad} topActivityType=1 pictureInPictureParams=null shouldDockBigOverlays=false launchIntoPipHostTaskId=-1 lastParentTaskIdBeforePip=-1 displayCutoutSafeInsets=Rect(0, 0 - 0, 0) topActivityInfo=ActivityInfo{b662914 com.android.car.carlauncher.WidgetHostActivity} launchCookies=[android.os.Binder@de5c56] positionInParent=Point(0, 152) parentTaskId=-1 isFocused=false isInteractive=false isVisible=true isVisibleRequested=false isTopActivityNoDisplay=false isSleeping=false locusId=null displayAreaFeatureId=1 isTopActivityTransparent=false isActivityStackTransparent=false lastNonFullscreenBounds=null leafTaskBoundsFromOptions= false capturedLink=null capturedLinkTimestamp=0 requestedVisibleTypes=503 topActivityRequestOpenInBrowserEducationTimestamp=0 appCompatTaskInfo=AppCompatTaskInfo { topActivityInSizeCompat=false isLeafTask= false eligibleForLetterboxEducation= false isLetterboxEducationEnabled= false isLetterboxDoubleTapEnabled= false eligibleForUserAspectRatioButton= false topActivityBoundsLetterboxed= false isFromLetterboxDoubleTap= false topActivityLetterboxVerticalPosition= -1 topActivityLetterboxHorizontalPosition= -1 topActivityLetterboxWidth=-1 topActivityLetterboxHeight=-1 topActivityAppBounds=Rect(0, 152 - 832, 1408) isUserFullscreenOverrideEnabled=false isSystemFullscreenOverrideEnabled=false hasMinAspectRatioOverride=false topActivityLetterboxBounds=null topNonResizableActivityAspectRatio=-1.0} topActivityMainWindowFrame=null isAppBubble=false})
08-01 05:33:23.242  4551  4669 D Variant : , mCornerRadius=Corner{mRadiusTL=0, mRadiusTR=0, mRadiusBL=0, mRadiusBR=0}
08-01 05:33:23.242  4551  4669 D Variant : , mIsLaunchRoot=false
08-01 05:33:23.242  4551  4669 D Variant : , mDisplayId=0
08-01 05:33:23.242  4551  4669 D Variant : , mDecors=Empty}
08-01 05:33:23.242  4551  4669 D Variant : Panel updated: TaskPanel{mId='map_panel
08-01 05:33:23.242  4551  4669 D Variant : , isRooTaskEmpty=false
08-01 05:33:23.242  4551  4669 D Variant : , mBounds=Rect(832, 152 - 2480, 1408)
08-01 05:33:23.242  4551  4669 D Variant : , mAlpha=1.0
08-01 05:33:23.242  4551  4669 D Variant : , mIsVisible=true
08-01 05:33:23.242  4551  4669 D Variant : , rootTaskId=1000004
08-01 05:33:23.242  4551  4669 D Variant : , mRole=null
08-01 05:33:23.242  4551  4669 D Variant : , mLayer=2
08-01 05:33:23.242  4551  4669 D Variant : , mLeash=Surface(name=Task=1000004(map_panel)#54)/@0x96fb1eb
08-01 05:33:23.242  4551  4669 D Variant : , mRootTaskStack=RootTaskStack(id=1000004, displayId=0, leash=Surface(name=Task=1000004(map_panel)#54)/@0x96fb1eb, name=map_panel, rootTaskInfo=TaskInfo{userId=10 taskId=1000004 effectiveUid=0 displayId=0 isRunning=true baseIntent=Intent {  } baseActivity=ComponentInfo{com.google.android.apps.maps/com.google.android.maps.MapsActivity} topActivity=ComponentInfo{com.google.android.apps.maps/com.google.android.maps.MapsActivity} origActivity=null realActivity=null realActivityIsAppLockEnabled=false numActivities=1 lastActiveTime=46727713 supportsMultiWindow=true supportsMultiWindowWithoutConstraints=true resizeMode=2 isResizeable=true minWidth=-1 minHeight=-1 defaultMinSize=220 token=WCT{android.os.BinderProxy@3868b48} topActivityType=1 pictureInPictureParams=null shouldDockBigOverlays=false launchIntoPipHostTaskId=-1 lastParentTaskIdBeforePip=-1 displayCutoutSafeInsets=Rect(0, 0 - 0, 0) topActivityInfo=ActivityInfo{47bc5bd com.google.android.maps.MapsActivity} launchCookies=[android.os.Binder@ac312a9] positionInParent=Point(832, 152) parentTaskId=-1 isFocused=true isInteractive=false isVisible=true isVisibleRequested=false isTopActivityNoDisplay=false isSleeping=false locusId=null displayAreaFeatureId=1 isTopActivityTransparent=false isActivityStackTransparent=false lastNonFullscreenBounds=null leafTaskBoundsFromOptions= false capturedLink=null capturedLinkTimestamp=0 requestedVisibleTypes=503 topActivityRequestOpenInBrowserEducationTimestamp=0 appCompatTaskInfo=AppCompatTaskInfo { topActivityInSizeCompat=false isLeafTask= false eligibleForLetterboxEducation= false isLetterboxEducationEnabled= false isLetterboxDoubleTapEnabled= false eligibleForUserAspectRatioButton= false topActivityBoundsLetterboxed= false isFromLetterboxDoubleTap= false topActivityLetterboxVerticalPosition= -1 topActivityLetterboxHorizontalPosition= -1 topActivityLetterboxWidth=-1 topActivityLetterboxHeight=-1 topActivityAppBounds=Rect(832, 0 - 2528, 1408) isUserFullscreenOverrideEnabled=false isSystemFullscreenOverrideEnabled=false hasMinAspectRatioOverride=false topActivityLetterboxBounds=null topNonResizableActivityAspectRatio=-1.0} topActivityMainWindowFrame=null isAppBubble=false})
08-01 05:33:23.242  4551  4669 D Variant : , mCornerRadius=Corner{mRadiusTL=96, mRadiusTR=96, mRadiusBL=96, mRadiusBR=96}
08-01 05:33:23.242  4551  4669 D Variant : , mIsLaunchRoot=false
08-01 05:33:23.242  4551  4669 D Variant : , mDisplayId=0
08-01 05:33:23.242  4551  4669 D Variant : , mDecors=Empty}
08-01 05:33:23.242  4551  4669 D Variant : Panel updated: TaskPanel{mId='app_panel
08-01 05:33:23.242  4551  4669 D Variant : , isRooTaskEmpty=false
08-01 05:33:23.242  4551  4669 D Variant : , mBounds=Rect(1778, 152 - 4338, 1408)
08-01 05:33:23.242  4551  4669 D Variant : , mAlpha=0.30555558
08-01 05:33:23.242  4551  4669 D Variant : , mIsVisible=true
08-01 05:33:23.242  4551  4669 D Variant : , rootTaskId=1000008
08-01 05:33:23.242  4551  4669 D Variant : , mRole=com.android.car.scalableui.model.Role@657aed9
08-01 05:33:23.242  4551  4669 D Variant : , mLayer=100
08-01 05:33:23.242  4551  4669 D Variant : , mLeash=Surface(name=Task=1000008(app_panel)#58)/@0x1676fa7
08-01 05:33:23.242  4551  4669 D Variant : , mRootTaskStack=RootTaskStack(id=1000008, displayId=0, leash=Surface(name=Task=1000008(app_panel)#58)/@0x1676fa7, name=app_panel, rootTaskInfo=TaskInfo{userId=10 taskId=1000008 effectiveUid=0 displayId=0 isRunning=true baseIntent=Intent {  } baseActivity=ComponentInfo{com.tcs.vehicleassistant/com.tcs.vehicleassistant.LocalLLMActivity} topActivity=ComponentInfo{com.tcs.vehicleassistant/com.tcs.vehicleassistant.LocalLLMActivity} origActivity=null realActivity=null realActivityIsAppLockEnabled=false numActivities=1 lastActiveTime=46727764 supportsMultiWindow=true supportsMultiWindowWithoutConstraints=true resizeMode=1 isResizeable=true minWidth=-1 minHeight=-1 defaultMinSize=220 token=WCT{android.os.BinderProxy@f399c54} topActivityType=1 pictureInPictureParams=null shouldDockBigOverlays=false launchIntoPipHostTaskId=-1 lastParentTaskIdBeforePip=-1 displayCutoutSafeInsets=Rect(0, 0 - 0, 0) topActivityInfo=ActivityInfo{3698a29 com.tcs.vehicleassistant.LocalLLMActivity} launchCookies=[android.os.Binder@f4f70c1] positionInParent=Point(0, 152) parentTaskId=-1 isFocused=false isInteractive=false isVisible=true isVisibleRequested=true isTopActivityNoDisplay=false isSleeping=false locusId=null displayAreaFeatureId=1 isTopActivityTransparent=false isActivityStackTransparent=false lastNonFullscreenBounds=null leafTaskBoundsFromOptions= false capturedLink=null capturedLinkTimestamp=0 requestedVisibleTypes=503 topActivityRequestOpenInBrowserEducationTimestamp=0 appCompatTaskInfo=AppCompatTaskInfo { topActivityInSizeCompat=false isLeafTask= false eligibleForLetterboxEducation= false isLetterboxEducationEnabled= false isLetterboxDoubleTapEnabled= false eligibleForUserAspectRatioButton= false topActivityBoundsLetterboxed= false isFromLetterboxDoubleTap= false topActivityLetterboxVerticalPosition= -1 topActivityLetterboxHorizontalPosition= -1 topActivityLetterboxWidth=-1 topActivityLetterboxHeight=-1 topActivityAppBounds=Rect(0, 152 - 2560, 1408) isUserFullscreenOverrideEnabled=false isSystemFullscreenOverrideEnabled=false hasMinAspectRatioOverride=false topActivityLetterboxBounds=null topNonResizableActivityAspectRatio=-1.0} topActivityMainWindowFrame=null isAppBubble=false})
08-01 05:33:23.242  4551  4669 D Variant : , mCornerRadius=Corner{mRadiusTL=0, mRadiusTR=0, mRadiusBL=0, mRadiusBR=0}
08-01 05:33:23.242  4551  4669 D Variant : , mIsLaunchRoot=true
08-01 05:33:23.242  4551  4669 D Variant : , mDisplayId=0
08-01 05:33:23.242  4551  4669 D Variant : , mDecors=Empty}
08-01 05:33:23.242  4551  4669 D PanelTransitionCoordinator: Surface animation progress 0.066987276
08-01 05:33:23.243  4551  4669 D SysUIPanel: update TaskPanel:widget_panel, updateChildren =false, variantnull
08-01 05:33:23.243  4551  4669 D SysUIPanel: update TaskPanel:map_panel, updateChildren =false, variantnull
08-01 05:33:23.243  4551  4669 D SysUIPanel: update TaskPanel:app_panel, updateChildren =false, variantnull
08-01 05:33:23.244  4551  4669 V RecentTasksController: Notify recent tasks changed
08-01 05:33:23.254  9689  9689 I ehicleassistant: Using generational CollectorTypeCMC GC.
08-01 05:33:23.257  7142  7146 I adbd    : jdwp connection from 9689
08-01 05:33:23.258  4551  4669 D Variant : Panel updated: TaskPanel{mId='widget_panel
08-01 05:33:23.258  4551  4669 D Variant : , isRooTaskEmpty=false
08-01 05:33:23.258  4551  4669 D Variant : , mBounds=Rect(0, 152 - 832, 1408)
08-01 05:33:23.258  4551  4669 D Variant : , mAlpha=1.0
08-01 05:33:23.258  4551  4669 D Variant : , mIsVisible=true
08-01 05:33:23.258  4551  4669 D Variant : , rootTaskId=1000003
08-01 05:33:23.258  4551  4669 D Variant : , mRole=null
08-01 05:33:23.258  4551  4669 D Variant : , mLayer=2
08-01 05:33:23.258  4551  4669 D Variant : , mLeash=Surface(name=Task=1000003(widget_panel)#52)/@0xd07b1c4
08-01 05:33:23.258  4551  4669 D Variant : , mRootTaskStack=RootTaskStack(id=1000003, displayId=0, leash=Surface(name=Task=1000003(widget_panel)#52)/@0xd07b1c4, name=widget_panel, rootTaskInfo=TaskInfo{userId=10 taskId=1000003 effectiveUid=0 displayId=0 isRunning=true baseIntent=Intent {  } baseActivity=ComponentInfo{com.android.car.carlauncher/com.android.car.carlauncher.WidgetHostActivity} topActivity=ComponentInfo{com.android.car.carlauncher/com.android.car.carlauncher.WidgetHostActivity} origActivity=null realActivity=null realActivityIsAppLockEnabled=false numActivities=1 lastActiveTime=46727694 supportsMultiWindow=true supportsMultiWindowWithoutConstraints=true resizeMode=1 isResizeable=true minWidth=-1 minHeight=-1 defaultMinSize=220 token=WCT{android.os.BinderProxy@60898ad} topActivityType=1 pictureInPictureParams=null shouldDockBigOverlays=false launchIntoPipHostTaskId=-1 lastParentTaskIdBeforePip=-1 displayCutoutSafeInsets=Rect(0, 0 - 0, 0) topActivityInfo=ActivityInfo{b662914 com.android.car.carlauncher.WidgetHostActivity} launchCookies=[android.os.Binder@de5c56] positionInParent=Point(0, 152) parentTaskId=-1 isFocused=false isInteractive=false isVisible=true isVisibleRequested=false isTopActivityNoDisplay=false isSleeping=false locusId=null displayAreaFeatureId=1 isTopActivityTransparent=false isActivityStackTransparent=false lastNonFullscreenBounds=null leafTaskBoundsFromOptions= false capturedLink=null capturedLinkTimestamp=0 requestedVisibleTypes=503 topActivityRequestOpenInBrowserEducationTimestamp=0 appCompatTaskInfo=AppCompatTaskInfo { topActivityInSizeCompat=false isLeafTask= false eligibleForLetterboxEducation= false isLetterboxEducationEnabled= false isLetterboxDoubleTapEnabled= false eligibleForUserAspectRatioButton= false topActivityBoundsLetterboxed= false isFromLetterboxDoubleTap= false topActivityLetterboxVerticalPosition= -1 topActivityLetterboxHorizontalPosition= -1 topActivityLetterboxWidth=-1 topActivityLetterboxHeight=-1 topActivityAppBounds=Rect(0, 152 - 832, 1408) isUserFullscreenOverrideEnabled=false isSystemFullscreenOverrideEnabled=false hasMinAspectRatioOverride=false topActivityLetterboxBounds=null topNonResizableActivityAspectRatio=-1.0} topActivityMainWindowFrame=null isAppBubble=false})
08-01 05:33:23.258  4551  4669 D Variant : , mCornerRadius=Corner{mRadiusTL=0, mRadiusTR=0, mRadiusBL=0, mRadiusBR=0}
08-01 05:33:23.258  4551  4669 D Variant : , mIsLaunchRoot=false
08-01 05:33:23.258  4551  4669 D Variant : , mDisplayId=0
08-01 05:33:23.258  4551  4669 D Variant : , mDecors=Empty}
08-01 05:33:23.259  4551  4669 D Variant : Panel updated: TaskPanel{mId='map_panel
08-01 05:33:23.259  4551  4669 D Variant : , isRooTaskEmpty=false
08-01 05:33:23.259  4551  4669 D Variant : , mBounds=Rect(832, 152 - 2480, 1408)
08-01 05:33:23.259  4551  4669 D Variant : , mAlpha=1.0
08-01 05:33:23.259  4551  4669 D Variant : , mIsVisible=true
08-01 05:33:23.259  4551  4669 D Variant : , rootTaskId=1000004
08-01 05:33:23.259  4551  4669 D Variant : , mRole=null
08-01 05:33:23.259  4551  4669 D Variant : , mLayer=2
08-01 05:33:23.259  4551  4669 D Variant : , mLeash=Surface(name=Task=1000004(map_panel)#54)/@0x96fb1eb
08-01 05:33:23.259  4551  4669 D Variant : , mRootTaskStack=RootTaskStack(id=1000004, displayId=0, leash=Surface(name=Task=1000004(map_panel)#54)/@0x96fb1eb, name=map_panel, rootTaskInfo=TaskInfo{userId=10 taskId=1000004 effectiveUid=0 displayId=0 isRunning=true baseIntent=Intent {  } baseActivity=ComponentInfo{com.google.android.apps.maps/com.google.android.maps.MapsActivity} topActivity=ComponentInfo{com.google.android.apps.maps/com.google.android.maps.MapsActivity} origActivity=null realActivity=null realActivityIsAppLockEnabled=false numActivities=1 lastActiveTime=46727713 supportsMultiWindow=true supportsMultiWindowWithoutConstraints=true resizeMode=2 isResizeable=true minWidth=-1 minHeight=-1 defaultMinSize=220 token=WCT{android.os.BinderProxy@3868b48} topActivityType=1 pictureInPictureParams=null shouldDockBigOverlays=false launchIntoPipHostTaskId=-1 lastParentTaskIdBeforePip=-1 displayCutoutSafeInsets=Rect(0, 0 - 0, 0) topActivityInfo=ActivityInfo{47bc5bd com.google.android.maps.MapsActivity} launchCookies=[android.os.Binder@ac312a9] positionInParent=Point(832, 152) parentTaskId=-1 isFocused=true isInteractive=false isVisible=true isVisibleRequested=false isTopActivityNoDisplay=false isSleeping=false locusId=null displayAreaFeatureId=1 isTopActivityTransparent=false isActivityStackTransparent=false lastNonFullscreenBounds=null leafTaskBoundsFromOptions= false capturedLink=null capturedLinkTimestamp=0 requestedVisibleTypes=503 topActivityRequestOpenInBrowserEducationTimestamp=0 appCompatTaskInfo=AppCompatTaskInfo { topActivityInSizeCompat=false isLeafTask= false eligibleForLetterboxEducation= false isLetterboxEducationEnabled= false isLetterboxDoubleTapEnabled= false eligibleForUserAspectRatioButton= false topActivityBoundsLetterboxed= false isFromLetterboxDoubleTap= false topActivityLetterboxVerticalPosition= -1 topActivityLetterboxHorizontalPosition= -1 topActivityLetterboxWidth=-1 topActivityLetterboxHeight=-1 topActivityAppBounds=Rect(832, 0 - 2528, 1408) isUserFullscreenOverrideEnabled=false isSystemFullscreenOverrideEnabled=false hasMinAspectRatioOverride=false topActivityLetterboxBounds=null topNonResizableActivityAspectRatio=-1.0} topActivityMainWindowFrame=null isAppBubble=false})
08-01 05:33:23.259  4551  4669 D Variant : , mCornerRadius=Corner{mRadiusTL=96, mRadiusTR=96, mRadiusBL=96, mRadiusBR=96}
08-01 05:33:23.259  4551  4669 D Variant : , mIsLaunchRoot=false
08-01 05:33:23.259  4551  4669 D Variant : , mDisplayId=0
08-01 05:33:23.259  4551  4669 D Variant : , mDecors=Empty}
08-01 05:33:23.259  4551  4669 D Variant : Panel updated: TaskPanel{mId='app_panel
08-01 05:33:23.259  4551  4669 D Variant : , isRooTaskEmpty=false
08-01 05:33:23.259  4551  4669 D Variant : , mBounds=Rect(1558, 152 - 4118, 1408)
08-01 05:33:23.259  4551  4669 D Variant : , mAlpha=0.39160007
08-01 05:33:23.259  4551  4669 D Variant : , mIsVisible=true
08-01 05:33:23.259  4551  4669 D Variant : , rootTaskId=1000008
08-01 05:33:23.259  4551  4669 D Variant : , mRole=com.android.car.scalableui.model.Role@657aed9
08-01 05:33:23.259  4551  4669 D Variant : , mLayer=100
08-01 05:33:23.259  4551  4669 D Variant : , mLeash=Surface(name=Task=1000008(app_panel)#58)/@0x1676fa7
08-01 05:33:23.259  4551  4669 D Variant : , mRootTaskStack=RootTaskStack(id=1000008, displayId=0, leash=Surface(name=Task=1000008(app_panel)#58)/@0x1676fa7, name=app_panel, rootTaskInfo=TaskInfo{userId=10 taskId=1000008 effectiveUid=0 displayId=0 isRunning=true baseIntent=Intent {  } baseActivity=ComponentInfo{com.tcs.vehicleassistant/com.tcs.vehicleassistant.LocalLLMActivity} topActivity=ComponentInfo{com.tcs.vehicleassistant/com.tcs.vehicleassistant.LocalLLMActivity} origActivity=null realActivity=null realActivityIsAppLockEnabled=false numActivities=1 lastActiveTime=46727764 supportsMultiWindow=true supportsMultiWindowWithoutConstraints=true resizeMode=1 isResizeable=true minWidth=-1 minHeight=-1 defaultMinSize=220 token=WCT{android.os.BinderProxy@f399c54} topActivityType=1 pictureInPictureParams=null shouldDockBigOverlays=false launchIntoPipHostTaskId=-1 lastParentTaskIdBeforePip=-1 displayCutoutSafeInsets=Rect(0, 0 - 0, 0) topActivityInfo=ActivityInfo{3698a29 com.tcs.vehicleassistant.LocalLLMActivity} launchCookies=[android.os.Binder@f4f70c1] positionInParent=Point(0, 152) parentTaskId=-1 isFocused=false isInteractive=false isVisible=true isVisibleRequested=true isTopActivityNoDisplay=false isSleeping=false locusId=null displayAreaFeatureId=1 isTopActivityTransparent=false isActivityStackTransparent=false lastNonFullscreenBounds=null leafTaskBoundsFromOptions= false capturedLink=null capturedLinkTimestamp=0 requestedVisibleTypes=503 topActivityRequestOpenInBrowserEducationTimestamp=0 appCompatTaskInfo=AppCompatTaskInfo { topActivityInSizeCompat=false isLeafTask= false eligibleForLetterboxEducation= false isLetterboxEducationEnabled= false isLetterboxDoubleTapEnabled= false eligibleForUserAspectRatioButton= false topActivityBoundsLetterboxed= false isFromLetterboxDoubleTap= false topActivityLetterboxVerticalPosition= -1 topActivityLetterboxHorizontalPosition= -1 topActivityLetterboxWidth=-1 topActivityLetterboxHeight=-1 topActivityAppBounds=Rect(0, 152 - 2560, 1408) isUserFullscreenOverrideEnabled=false isSystemFullscreenOverrideEnabled=false hasMinAspectRatioOverride=false topActivityLetterboxBounds=null topNonResizableActivityAspectRatio=-1.0} topActivityMainWindowFrame=null isAppBubble=false})
08-01 05:33:23.259  4551  4669 D Variant : , mCornerRadius=Corner{mRadiusTL=0, mRadiusTR=0, mRadiusBL=0, mRadiusBR=0}
08-01 05:33:23.259  4551  4669 D Variant : , mIsLaunchRoot=true
08-01 05:33:23.259  4551  4669 D Variant : , mDisplayId=0
08-01 05:33:23.259  4551  4669 D Variant : , mDecors=Empty}
08-01 05:33:23.259  4551  4669 D PanelTransitionCoordinator: Surface animation progress 0.11474341
08-01 05:33:23.259  4551  4669 D SysUIPanel: update TaskPanel:widget_panel, updateChildren =false, variantnull
08-01 05:33:23.259  4551  4669 D SysUIPanel: update TaskPanel:map_panel, updateChildren =false, variantnull
08-01 05:33:23.259  4551  4669 D SysUIPanel: update TaskPanel:app_panel, updateChildren =false, variantnull
08-01 05:33:23.263  9689  9689 D nativeloader: Load libframework-connectivity-tiramisu-jni.so using APEX ns com_android_tethering for caller /apex/com.android.tethering/javalib/framework-connectivity-t.jar: ok
08-01 05:33:23.270  4054  4174 I CarDisplayCompatScaleProviderUpdatableImpl: Returning CompatScale null for package com.tcs.vehicleassistant
08-01 05:33:23.275  4551  4669 D Variant : Panel updated: TaskPanel{mId='widget_panel
08-01 05:33:23.275  4551  4669 D Variant : , isRooTaskEmpty=false
08-01 05:33:23.275  4551  4669 D Variant : , mBounds=Rect(0, 152 - 832, 1408)
08-01 05:33:23.275  4551  4669 D Variant : , mAlpha=1.0
08-01 05:33:23.275  4551  4669 D Variant : , mIsVisible=true
08-01 05:33:23.275  4551  4669 D Variant : , rootTaskId=1000003
08-01 05:33:23.275  4551  4669 D Variant : , mRole=null
08-01 05:33:23.275  4551  4669 D Variant : , mLayer=2
08-01 05:33:23.275  4551  4669 D Variant : , mLeash=Surface(name=Task=1000003(widget_panel)#52)/@0xd07b1c4
08-01 05:33:23.275  4551  4669 D Variant : , mRootTaskStack=RootTaskStack(id=1000003, displayId=0, leash=Surface(name=Task=1000003(widget_panel)#52)/@0xd07b1c4, name=widget_panel, rootTaskInfo=TaskInfo{userId=10 taskId=1000003 effectiveUid=0 displayId=0 isRunning=true baseIntent=Intent {  } baseActivity=ComponentInfo{com.android.car.carlauncher/com.android.car.carlauncher.WidgetHostActivity} topActivity=ComponentInfo{com.android.car.carlauncher/com.android.car.carlauncher.WidgetHostActivity} origActivity=null realActivity=null realActivityIsAppLockEnabled=false numActivities=1 lastActiveTime=46727694 supportsMultiWindow=true supportsMultiWindowWithoutConstraints=true resizeMode=1 isResizeable=true minWidth=-1 minHeight=-1 defaultMinSize=220 token=WCT{android.os.BinderProxy@60898ad} topActivityType=1 pictureInPictureParams=null shouldDockBigOverlays=false launchIntoPipHostTaskId=-1 lastParentTaskIdBeforePip=-1 displayCutoutSafeInsets=Rect(0, 0 - 0, 0) topActivityInfo=ActivityInfo{b662914 com.android.car.carlauncher.WidgetHostActivity} launchCookies=[android.os.Binder@de5c56] positionInParent=Point(0, 152) parentTaskId=-1 isFocused=false isInteractive=false isVisible=true isVisibleRequested=false isTopActivityNoDisplay=false isSleeping=false locusId=null displayAreaFeatureId=1 isTopActivityTransparent=false isActivityStackTransparent=false lastNonFullscreenBounds=null leafTaskBoundsFromOptions= false capturedLink=null capturedLinkTimestamp=0 requestedVisibleTypes=503 topActivityRequestOpenInBrowserEducationTimestamp=0 appCompatTaskInfo=AppCompatTaskInfo { topActivityInSizeCompat=false isLeafTask= false eligibleForLetterboxEducation= false isLetterboxEducationEnabled= false isLetterboxDoubleTapEnabled= false eligibleForUserAspectRatioButton= false topActivityBoundsLetterboxed= false isFromLetterboxDoubleTap= false topActivityLetterboxVerticalPosition= -1 topActivityLetterboxHorizontalPosition= -1 topActivityLetterboxWidth=-1 topActivityLetterboxHeight=-1 topActivityAppBounds=Rect(0, 152 - 832, 1408) isUserFullscreenOverrideEnabled=false isSystemFullscreenOverrideEnabled=false hasMinAspectRatioOverride=false topActivityLetterboxBounds=null topNonResizableActivityAspectRatio=-1.0} topActivityMainWindowFrame=null isAppBubble=false})
08-01 05:33:23.275  4551  4669 D Variant : , mCornerRadius=Corner{mRadiusTL=0, mRadiusTR=0, mRadiusBL=0, mRadiusBR=0}
08-01 05:33:23.275  4551  4669 D Variant : , mIsLaunchRoot=false
08-01 05:33:23.275  4551  4669 D Variant : , mDisplayId=0
08-01 05:33:23.275  4551  4669 D Variant : , mDecors=Empty}
08-01 05:33:23.275  9689  9689 D CompatChangeReporter: Compat change id reported: 242716250; UID 1010188; state: ENABLED
08-01 05:33:23.275  4551  4669 D Variant : Panel updated: TaskPanel{mId='map_panel
08-01 05:33:23.275  4551  4669 D Variant : , isRooTaskEmpty=false
08-01 05:33:23.275  4551  4669 D Variant : , mBounds=Rect(832, 152 - 2480, 1408)
08-01 05:33:23.275  4551  4669 D Variant : , mAlpha=1.0
08-01 05:33:23.275  4551  4669 D Variant : , mIsVisible=true
08-01 05:33:23.275  4551  4669 D Variant : , rootTaskId=1000004
08-01 05:33:23.275  4551  4669 D Variant : , mRole=null
08-01 05:33:23.275  4551  4669 D Variant : , mLayer=2
08-01 05:33:23.275  4551  4669 D Variant : , mLeash=Surface(name=Task=1000004(map_panel)#54)/@0x96fb1eb
08-01 05:33:23.275  4551  4669 D Variant : , mRootTaskStack=RootTaskStack(id=1000004, displayId=0, leash=Surface(name=Task=1000004(map_panel)#54)/@0x96fb1eb, name=map_panel, rootTaskInfo=TaskInfo{userId=10 taskId=1000004 effectiveUid=0 displayId=0 isRunning=true baseIntent=Intent {  } baseActivity=ComponentInfo{com.google.android.apps.maps/com.google.android.maps.MapsActivity} topActivity=ComponentInfo{com.google.android.apps.maps/com.google.android.maps.MapsActivity} origActivity=null realActivity=null realActivityIsAppLockEnabled=false numActivities=1 lastActiveTime=46727713 supportsMultiWindow=true supportsMultiWindowWithoutConstraints=true resizeMode=2 isResizeable=true minWidth=-1 minHeight=-1 defaultMinSize=220 token=WCT{android.os.BinderProxy@3868b48} topActivityType=1 pictureInPictureParams=null shouldDockBigOverlays=false launchIntoPipHostTaskId=-1 lastParentTaskIdBeforePip=-1 displayCutoutSafeInsets=Rect(0, 0 - 0, 0) topActivityInfo=ActivityInfo{47bc5bd com.google.android.maps.MapsActivity} launchCookies=[android.os.Binder@ac312a9] positionInParent=Point(832, 152) parentTaskId=-1 isFocused=true isInteractive=false isVisible=true isVisibleRequested=false isTopActivityNoDisplay=false isSleeping=false locusId=null displayAreaFeatureId=1 isTopActivityTransparent=false isActivityStackTransparent=false lastNonFullscreenBounds=null leafTaskBoundsFromOptions= false capturedLink=null capturedLinkTimestamp=0 requestedVisibleTypes=503 topActivityRequestOpenInBrowserEducationTimestamp=0 appCompatTaskInfo=AppCompatTaskInfo { topActivityInSizeCompat=false isLeafTask= false eligibleForLetterboxEducation= false isLetterboxEducationEnabled= false isLetterboxDoubleTapEnabled= false eligibleForUserAspectRatioButton= false topActivityBoundsLetterboxed= false isFromLetterboxDoubleTap= false topActivityLetterboxVerticalPosition= -1 topActivityLetterboxHorizontalPosition= -1 topActivityLetterboxWidth=-1 topActivityLetterboxHeight=-1 topActivityAppBounds=Rect(832, 0 - 2528, 1408) isUserFullscreenOverrideEnabled=false isSystemFullscreenOverrideEnabled=false hasMinAspectRatioOverride=false topActivityLetterboxBounds=null topNonResizableActivityAspectRatio=-1.0} topActivityMainWindowFrame=null isAppBubble=false})
08-01 05:33:23.275  4551  4669 D Variant : , mCornerRadius=Corner{mRadiusTL=96, mRadiusTR=96, mRadiusBL=96, mRadiusBR=96}
08-01 05:33:23.275  4551  4669 D Variant : , mIsLaunchRoot=false
08-01 05:33:23.275  4551  4669 D Variant : , mDisplayId=0
08-01 05:33:23.275  4551  4669 D Variant : , mDecors=Empty}
08-01 05:33:23.275  4551  4669 D Variant : Panel updated: TaskPanel{mId='app_panel
08-01 05:33:23.275  4551  4669 D Variant : , isRooTaskEmpty=false
08-01 05:33:23.275  4551  4669 D Variant : , mBounds=Rect(1340, 152 - 3900, 1408)
08-01 05:33:23.275  4551  4669 D Variant : , mAlpha=0.47678888
08-01 05:33:23.275  4551  4669 D Variant : , mIsVisible=true
08-01 05:33:23.275  4551  4669 D Variant : , rootTaskId=1000008
08-01 05:33:23.275  4551  4669 D Variant : , mRole=com.android.car.scalableui.model.Role@657aed9
08-01 05:33:23.275  4551  4669 D Variant : , mLayer=100
08-01 05:33:23.275  4551  4669 D Variant : , mLeash=Surface(name=Task=1000008(app_panel)#58)/@0x1676fa7
08-01 05:33:23.275  4551  4669 D Variant : , mRootTaskStack=RootTaskStack(id=1000008, displayId=0, leash=Surface(name=Task=1000008(app_panel)#58)/@0x1676fa7, name=app_panel, rootTaskInfo=TaskInfo{userId=10 taskId=1000008 effectiveUid=0 displayId=0 isRunning=true baseIntent=Intent {  } baseActivity=ComponentInfo{com.tcs.vehicleassistant/com.tcs.vehicleassistant.LocalLLMActivity} topActivity=ComponentInfo{com.tcs.vehicleassistant/com.tcs.vehicleassistant.LocalLLMActivity} origActivity=null realActivity=null realActivityIsAppLockEnabled=false numActivities=1 lastActiveTime=46727764 supportsMultiWindow=true supportsMultiWindowWithoutConstraints=true resizeMode=1 isResizeable=true minWidth=-1 minHeight=-1 defaultMinSize=220 token=WCT{android.os.BinderProxy@f399c54} topActivityType=1 pictureInPictureParams=null shouldDockBigOverlays=false launchIntoPipHostTaskId=-1 lastParentTaskIdBeforePip=-1 displayCutoutSafeInsets=Rect(0, 0 - 0, 0) topActivityInfo=ActivityInfo{3698a29 com.tcs.vehicleassistant.LocalLLMActivity} launchCookies=[android.os.Binder@f4f70c1] positionInParent=Point(0, 152) parentTaskId=-1 isFocused=false isInteractive=false isVisible=true isVisibleRequested=true isTopActivityNoDisplay=false isSleeping=false locusId=null displayAreaFeatureId=1 isTopActivityTransparent=false isActivityStackTransparent=false lastNonFullscreenBounds=null leafTaskBoundsFromOptions= false capturedLink=null capturedLinkTimestamp=0 requestedVisibleTypes=503 topActivityRequestOpenInBrowserEducationTimestamp=0 appCompatTaskInfo=AppCompatTaskInfo { topActivityInSizeCompat=false isLeafTask= false eligibleForLetterboxEducation= false isLetterboxEducationEnabled= false isLetterboxDoubleTapEnabled= false eligibleForUserAspectRatioButton= false topActivityBoundsLetterboxed= false isFromLetterboxDoubleTap= false topActivityLetterboxVerticalPosition= -1 topActivityLetterboxHorizontalPosition= -1 topActivityLetterboxWidth=-1 topActivityLetterboxHeight=-1 topActivityAppBounds=Rect(0, 152 - 2560, 1408) isUserFullscreenOverrideEnabled=false isSystemFullscreenOverrideEnabled=false hasMinAspectRatioOverride=false topActivityLetterboxBounds=null topNonResizableActivityAspectRatio=-1.0} topActivityMainWindowFrame=null isAppBubble=false})
08-01 05:33:23.275  4551  4669 D Variant : , mCornerRadius=Corner{mRadiusTL=0, mRadiusTR=0, mRadiusBL=0, mRadiusBR=0}
08-01 05:33:23.275  4551  4669 D Variant : , mIsLaunchRoot=true
08-01 05:33:23.275  4551  4669 D Variant : , mDisplayId=0
08-01 05:33:23.275  4551  4669 D Variant : , mDecors=Empty}
08-01 05:33:23.276  4551  4669 D PanelTransitionCoordinator: Surface animation progress 0.17727113
08-01 05:33:23.276  4551  4669 D SysUIPanel: update TaskPanel:widget_panel, updateChildren =false, variantnull
08-01 05:33:23.276  4551  4669 D SysUIPanel: update TaskPanel:map_panel, updateChildren =false, variantnull
08-01 05:33:23.276  4551  4669 D SysUIPanel: update TaskPanel:app_panel, updateChildren =false, variantnull
08-01 05:33:23.292  4551  4669 D Variant : Panel updated: TaskPanel{mId='widget_panel
08-01 05:33:23.292  4551  4669 D Variant : , isRooTaskEmpty=false
08-01 05:33:23.292  4551  4669 D Variant : , mBounds=Rect(0, 152 - 832, 1408)
08-01 05:33:23.292  4551  4669 D Variant : , mAlpha=1.0
08-01 05:33:23.292  4551  4669 D Variant : , mIsVisible=true
08-01 05:33:23.292  4551  4669 D Variant : , rootTaskId=1000003
08-01 05:33:23.292  4551  4669 D Variant : , mRole=null
08-01 05:33:23.292  4551  4669 D Variant : , mLayer=2
08-01 05:33:23.292  4551  4669 D Variant : , mLeash=Surface(name=Task=1000003(widget_panel)#52)/@0xd07b1c4
08-01 05:33:23.292  4551  4669 D Variant : , mRootTaskStack=RootTaskStack(id=1000003, displayId=0, leash=Surface(name=Task=1000003(widget_panel)#52)/@0xd07b1c4, name=widget_panel, rootTaskInfo=TaskInfo{userId=10 taskId=1000003 effectiveUid=0 displayId=0 isRunning=true baseIntent=Intent {  } baseActivity=ComponentInfo{com.android.car.carlauncher/com.android.car.carlauncher.WidgetHostActivity} topActivity=ComponentInfo{com.android.car.carlauncher/com.android.car.carlauncher.WidgetHostActivity} origActivity=null realActivity=null realActivityIsAppLockEnabled=false numActivities=1 lastActiveTime=46727694 supportsMultiWindow=true supportsMultiWindowWithoutConstraints=true resizeMode=1 isResizeable=true minWidth=-1 minHeight=-1 defaultMinSize=220 token=WCT{android.os.BinderProxy@60898ad} topActivityType=1 pictureInPictureParams=null shouldDockBigOverlays=false launchIntoPipHostTaskId=-1 lastParentTaskIdBeforePip=-1 displayCutoutSafeInsets=Rect(0, 0 - 0, 0) topActivityInfo=ActivityInfo{b662914 com.android.car.carlauncher.WidgetHostActivity} launchCookies=[android.os.Binder@de5c56] positionInParent=Point(0, 152) parentTaskId=-1 isFocused=false isInteractive=false isVisible=true isVisibleRequested=false isTopActivityNoDisplay=false isSleeping=false locusId=null displayAreaFeatureId=1 isTopActivityTransparent=false isActivityStackTransparent=false lastNonFullscreenBounds=null leafTaskBoundsFromOptions= false capturedLink=null capturedLinkTimestamp=0 requestedVisibleTypes=503 topActivityRequestOpenInBrowserEducationTimestamp=0 appCompatTaskInfo=AppCompatTaskInfo { topActivityInSizeCompat=false isLeafTask= false eligibleForLetterboxEducation= false isLetterboxEducationEnabled= false isLetterboxDoubleTapEnabled= false eligibleForUserAspectRatioButton= false topActivityBoundsLetterboxed= false isFromLetterboxDoubleTap= false topActivityLetterboxVerticalPosition= -1 topActivityLetterboxHorizontalPosition= -1 topActivityLetterboxWidth=-1 topActivityLetterboxHeight=-1 topActivityAppBounds=Rect(0, 152 - 832, 1408) isUserFullscreenOverrideEnabled=false isSystemFullscreenOverrideEnabled=false hasMinAspectRatioOverride=false topActivityLetterboxBounds=null topNonResizableActivityAspectRatio=-1.0} topActivityMainWindowFrame=null isAppBubble=false})
08-01 05:33:23.292  4551  4669 D Variant : , mCornerRadius=Corner{mRadiusTL=0, mRadiusTR=0, mRadiusBL=0, mRadiusBR=0}
08-01 05:33:23.292  4551  4669 D Variant : , mIsLaunchRoot=false
08-01 05:33:23.292  4551  4669 D Variant : , mDisplayId=0
08-01 05:33:23.292  4551  4669 D Variant : , mDecors=Empty}
08-01 05:33:23.292  4551  4669 D Variant : Panel updated: TaskPanel{mId='map_panel
08-01 05:33:23.292  4551  4669 D Variant : , isRooTaskEmpty=false
08-01 05:33:23.292  4551  4669 D Variant : , mBounds=Rect(832, 152 - 2480, 1408)
08-01 05:33:23.292  4551  4669 D Variant : , mAlpha=1.0
08-01 05:33:23.292  4551  4669 D Variant : , mIsVisible=true
08-01 05:33:23.292  4551  4669 D Variant : , rootTaskId=1000004
08-01 05:33:23.292  4551  4669 D Variant : , mRole=null
08-01 05:33:23.292  4551  4669 D Variant : , mLayer=2
08-01 05:33:23.292  4551  4669 D Variant : , mLeash=Surface(name=Task=1000004(map_panel)#54)/@0x96fb1eb
08-01 05:33:23.292  4551  4669 D Variant : , mRootTaskStack=RootTaskStack(id=1000004, displayId=0, leash=Surface(name=Task=1000004(map_panel)#54)/@0x96fb1eb, name=map_panel, rootTaskInfo=TaskInfo{userId=10 taskId=1000004 effectiveUid=0 displayId=0 isRunning=true baseIntent=Intent {  } baseActivity=ComponentInfo{com.google.android.apps.maps/com.google.android.maps.MapsActivity} topActivity=ComponentInfo{com.google.android.apps.maps/com.google.android.maps.MapsActivity} origActivity=null realActivity=null realActivityIsAppLockEnabled=false numActivities=1 lastActiveTime=46727713 supportsMultiWindow=true supportsMultiWindowWithoutConstraints=true resizeMode=2 isResizeable=true minWidth=-1 minHeight=-1 defaultMinSize=220 token=WCT{android.os.BinderProxy@3868b48} topActivityType=1 pictureInPictureParams=null shouldDockBigOverlays=false launchIntoPipHostTaskId=-1 lastParentTaskIdBeforePip=-1 displayCutoutSafeInsets=Rect(0, 0 - 0, 0) topActivityInfo=ActivityInfo{47bc5bd com.google.android.maps.MapsActivity} launchCookies=[android.os.Binder@ac312a9] positionInParent=Point(832, 152) parentTaskId=-1 isFocused=true isInteractive=false isVisible=true isVisibleRequested=false isTopActivityNoDisplay=false isSleeping=false locusId=null displayAreaFeatureId=1 isTopActivityTransparent=false isActivityStackTransparent=false lastNonFullscreenBounds=null leafTaskBoundsFromOptions= false capturedLink=null capturedLinkTimestamp=0 requestedVisibleTypes=503 topActivityRequestOpenInBrowserEducationTimestamp=0 appCompatTaskInfo=AppCompatTaskInfo { topActivityInSizeCompat=false isLeafTask= false eligibleForLetterboxEducation= false isLetterboxEducationEnabled= false isLetterboxDoubleTapEnabled= false eligibleForUserAspectRatioButton= false topActivityBoundsLetterboxed= false isFromLetterboxDoubleTap= false topActivityLetterboxVerticalPosition= -1 topActivityLetterboxHorizontalPosition= -1 topActivityLetterboxWidth=-1 topActivityLetterboxHeight=-1 topActivityAppBounds=Rect(832, 0 - 2528, 1408) isUserFullscreenOverrideEnabled=false isSystemFullscreenOverrideEnabled=false hasMinAspectRatioOverride=false topActivityLetterboxBounds=null topNonResizableActivityAspectRatio=-1.0} topActivityMainWindowFrame=null isAppBubble=false})
08-01 05:33:23.292  4551  4669 D Variant : , mCornerRadius=Corner{mRadiusTL=96, mRadiusTR=96, mRadiusBL=96, mRadiusBR=96}
08-01 05:33:23.292  4551  4669 D Variant : , mIsLaunchRoot=false
08-01 05:33:23.292  4551  4669 D Variant : , mDisplayId=0
08-01 05:33:23.292  4551  4669 D Variant : , mDecors=Empty}
08-01 05:33:23.292  4551  4669 D Variant : Panel updated: TaskPanel{mId='app_panel
08-01 05:33:23.292  4551  4669 D Variant : , isRooTaskEmpty=false
08-01 05:33:23.292  4551  4669 D Variant : , mBounds=Rect(1150, 152 - 3710, 1408)
08-01 05:33:23.292  4551  4669 D Variant : , mAlpha=0.5511
08-01 05:33:23.292  4551  4669 D Variant : , mIsVisible=true
08-01 05:33:23.292  4551  4669 D Variant : , rootTaskId=1000008
08-01 05:33:23.292  4551  4669 D Variant : , mRole=com.android.car.scalableui.model.Role@657aed9
08-01 05:33:23.292  4551  4669 D Variant : , mLayer=100
08-01 05:33:23.292  4551  4669 D Variant : , mLeash=Surface(name=Task=1000008(app_panel)#58)/@0x1676fa7
08-01 05:33:23.292  4551  4669 D Variant : , mRootTaskStack=RootTaskStack(id=1000008, displayId=0, leash=Surface(name=Task=1000008(app_panel)#58)/@0x1676fa7, name=app_panel, rootTaskInfo=TaskInfo{userId=10 taskId=1000008 effectiveUid=0 displayId=0 isRunning=true baseIntent=Intent {  } baseActivity=ComponentInfo{com.tcs.vehicleassistant/com.tcs.vehicleassistant.LocalLLMActivity} topActivity=ComponentInfo{com.tcs.vehicleassistant/com.tcs.vehicleassistant.LocalLLMActivity} origActivity=null realActivity=null realActivityIsAppLockEnabled=false numActivities=1 lastActiveTime=46727764 supportsMultiWindow=true supportsMultiWindowWithoutConstraints=true resizeMode=1 isResizeable=true minWidth=-1 minHeight=-1 defaultMinSize=220 token=WCT{android.os.BinderProxy@f399c54} topActivityType=1 pictureInPictureParams=null shouldDockBigOverlays=false launchIntoPipHostTaskId=-1 lastParentTaskIdBeforePip=-1 displayCutoutSafeInsets=Rect(0, 0 - 0, 0) topActivityInfo=ActivityInfo{3698a29 com.tcs.vehicleassistant.LocalLLMActivity} launchCookies=[android.os.Binder@f4f70c1] positionInParent=Point(0, 152) parentTaskId=-1 isFocused=false isInteractive=false isVisible=true isVisibleRequested=true isTopActivityNoDisplay=false isSleeping=false locusId=null displayAreaFeatureId=1 isTopActivityTransparent=false isActivityStackTransparent=false lastNonFullscreenBounds=null leafTaskBoundsFromOptions= false capturedLink=null capturedLinkTimestamp=0 requestedVisibleTypes=503 topActivityRequestOpenInBrowserEducationTimestamp=0 appCompatTaskInfo=AppCompatTaskInfo { topActivityInSizeCompat=false isLeafTask= false eligibleForLetterboxEducation= false isLetterboxEducationEnabled= false isLetterboxDoubleTapEnabled= false eligibleForUserAspectRatioButton= false topActivityBoundsLetterboxed= false isFromLetterboxDoubleTap= false topActivityLetterboxVerticalPosition= -1 topActivityLetterboxHorizontalPosition= -1 topActivityLetterboxWidth=-1 topActivityLetterboxHeight=-1 topActivityAppBounds=Rect(0, 152 - 2560, 1408) isUserFullscreenOverrideEnabled=false isSystemFullscreenOverrideEnabled=false hasMinAspectRatioOverride=false topActivityLetterboxBounds=null topNonResizableActivityAspectRatio=-1.0} topActivityMainWindowFrame=null isAppBubble=false})
08-01 05:33:23.292  4551  4669 D Variant : , mCornerRadius=Corner{mRadiusTL=0, mRadiusTR=0, mRadiusBL=0, mRadiusBR=0}
08-01 05:33:23.292  4551  4669 D Variant : , mIsLaunchRoot=true
08-01 05:33:23.292  4551  4669 D Variant : , mDisplayId=0
08-01 05:33:23.292  4551  4669 D Variant : , mDecors=Empty}
08-01 05:33:23.292  4551  4669 D PanelTransitionCoordinator: Surface animation progress 0.24547935
08-01 05:33:23.292  4551  4669 D SysUIPanel: update TaskPanel:widget_panel, updateChildren =false, variantnull
08-01 05:33:23.293  4551  4669 D SysUIPanel: update TaskPanel:map_panel, updateChildren =false, variantnull
08-01 05:33:23.293  4551  4669 D SysUIPanel: update TaskPanel:app_panel, updateChildren =false, variantnull
08-01 05:33:23.308  4551  4669 D Variant : Panel updated: TaskPanel{mId='widget_panel
08-01 05:33:23.308  4551  4669 D Variant : , isRooTaskEmpty=false
08-01 05:33:23.308  4551  4669 D Variant : , mBounds=Rect(0, 152 - 832, 1408)
08-01 05:33:23.308  4551  4669 D Variant : , mAlpha=1.0
08-01 05:33:23.308  4551  4669 D Variant : , mIsVisible=true
08-01 05:33:23.308  4551  4669 D Variant : , rootTaskId=1000003
08-01 05:33:23.308  4551  4669 D Variant : , mRole=null
08-01 05:33:23.308  4551  4669 D Variant : , mLayer=2
08-01 05:33:23.308  4551  4669 D Variant : , mLeash=Surface(name=Task=1000003(widget_panel)#52)/@0xd07b1c4
08-01 05:33:23.308  4551  4669 D Variant : , mRootTaskStack=RootTaskStack(id=1000003, displayId=0, leash=Surface(name=Task=1000003(widget_panel)#52)/@0xd07b1c4, name=widget_panel, rootTaskInfo=TaskInfo{userId=10 taskId=1000003 effectiveUid=0 displayId=0 isRunning=true baseIntent=Intent {  } baseActivity=ComponentInfo{com.android.car.carlauncher/com.android.car.carlauncher.WidgetHostActivity} topActivity=ComponentInfo{com.android.car.carlauncher/com.android.car.carlauncher.WidgetHostActivity} origActivity=null realActivity=null realActivityIsAppLockEnabled=false numActivities=1 lastActiveTime=46727694 supportsMultiWindow=true supportsMultiWindowWithoutConstraints=true resizeMode=1 isResizeable=true minWidth=-1 minHeight=-1 defaultMinSize=220 token=WCT{android.os.BinderProxy@60898ad} topActivityType=1 pictureInPictureParams=null shouldDockBigOverlays=false launchIntoPipHostTaskId=-1 lastParentTaskIdBeforePip=-1 displayCutoutSafeInsets=Rect(0, 0 - 0, 0) topActivityInfo=ActivityInfo{b662914 com.android.car.carlauncher.WidgetHostActivity} launchCookies=[android.os.Binder@de5c56] positionInParent=Point(0, 152) parentTaskId=-1 isFocused=false isInteractive=false isVisible=true isVisibleRequested=false isTopActivityNoDisplay=false isSleeping=false locusId=null displayAreaFeatureId=1 isTopActivityTransparent=false isActivityStackTransparent=false lastNonFullscreenBounds=null leafTaskBoundsFromOptions= false capturedLink=null capturedLinkTimestamp=0 requestedVisibleTypes=503 topActivityRequestOpenInBrowserEducationTimestamp=0 appCompatTaskInfo=AppCompatTaskInfo { topActivityInSizeCompat=false isLeafTask= false eligibleForLetterboxEducation= false isLetterboxEducationEnabled= false isLetterboxDoubleTapEnabled= false eligibleForUserAspectRatioButton= false topActivityBoundsLetterboxed= false isFromLetterboxDoubleTap= false topActivityLetterboxVerticalPosition= -1 topActivityLetterboxHorizontalPosition= -1 topActivityLetterboxWidth=-1 topActivityLetterboxHeight=-1 topActivityAppBounds=Rect(0, 152 - 832, 1408) isUserFullscreenOverrideEnabled=false isSystemFullscreenOverrideEnabled=false hasMinAspectRatioOverride=false topActivityLetterboxBounds=null topNonResizableActivityAspectRatio=-1.0} topActivityMainWindowFrame=null isAppBubble=false})
08-01 05:33:23.308  4551  4669 D Variant : , mCornerRadius=Corner{mRadiusTL=0, mRadiusTR=0, mRadiusBL=0, mRadiusBR=0}
08-01 05:33:23.308  4551  4669 D Variant : , mIsLaunchRoot=false
08-01 05:33:23.308  4551  4669 D Variant : , mDisplayId=0
08-01 05:33:23.308  4551  4669 D Variant : , mDecors=Empty}
08-01 05:33:23.309  4551  4669 D Variant : Panel updated: TaskPanel{mId='map_panel
08-01 05:33:23.309  4551  4669 D Variant : , isRooTaskEmpty=false
08-01 05:33:23.309  4551  4669 D Variant : , mBounds=Rect(832, 152 - 2480, 1408)
08-01 05:33:23.309  4551  4669 D Variant : , mAlpha=1.0
08-01 05:33:23.309  4551  4669 D Variant : , mIsVisible=true
08-01 05:33:23.309  4551  4669 D Variant : , rootTaskId=1000004
08-01 05:33:23.309  4551  4669 D Variant : , mRole=null
08-01 05:33:23.309  4551  4669 D Variant : , mLayer=2
08-01 05:33:23.309  4551  4669 D Variant : , mLeash=Surface(name=Task=1000004(map_panel)#54)/@0x96fb1eb
08-01 05:33:23.309  4551  4669 D Variant : , mRootTaskStack=RootTaskStack(id=1000004, displayId=0, leash=Surface(name=Task=1000004(map_panel)#54)/@0x96fb1eb, name=map_panel, rootTaskInfo=TaskInfo{userId=10 taskId=1000004 effectiveUid=0 displayId=0 isRunning=true baseIntent=Intent {  } baseActivity=ComponentInfo{com.google.android.apps.maps/com.google.android.maps.MapsActivity} topActivity=ComponentInfo{com.google.android.apps.maps/com.google.android.maps.MapsActivity} origActivity=null realActivity=null realActivityIsAppLockEnabled=false numActivities=1 lastActiveTime=46727713 supportsMultiWindow=true supportsMultiWindowWithoutConstraints=true resizeMode=2 isResizeable=true minWidth=-1 minHeight=-1 defaultMinSize=220 token=WCT{android.os.BinderProxy@3868b48} topActivityType=1 pictureInPictureParams=null shouldDockBigOverlays=false launchIntoPipHostTaskId=-1 lastParentTaskIdBeforePip=-1 displayCutoutSafeInsets=Rect(0, 0 - 0, 0) topActivityInfo=ActivityInfo{47bc5bd com.google.android.maps.MapsActivity} launchCookies=[android.os.Binder@ac312a9] positionInParent=Point(832, 152) parentTaskId=-1 isFocused=true isInteractive=false isVisible=true isVisibleRequested=false isTopActivityNoDisplay=false isSleeping=false locusId=null displayAreaFeatureId=1 isTopActivityTransparent=false isActivityStackTransparent=false lastNonFullscreenBounds=null leafTaskBoundsFromOptions= false capturedLink=null capturedLinkTimestamp=0 requestedVisibleTypes=503 topActivityRequestOpenInBrowserEducationTimestamp=0 appCompatTaskInfo=AppCompatTaskInfo { topActivityInSizeCompat=false isLeafTask= false eligibleForLetterboxEducation= false isLetterboxEducationEnabled= false isLetterboxDoubleTapEnabled= false eligibleForUserAspectRatioButton= false topActivityBoundsLetterboxed= false isFromLetterboxDoubleTap= false topActivityLetterboxVerticalPosition= -1 topActivityLetterboxHorizontalPosition= -1 topActivityLetterboxWidth=-1 topActivityLetterboxHeight=-1 topActivityAppBounds=Rect(832, 0 - 2528, 1408) isUserFullscreenOverrideEnabled=false isSystemFullscreenOverrideEnabled=false hasMinAspectRatioOverride=false topActivityLetterboxBounds=null topNonResizableActivityAspectRatio=-1.0} topActivityMainWindowFrame=null isAppBubble=false})
08-01 05:33:23.309  4551  4669 D Variant : , mCornerRadius=Corner{mRadiusTL=96, mRadiusTR=96, mRadiusBL=96, mRadiusBR=96}
08-01 05:33:23.309  4551  4669 D Variant : , mIsLaunchRoot=false
08-01 05:33:23.309  4551  4669 D Variant : , mDisplayId=0
08-01 05:33:23.309  4551  4669 D Variant : , mDecors=Empty}
08-01 05:33:23.309  4551  4669 D Variant : Panel updated: TaskPanel{mId='app_panel
08-01 05:33:23.309  4551  4669 D Variant : , isRooTaskEmpty=false
08-01 05:33:23.309  4551  4669 D Variant : , mBounds=Rect(964, 152 - 3524, 1408)
08-01 05:33:23.309  4551  4669 D Variant : , mAlpha=0.6238222
08-01 05:33:23.309  4551  4669 D Variant : , mIsVisible=true
08-01 05:33:23.309  4551  4669 D Variant : , rootTaskId=1000008
08-01 05:33:23.309  4551  4669 D Variant : , mRole=com.android.car.scalableui.model.Role@657aed9
08-01 05:33:23.309  4551  4669 D Variant : , mLayer=100
08-01 05:33:23.309  4551  4669 D Variant : , mLeash=Surface(name=Task=1000008(app_panel)#58)/@0x1676fa7
08-01 05:33:23.309  4551  4669 D Variant : , mRootTaskStack=RootTaskStack(id=1000008, displayId=0, leash=Surface(name=Task=1000008(app_panel)#58)/@0x1676fa7, name=app_panel, rootTaskInfo=TaskInfo{userId=10 taskId=1000008 effectiveUid=0 displayId=0 isRunning=true baseIntent=Intent {  } baseActivity=ComponentInfo{com.tcs.vehicleassistant/com.tcs.vehicleassistant.LocalLLMActivity} topActivity=ComponentInfo{com.tcs.vehicleassistant/com.tcs.vehicleassistant.LocalLLMActivity} origActivity=null realActivity=null realActivityIsAppLockEnabled=false numActivities=1 lastActiveTime=46727764 supportsMultiWindow=true supportsMultiWindowWithoutConstraints=true resizeMode=1 isResizeable=true minWidth=-1 minHeight=-1 defaultMinSize=220 token=WCT{android.os.BinderProxy@f399c54} topActivityType=1 pictureInPictureParams=null shouldDockBigOverlays=false launchIntoPipHostTaskId=-1 lastParentTaskIdBeforePip=-1 displayCutoutSafeInsets=Rect(0, 0 - 0, 0) topActivityInfo=ActivityInfo{3698a29 com.tcs.vehicleassistant.LocalLLMActivity} launchCookies=[android.os.Binder@f4f70c1] positionInParent=Point(0, 152) parentTaskId=-1 isFocused=false isInteractive=false isVisible=true isVisibleRequested=true isTopActivityNoDisplay=false isSleeping=false locusId=null displayAreaFeatureId=1 isTopActivityTransparent=false isActivityStackTransparent=false lastNonFullscreenBounds=null leafTaskBoundsFromOptions= false capturedLink=null capturedLinkTimestamp=0 requestedVisibleTypes=503 topActivityRequestOpenInBrowserEducationTimestamp=0 appCompatTaskInfo=AppCompatTaskInfo { topActivityInSizeCompat=false isLeafTask= false eligibleForLetterboxEducation= false isLetterboxEducationEnabled= false isLetterboxDoubleTapEnabled= false eligibleForUserAspectRatioButton= false topActivityBoundsLetterboxed= false isFromLetterboxDoubleTap= false topActivityLetterboxVerticalPosition= -1 topActivityLetterboxHorizontalPosition= -1 topActivityLetterboxWidth=-1 topActivityLetterboxHeight=-1 topActivityAppBounds=Rect(0, 152 - 2560, 1408) isUserFullscreenOverrideEnabled=false isSystemFullscreenOverrideEnabled=false hasMinAspectRatioOverride=false topActivityLetterboxBounds=null topNonResizableActivityAspectRatio=-1.0} topActivityMainWindowFrame=null isAppBubble=false})
08-01 05:33:23.309  4551  4669 D Variant : , mCornerRadius=Corner{mRadiusTL=0, mRadiusTR=0, mRadiusBL=0, mRadiusBR=0}
08-01 05:33:23.309  4551  4669 D Variant : , mIsLaunchRoot=true
08-01 05:33:23.309  4551  4669 D Variant : , mDisplayId=0
08-01 05:33:23.309  4551  4669 D Variant : , mDecors=Empty}
08-01 05:33:23.309  4551  4669 D PanelTransitionCoordinator: Surface animation progress 0.32571396
08-01 05:33:23.309  4551  4669 D SysUIPanel: update TaskPanel:widget_panel, updateChildren =false, variantnull
08-01 05:33:23.309  4551  4669 D SysUIPanel: update TaskPanel:map_panel, updateChildren =false, variantnull
08-01 05:33:23.309  4551  4669 D SysUIPanel: update TaskPanel:app_panel, updateChildren =false, variantnull
08-01 05:33:23.325  4551  4669 D Variant : Panel updated: TaskPanel{mId='widget_panel
08-01 05:33:23.325  4551  4669 D Variant : , isRooTaskEmpty=false
08-01 05:33:23.325  4551  4669 D Variant : , mBounds=Rect(0, 152 - 832, 1408)
08-01 05:33:23.325  4551  4669 D Variant : , mAlpha=1.0
08-01 05:33:23.325  4551  4669 D Variant : , mIsVisible=true
08-01 05:33:23.325  4551  4669 D Variant : , rootTaskId=1000003
08-01 05:33:23.325  4551  4669 D Variant : , mRole=null
08-01 05:33:23.325  4551  4669 D Variant : , mLayer=2
08-01 05:33:23.325  4551  4669 D Variant : , mLeash=Surface(name=Task=1000003(widget_panel)#52)/@0xd07b1c4
08-01 05:33:23.325  4551  4669 D Variant : , mRootTaskStack=RootTaskStack(id=1000003, displayId=0, leash=Surface(name=Task=1000003(widget_panel)#52)/@0xd07b1c4, name=widget_panel, rootTaskInfo=TaskInfo{userId=10 taskId=1000003 effectiveUid=0 displayId=0 isRunning=true baseIntent=Intent {  } baseActivity=ComponentInfo{com.android.car.carlauncher/com.android.car.carlauncher.WidgetHostActivity} topActivity=ComponentInfo{com.android.car.carlauncher/com.android.car.carlauncher.WidgetHostActivity} origActivity=null realActivity=null realActivityIsAppLockEnabled=false numActivities=1 lastActiveTime=46727694 supportsMultiWindow=true supportsMultiWindowWithoutConstraints=true resizeMode=1 isResizeable=true minWidth=-1 minHeight=-1 defaultMinSize=220 token=WCT{android.os.BinderProxy@60898ad} topActivityType=1 pictureInPictureParams=null shouldDockBigOverlays=false launchIntoPipHostTaskId=-1 lastParentTaskIdBeforePip=-1 displayCutoutSafeInsets=Rect(0, 0 - 0, 0) topActivityInfo=ActivityInfo{b662914 com.android.car.carlauncher.WidgetHostActivity} launchCookies=[android.os.Binder@de5c56] positionInParent=Point(0, 152) parentTaskId=-1 isFocused=false isInteractive=false isVisible=true isVisibleRequested=false isTopActivityNoDisplay=false isSleeping=false locusId=null displayAreaFeatureId=1 isTopActivityTransparent=false isActivityStackTransparent=false lastNonFullscreenBounds=null leafTaskBoundsFromOptions= false capturedLink=null capturedLinkTimestamp=0 requestedVisibleTypes=503 topActivityRequestOpenInBrowserEducationTimestamp=0 appCompatTaskInfo=AppCompatTaskInfo { topActivityInSizeCompat=false isLeafTask= false eligibleForLetterboxEducation= false isLetterboxEducationEnabled= false isLetterboxDoubleTapEnabled= false eligibleForUserAspectRatioButton= false topActivityBoundsLetterboxed= false isFromLetterboxDoubleTap= false topActivityLetterboxVerticalPosition= -1 topActivityLetterboxHorizontalPosition= -1 topActivityLetterboxWidth=-1 topActivityLetterboxHeight=-1 topActivityAppBounds=Rect(0, 152 - 832, 1408) isUserFullscreenOverrideEnabled=false isSystemFullscreenOverrideEnabled=false hasMinAspectRatioOverride=false topActivityLetterboxBounds=null topNonResizableActivityAspectRatio=-1.0} topActivityMainWindowFrame=null isAppBubble=false})
08-01 05:33:23.325  4551  4669 D Variant : , mCornerRadius=Corner{mRadiusTL=0, mRadiusTR=0, mRadiusBL=0, mRadiusBR=0}
08-01 05:33:23.325  4551  4669 D Variant : , mIsLaunchRoot=false
08-01 05:33:23.325  4551  4669 D Variant : , mDisplayId=0
08-01 05:33:23.325  4551  4669 D Variant : , mDecors=Empty}
08-01 05:33:23.325  4551  4669 D Variant : Panel updated: TaskPanel{mId='map_panel
08-01 05:33:23.325  4551  4669 D Variant : , isRooTaskEmpty=false
08-01 05:33:23.325  4551  4669 D Variant : , mBounds=Rect(832, 152 - 2480, 1408)
08-01 05:33:23.325  4551  4669 D Variant : , mAlpha=1.0
08-01 05:33:23.325  4551  4669 D Variant : , mIsVisible=true
08-01 05:33:23.325  4551  4669 D Variant : , rootTaskId=1000004
08-01 05:33:23.325  4551  4669 D Variant : , mRole=null
08-01 05:33:23.325  4551  4669 D Variant : , mLayer=2
08-01 05:33:23.325  4551  4669 D Variant : , mLeash=Surface(name=Task=1000004(map_panel)#54)/@0x96fb1eb
08-01 05:33:23.325  4551  4669 D Variant : , mRootTaskStack=RootTaskStack(id=1000004, displayId=0, leash=Surface(name=Task=1000004(map_panel)#54)/@0x96fb1eb, name=map_panel, rootTaskInfo=TaskInfo{userId=10 taskId=1000004 effectiveUid=0 displayId=0 isRunning=true baseIntent=Intent {  } baseActivity=ComponentInfo{com.google.android.apps.maps/com.google.android.maps.MapsActivity} topActivity=ComponentInfo{com.google.android.apps.maps/com.google.android.maps.MapsActivity} origActivity=null realActivity=null realActivityIsAppLockEnabled=false numActivities=1 lastActiveTime=46727713 supportsMultiWindow=true supportsMultiWindowWithoutConstraints=true resizeMode=2 isResizeable=true minWidth=-1 minHeight=-1 defaultMinSize=220 token=WCT{android.os.BinderProxy@3868b48} topActivityType=1 pictureInPictureParams=null shouldDockBigOverlays=false launchIntoPipHostTaskId=-1 lastParentTaskIdBeforePip=-1 displayCutoutSafeInsets=Rect(0, 0 - 0, 0) topActivityInfo=ActivityInfo{47bc5bd com.google.android.maps.MapsActivity} launchCookies=[android.os.Binder@ac312a9] positionInParent=Point(832, 152) parentTaskId=-1 isFocused=true isInteractive=false isVisible=true isVisibleRequested=false isTopActivityNoDisplay=false isSleeping=false locusId=null displayAreaFeatureId=1 isTopActivityTransparent=false isActivityStackTransparent=false lastNonFullscreenBounds=null leafTaskBoundsFromOptions= false capturedLink=null capturedLinkTimestamp=0 requestedVisibleTypes=503 topActivityRequestOpenInBrowserEducationTimestamp=0 appCompatTaskInfo=AppCompatTaskInfo { topActivityInSizeCompat=false isLeafTask= false eligibleForLetterboxEducation= false isLetterboxEducationEnabled= false isLetterboxDoubleTapEnabled= false eligibleForUserAspectRatioButton= false topActivityBoundsLetterboxed= false isFromLetterboxDoubleTap= false topActivityLetterboxVerticalPosition= -1 topActivityLetterboxHorizontalPosition= -1 topActivityLetterboxWidth=-1 topActivityLetterboxHeight=-1 topActivityAppBounds=Rect(832, 0 - 2528, 1408) isUserFullscreenOverrideEnabled=false isSystemFullscreenOverrideEnabled=false hasMinAspectRatioOverride=false topActivityLetterboxBounds=null topNonResizableActivityAspectRatio=-1.0} topActivityMainWindowFrame=null isAppBubble=false})
08-01 05:33:23.325  4551  4669 D Variant : , mCornerRadius=Corner{mRadiusTL=96, mRadiusTR=96, mRadiusBL=96, mRadiusBR=96}
08-01 05:33:23.325  4551  4669 D Variant : , mIsLaunchRoot=false
08-01 05:33:23.325  4551  4669 D Variant : , mDisplayId=0
08-01 05:33:23.325  4551  4669 D Variant : , mDecors=Empty}
08-01 05:33:23.326  4551  4669 D Variant : Panel updated: TaskPanel{mId='app_panel
08-01 05:33:23.326  4551  4669 D Variant : , isRooTaskEmpty=false
08-01 05:33:23.326  4551  4669 D Variant : , mBounds=Rect(794, 152 - 3354, 1408)
08-01 05:33:23.326  4551  4669 D Variant : , mAlpha=0.69012225
08-01 05:33:23.326  4551  4669 D Variant : , mIsVisible=true
08-01 05:33:23.326  4551  4669 D Variant : , rootTaskId=1000008
08-01 05:33:23.326  4551  4669 D Variant : , mRole=com.android.car.scalableui.model.Role@657aed9
08-01 05:33:23.326  4551  4669 D Variant : , mLayer=100
08-01 05:33:23.326  4551  4669 D Variant : , mLeash=Surface(name=Task=1000008(app_panel)#58)/@0x1676fa7
08-01 05:33:23.326  4551  4669 D Variant : , mRootTaskStack=RootTaskStack(id=1000008, displayId=0, leash=Surface(name=Task=1000008(app_panel)#58)/@0x1676fa7, name=app_panel, rootTaskInfo=TaskInfo{userId=10 taskId=1000008 effectiveUid=0 displayId=0 isRunning=true baseIntent=Intent {  } baseActivity=ComponentInfo{com.tcs.vehicleassistant/com.tcs.vehicleassistant.LocalLLMActivity} topActivity=ComponentInfo{com.tcs.vehicleassistant/com.tcs.vehicleassistant.LocalLLMActivity} origActivity=null realActivity=null realActivityIsAppLockEnabled=false numActivities=1 lastActiveTime=46727764 supportsMultiWindow=true supportsMultiWindowWithoutConstraints=true resizeMode=1 isResizeable=true minWidth=-1 minHeight=-1 defaultMinSize=220 token=WCT{android.os.BinderProxy@f399c54} topActivityType=1 pictureInPictureParams=null shouldDockBigOverlays=false launchIntoPipHostTaskId=-1 lastParentTaskIdBeforePip=-1 displayCutoutSafeInsets=Rect(0, 0 - 0, 0) topActivityInfo=ActivityInfo{3698a29 com.tcs.vehicleassistant.LocalLLMActivity} launchCookies=[android.os.Binder@f4f70c1] positionInParent=Point(0, 152) parentTaskId=-1 isFocused=false isInteractive=false isVisible=true isVisibleRequested=true isTopActivityNoDisplay=false isSleeping=false locusId=null displayAreaFeatureId=1 isTopActivityTransparent=false isActivityStackTransparent=false lastNonFullscreenBounds=null leafTaskBoundsFromOptions= false capturedLink=null capturedLinkTimestamp=0 requestedVisibleTypes=503 topActivityRequestOpenInBrowserEducationTimestamp=0 appCompatTaskInfo=AppCompatTaskInfo { topActivityInSizeCompat=false isLeafTask= false eligibleForLetterboxEducation= false isLetterboxEducationEnabled= false isLetterboxDoubleTapEnabled= false eligibleForUserAspectRatioButton= false topActivityBoundsLetterboxed= false isFromLetterboxDoubleTap= false topActivityLetterboxVerticalPosition= -1 topActivityLetterboxHorizontalPosition= -1 topActivityLetterboxWidth=-1 topActivityLetterboxHeight=-1 topActivityAppBounds=Rect(0, 152 - 2560, 1408) isUserFullscreenOverrideEnabled=false isSystemFullscreenOverrideEnabled=false hasMinAspectRatioOverride=false topActivityLetterboxBounds=null topNonResizableActivityAspectRatio=-1.0} topActivityMainWindowFrame=null isAppBubble=false})
08-01 05:33:23.326  4551  4669 D Variant : , mCornerRadius=Corner{mRadiusTL=0, mRadiusTR=0, mRadiusBL=0, mRadiusBR=0}
08-01 05:33:23.326  4551  4669 D Variant : , mIsLaunchRoot=true
08-01 05:33:23.326  4551  4669 D Variant : , mDisplayId=0
08-01 05:33:23.326  4551  4669 D Variant : , mDecors=Empty}
08-01 05:33:23.326  4551  4669 D PanelTransitionCoordinator: Surface animation progress 0.41145772
08-01 05:33:23.326  4551  4669 D SysUIPanel: update TaskPanel:widget_panel, updateChildren =false, variantnull
08-01 05:33:23.326  4551  4669 D SysUIPanel: update TaskPanel:map_panel, updateChildren =false, variantnull
08-01 05:33:23.326  4551  4669 D SysUIPanel: update TaskPanel:app_panel, updateChildren =false, variantnull
08-01 05:33:23.342  4551  4669 D Variant : Panel updated: TaskPanel{mId='widget_panel
08-01 05:33:23.342  4551  4669 D Variant : , isRooTaskEmpty=false
08-01 05:33:23.342  4551  4669 D Variant : , mBounds=Rect(0, 152 - 832, 1408)
08-01 05:33:23.342  4551  4669 D Variant : , mAlpha=1.0
08-01 05:33:23.342  4551  4669 D Variant : , mIsVisible=true
08-01 05:33:23.342  4551  4669 D Variant : , rootTaskId=1000003
08-01 05:33:23.342  4551  4669 D Variant : , mRole=null
08-01 05:33:23.342  4551  4669 D Variant : , mLayer=2
08-01 05:33:23.342  4551  4669 D Variant : , mLeash=Surface(name=Task=1000003(widget_panel)#52)/@0xd07b1c4
08-01 05:33:23.342  4551  4669 D Variant : , mRootTaskStack=RootTaskStack(id=1000003, displayId=0, leash=Surface(name=Task=1000003(widget_panel)#52)/@0xd07b1c4, name=widget_panel, rootTaskInfo=TaskInfo{userId=10 taskId=1000003 effectiveUid=0 displayId=0 isRunning=true baseIntent=Intent {  } baseActivity=ComponentInfo{com.android.car.carlauncher/com.android.car.carlauncher.WidgetHostActivity} topActivity=ComponentInfo{com.android.car.carlauncher/com.android.car.carlauncher.WidgetHostActivity} origActivity=null realActivity=null realActivityIsAppLockEnabled=false numActivities=1 lastActiveTime=46727694 supportsMultiWindow=true supportsMultiWindowWithoutConstraints=true resizeMode=1 isResizeable=true minWidth=-1 minHeight=-1 defaultMinSize=220 token=WCT{android.os.BinderProxy@60898ad} topActivityType=1 pictureInPictureParams=null shouldDockBigOverlays=false launchIntoPipHostTaskId=-1 lastParentTaskIdBeforePip=-1 displayCutoutSafeInsets=Rect(0, 0 - 0, 0) topActivityInfo=ActivityInfo{b662914 com.android.car.carlauncher.WidgetHostActivity} launchCookies=[android.os.Binder@de5c56] positionInParent=Point(0, 152) parentTaskId=-1 isFocused=false isInteractive=false isVisible=true isVisibleRequested=false isTopActivityNoDisplay=false isSleeping=false locusId=null displayAreaFeatureId=1 isTopActivityTransparent=false isActivityStackTransparent=false lastNonFullscreenBounds=null leafTaskBoundsFromOptions= false capturedLink=null capturedLinkTimestamp=0 requestedVisibleTypes=503 topActivityRequestOpenInBrowserEducationTimestamp=0 appCompatTaskInfo=AppCompatTaskInfo { topActivityInSizeCompat=false isLeafTask= false eligibleForLetterboxEducation= false isLetterboxEducationEnabled= false isLetterboxDoubleTapEnabled= false eligibleForUserAspectRatioButton= false topActivityBoundsLetterboxed= false isFromLetterboxDoubleTap= false topActivityLetterboxVerticalPosition= -1 topActivityLetterboxHorizontalPosition= -1 topActivityLetterboxWidth=-1 topActivityLetterboxHeight=-1 topActivityAppBounds=Rect(0, 152 - 832, 1408) isUserFullscreenOverrideEnabled=false isSystemFullscreenOverrideEnabled=false hasMinAspectRatioOverride=false topActivityLetterboxBounds=null topNonResizableActivityAspectRatio=-1.0} topActivityMainWindowFrame=null isAppBubble=false})
08-01 05:33:23.342  4551  4669 D Variant : , mCornerRadius=Corner{mRadiusTL=0, mRadiusTR=0, mRadiusBL=0, mRadiusBR=0}
08-01 05:33:23.342  4551  4669 D Variant : , mIsLaunchRoot=false
08-01 05:33:23.342  4551  4669 D Variant : , mDisplayId=0
08-01 05:33:23.342  4551  4669 D Variant : , mDecors=Empty}
08-01 05:33:23.342  4551  4669 D Variant : Panel updated: TaskPanel{mId='map_panel
08-01 05:33:23.342  4551  4669 D Variant : , isRooTaskEmpty=false
08-01 05:33:23.342  4551  4669 D Variant : , mBounds=Rect(832, 152 - 2480, 1408)
08-01 05:33:23.342  4551  4669 D Variant : , mAlpha=1.0
08-01 05:33:23.342  4551  4669 D Variant : , mIsVisible=true
08-01 05:33:23.342  4551  4669 D Variant : , rootTaskId=1000004
08-01 05:33:23.342  4551  4669 D Variant : , mRole=null
08-01 05:33:23.342  4551  4669 D Variant : , mLayer=2
08-01 05:33:23.342  4551  4669 D Variant : , mLeash=Surface(name=Task=1000004(map_panel)#54)/@0x96fb1eb
08-01 05:33:23.342  4551  4669 D Variant : , mRootTaskStack=RootTaskStack(id=1000004, displayId=0, leash=Surface(name=Task=1000004(map_panel)#54)/@0x96fb1eb, name=map_panel, rootTaskInfo=TaskInfo{userId=10 taskId=1000004 effectiveUid=0 displayId=0 isRunning=true baseIntent=Intent {  } baseActivity=ComponentInfo{com.google.android.apps.maps/com.google.android.maps.MapsActivity} topActivity=ComponentInfo{com.google.android.apps.maps/com.google.android.maps.MapsActivity} origActivity=null realActivity=null realActivityIsAppLockEnabled=false numActivities=1 lastActiveTime=46727713 supportsMultiWindow=true supportsMultiWindowWithoutConstraints=true resizeMode=2 isResizeable=true minWidth=-1 minHeight=-1 defaultMinSize=220 token=WCT{android.os.BinderProxy@3868b48} topActivityType=1 pictureInPictureParams=null shouldDockBigOverlays=false launchIntoPipHostTaskId=-1 lastParentTaskIdBeforePip=-1 displayCutoutSafeInsets=Rect(0, 0 - 0, 0) topActivityInfo=ActivityInfo{47bc5bd com.google.android.maps.MapsActivity} launchCookies=[android.os.Binder@ac312a9] positionInParent=Point(832, 152) parentTaskId=-1 isFocused=true isInteractive=false isVisible=true isVisibleRequested=false isTopActivityNoDisplay=false isSleeping=false locusId=null displayAreaFeatureId=1 isTopActivityTransparent=false isActivityStackTransparent=false lastNonFullscreenBounds=null leafTaskBoundsFromOptions= false capturedLink=null capturedLinkTimestamp=0 requestedVisibleTypes=503 topActivityRequestOpenInBrowserEducationTimestamp=0 appCompatTaskInfo=AppCompatTaskInfo { topActivityInSizeCompat=false isLeafTask= false eligibleForLetterboxEducation= false isLetterboxEducationEnabled= false isLetterboxDoubleTapEnabled= false eligibleForUserAspectRatioButton= false topActivityBoundsLetterboxed= false isFromLetterboxDoubleTap= false topActivityLetterboxVerticalPosition= -1 topActivityLetterboxHorizontalPosition= -1 topActivityLetterboxWidth=-1 topActivityLetterboxHeight=-1 topActivityAppBounds=Rect(832, 0 - 2528, 1408) isUserFullscreenOverrideEnabled=false isSystemFullscreenOverrideEnabled=false hasMinAspectRatioOverride=false topActivityLetterboxBounds=null topNonResizableActivityAspectRatio=-1.0} topActivityMainWindowFrame=null isAppBubble=false})
08-01 05:33:23.342  4551  4669 D Variant : , mCornerRadius=Corner{mRadiusTL=96, mRadiusTR=96, mRadiusBL=96, mRadiusBR=96}
08-01 05:33:23.342  4551  4669 D Variant : , mIsLaunchRoot=false
08-01 05:33:23.342  4551  4669 D Variant : , mDisplayId=0
08-01 05:33:23.342  4551  4669 D Variant : , mDecors=Empty}
08-01 05:33:23.342  4551  4669 D Variant : Panel updated: TaskPanel{mId='app_panel
08-01 05:33:23.342  4551  4669 D Variant : , isRooTaskEmpty=false
08-01 05:33:23.342  4551  4669 D Variant : , mBounds=Rect(649, 152 - 3209, 1408)
08-01 05:33:23.342  4551  4669 D Variant : , mAlpha=0.7466556
08-01 05:33:23.342  4551  4669 D Variant : , mIsVisible=true
08-01 05:33:23.342  4551  4669 D Variant : , rootTaskId=1000008
08-01 05:33:23.342  4551  4669 D Variant : , mRole=com.android.car.scalableui.model.Role@657aed9
08-01 05:33:23.342  4551  4669 D Variant : , mLayer=100
08-01 05:33:23.342  4551  4669 D Variant : , mLeash=Surface(name=Task=1000008(app_panel)#58)/@0x1676fa7
08-01 05:33:23.342  4551  4669 D Variant : , mRootTaskStack=RootTaskStack(id=1000008, displayId=0, leash=Surface(name=Task=1000008(app_panel)#58)/@0x1676fa7, name=app_panel, rootTaskInfo=TaskInfo{userId=10 taskId=1000008 effectiveUid=0 displayId=0 isRunning=true baseIntent=Intent {  } baseActivity=ComponentInfo{com.tcs.vehicleassistant/com.tcs.vehicleassistant.LocalLLMActivity} topActivity=ComponentInfo{com.tcs.vehicleassistant/com.tcs.vehicleassistant.LocalLLMActivity} origActivity=null realActivity=null realActivityIsAppLockEnabled=false numActivities=1 lastActiveTime=46727764 supportsMultiWindow=true supportsMultiWindowWithoutConstraints=true resizeMode=1 isResizeable=true minWidth=-1 minHeight=-1 defaultMinSize=220 token=WCT{android.os.BinderProxy@f399c54} topActivityType=1 pictureInPictureParams=null shouldDockBigOverlays=false launchIntoPipHostTaskId=-1 lastParentTaskIdBeforePip=-1 displayCutoutSafeInsets=Rect(0, 0 - 0, 0) topActivityInfo=ActivityInfo{3698a29 com.tcs.vehicleassistant.LocalLLMActivity} launchCookies=[android.os.Binder@f4f70c1] positionInParent=Point(0, 152) parentTaskId=-1 isFocused=false isInteractive=false isVisible=true isVisibleRequested=true isTopActivityNoDisplay=false isSleeping=false locusId=null displayAreaFeatureId=1 isTopActivityTransparent=false isActivityStackTransparent=false lastNonFullscreenBounds=null leafTaskBoundsFromOptions= false capturedLink=null capturedLinkTimestamp=0 requestedVisibleTypes=503 topActivityRequestOpenInBrowserEducationTimestamp=0 appCompatTaskInfo=AppCompatTaskInfo { topActivityInSizeCompat=false isLeafTask= false eligibleForLetterboxEducation= false isLetterboxEducationEnabled= false isLetterboxDoubleTapEnabled= false eligibleForUserAspectRatioButton= false topActivityBoundsLetterboxed= false isFromLetterboxDoubleTap= false topActivityLetterboxVerticalPosition= -1 topActivityLetterboxHorizontalPosition= -1 topActivityLetterboxWidth=-1 topActivityLetterboxHeight=-1 topActivityAppBounds=Rect(0, 152 - 2560, 1408) isUserFullscreenOverrideEnabled=false isSystemFullscreenOverrideEnabled=false hasMinAspectRatioOverride=false topActivityLetterboxBounds=null topNonResizableActivityAspectRatio=-1.0} topActivityMainWindowFrame=null isAppBubble=false})
08-01 05:33:23.342  4551  4669 D Variant : , mCornerRadius=Corner{mRadiusTL=0, mRadiusTR=0, mRadiusBL=0, mRadiusBR=0}
08-01 05:33:23.342  4551  4669 D Variant : , mIsLaunchRoot=true
08-01 05:33:23.342  4551  4669 D Variant : , mDisplayId=0
08-01 05:33:23.342  4551  4669 D Variant : , mDecors=Empty}
08-01 05:33:23.342  4551  4669 D PanelTransitionCoordinator: Surface animation progress 0.49476412
08-01 05:33:23.343  4551  4669 D SysUIPanel: update TaskPanel:widget_panel, updateChildren =false, variantnull
08-01 05:33:23.343  4551  4669 D SysUIPanel: update TaskPanel:map_panel, updateChildren =false, variantnull
08-01 05:33:23.343  4551  4669 D SysUIPanel: update TaskPanel:app_panel, updateChildren =false, variantnull
08-01 05:33:23.358  4551  4669 D Variant : Panel updated: TaskPanel{mId='widget_panel
08-01 05:33:23.358  4551  4669 D Variant : , isRooTaskEmpty=false
08-01 05:33:23.358  4551  4669 D Variant : , mBounds=Rect(0, 152 - 832, 1408)
08-01 05:33:23.358  4551  4669 D Variant : , mAlpha=1.0
08-01 05:33:23.358  4551  4669 D Variant : , mIsVisible=true
08-01 05:33:23.358  4551  4669 D Variant : , rootTaskId=1000003
08-01 05:33:23.358  4551  4669 D Variant : , mRole=null
08-01 05:33:23.358  4551  4669 D Variant : , mLayer=2
08-01 05:33:23.358  4551  4669 D Variant : , mLeash=Surface(name=Task=1000003(widget_panel)#52)/@0xd07b1c4
08-01 05:33:23.358  4551  4669 D Variant : , mRootTaskStack=RootTaskStack(id=1000003, displayId=0, leash=Surface(name=Task=1000003(widget_panel)#52)/@0xd07b1c4, name=widget_panel, rootTaskInfo=TaskInfo{userId=10 taskId=1000003 effectiveUid=0 displayId=0 isRunning=true baseIntent=Intent {  } baseActivity=ComponentInfo{com.android.car.carlauncher/com.android.car.carlauncher.WidgetHostActivity} topActivity=ComponentInfo{com.android.car.carlauncher/com.android.car.carlauncher.WidgetHostActivity} origActivity=null realActivity=null realActivityIsAppLockEnabled=false numActivities=1 lastActiveTime=46727694 supportsMultiWindow=true supportsMultiWindowWithoutConstraints=true resizeMode=1 isResizeable=true minWidth=-1 minHeight=-1 defaultMinSize=220 token=WCT{android.os.BinderProxy@60898ad} topActivityType=1 pictureInPictureParams=null shouldDockBigOverlays=false launchIntoPipHostTaskId=-1 lastParentTaskIdBeforePip=-1 displayCutoutSafeInsets=Rect(0, 0 - 0, 0) topActivityInfo=ActivityInfo{b662914 com.android.car.carlauncher.WidgetHostActivity} launchCookies=[android.os.Binder@de5c56] positionInParent=Point(0, 152) parentTaskId=-1 isFocused=false isInteractive=false isVisible=true isVisibleRequested=false isTopActivityNoDisplay=false isSleeping=false locusId=null displayAreaFeatureId=1 isTopActivityTransparent=false isActivityStackTransparent=false lastNonFullscreenBounds=null leafTaskBoundsFromOptions= false capturedLink=null capturedLinkTimestamp=0 requestedVisibleTypes=503 topActivityRequestOpenInBrowserEducationTimestamp=0 appCompatTaskInfo=AppCompatTaskInfo { topActivityInSizeCompat=false isLeafTask= false eligibleForLetterboxEducation= false isLetterboxEducationEnabled= false isLetterboxDoubleTapEnabled= false eligibleForUserAspectRatioButton= false topActivityBoundsLetterboxed= false isFromLetterboxDoubleTap= false topActivityLetterboxVerticalPosition= -1 topActivityLetterboxHorizontalPosition= -1 topActivityLetterboxWidth=-1 topActivityLetterboxHeight=-1 topActivityAppBounds=Rect(0, 152 - 832, 1408) isUserFullscreenOverrideEnabled=false isSystemFullscreenOverrideEnabled=false hasMinAspectRatioOverride=false topActivityLetterboxBounds=null topNonResizableActivityAspectRatio=-1.0} topActivityMainWindowFrame=null isAppBubble=false})
08-01 05:33:23.358  4551  4669 D Variant : , mCornerRadius=Corner{mRadiusTL=0, mRadiusTR=0, mRadiusBL=0, mRadiusBR=0}
08-01 05:33:23.358  4551  4669 D Variant : , mIsLaunchRoot=false
08-01 05:33:23.358  4551  4669 D Variant : , mDisplayId=0
08-01 05:33:23.358  4551  4669 D Variant : , mDecors=Empty}
08-01 05:33:23.359  4551  4669 D Variant : Panel updated: TaskPanel{mId='map_panel
08-01 05:33:23.359  4551  4669 D Variant : , isRooTaskEmpty=false
08-01 05:33:23.359  4551  4669 D Variant : , mBounds=Rect(832, 152 - 2480, 1408)
08-01 05:33:23.359  4551  4669 D Variant : , mAlpha=1.0
08-01 05:33:23.359  4551  4669 D Variant : , mIsVisible=true
08-01 05:33:23.359  4551  4669 D Variant : , rootTaskId=1000004
08-01 05:33:23.359  4551  4669 D Variant : , mRole=null
08-01 05:33:23.359  4551  4669 D Variant : , mLayer=2
08-01 05:33:23.359  4551  4669 D Variant : , mLeash=Surface(name=Task=1000004(map_panel)#54)/@0x96fb1eb
08-01 05:33:23.359  4551  4669 D Variant : , mRootTaskStack=RootTaskStack(id=1000004, displayId=0, leash=Surface(name=Task=1000004(map_panel)#54)/@0x96fb1eb, name=map_panel, rootTaskInfo=TaskInfo{userId=10 taskId=1000004 effectiveUid=0 displayId=0 isRunning=true baseIntent=Intent {  } baseActivity=ComponentInfo{com.google.android.apps.maps/com.google.android.maps.MapsActivity} topActivity=ComponentInfo{com.google.android.apps.maps/com.google.android.maps.MapsActivity} origActivity=null realActivity=null realActivityIsAppLockEnabled=false numActivities=1 lastActiveTime=46727713 supportsMultiWindow=true supportsMultiWindowWithoutConstraints=true resizeMode=2 isResizeable=true minWidth=-1 minHeight=-1 defaultMinSize=220 token=WCT{android.os.BinderProxy@3868b48} topActivityType=1 pictureInPictureParams=null shouldDockBigOverlays=false launchIntoPipHostTaskId=-1 lastParentTaskIdBeforePip=-1 displayCutoutSafeInsets=Rect(0, 0 - 0, 0) topActivityInfo=ActivityInfo{47bc5bd com.google.android.maps.MapsActivity} launchCookies=[android.os.Binder@ac312a9] positionInParent=Point(832, 152) parentTaskId=-1 isFocused=true isInteractive=false isVisible=true isVisibleRequested=false isTopActivityNoDisplay=false isSleeping=false locusId=null displayAreaFeatureId=1 isTopActivityTransparent=false isActivityStackTransparent=false lastNonFullscreenBounds=null leafTaskBoundsFromOptions= false capturedLink=null capturedLinkTimestamp=0 requestedVisibleTypes=503 topActivityRequestOpenInBrowserEducationTimestamp=0 appCompatTaskInfo=AppCompatTaskInfo { topActivityInSizeCompat=false isLeafTask= false eligibleForLetterboxEducation= false isLetterboxEducationEnabled= false isLetterboxDoubleTapEnabled= false eligibleForUserAspectRatioButton= false topActivityBoundsLetterboxed= false isFromLetterboxDoubleTap= false topActivityLetterboxVerticalPosition= -1 topActivityLetterboxHorizontalPosition= -1 topActivityLetterboxWidth=-1 topActivityLetterboxHeight=-1 topActivityAppBounds=Rect(832, 0 - 2528, 1408) isUserFullscreenOverrideEnabled=false isSystemFullscreenOverrideEnabled=false hasMinAspectRatioOverride=false topActivityLetterboxBounds=null topNonResizableActivityAspectRatio=-1.0} topActivityMainWindowFrame=null isAppBubble=false})
08-01 05:33:23.359  4551  4669 D Variant : , mCornerRadius=Corner{mRadiusTL=96, mRadiusTR=96, mRadiusBL=96, mRadiusBR=96}
08-01 05:33:23.359  4551  4669 D Variant : , mIsLaunchRoot=false
08-01 05:33:23.359  4551  4669 D Variant : , mDisplayId=0
08-01 05:33:23.359  4551  4669 D Variant : , mDecors=Empty}
08-01 05:33:23.359  4551  4669 D Variant : Panel updated: TaskPanel{mId='app_panel
08-01 05:33:23.359  4551  4669 D Variant : , isRooTaskEmpty=false
08-01 05:33:23.359  4551  4669 D Variant : , mBounds=Rect(511, 152 - 3071, 1408)
08-01 05:33:23.359  4551  4669 D Variant : , mAlpha=0.8004889
08-01 05:33:23.359  4551  4669 D Variant : , mIsVisible=true
08-01 05:33:23.359  4551  4669 D Variant : , rootTaskId=1000008
08-01 05:33:23.359  4551  4669 D Variant : , mRole=com.android.car.scalableui.model.Role@657aed9
08-01 05:33:23.359  4551  4669 D Variant : , mLayer=100
08-01 05:33:23.359  4551  4669 D Variant : , mLeash=Surface(name=Task=1000008(app_panel)#58)/@0x1676fa7
08-01 05:33:23.359  4551  4669 D Variant : , mRootTaskStack=RootTaskStack(id=1000008, displayId=0, leash=Surface(name=Task=1000008(app_panel)#58)/@0x1676fa7, name=app_panel, rootTaskInfo=TaskInfo{userId=10 taskId=1000008 effectiveUid=0 displayId=0 isRunning=true baseIntent=Intent {  } baseActivity=ComponentInfo{com.tcs.vehicleassistant/com.tcs.vehicleassistant.LocalLLMActivity} topActivity=ComponentInfo{com.tcs.vehicleassistant/com.tcs.vehicleassistant.LocalLLMActivity} origActivity=null realActivity=null realActivityIsAppLockEnabled=false numActivities=1 lastActiveTime=46727764 supportsMultiWindow=true supportsMultiWindowWithoutConstraints=true resizeMode=1 isResizeable=true minWidth=-1 minHeight=-1 defaultMinSize=220 token=WCT{android.os.BinderProxy@f399c54} topActivityType=1 pictureInPictureParams=null shouldDockBigOverlays=false launchIntoPipHostTaskId=-1 lastParentTaskIdBeforePip=-1 displayCutoutSafeInsets=Rect(0, 0 - 0, 0) topActivityInfo=ActivityInfo{3698a29 com.tcs.vehicleassistant.LocalLLMActivity} launchCookies=[android.os.Binder@f4f70c1] positionInParent=Point(0, 152) parentTaskId=-1 isFocused=false isInteractive=false isVisible=true isVisibleRequested=true isTopActivityNoDisplay=false isSleeping=false locusId=null displayAreaFeatureId=1 isTopActivityTransparent=false isActivityStackTransparent=false lastNonFullscreenBounds=null leafTaskBoundsFromOptions= false capturedLink=null capturedLinkTimestamp=0 requestedVisibleTypes=503 topActivityRequestOpenInBrowserEducationTimestamp=0 appCompatTaskInfo=AppCompatTaskInfo { topActivityInSizeCompat=false isLeafTask= false eligibleForLetterboxEducation= false isLetterboxEducationEnabled= false isLetterboxDoubleTapEnabled= false eligibleForUserAspectRatioButton= false topActivityBoundsLetterboxed= false isFromLetterboxDoubleTap= false topActivityLetterboxVerticalPosition= -1 topActivityLetterboxHorizontalPosition= -1 topActivityLetterboxWidth=-1 topActivityLetterboxHeight=-1 topActivityAppBounds=Rect(0, 152 - 2560, 1408) isUserFullscreenOverrideEnabled=false isSystemFullscreenOverrideEnabled=false hasMinAspectRatioOverride=false topActivityLetterboxBounds=null topNonResizableActivityAspectRatio=-1.0} topActivityMainWindowFrame=null isAppBubble=false})
08-01 05:33:23.359  4551  4669 D Variant : , mCornerRadius=Corner{mRadiusTL=0, mRadiusTR=0, mRadiusBL=0, mRadiusBR=0}
08-01 05:33:23.359  4551  4669 D Variant : , mIsLaunchRoot=true
08-01 05:33:23.359  4551  4669 D Variant : , mDisplayId=0
08-01 05:33:23.359  4551  4669 D Variant : , mDecors=Empty}
08-01 05:33:23.359  4551  4669 D PanelTransitionCoordinator: Surface animation progress 0.5833843
08-01 05:33:23.359  4551  4669 D SysUIPanel: update TaskPanel:widget_panel, updateChildren =false, variantnull
08-01 05:33:23.359  4551  4669 D SysUIPanel: update TaskPanel:map_panel, updateChildren =false, variantnull
08-01 05:33:23.359  4551  4669 D SysUIPanel: update TaskPanel:app_panel, updateChildren =false, variantnull
08-01 05:33:23.375  4551  4669 D Variant : Panel updated: TaskPanel{mId='widget_panel
08-01 05:33:23.375  4551  4669 D Variant : , isRooTaskEmpty=false
08-01 05:33:23.375  4551  4669 D Variant : , mBounds=Rect(0, 152 - 832, 1408)
08-01 05:33:23.375  4551  4669 D Variant : , mAlpha=1.0
08-01 05:33:23.375  4551  4669 D Variant : , mIsVisible=true
08-01 05:33:23.375  4551  4669 D Variant : , rootTaskId=1000003
08-01 05:33:23.375  4551  4669 D Variant : , mRole=null
08-01 05:33:23.375  4551  4669 D Variant : , mLayer=2
08-01 05:33:23.375  4551  4669 D Variant : , mLeash=Surface(name=Task=1000003(widget_panel)#52)/@0xd07b1c4
08-01 05:33:23.375  4551  4669 D Variant : , mRootTaskStack=RootTaskStack(id=1000003, displayId=0, leash=Surface(name=Task=1000003(widget_panel)#52)/@0xd07b1c4, name=widget_panel, rootTaskInfo=TaskInfo{userId=10 taskId=1000003 effectiveUid=0 displayId=0 isRunning=true baseIntent=Intent {  } baseActivity=ComponentInfo{com.android.car.carlauncher/com.android.car.carlauncher.WidgetHostActivity} topActivity=ComponentInfo{com.android.car.carlauncher/com.android.car.carlauncher.WidgetHostActivity} origActivity=null realActivity=null realActivityIsAppLockEnabled=false numActivities=1 lastActiveTime=46727694 supportsMultiWindow=true supportsMultiWindowWithoutConstraints=true resizeMode=1 isResizeable=true minWidth=-1 minHeight=-1 defaultMinSize=220 token=WCT{android.os.BinderProxy@60898ad} topActivityType=1 pictureInPictureParams=null shouldDockBigOverlays=false launchIntoPipHostTaskId=-1 lastParentTaskIdBeforePip=-1 displayCutoutSafeInsets=Rect(0, 0 - 0, 0) topActivityInfo=ActivityInfo{b662914 com.android.car.carlauncher.WidgetHostActivity} launchCookies=[android.os.Binder@de5c56] positionInParent=Point(0, 152) parentTaskId=-1 isFocused=false isInteractive=false isVisible=true isVisibleRequested=false isTopActivityNoDisplay=false isSleeping=false locusId=null displayAreaFeatureId=1 isTopActivityTransparent=false isActivityStackTransparent=false lastNonFullscreenBounds=null leafTaskBoundsFromOptions= false capturedLink=null capturedLinkTimestamp=0 requestedVisibleTypes=503 topActivityRequestOpenInBrowserEducationTimestamp=0 appCompatTaskInfo=AppCompatTaskInfo { topActivityInSizeCompat=false isLeafTask= false eligibleForLetterboxEducation= false isLetterboxEducationEnabled= false isLetterboxDoubleTapEnabled= false eligibleForUserAspectRatioButton= false topActivityBoundsLetterboxed= false isFromLetterboxDoubleTap= false topActivityLetterboxVerticalPosition= -1 topActivityLetterboxHorizontalPosition= -1 topActivityLetterboxWidth=-1 topActivityLetterboxHeight=-1 topActivityAppBounds=Rect(0, 152 - 832, 1408) isUserFullscreenOverrideEnabled=false isSystemFullscreenOverrideEnabled=false hasMinAspectRatioOverride=false topActivityLetterboxBounds=null topNonResizableActivityAspectRatio=-1.0} topActivityMainWindowFrame=null isAppBubble=false})
08-01 05:33:23.375  4551  4669 D Variant : , mCornerRadius=Corner{mRadiusTL=0, mRadiusTR=0, mRadiusBL=0, mRadiusBR=0}
08-01 05:33:23.375  4551  4669 D Variant : , mIsLaunchRoot=false
08-01 05:33:23.375  4551  4669 D Variant : , mDisplayId=0
08-01 05:33:23.375  4551  4669 D Variant : , mDecors=Empty}
08-01 05:33:23.375  4551  4669 D Variant : Panel updated: TaskPanel{mId='map_panel
08-01 05:33:23.375  4551  4669 D Variant : , isRooTaskEmpty=false
08-01 05:33:23.375  4551  4669 D Variant : , mBounds=Rect(832, 152 - 2480, 1408)
08-01 05:33:23.375  4551  4669 D Variant : , mAlpha=1.0
08-01 05:33:23.375  4551  4669 D Variant : , mIsVisible=true
08-01 05:33:23.375  4551  4669 D Variant : , rootTaskId=1000004
08-01 05:33:23.375  4551  4669 D Variant : , mRole=null
08-01 05:33:23.375  4551  4669 D Variant : , mLayer=2
08-01 05:33:23.375  4551  4669 D Variant : , mLeash=Surface(name=Task=1000004(map_panel)#54)/@0x96fb1eb
08-01 05:33:23.375  4551  4669 D Variant : , mRootTaskStack=RootTaskStack(id=1000004, displayId=0, leash=Surface(name=Task=1000004(map_panel)#54)/@0x96fb1eb, name=map_panel, rootTaskInfo=TaskInfo{userId=10 taskId=1000004 effectiveUid=0 displayId=0 isRunning=true baseIntent=Intent {  } baseActivity=ComponentInfo{com.google.android.apps.maps/com.google.android.maps.MapsActivity} topActivity=ComponentInfo{com.google.android.apps.maps/com.google.android.maps.MapsActivity} origActivity=null realActivity=null realActivityIsAppLockEnabled=false numActivities=1 lastActiveTime=46727713 supportsMultiWindow=true supportsMultiWindowWithoutConstraints=true resizeMode=2 isResizeable=true minWidth=-1 minHeight=-1 defaultMinSize=220 token=WCT{android.os.BinderProxy@3868b48} topActivityType=1 pictureInPictureParams=null shouldDockBigOverlays=false launchIntoPipHostTaskId=-1 lastParentTaskIdBeforePip=-1 displayCutoutSafeInsets=Rect(0, 0 - 0, 0) topActivityInfo=ActivityInfo{47bc5bd com.google.android.maps.MapsActivity} launchCookies=[android.os.Binder@ac312a9] positionInParent=Point(832, 152) parentTaskId=-1 isFocused=true isInteractive=false isVisible=true isVisibleRequested=false isTopActivityNoDisplay=false isSleeping=false locusId=null displayAreaFeatureId=1 isTopActivityTransparent=false isActivityStackTransparent=false lastNonFullscreenBounds=null leafTaskBoundsFromOptions= false capturedLink=null capturedLinkTimestamp=0 requestedVisibleTypes=503 topActivityRequestOpenInBrowserEducationTimestamp=0 appCompatTaskInfo=AppCompatTaskInfo { topActivityInSizeCompat=false isLeafTask= false eligibleForLetterboxEducation= false isLetterboxEducationEnabled= false isLetterboxDoubleTapEnabled= false eligibleForUserAspectRatioButton= false topActivityBoundsLetterboxed= false isFromLetterboxDoubleTap= false topActivityLetterboxVerticalPosition= -1 topActivityLetterboxHorizontalPosition= -1 topActivityLetterboxWidth=-1 topActivityLetterboxHeight=-1 topActivityAppBounds=Rect(832, 0 - 2528, 1408) isUserFullscreenOverrideEnabled=false isSystemFullscreenOverrideEnabled=false hasMinAspectRatioOverride=false topActivityLetterboxBounds=null topNonResizableActivityAspectRatio=-1.0} topActivityMainWindowFrame=null isAppBubble=false})
08-01 05:33:23.375  4551  4669 D Variant : , mCornerRadius=Corner{mRadiusTL=96, mRadiusTR=96, mRadiusBL=96, mRadiusBR=96}
08-01 05:33:23.375  4551  4669 D Variant : , mIsLaunchRoot=false
08-01 05:33:23.375  4551  4669 D Variant : , mDisplayId=0
08-01 05:33:23.375  4551  4669 D Variant : , mDecors=Empty}
08-01 05:33:23.375  4551  4669 D Variant : Panel updated: TaskPanel{mId='app_panel
08-01 05:33:23.375  4551  4669 D Variant : , isRooTaskEmpty=false
08-01 05:33:23.375  4551  4669 D Variant : , mBounds=Rect(390, 152 - 2950, 1408)
08-01 05:33:23.375  4551  4669 D Variant : , mAlpha=0.84790003
08-01 05:33:23.375  4551  4669 D Variant : , mIsVisible=true
08-01 05:33:23.375  4551  4669 D Variant : , rootTaskId=1000008
08-01 05:33:23.375  4551  4669 D Variant : , mRole=com.android.car.scalableui.model.Role@657aed9
08-01 05:33:23.375  4551  4669 D Variant : , mLayer=100
08-01 05:33:23.375  4551  4669 D Variant : , mLeash=Surface(name=Task=1000008(app_panel)#58)/@0x1676fa7
08-01 05:33:23.375  4551  4669 D Variant : , mRootTaskStack=RootTaskStack(id=1000008, displayId=0, leash=Surface(name=Task=1000008(app_panel)#58)/@0x1676fa7, name=app_panel, rootTaskInfo=TaskInfo{userId=10 taskId=1000008 effectiveUid=0 displayId=0 isRunning=true baseIntent=Intent {  } baseActivity=ComponentInfo{com.tcs.vehicleassistant/com.tcs.vehicleassistant.LocalLLMActivity} topActivity=ComponentInfo{com.tcs.vehicleassistant/com.tcs.vehicleassistant.LocalLLMActivity} origActivity=null realActivity=null realActivityIsAppLockEnabled=false numActivities=1 lastActiveTime=46727764 supportsMultiWindow=true supportsMultiWindowWithoutConstraints=true resizeMode=1 isResizeable=true minWidth=-1 minHeight=-1 defaultMinSize=220 token=WCT{android.os.BinderProxy@f399c54} topActivityType=1 pictureInPictureParams=null shouldDockBigOverlays=false launchIntoPipHostTaskId=-1 lastParentTaskIdBeforePip=-1 displayCutoutSafeInsets=Rect(0, 0 - 0, 0) topActivityInfo=ActivityInfo{3698a29 com.tcs.vehicleassistant.LocalLLMActivity} launchCookies=[android.os.Binder@f4f70c1] positionInParent=Point(0, 152) parentTaskId=-1 isFocused=false isInteractive=false isVisible=true isVisibleRequested=true isTopActivityNoDisplay=false isSleeping=false locusId=null displayAreaFeatureId=1 isTopActivityTransparent=false isActivityStackTransparent=false lastNonFullscreenBounds=null leafTaskBoundsFromOptions= false capturedLink=null capturedLinkTimestamp=0 requestedVisibleTypes=503 topActivityRequestOpenInBrowserEducationTimestamp=0 appCompatTaskInfo=AppCompatTaskInfo { topActivityInSizeCompat=false isLeafTask= false eligibleForLetterboxEducation= false isLetterboxEducationEnabled= false isLetterboxDoubleTapEnabled= false eligibleForUserAspectRatioButton= false topActivityBoundsLetterboxed= false isFromLetterboxDoubleTap= false topActivityLetterboxVerticalPosition= -1 topActivityLetterboxHorizontalPosition= -1 topActivityLetterboxWidth=-1 topActivityLetterboxHeight=-1 topActivityAppBounds=Rect(0, 152 - 2560, 1408) isUserFullscreenOverrideEnabled=false isSystemFullscreenOverrideEnabled=false hasMinAspectRatioOverride=false topActivityLetterboxBounds=null topNonResizableActivityAspectRatio=-1.0} topActivityMainWindowFrame=null isAppBubble=false})
08-01 05:33:23.375  4551  4669 D Variant : , mCornerRadius=Corner{mRadiusTL=0, mRadiusTR=0, mRadiusBL=0, mRadiusBR=0}
08-01 05:33:23.375  4551  4669 D Variant : , mIsLaunchRoot=true
08-01 05:33:23.375  4551  4669 D Variant : , mDisplayId=0
08-01 05:33:23.375  4551  4669 D Variant : , mDecors=Empty}
08-01 05:33:23.375  4551  4669 D PanelTransitionCoordinator: Surface animation progress 0.669369
08-01 05:33:23.375  4551  4669 D SysUIPanel: update TaskPanel:widget_panel, updateChildren =false, variantnull
08-01 05:33:23.376  4551  4669 D SysUIPanel: update TaskPanel:map_panel, updateChildren =false, variantnull
08-01 05:33:23.376  4551  4669 D SysUIPanel: update TaskPanel:app_panel, updateChildren =false, variantnull
08-01 05:33:23.387  9689  9689 D nativeloader: Configuring clns-9 for other apk /data/app/~~MLw-3f24mvqoMuVZr02KcA==/com.tcs.vehicleassistant-shYHwFB3ZTrpLUSelitLyA==/base.apk. target_sdk_version=34, uses_libraries=libOpenCL.so:libOpenCL-pixel.so, library_path=/data/app/~~MLw-3f24mvqoMuVZr02KcA==/com.tcs.vehicleassistant-shYHwFB3ZTrpLUSelitLyA==/lib/arm64:/data/app/~~MLw-3f24mvqoMuVZr02KcA==/com.tcs.vehicleassistant-shYHwFB3ZTrpLUSelitLyA==/base.apk!/lib/arm64-v8a, permitted_path=/data:/mnt/expand:/data/user/10/com.tcs.vehicleassistant
08-01 05:33:23.392  4551  4669 D Variant : Panel updated: TaskPanel{mId='widget_panel
08-01 05:33:23.392  4551  4669 D Variant : , isRooTaskEmpty=false
08-01 05:33:23.392  4551  4669 D Variant : , mBounds=Rect(0, 152 - 832, 1408)
08-01 05:33:23.392  4551  4669 D Variant : , mAlpha=1.0
08-01 05:33:23.392  4551  4669 D Variant : , mIsVisible=true
08-01 05:33:23.392  4551  4669 D Variant : , rootTaskId=1000003
08-01 05:33:23.392  4551  4669 D Variant : , mRole=null
08-01 05:33:23.392  4551  4669 D Variant : , mLayer=2
08-01 05:33:23.392  4551  4669 D Variant : , mLeash=Surface(name=Task=1000003(widget_panel)#52)/@0xd07b1c4
08-01 05:33:23.392  4551  4669 D Variant : , mRootTaskStack=RootTaskStack(id=1000003, displayId=0, leash=Surface(name=Task=1000003(widget_panel)#52)/@0xd07b1c4, name=widget_panel, rootTaskInfo=TaskInfo{userId=10 taskId=1000003 effectiveUid=0 displayId=0 isRunning=true baseIntent=Intent {  } baseActivity=ComponentInfo{com.android.car.carlauncher/com.android.car.carlauncher.WidgetHostActivity} topActivity=ComponentInfo{com.android.car.carlauncher/com.android.car.carlauncher.WidgetHostActivity} origActivity=null realActivity=null realActivityIsAppLockEnabled=false numActivities=1 lastActiveTime=46727694 supportsMultiWindow=true supportsMultiWindowWithoutConstraints=true resizeMode=1 isResizeable=true minWidth=-1 minHeight=-1 defaultMinSize=220 token=WCT{android.os.BinderProxy@60898ad} topActivityType=1 pictureInPictureParams=null shouldDockBigOverlays=false launchIntoPipHostTaskId=-1 lastParentTaskIdBeforePip=-1 displayCutoutSafeInsets=Rect(0, 0 - 0, 0) topActivityInfo=ActivityInfo{b662914 com.android.car.carlauncher.WidgetHostActivity} launchCookies=[android.os.Binder@de5c56] positionInParent=Point(0, 152) parentTaskId=-1 isFocused=false isInteractive=false isVisible=true isVisibleRequested=false isTopActivityNoDisplay=false isSleeping=false locusId=null displayAreaFeatureId=1 isTopActivityTransparent=false isActivityStackTransparent=false lastNonFullscreenBounds=null leafTaskBoundsFromOptions= false capturedLink=null capturedLinkTimestamp=0 requestedVisibleTypes=503 topActivityRequestOpenInBrowserEducationTimestamp=0 appCompatTaskInfo=AppCompatTaskInfo { topActivityInSizeCompat=false isLeafTask= false eligibleForLetterboxEducation= false isLetterboxEducationEnabled= false isLetterboxDoubleTapEnabled= false eligibleForUserAspectRatioButton= false topActivityBoundsLetterboxed= false isFromLetterboxDoubleTap= false topActivityLetterboxVerticalPosition= -1 topActivityLetterboxHorizontalPosition= -1 topActivityLetterboxWidth=-1 topActivityLetterboxHeight=-1 topActivityAppBounds=Rect(0, 152 - 832, 1408) isUserFullscreenOverrideEnabled=false isSystemFullscreenOverrideEnabled=false hasMinAspectRatioOverride=false topActivityLetterboxBounds=null topNonResizableActivityAspectRatio=-1.0} topActivityMainWindowFrame=null isAppBubble=false})
08-01 05:33:23.392  4551  4669 D Variant : , mCornerRadius=Corner{mRadiusTL=0, mRadiusTR=0, mRadiusBL=0, mRadiusBR=0}
08-01 05:33:23.392  4551  4669 D Variant : , mIsLaunchRoot=false
08-01 05:33:23.392  4551  4669 D Variant : , mDisplayId=0
08-01 05:33:23.392  4551  4669 D Variant : , mDecors=Empty}
08-01 05:33:23.392  4551  4669 D Variant : Panel updated: TaskPanel{mId='map_panel
08-01 05:33:23.392  4551  4669 D Variant : , isRooTaskEmpty=false
08-01 05:33:23.392  4551  4669 D Variant : , mBounds=Rect(832, 152 - 2480, 1408)
08-01 05:33:23.392  4551  4669 D Variant : , mAlpha=1.0
08-01 05:33:23.392  4551  4669 D Variant : , mIsVisible=true
08-01 05:33:23.392  4551  4669 D Variant : , rootTaskId=1000004
08-01 05:33:23.392  4551  4669 D Variant : , mRole=null
08-01 05:33:23.392  4551  4669 D Variant : , mLayer=2
08-01 05:33:23.392  4551  4669 D Variant : , mLeash=Surface(name=Task=1000004(map_panel)#54)/@0x96fb1eb
08-01 05:33:23.392  4551  4669 D Variant : , mRootTaskStack=RootTaskStack(id=1000004, displayId=0, leash=Surface(name=Task=1000004(map_panel)#54)/@0x96fb1eb, name=map_panel, rootTaskInfo=TaskInfo{userId=10 taskId=1000004 effectiveUid=0 displayId=0 isRunning=true baseIntent=Intent {  } baseActivity=ComponentInfo{com.google.android.apps.maps/com.google.android.maps.MapsActivity} topActivity=ComponentInfo{com.google.android.apps.maps/com.google.android.maps.MapsActivity} origActivity=null realActivity=null realActivityIsAppLockEnabled=false numActivities=1 lastActiveTime=46727713 supportsMultiWindow=true supportsMultiWindowWithoutConstraints=true resizeMode=2 isResizeable=true minWidth=-1 minHeight=-1 defaultMinSize=220 token=WCT{android.os.BinderProxy@3868b48} topActivityType=1 pictureInPictureParams=null shouldDockBigOverlays=false launchIntoPipHostTaskId=-1 lastParentTaskIdBeforePip=-1 displayCutoutSafeInsets=Rect(0, 0 - 0, 0) topActivityInfo=ActivityInfo{47bc5bd com.google.android.maps.MapsActivity} launchCookies=[android.os.Binder@ac312a9] positionInParent=Point(832, 152) parentTaskId=-1 isFocused=true isInteractive=false isVisible=true isVisibleRequested=false isTopActivityNoDisplay=false isSleeping=false locusId=null displayAreaFeatureId=1 isTopActivityTransparent=false isActivityStackTransparent=false lastNonFullscreenBounds=null leafTaskBoundsFromOptions= false capturedLink=null capturedLinkTimestamp=0 requestedVisibleTypes=503 topActivityRequestOpenInBrowserEducationTimestamp=0 appCompatTaskInfo=AppCompatTaskInfo { topActivityInSizeCompat=false isLeafTask= false eligibleForLetterboxEducation= false isLetterboxEducationEnabled= false isLetterboxDoubleTapEnabled= false eligibleForUserAspectRatioButton= false topActivityBoundsLetterboxed= false isFromLetterboxDoubleTap= false topActivityLetterboxVerticalPosition= -1 topActivityLetterboxHorizontalPosition= -1 topActivityLetterboxWidth=-1 topActivityLetterboxHeight=-1 topActivityAppBounds=Rect(832, 0 - 2528, 1408) isUserFullscreenOverrideEnabled=false isSystemFullscreenOverrideEnabled=false hasMinAspectRatioOverride=false topActivityLetterboxBounds=null topNonResizableActivityAspectRatio=-1.0} topActivityMainWindowFrame=null isAppBubble=false})
08-01 05:33:23.392  4551  4669 D Variant : , mCornerRadius=Corner{mRadiusTL=96, mRadiusTR=96, mRadiusBL=96, mRadiusBR=96}
08-01 05:33:23.392  4551  4669 D Variant : , mIsLaunchRoot=false
08-01 05:33:23.392  4551  4669 D Variant : , mDisplayId=0
08-01 05:33:23.392  4551  4669 D Variant : , mDecors=Empty}
08-01 05:33:23.392  4551  4669 D Variant : Panel updated: TaskPanel{mId='app_panel
08-01 05:33:23.392  4551  4669 D Variant : , isRooTaskEmpty=false
08-01 05:33:23.392  4551  4669 D Variant : , mBounds=Rect(291, 152 - 2851, 1408)
08-01 05:33:23.392  4551  4669 D Variant : , mAlpha=0.88665557
08-01 05:33:23.392  4551  4669 D Variant : , mIsVisible=true
08-01 05:33:23.392  4551  4669 D Variant : , rootTaskId=1000008
08-01 05:33:23.392  4551  4669 D Variant : , mRole=com.android.car.scalableui.model.Role@657aed9
08-01 05:33:23.392  4551  4669 D Variant : , mLayer=100
08-01 05:33:23.392  4551  4669 D Variant : , mLeash=Surface(name=Task=1000008(app_panel)#58)/@0x1676fa7
08-01 05:33:23.392  4551  4669 D Variant : , mRootTaskStack=RootTaskStack(id=1000008, displayId=0, leash=Surface(name=Task=1000008(app_panel)#58)/@0x1676fa7, name=app_panel, rootTaskInfo=TaskInfo{userId=10 taskId=1000008 effectiveUid=0 displayId=0 isRunning=true baseIntent=Intent {  } baseActivity=ComponentInfo{com.tcs.vehicleassistant/com.tcs.vehicleassistant.LocalLLMActivity} topActivity=ComponentInfo{com.tcs.vehicleassistant/com.tcs.vehicleassistant.LocalLLMActivity} origActivity=null realActivity=null realActivityIsAppLockEnabled=false numActivities=1 lastActiveTime=46727764 supportsMultiWindow=true supportsMultiWindowWithoutConstraints=true resizeMode=1 isResizeable=true minWidth=-1 minHeight=-1 defaultMinSize=220 token=WCT{android.os.BinderProxy@f399c54} topActivityType=1 pictureInPictureParams=null shouldDockBigOverlays=false launchIntoPipHostTaskId=-1 lastParentTaskIdBeforePip=-1 displayCutoutSafeInsets=Rect(0, 0 - 0, 0) topActivityInfo=ActivityInfo{3698a29 com.tcs.vehicleassistant.LocalLLMActivity} launchCookies=[android.os.Binder@f4f70c1] positionInParent=Point(0, 152) parentTaskId=-1 isFocused=false isInteractive=false isVisible=true isVisibleRequested=true isTopActivityNoDisplay=false isSleeping=false locusId=null displayAreaFeatureId=1 isTopActivityTransparent=false isActivityStackTransparent=false lastNonFullscreenBounds=null leafTaskBoundsFromOptions= false capturedLink=null capturedLinkTimestamp=0 requestedVisibleTypes=503 topActivityRequestOpenInBrowserEducationTimestamp=0 appCompatTaskInfo=AppCompatTaskInfo { topActivityInSizeCompat=false isLeafTask= false eligibleForLetterboxEducation= false isLetterboxEducationEnabled= false isLetterboxDoubleTapEnabled= false eligibleForUserAspectRatioButton= false topActivityBoundsLetterboxed= false isFromLetterboxDoubleTap= false topActivityLetterboxVerticalPosition= -1 topActivityLetterboxHorizontalPosition= -1 topActivityLetterboxWidth=-1 topActivityLetterboxHeight=-1 topActivityAppBounds=Rect(0, 152 - 2560, 1408) isUserFullscreenOverrideEnabled=false isSystemFullscreenOverrideEnabled=false hasMinAspectRatioOverride=false topActivityLetterboxBounds=null topNonResizableActivityAspectRatio=-1.0} topActivityMainWindowFrame=null isAppBubble=false})
08-01 05:33:23.392  4551  4669 D Variant : , mCornerRadius=Corner{mRadiusTL=0, mRadiusTR=0, mRadiusBL=0, mRadiusBR=0}
08-01 05:33:23.392  4551  4669 D Variant : , mIsLaunchRoot=true
08-01 05:33:23.392  4551  4669 D Variant : , mDisplayId=0
08-01 05:33:23.392  4551  4669 D Variant : , mDecors=Empty}
08-01 05:33:23.392  4551  4669 D PanelTransitionCoordinator: Surface animation progress 0.745452
08-01 05:33:23.393  4551  4669 D SysUIPanel: update TaskPanel:widget_panel, updateChildren =false, variantnull
08-01 05:33:23.393  4551  4669 D SysUIPanel: update TaskPanel:map_panel, updateChildren =false, variantnull
08-01 05:33:23.393  4551  4669 D SysUIPanel: update TaskPanel:app_panel, updateChildren =false, variantnull
08-01 05:33:23.408  4551  4669 D Variant : Panel updated: TaskPanel{mId='widget_panel
08-01 05:33:23.408  4551  4669 D Variant : , isRooTaskEmpty=false
08-01 05:33:23.408  4551  4669 D Variant : , mBounds=Rect(0, 152 - 832, 1408)
08-01 05:33:23.408  4551  4669 D Variant : , mAlpha=1.0
08-01 05:33:23.408  4551  4669 D Variant : , mIsVisible=true
08-01 05:33:23.408  4551  4669 D Variant : , rootTaskId=1000003
08-01 05:33:23.408  4551  4669 D Variant : , mRole=null
08-01 05:33:23.408  4551  4669 D Variant : , mLayer=2
08-01 05:33:23.408  4551  4669 D Variant : , mLeash=Surface(name=Task=1000003(widget_panel)#52)/@0xd07b1c4
08-01 05:33:23.408  4551  4669 D Variant : , mRootTaskStack=RootTaskStack(id=1000003, displayId=0, leash=Surface(name=Task=1000003(widget_panel)#52)/@0xd07b1c4, name=widget_panel, rootTaskInfo=TaskInfo{userId=10 taskId=1000003 effectiveUid=0 displayId=0 isRunning=true baseIntent=Intent {  } baseActivity=ComponentInfo{com.android.car.carlauncher/com.android.car.carlauncher.WidgetHostActivity} topActivity=ComponentInfo{com.android.car.carlauncher/com.android.car.carlauncher.WidgetHostActivity} origActivity=null realActivity=null realActivityIsAppLockEnabled=false numActivities=1 lastActiveTime=46727694 supportsMultiWindow=true supportsMultiWindowWithoutConstraints=true resizeMode=1 isResizeable=true minWidth=-1 minHeight=-1 defaultMinSize=220 token=WCT{android.os.BinderProxy@60898ad} topActivityType=1 pictureInPictureParams=null shouldDockBigOverlays=false launchIntoPipHostTaskId=-1 lastParentTaskIdBeforePip=-1 displayCutoutSafeInsets=Rect(0, 0 - 0, 0) topActivityInfo=ActivityInfo{b662914 com.android.car.carlauncher.WidgetHostActivity} launchCookies=[android.os.Binder@de5c56] positionInParent=Point(0, 152) parentTaskId=-1 isFocused=false isInteractive=false isVisible=true isVisibleRequested=false isTopActivityNoDisplay=false isSleeping=false locusId=null displayAreaFeatureId=1 isTopActivityTransparent=false isActivityStackTransparent=false lastNonFullscreenBounds=null leafTaskBoundsFromOptions= false capturedLink=null capturedLinkTimestamp=0 requestedVisibleTypes=503 topActivityRequestOpenInBrowserEducationTimestamp=0 appCompatTaskInfo=AppCompatTaskInfo { topActivityInSizeCompat=false isLeafTask= false eligibleForLetterboxEducation= false isLetterboxEducationEnabled= false isLetterboxDoubleTapEnabled= false eligibleForUserAspectRatioButton= false topActivityBoundsLetterboxed= false isFromLetterboxDoubleTap= false topActivityLetterboxVerticalPosition= -1 topActivityLetterboxHorizontalPosition= -1 topActivityLetterboxWidth=-1 topActivityLetterboxHeight=-1 topActivityAppBounds=Rect(0, 152 - 832, 1408) isUserFullscreenOverrideEnabled=false isSystemFullscreenOverrideEnabled=false hasMinAspectRatioOverride=false topActivityLetterboxBounds=null topNonResizableActivityAspectRatio=-1.0} topActivityMainWindowFrame=null isAppBubble=false})
08-01 05:33:23.408  4551  4669 D Variant : , mCornerRadius=Corner{mRadiusTL=0, mRadiusTR=0, mRadiusBL=0, mRadiusBR=0}
08-01 05:33:23.408  4551  4669 D Variant : , mIsLaunchRoot=false
08-01 05:33:23.408  4551  4669 D Variant : , mDisplayId=0
08-01 05:33:23.408  4551  4669 D Variant : , mDecors=Empty}
08-01 05:33:23.409  4551  4669 D Variant : Panel updated: TaskPanel{mId='map_panel
08-01 05:33:23.409  4551  4669 D Variant : , isRooTaskEmpty=false
08-01 05:33:23.409  4551  4669 D Variant : , mBounds=Rect(832, 152 - 2480, 1408)
08-01 05:33:23.409  4551  4669 D Variant : , mAlpha=1.0
08-01 05:33:23.409  4551  4669 D Variant : , mIsVisible=true
08-01 05:33:23.409  4551  4669 D Variant : , rootTaskId=1000004
08-01 05:33:23.409  4551  4669 D Variant : , mRole=null
08-01 05:33:23.409  4551  4669 D Variant : , mLayer=2
08-01 05:33:23.409  4551  4669 D Variant : , mLeash=Surface(name=Task=1000004(map_panel)#54)/@0x96fb1eb
08-01 05:33:23.409  4551  4669 D Variant : , mRootTaskStack=RootTaskStack(id=1000004, displayId=0, leash=Surface(name=Task=1000004(map_panel)#54)/@0x96fb1eb, name=map_panel, rootTaskInfo=TaskInfo{userId=10 taskId=1000004 effectiveUid=0 displayId=0 isRunning=true baseIntent=Intent {  } baseActivity=ComponentInfo{com.google.android.apps.maps/com.google.android.maps.MapsActivity} topActivity=ComponentInfo{com.google.android.apps.maps/com.google.android.maps.MapsActivity} origActivity=null realActivity=null realActivityIsAppLockEnabled=false numActivities=1 lastActiveTime=46727713 supportsMultiWindow=true supportsMultiWindowWithoutConstraints=true resizeMode=2 isResizeable=true minWidth=-1 minHeight=-1 defaultMinSize=220 token=WCT{android.os.BinderProxy@3868b48} topActivityType=1 pictureInPictureParams=null shouldDockBigOverlays=false launchIntoPipHostTaskId=-1 lastParentTaskIdBeforePip=-1 displayCutoutSafeInsets=Rect(0, 0 - 0, 0) topActivityInfo=ActivityInfo{47bc5bd com.google.android.maps.MapsActivity} launchCookies=[android.os.Binder@ac312a9] positionInParent=Point(832, 152) parentTaskId=-1 isFocused=true isInteractive=false isVisible=true isVisibleRequested=false isTopActivityNoDisplay=false isSleeping=false locusId=null displayAreaFeatureId=1 isTopActivityTransparent=false isActivityStackTransparent=false lastNonFullscreenBounds=null leafTaskBoundsFromOptions= false capturedLink=null capturedLinkTimestamp=0 requestedVisibleTypes=503 topActivityRequestOpenInBrowserEducationTimestamp=0 appCompatTaskInfo=AppCompatTaskInfo { topActivityInSizeCompat=false isLeafTask= false eligibleForLetterboxEducation= false isLetterboxEducationEnabled= false isLetterboxDoubleTapEnabled= false eligibleForUserAspectRatioButton= false topActivityBoundsLetterboxed= false isFromLetterboxDoubleTap= false topActivityLetterboxVerticalPosition= -1 topActivityLetterboxHorizontalPosition= -1 topActivityLetterboxWidth=-1 topActivityLetterboxHeight=-1 topActivityAppBounds=Rect(832, 0 - 2528, 1408) isUserFullscreenOverrideEnabled=false isSystemFullscreenOverrideEnabled=false hasMinAspectRatioOverride=false topActivityLetterboxBounds=null topNonResizableActivityAspectRatio=-1.0} topActivityMainWindowFrame=null isAppBubble=false})
08-01 05:33:23.409  4551  4669 D Variant : , mCornerRadius=Corner{mRadiusTL=96, mRadiusTR=96, mRadiusBL=96, mRadiusBR=96}
08-01 05:33:23.409  4551  4669 D Variant : , mIsLaunchRoot=false
08-01 05:33:23.409  4551  4669 D Variant : , mDisplayId=0
08-01 05:33:23.409  4551  4669 D Variant : , mDecors=Empty}
08-01 05:33:23.409  4551  4669 D Variant : Panel updated: TaskPanel{mId='app_panel
08-01 05:33:23.409  4551  4669 D Variant : , isRooTaskEmpty=false
08-01 05:33:23.409  4551  4669 D Variant : , mBounds=Rect(201, 152 - 2761, 1408)
08-01 05:33:23.409  4551  4669 D Variant : , mAlpha=0.9216
08-01 05:33:23.409  4551  4669 D Variant : , mIsVisible=true
08-01 05:33:23.409  4551  4669 D Variant : , rootTaskId=1000008
08-01 05:33:23.409  4551  4669 D Variant : , mRole=com.android.car.scalableui.model.Role@657aed9
08-01 05:33:23.409  4551  4669 D Variant : , mLayer=100
08-01 05:33:23.409  4551  4669 D Variant : , mLeash=Surface(name=Task=1000008(app_panel)#58)/@0x1676fa7
08-01 05:33:23.409  4551  4669 D Variant : , mRootTaskStack=RootTaskStack(id=1000008, displayId=0, leash=Surface(name=Task=1000008(app_panel)#58)/@0x1676fa7, name=app_panel, rootTaskInfo=TaskInfo{userId=10 taskId=1000008 effectiveUid=0 displayId=0 isRunning=true baseIntent=Intent {  } baseActivity=ComponentInfo{com.tcs.vehicleassistant/com.tcs.vehicleassistant.LocalLLMActivity} topActivity=ComponentInfo{com.tcs.vehicleassistant/com.tcs.vehicleassistant.LocalLLMActivity} origActivity=null realActivity=null realActivityIsAppLockEnabled=false numActivities=1 lastActiveTime=46727764 supportsMultiWindow=true supportsMultiWindowWithoutConstraints=true resizeMode=1 isResizeable=true minWidth=-1 minHeight=-1 defaultMinSize=220 token=WCT{android.os.BinderProxy@f399c54} topActivityType=1 pictureInPictureParams=null shouldDockBigOverlays=false launchIntoPipHostTaskId=-1 lastParentTaskIdBeforePip=-1 displayCutoutSafeInsets=Rect(0, 0 - 0, 0) topActivityInfo=ActivityInfo{3698a29 com.tcs.vehicleassistant.LocalLLMActivity} launchCookies=[android.os.Binder@f4f70c1] positionInParent=Point(0, 152) parentTaskId=-1 isFocused=false isInteractive=false isVisible=true isVisibleRequested=true isTopActivityNoDisplay=false isSleeping=false locusId=null displayAreaFeatureId=1 isTopActivityTransparent=false isActivityStackTransparent=false lastNonFullscreenBounds=null leafTaskBoundsFromOptions= false capturedLink=null capturedLinkTimestamp=0 requestedVisibleTypes=503 topActivityRequestOpenInBrowserEducationTimestamp=0 appCompatTaskInfo=AppCompatTaskInfo { topActivityInSizeCompat=false isLeafTask= false eligibleForLetterboxEducation= false isLetterboxEducationEnabled= false isLetterboxDoubleTapEnabled= false eligibleForUserAspectRatioButton= false topActivityBoundsLetterboxed= false isFromLetterboxDoubleTap= false topActivityLetterboxVerticalPosition= -1 topActivityLetterboxHorizontalPosition= -1 topActivityLetterboxWidth=-1 topActivityLetterboxHeight=-1 topActivityAppBounds=Rect(0, 152 - 2560, 1408) isUserFullscreenOverrideEnabled=false isSystemFullscreenOverrideEnabled=false hasMinAspectRatioOverride=false topActivityLetterboxBounds=null topNonResizableActivityAspectRatio=-1.0} topActivityMainWindowFrame=null isAppBubble=false})
08-01 05:33:23.409  4551  4669 D Variant : , mCornerRadius=Corner{mRadiusTL=0, mRadiusTR=0, mRadiusBL=0, mRadiusBR=0}
08-01 05:33:23.409  4551  4669 D Variant : , mIsLaunchRoot=true
08-01 05:33:23.409  4551  4669 D Variant : , mDisplayId=0
08-01 05:33:23.409  4551  4669 D Variant : , mDecors=Empty}
08-01 05:33:23.409  4551  4669 D PanelTransitionCoordinator: Surface animation progress 0.818712
08-01 05:33:23.409  4551  4669 D SysUIPanel: update TaskPanel:widget_panel, updateChildren =false, variantnull
08-01 05:33:23.409  4551  4669 D SysUIPanel: update TaskPanel:map_panel, updateChildren =false, variantnull
08-01 05:33:23.409  4551  4669 D SysUIPanel: update TaskPanel:app_panel, updateChildren =false, variantnull
08-01 05:33:23.425  4551  4669 D Variant : Panel updated: TaskPanel{mId='widget_panel
08-01 05:33:23.425  4551  4669 D Variant : , isRooTaskEmpty=false
08-01 05:33:23.425  4551  4669 D Variant : , mBounds=Rect(0, 152 - 832, 1408)
08-01 05:33:23.425  4551  4669 D Variant : , mAlpha=1.0
08-01 05:33:23.425  4551  4669 D Variant : , mIsVisible=true
08-01 05:33:23.425  4551  4669 D Variant : , rootTaskId=1000003
08-01 05:33:23.425  4551  4669 D Variant : , mRole=null
08-01 05:33:23.425  4551  4669 D Variant : , mLayer=2
08-01 05:33:23.425  4551  4669 D Variant : , mLeash=Surface(name=Task=1000003(widget_panel)#52)/@0xd07b1c4
08-01 05:33:23.425  4551  4669 D Variant : , mRootTaskStack=RootTaskStack(id=1000003, displayId=0, leash=Surface(name=Task=1000003(widget_panel)#52)/@0xd07b1c4, name=widget_panel, rootTaskInfo=TaskInfo{userId=10 taskId=1000003 effectiveUid=0 displayId=0 isRunning=true baseIntent=Intent {  } baseActivity=ComponentInfo{com.android.car.carlauncher/com.android.car.carlauncher.WidgetHostActivity} topActivity=ComponentInfo{com.android.car.carlauncher/com.android.car.carlauncher.WidgetHostActivity} origActivity=null realActivity=null realActivityIsAppLockEnabled=false numActivities=1 lastActiveTime=46727694 supportsMultiWindow=true supportsMultiWindowWithoutConstraints=true resizeMode=1 isResizeable=true minWidth=-1 minHeight=-1 defaultMinSize=220 token=WCT{android.os.BinderProxy@60898ad} topActivityType=1 pictureInPictureParams=null shouldDockBigOverlays=false launchIntoPipHostTaskId=-1 lastParentTaskIdBeforePip=-1 displayCutoutSafeInsets=Rect(0, 0 - 0, 0) topActivityInfo=ActivityInfo{b662914 com.android.car.carlauncher.WidgetHostActivity} launchCookies=[android.os.Binder@de5c56] positionInParent=Point(0, 152) parentTaskId=-1 isFocused=false isInteractive=false isVisible=true isVisibleRequested=false isTopActivityNoDisplay=false isSleeping=false locusId=null displayAreaFeatureId=1 isTopActivityTransparent=false isActivityStackTransparent=false lastNonFullscreenBounds=null leafTaskBoundsFromOptions= false capturedLink=null capturedLinkTimestamp=0 requestedVisibleTypes=503 topActivityRequestOpenInBrowserEducationTimestamp=0 appCompatTaskInfo=AppCompatTaskInfo { topActivityInSizeCompat=false isLeafTask= false eligibleForLetterboxEducation= false isLetterboxEducationEnabled= false isLetterboxDoubleTapEnabled= false eligibleForUserAspectRatioButton= false topActivityBoundsLetterboxed= false isFromLetterboxDoubleTap= false topActivityLetterboxVerticalPosition= -1 topActivityLetterboxHorizontalPosition= -1 topActivityLetterboxWidth=-1 topActivityLetterboxHeight=-1 topActivityAppBounds=Rect(0, 152 - 832, 1408) isUserFullscreenOverrideEnabled=false isSystemFullscreenOverrideEnabled=false hasMinAspectRatioOverride=false topActivityLetterboxBounds=null topNonResizableActivityAspectRatio=-1.0} topActivityMainWindowFrame=null isAppBubble=false})
08-01 05:33:23.425  4551  4669 D Variant : , mCornerRadius=Corner{mRadiusTL=0, mRadiusTR=0, mRadiusBL=0, mRadiusBR=0}
08-01 05:33:23.425  4551  4669 D Variant : , mIsLaunchRoot=false
08-01 05:33:23.425  4551  4669 D Variant : , mDisplayId=0
08-01 05:33:23.425  4551  4669 D Variant : , mDecors=Empty}
08-01 05:33:23.425  4551  4669 D Variant : Panel updated: TaskPanel{mId='map_panel
08-01 05:33:23.425  4551  4669 D Variant : , isRooTaskEmpty=false
08-01 05:33:23.425  4551  4669 D Variant : , mBounds=Rect(832, 152 - 2480, 1408)
08-01 05:33:23.425  4551  4669 D Variant : , mAlpha=1.0
08-01 05:33:23.425  4551  4669 D Variant : , mIsVisible=true
08-01 05:33:23.425  4551  4669 D Variant : , rootTaskId=1000004
08-01 05:33:23.425  4551  4669 D Variant : , mRole=null
08-01 05:33:23.425  4551  4669 D Variant : , mLayer=2
08-01 05:33:23.425  4551  4669 D Variant : , mLeash=Surface(name=Task=1000004(map_panel)#54)/@0x96fb1eb
08-01 05:33:23.425  4551  4669 D Variant : , mRootTaskStack=RootTaskStack(id=1000004, displayId=0, leash=Surface(name=Task=1000004(map_panel)#54)/@0x96fb1eb, name=map_panel, rootTaskInfo=TaskInfo{userId=10 taskId=1000004 effectiveUid=0 displayId=0 isRunning=true baseIntent=Intent {  } baseActivity=ComponentInfo{com.google.android.apps.maps/com.google.android.maps.MapsActivity} topActivity=ComponentInfo{com.google.android.apps.maps/com.google.android.maps.MapsActivity} origActivity=null realActivity=null realActivityIsAppLockEnabled=false numActivities=1 lastActiveTime=46727713 supportsMultiWindow=true supportsMultiWindowWithoutConstraints=true resizeMode=2 isResizeable=true minWidth=-1 minHeight=-1 defaultMinSize=220 token=WCT{android.os.BinderProxy@3868b48} topActivityType=1 pictureInPictureParams=null shouldDockBigOverlays=false launchIntoPipHostTaskId=-1 lastParentTaskIdBeforePip=-1 displayCutoutSafeInsets=Rect(0, 0 - 0, 0) topActivityInfo=ActivityInfo{47bc5bd com.google.android.maps.MapsActivity} launchCookies=[android.os.Binder@ac312a9] positionInParent=Point(832, 152) parentTaskId=-1 isFocused=true isInteractive=false isVisible=true isVisibleRequested=false isTopActivityNoDisplay=false isSleeping=false locusId=null displayAreaFeatureId=1 isTopActivityTransparent=false isActivityStackTransparent=false lastNonFullscreenBounds=null leafTaskBoundsFromOptions= false capturedLink=null capturedLinkTimestamp=0 requestedVisibleTypes=503 topActivityRequestOpenInBrowserEducationTimestamp=0 appCompatTaskInfo=AppCompatTaskInfo { topActivityInSizeCompat=false isLeafTask= false eligibleForLetterboxEducation= false isLetterboxEducationEnabled= false isLetterboxDoubleTapEnabled= false eligibleForUserAspectRatioButton= false topActivityBoundsLetterboxed= false isFromLetterboxDoubleTap= false topActivityLetterboxVerticalPosition= -1 topActivityLetterboxHorizontalPosition= -1 topActivityLetterboxWidth=-1 topActivityLetterboxHeight=-1 topActivityAppBounds=Rect(832, 0 - 2528, 1408) isUserFullscreenOverrideEnabled=false isSystemFullscreenOverrideEnabled=false hasMinAspectRatioOverride=false topActivityLetterboxBounds=null topNonResizableActivityAspectRatio=-1.0} topActivityMainWindowFrame=null isAppBubble=false})
08-01 05:33:23.425  4551  4669 D Variant : , mCornerRadius=Corner{mRadiusTL=96, mRadiusTR=96, mRadiusBL=96, mRadiusBR=96}
08-01 05:33:23.425  4551  4669 D Variant : , mIsLaunchRoot=false
08-01 05:33:23.425  4551  4669 D Variant : , mDisplayId=0
08-01 05:33:23.425  4551  4669 D Variant : , mDecors=Empty}
08-01 05:33:23.425  4551  4669 D Variant : Panel updated: TaskPanel{mId='app_panel
08-01 05:33:23.425  4551  4669 D Variant : , isRooTaskEmpty=false
08-01 05:33:23.425  4551  4669 D Variant : , mBounds=Rect(128, 152 - 2688, 1408)
08-01 05:33:23.425  4551  4669 D Variant : , mAlpha=0.95012224
08-01 05:33:23.425  4551  4669 D Variant : , mIsVisible=true
08-01 05:33:23.425  4551  4669 D Variant : , rootTaskId=1000008
08-01 05:33:23.425  4551  4669 D Variant : , mRole=com.android.car.scalableui.model.Role@657aed9
08-01 05:33:23.425  4551  4669 D Variant : , mLayer=100
08-01 05:33:23.425  4551  4669 D Variant : , mLeash=Surface(name=Task=1000008(app_panel)#58)/@0x1676fa7
08-01 05:33:23.425  4551  4669 D Variant : , mRootTaskStack=RootTaskStack(id=1000008, displayId=0, leash=Surface(name=Task=1000008(app_panel)#58)/@0x1676fa7, name=app_panel, rootTaskInfo=TaskInfo{userId=10 taskId=1000008 effectiveUid=0 displayId=0 isRunning=true baseIntent=Intent {  } baseActivity=ComponentInfo{com.tcs.vehicleassistant/com.tcs.vehicleassistant.LocalLLMActivity} topActivity=ComponentInfo{com.tcs.vehicleassistant/com.tcs.vehicleassistant.LocalLLMActivity} origActivity=null realActivity=null realActivityIsAppLockEnabled=false numActivities=1 lastActiveTime=46727764 supportsMultiWindow=true supportsMultiWindowWithoutConstraints=true resizeMode=1 isResizeable=true minWidth=-1 minHeight=-1 defaultMinSize=220 token=WCT{android.os.BinderProxy@f399c54} topActivityType=1 pictureInPictureParams=null shouldDockBigOverlays=false launchIntoPipHostTaskId=-1 lastParentTaskIdBeforePip=-1 displayCutoutSafeInsets=Rect(0, 0 - 0, 0) topActivityInfo=ActivityInfo{3698a29 com.tcs.vehicleassistant.LocalLLMActivity} launchCookies=[android.os.Binder@f4f70c1] positionInParent=Point(0, 152) parentTaskId=-1 isFocused=false isInteractive=false isVisible=true isVisibleRequested=true isTopActivityNoDisplay=false isSleeping=false locusId=null displayAreaFeatureId=1 isTopActivityTransparent=false isActivityStackTransparent=false lastNonFullscreenBounds=null leafTaskBoundsFromOptions= false capturedLink=null capturedLinkTimestamp=0 requestedVisibleTypes=503 topActivityRequestOpenInBrowserEducationTimestamp=0 appCompatTaskInfo=AppCompatTaskInfo { topActivityInSizeCompat=false isLeafTask= false eligibleForLetterboxEducation= false isLetterboxEducationEnabled= false isLetterboxDoubleTapEnabled= false eligibleForUserAspectRatioButton= false topActivityBoundsLetterboxed= false isFromLetterboxDoubleTap= false topActivityLetterboxVerticalPosition= -1 topActivityLetterboxHorizontalPosition= -1 topActivityLetterboxWidth=-1 topActivityLetterboxHeight=-1 topActivityAppBounds=Rect(0, 152 - 2560, 1408) isUserFullscreenOverrideEnabled=false isSystemFullscreenOverrideEnabled=false hasMinAspectRatioOverride=false topActivityLetterboxBounds=null topNonResizableActivityAspectRatio=-1.0} topActivityMainWindowFrame=null isAppBubble=false})
08-01 05:33:23.425  4551  4669 D Variant : , mCornerRadius=Corner{mRadiusTL=0, mRadiusTR=0, mRadiusBL=0, mRadiusBR=0}
08-01 05:33:23.425  4551  4669 D Variant : , mIsLaunchRoot=true
08-01 05:33:23.425  4551  4669 D Variant : , mDisplayId=0
08-01 05:33:23.425  4551  4669 D Variant : , mDecors=Empty}
08-01 05:33:23.426  4551  4669 D PanelTransitionCoordinator: Surface animation progress 0.881898
08-01 05:33:23.426  4551  4669 D SysUIPanel: update TaskPanel:widget_panel, updateChildren =false, variantnull
08-01 05:33:23.426  4551  4669 D SysUIPanel: update TaskPanel:map_panel, updateChildren =false, variantnull
08-01 05:33:23.426  4551  4669 D SysUIPanel: update TaskPanel:app_panel, updateChildren =false, variantnull
08-01 05:33:23.429  9689  9689 V GraphicsEnvironment: Currently set values for:
08-01 05:33:23.429  9689  9689 V GraphicsEnvironment:   angle_gl_driver_selection_pkgs=[]
08-01 05:33:23.429  9689  9689 V GraphicsEnvironment:   angle_gl_driver_selection_values=[]
08-01 05:33:23.429  9689  9689 V GraphicsEnvironment: com.tcs.vehicleassistant is not listed in per-application setting
08-01 05:33:23.429  9689  9689 V GraphicsEnvironment: No special selections for ANGLE, returning default driver choice
08-01 05:33:23.430  9689  9689 V GraphicsEnvironment: Neither updatable production driver nor prerelease driver is supported.
08-01 05:33:23.442  4551  4669 D Variant : Panel updated: TaskPanel{mId='widget_panel
08-01 05:33:23.442  4551  4669 D Variant : , isRooTaskEmpty=false
08-01 05:33:23.442  4551  4669 D Variant : , mBounds=Rect(0, 152 - 832, 1408)
08-01 05:33:23.442  4551  4669 D Variant : , mAlpha=1.0
08-01 05:33:23.442  4551  4669 D Variant : , mIsVisible=true
08-01 05:33:23.442  4551  4669 D Variant : , rootTaskId=1000003
08-01 05:33:23.442  4551  4669 D Variant : , mRole=null
08-01 05:33:23.442  4551  4669 D Variant : , mLayer=2
08-01 05:33:23.442  4551  4669 D Variant : , mLeash=Surface(name=Task=1000003(widget_panel)#52)/@0xd07b1c4
08-01 05:33:23.442  4551  4669 D Variant : , mRootTaskStack=RootTaskStack(id=1000003, displayId=0, leash=Surface(name=Task=1000003(widget_panel)#52)/@0xd07b1c4, name=widget_panel, rootTaskInfo=TaskInfo{userId=10 taskId=1000003 effectiveUid=0 displayId=0 isRunning=true baseIntent=Intent {  } baseActivity=ComponentInfo{com.android.car.carlauncher/com.android.car.carlauncher.WidgetHostActivity} topActivity=ComponentInfo{com.android.car.carlauncher/com.android.car.carlauncher.WidgetHostActivity} origActivity=null realActivity=null realActivityIsAppLockEnabled=false numActivities=1 lastActiveTime=46727694 supportsMultiWindow=true supportsMultiWindowWithoutConstraints=true resizeMode=1 isResizeable=true minWidth=-1 minHeight=-1 defaultMinSize=220 token=WCT{android.os.BinderProxy@60898ad} topActivityType=1 pictureInPictureParams=null shouldDockBigOverlays=false launchIntoPipHostTaskId=-1 lastParentTaskIdBeforePip=-1 displayCutoutSafeInsets=Rect(0, 0 - 0, 0) topActivityInfo=ActivityInfo{b662914 com.android.car.carlauncher.WidgetHostActivity} launchCookies=[android.os.Binder@de5c56] positionInParent=Point(0, 152) parentTaskId=-1 isFocused=false isInteractive=false isVisible=true isVisibleRequested=false isTopActivityNoDisplay=false isSleeping=false locusId=null displayAreaFeatureId=1 isTopActivityTransparent=false isActivityStackTransparent=false lastNonFullscreenBounds=null leafTaskBoundsFromOptions= false capturedLink=null capturedLinkTimestamp=0 requestedVisibleTypes=503 topActivityRequestOpenInBrowserEducationTimestamp=0 appCompatTaskInfo=AppCompatTaskInfo { topActivityInSizeCompat=false isLeafTask= false eligibleForLetterboxEducation= false isLetterboxEducationEnabled= false isLetterboxDoubleTapEnabled= false eligibleForUserAspectRatioButton= false topActivityBoundsLetterboxed= false isFromLetterboxDoubleTap= false topActivityLetterboxVerticalPosition= -1 topActivityLetterboxHorizontalPosition= -1 topActivityLetterboxWidth=-1 topActivityLetterboxHeight=-1 topActivityAppBounds=Rect(0, 152 - 832, 1408) isUserFullscreenOverrideEnabled=false isSystemFullscreenOverrideEnabled=false hasMinAspectRatioOverride=false topActivityLetterboxBounds=null topNonResizableActivityAspectRatio=-1.0} topActivityMainWindowFrame=null isAppBubble=false})
08-01 05:33:23.442  4551  4669 D Variant : , mCornerRadius=Corner{mRadiusTL=0, mRadiusTR=0, mRadiusBL=0, mRadiusBR=0}
08-01 05:33:23.442  4551  4669 D Variant : , mIsLaunchRoot=false
08-01 05:33:23.442  4551  4669 D Variant : , mDisplayId=0
08-01 05:33:23.442  4551  4669 D Variant : , mDecors=Empty}
08-01 05:33:23.442  4551  4669 D Variant : Panel updated: TaskPanel{mId='map_panel
08-01 05:33:23.442  4551  4669 D Variant : , isRooTaskEmpty=false
08-01 05:33:23.442  4551  4669 D Variant : , mBounds=Rect(832, 152 - 2480, 1408)
08-01 05:33:23.442  4551  4669 D Variant : , mAlpha=1.0
08-01 05:33:23.442  4551  4669 D Variant : , mIsVisible=true
08-01 05:33:23.442  4551  4669 D Variant : , rootTaskId=1000004
08-01 05:33:23.442  4551  4669 D Variant : , mRole=null
08-01 05:33:23.442  4551  4669 D Variant : , mLayer=2
08-01 05:33:23.442  4551  4669 D Variant : , mLeash=Surface(name=Task=1000004(map_panel)#54)/@0x96fb1eb
08-01 05:33:23.442  4551  4669 D Variant : , mRootTaskStack=RootTaskStack(id=1000004, displayId=0, leash=Surface(name=Task=1000004(map_panel)#54)/@0x96fb1eb, name=map_panel, rootTaskInfo=TaskInfo{userId=10 taskId=1000004 effectiveUid=0 displayId=0 isRunning=true baseIntent=Intent {  } baseActivity=ComponentInfo{com.google.android.apps.maps/com.google.android.maps.MapsActivity} topActivity=ComponentInfo{com.google.android.apps.maps/com.google.android.maps.MapsActivity} origActivity=null realActivity=null realActivityIsAppLockEnabled=false numActivities=1 lastActiveTime=46727713 supportsMultiWindow=true supportsMultiWindowWithoutConstraints=true resizeMode=2 isResizeable=true minWidth=-1 minHeight=-1 defaultMinSize=220 token=WCT{android.os.BinderProxy@3868b48} topActivityType=1 pictureInPictureParams=null shouldDockBigOverlays=false launchIntoPipHostTaskId=-1 lastParentTaskIdBeforePip=-1 displayCutoutSafeInsets=Rect(0, 0 - 0, 0) topActivityInfo=ActivityInfo{47bc5bd com.google.android.maps.MapsActivity} launchCookies=[android.os.Binder@ac312a9] positionInParent=Point(832, 152) parentTaskId=-1 isFocused=true isInteractive=false isVisible=true isVisibleRequested=false isTopActivityNoDisplay=false isSleeping=false locusId=null displayAreaFeatureId=1 isTopActivityTransparent=false isActivityStackTransparent=false lastNonFullscreenBounds=null leafTaskBoundsFromOptions= false capturedLink=null capturedLinkTimestamp=0 requestedVisibleTypes=503 topActivityRequestOpenInBrowserEducationTimestamp=0 appCompatTaskInfo=AppCompatTaskInfo { topActivityInSizeCompat=false isLeafTask= false eligibleForLetterboxEducation= false isLetterboxEducationEnabled= false isLetterboxDoubleTapEnabled= false eligibleForUserAspectRatioButton= false topActivityBoundsLetterboxed= false isFromLetterboxDoubleTap= false topActivityLetterboxVerticalPosition= -1 topActivityLetterboxHorizontalPosition= -1 topActivityLetterboxWidth=-1 topActivityLetterboxHeight=-1 topActivityAppBounds=Rect(832, 0 - 2528, 1408) isUserFullscreenOverrideEnabled=false isSystemFullscreenOverrideEnabled=false hasMinAspectRatioOverride=false topActivityLetterboxBounds=null topNonResizableActivityAspectRatio=-1.0} topActivityMainWindowFrame=null isAppBubble=false})
08-01 05:33:23.442  4551  4669 D Variant : , mCornerRadius=Corner{mRadiusTL=96, mRadiusTR=96, mRadiusBL=96, mRadiusBR=96}
08-01 05:33:23.442  4551  4669 D Variant : , mIsLaunchRoot=false
08-01 05:33:23.442  4551  4669 D Variant : , mDisplayId=0
08-01 05:33:23.442  4551  4669 D Variant : , mDecors=Empty}
08-01 05:33:23.442  4551  4669 D Variant : Panel updated: TaskPanel{mId='app_panel
08-01 05:33:23.442  4551  4669 D Variant : , isRooTaskEmpty=false
08-01 05:33:23.442  4551  4669 D Variant : , mBounds=Rect(74, 152 - 2634, 1408)
08-01 05:33:23.442  4551  4669 D Variant : , mAlpha=0.9711
08-01 05:33:23.442  4551  4669 D Variant : , mIsVisible=true
08-01 05:33:23.442  4551  4669 D Variant : , rootTaskId=1000008
08-01 05:33:23.442  4551  4669 D Variant : , mRole=com.android.car.scalableui.model.Role@657aed9
08-01 05:33:23.442  4551  4669 D Variant : , mLayer=100
08-01 05:33:23.442  4551  4669 D Variant : , mLeash=Surface(name=Task=1000008(app_panel)#58)/@0x1676fa7
08-01 05:33:23.442  4551  4669 D Variant : , mRootTaskStack=RootTaskStack(id=1000008, displayId=0, leash=Surface(name=Task=1000008(app_panel)#58)/@0x1676fa7, name=app_panel, rootTaskInfo=TaskInfo{userId=10 taskId=1000008 effectiveUid=0 displayId=0 isRunning=true baseIntent=Intent {  } baseActivity=ComponentInfo{com.tcs.vehicleassistant/com.tcs.vehicleassistant.LocalLLMActivity} topActivity=ComponentInfo{com.tcs.vehicleassistant/com.tcs.vehicleassistant.LocalLLMActivity} origActivity=null realActivity=null realActivityIsAppLockEnabled=false numActivities=1 lastActiveTime=46727764 supportsMultiWindow=true supportsMultiWindowWithoutConstraints=true resizeMode=1 isResizeable=true minWidth=-1 minHeight=-1 defaultMinSize=220 token=WCT{android.os.BinderProxy@f399c54} topActivityType=1 pictureInPictureParams=null shouldDockBigOverlays=false launchIntoPipHostTaskId=-1 lastParentTaskIdBeforePip=-1 displayCutoutSafeInsets=Rect(0, 0 - 0, 0) topActivityInfo=ActivityInfo{3698a29 com.tcs.vehicleassistant.LocalLLMActivity} launchCookies=[android.os.Binder@f4f70c1] positionInParent=Point(0, 152) parentTaskId=-1 isFocused=false isInteractive=false isVisible=true isVisibleRequested=true isTopActivityNoDisplay=false isSleeping=false locusId=null displayAreaFeatureId=1 isTopActivityTransparent=false isActivityStackTransparent=false lastNonFullscreenBounds=null leafTaskBoundsFromOptions= false capturedLink=null capturedLinkTimestamp=0 requestedVisibleTypes=503 topActivityRequestOpenInBrowserEducationTimestamp=0 appCompatTaskInfo=AppCompatTaskInfo { topActivityInSizeCompat=false isLeafTask= false eligibleForLetterboxEducation= false isLetterboxEducationEnabled= false isLetterboxDoubleTapEnabled= false eligibleForUserAspectRatioButton= false topActivityBoundsLetterboxed= false isFromLetterboxDoubleTap= false topActivityLetterboxVerticalPosition= -1 topActivityLetterboxHorizontalPosition= -1 topActivityLetterboxWidth=-1 topActivityLetterboxHeight=-1 topActivityAppBounds=Rect(0, 152 - 2560, 1408) isUserFullscreenOverrideEnabled=false isSystemFullscreenOverrideEnabled=false hasMinAspectRatioOverride=false topActivityLetterboxBounds=null topNonResizableActivityAspectRatio=-1.0} topActivityMainWindowFrame=null isAppBubble=false})
08-01 05:33:23.442  4551  4669 D Variant : , mCornerRadius=Corner{mRadiusTL=0, mRadiusTR=0, mRadiusBL=0, mRadiusBR=0}
08-01 05:33:23.442  4551  4669 D Variant : , mIsLaunchRoot=true
08-01 05:33:23.442  4551  4669 D Variant : , mDisplayId=0
08-01 05:33:23.442  4551  4669 D Variant : , mDecors=Empty}
08-01 05:33:23.442  4551  4669 D PanelTransitionCoordinator: Surface animation progress 0.9303709
08-01 05:33:23.442  4551  4669 D SysUIPanel: update TaskPanel:widget_panel, updateChildren =false, variantnull
08-01 05:33:23.442  4551  4669 D SysUIPanel: update TaskPanel:map_panel, updateChildren =false, variantnull
08-01 05:33:23.442  4551  4669 D SysUIPanel: update TaskPanel:app_panel, updateChildren =false, variantnull
08-01 05:33:23.443  9689  9689 D WM-WrkMgrInitializer: Initializing WorkManager with default configuration.
08-01 05:33:23.458  4551  4669 D Variant : Panel updated: TaskPanel{mId='widget_panel
08-01 05:33:23.458  4551  4669 D Variant : , isRooTaskEmpty=false
08-01 05:33:23.458  4551  4669 D Variant : , mBounds=Rect(0, 152 - 832, 1408)
08-01 05:33:23.458  4551  4669 D Variant : , mAlpha=1.0
08-01 05:33:23.458  4551  4669 D Variant : , mIsVisible=true
08-01 05:33:23.458  4551  4669 D Variant : , rootTaskId=1000003
08-01 05:33:23.458  4551  4669 D Variant : , mRole=null
08-01 05:33:23.458  4551  4669 D Variant : , mLayer=2
08-01 05:33:23.458  4551  4669 D Variant : , mLeash=Surface(name=Task=1000003(widget_panel)#52)/@0xd07b1c4
08-01 05:33:23.458  4551  4669 D Variant : , mRootTaskStack=RootTaskStack(id=1000003, displayId=0, leash=Surface(name=Task=1000003(widget_panel)#52)/@0xd07b1c4, name=widget_panel, rootTaskInfo=TaskInfo{userId=10 taskId=1000003 effectiveUid=0 displayId=0 isRunning=true baseIntent=Intent {  } baseActivity=ComponentInfo{com.android.car.carlauncher/com.android.car.carlauncher.WidgetHostActivity} topActivity=ComponentInfo{com.android.car.carlauncher/com.android.car.carlauncher.WidgetHostActivity} origActivity=null realActivity=null realActivityIsAppLockEnabled=false numActivities=1 lastActiveTime=46727694 supportsMultiWindow=true supportsMultiWindowWithoutConstraints=true resizeMode=1 isResizeable=true minWidth=-1 minHeight=-1 defaultMinSize=220 token=WCT{android.os.BinderProxy@60898ad} topActivityType=1 pictureInPictureParams=null shouldDockBigOverlays=false launchIntoPipHostTaskId=-1 lastParentTaskIdBeforePip=-1 displayCutoutSafeInsets=Rect(0, 0 - 0, 0) topActivityInfo=ActivityInfo{b662914 com.android.car.carlauncher.WidgetHostActivity} launchCookies=[android.os.Binder@de5c56] positionInParent=Point(0, 152) parentTaskId=-1 isFocused=false isInteractive=false isVisible=true isVisibleRequested=false isTopActivityNoDisplay=false isSleeping=false locusId=null displayAreaFeatureId=1 isTopActivityTransparent=false isActivityStackTransparent=false lastNonFullscreenBounds=null leafTaskBoundsFromOptions= false capturedLink=null capturedLinkTimestamp=0 requestedVisibleTypes=503 topActivityRequestOpenInBrowserEducationTimestamp=0 appCompatTaskInfo=AppCompatTaskInfo { topActivityInSizeCompat=false isLeafTask= false eligibleForLetterboxEducation= false isLetterboxEducationEnabled= false isLetterboxDoubleTapEnabled= false eligibleForUserAspectRatioButton= false topActivityBoundsLetterboxed= false isFromLetterboxDoubleTap= false topActivityLetterboxVerticalPosition= -1 topActivityLetterboxHorizontalPosition= -1 topActivityLetterboxWidth=-1 topActivityLetterboxHeight=-1 topActivityAppBounds=Rect(0, 152 - 832, 1408) isUserFullscreenOverrideEnabled=false isSystemFullscreenOverrideEnabled=false hasMinAspectRatioOverride=false topActivityLetterboxBounds=null topNonResizableActivityAspectRatio=-1.0} topActivityMainWindowFrame=null isAppBubble=false})
08-01 05:33:23.458  4551  4669 D Variant : , mCornerRadius=Corner{mRadiusTL=0, mRadiusTR=0, mRadiusBL=0, mRadiusBR=0}
08-01 05:33:23.458  4551  4669 D Variant : , mIsLaunchRoot=false
08-01 05:33:23.458  4551  4669 D Variant : , mDisplayId=0
08-01 05:33:23.458  4551  4669 D Variant : , mDecors=Empty}
08-01 05:33:23.459  4551  4669 D Variant : Panel updated: TaskPanel{mId='map_panel
08-01 05:33:23.459  4551  4669 D Variant : , isRooTaskEmpty=false
08-01 05:33:23.459  4551  4669 D Variant : , mBounds=Rect(832, 152 - 2480, 1408)
08-01 05:33:23.459  4551  4669 D Variant : , mAlpha=1.0
08-01 05:33:23.459  4551  4669 D Variant : , mIsVisible=true
08-01 05:33:23.459  4551  4669 D Variant : , rootTaskId=1000004
08-01 05:33:23.459  4551  4669 D Variant : , mRole=null
08-01 05:33:23.459  4551  4669 D Variant : , mLayer=2
08-01 05:33:23.459  4551  4669 D Variant : , mLeash=Surface(name=Task=1000004(map_panel)#54)/@0x96fb1eb
08-01 05:33:23.459  4551  4669 D Variant : , mRootTaskStack=RootTaskStack(id=1000004, displayId=0, leash=Surface(name=Task=1000004(map_panel)#54)/@0x96fb1eb, name=map_panel, rootTaskInfo=TaskInfo{userId=10 taskId=1000004 effectiveUid=0 displayId=0 isRunning=true baseIntent=Intent {  } baseActivity=ComponentInfo{com.google.android.apps.maps/com.google.android.maps.MapsActivity} topActivity=ComponentInfo{com.google.android.apps.maps/com.google.android.maps.MapsActivity} origActivity=null realActivity=null realActivityIsAppLockEnabled=false numActivities=1 lastActiveTime=46727713 supportsMultiWindow=true supportsMultiWindowWithoutConstraints=true resizeMode=2 isResizeable=true minWidth=-1 minHeight=-1 defaultMinSize=220 token=WCT{android.os.BinderProxy@3868b48} topActivityType=1 pictureInPictureParams=null shouldDockBigOverlays=false launchIntoPipHostTaskId=-1 lastParentTaskIdBeforePip=-1 displayCutoutSafeInsets=Rect(0, 0 - 0, 0) topActivityInfo=ActivityInfo{47bc5bd com.google.android.maps.MapsActivity} launchCookies=[android.os.Binder@ac312a9] positionInParent=Point(832, 152) parentTaskId=-1 isFocused=true isInteractive=false isVisible=true isVisibleRequested=false isTopActivityNoDisplay=false isSleeping=false locusId=null displayAreaFeatureId=1 isTopActivityTransparent=false isActivityStackTransparent=false lastNonFullscreenBounds=null leafTaskBoundsFromOptions= false capturedLink=null capturedLinkTimestamp=0 requestedVisibleTypes=503 topActivityRequestOpenInBrowserEducationTimestamp=0 appCompatTaskInfo=AppCompatTaskInfo { topActivityInSizeCompat=false isLeafTask= false eligibleForLetterboxEducation= false isLetterboxEducationEnabled= false isLetterboxDoubleTapEnabled= false eligibleForUserAspectRatioButton= false topActivityBoundsLetterboxed= false isFromLetterboxDoubleTap= false topActivityLetterboxVerticalPosition= -1 topActivityLetterboxHorizontalPosition= -1 topActivityLetterboxWidth=-1 topActivityLetterboxHeight=-1 topActivityAppBounds=Rect(832, 0 - 2528, 1408) isUserFullscreenOverrideEnabled=false isSystemFullscreenOverrideEnabled=false hasMinAspectRatioOverride=false topActivityLetterboxBounds=null topNonResizableActivityAspectRatio=-1.0} topActivityMainWindowFrame=null isAppBubble=false})
08-01 05:33:23.459  4551  4669 D Variant : , mCornerRadius=Corner{mRadiusTL=96, mRadiusTR=96, mRadiusBL=96, mRadiusBR=96}
08-01 05:33:23.459  4551  4669 D Variant : , mIsLaunchRoot=false
08-01 05:33:23.459  4551  4669 D Variant : , mDisplayId=0
08-01 05:33:23.459  4551  4669 D Variant : , mDecors=Empty}
08-01 05:33:23.459  4551  4669 D Variant : Panel updated: TaskPanel{mId='app_panel
08-01 05:33:23.459  4551  4669 D Variant : , isRooTaskEmpty=false
08-01 05:33:23.459  4551  4669 D Variant : , mBounds=Rect(33, 152 - 2593, 1408)
08-01 05:33:23.459  4551  4669 D Variant : , mAlpha=0.98715556
08-01 05:33:23.459  4551  4669 D Variant : , mIsVisible=true
08-01 05:33:23.459  4551  4669 D Variant : , rootTaskId=1000008
08-01 05:33:23.459  4551  4669 D Variant : , mRole=com.android.car.scalableui.model.Role@657aed9
08-01 05:33:23.459  4551  4669 D Variant : , mLayer=100
08-01 05:33:23.459  4551  4669 D Variant : , mLeash=Surface(name=Task=1000008(app_panel)#58)/@0x1676fa7
08-01 05:33:23.459  4551  4669 D Variant : , mRootTaskStack=RootTaskStack(id=1000008, displayId=0, leash=Surface(name=Task=1000008(app_panel)#58)/@0x1676fa7, name=app_panel, rootTaskInfo=TaskInfo{userId=10 taskId=1000008 effectiveUid=0 displayId=0 isRunning=true baseIntent=Intent {  } baseActivity=ComponentInfo{com.tcs.vehicleassistant/com.tcs.vehicleassistant.LocalLLMActivity} topActivity=ComponentInfo{com.tcs.vehicleassistant/com.tcs.vehicleassistant.LocalLLMActivity} origActivity=null realActivity=null realActivityIsAppLockEnabled=false numActivities=1 lastActiveTime=46727764 supportsMultiWindow=true supportsMultiWindowWithoutConstraints=true resizeMode=1 isResizeable=true minWidth=-1 minHeight=-1 defaultMinSize=220 token=WCT{android.os.BinderProxy@f399c54} topActivityType=1 pictureInPictureParams=null shouldDockBigOverlays=false launchIntoPipHostTaskId=-1 lastParentTaskIdBeforePip=-1 displayCutoutSafeInsets=Rect(0, 0 - 0, 0) topActivityInfo=ActivityInfo{3698a29 com.tcs.vehicleassistant.LocalLLMActivity} launchCookies=[android.os.Binder@f4f70c1] positionInParent=Point(0, 152) parentTaskId=-1 isFocused=false isInteractive=false isVisible=true isVisibleRequested=true isTopActivityNoDisplay=false isSleeping=false locusId=null displayAreaFeatureId=1 isTopActivityTransparent=false isActivityStackTransparent=false lastNonFullscreenBounds=null leafTaskBoundsFromOptions= false capturedLink=null capturedLinkTimestamp=0 requestedVisibleTypes=503 topActivityRequestOpenInBrowserEducationTimestamp=0 appCompatTaskInfo=AppCompatTaskInfo { topActivityInSizeCompat=false isLeafTask= false eligibleForLetterboxEducation= false isLetterboxEducationEnabled= false isLetterboxDoubleTapEnabled= false eligibleForUserAspectRatioButton= false topActivityBoundsLetterboxed= false isFromLetterboxDoubleTap= false topActivityLetterboxVerticalPosition= -1 topActivityLetterboxHorizontalPosition= -1 topActivityLetterboxWidth=-1 topActivityLetterboxHeight=-1 topActivityAppBounds=Rect(0, 152 - 2560, 1408) isUserFullscreenOverrideEnabled=false isSystemFullscreenOverrideEnabled=false hasMinAspectRatioOverride=false topActivityLetterboxBounds=null topNonResizableActivityAspectRatio=-1.0} topActivityMainWindowFrame=null isAppBubble=false})
08-01 05:33:23.459  4551  4669 D Variant : , mCornerRadius=Corner{mRadiusTL=0, mRadiusTR=0, mRadiusBL=0, mRadiusBR=0}
08-01 05:33:23.459  4551  4669 D Variant : , mIsLaunchRoot=true
08-01 05:33:23.459  4551  4669 D Variant : , mDisplayId=0
08-01 05:33:23.459  4551  4669 D Variant : , mDecors=Empty}
08-01 05:33:23.459  4551  4669 D PanelTransitionCoordinator: Surface animation progress 0.968641
08-01 05:33:23.459  4551  4669 D SysUIPanel: update TaskPanel:widget_panel, updateChildren =false, variantnull
08-01 05:33:23.459  4551  4669 D SysUIPanel: update TaskPanel:map_panel, updateChildren =false, variantnull
08-01 05:33:23.459  4551  4669 D SysUIPanel: update TaskPanel:app_panel, updateChildren =false, variantnull
08-01 05:33:23.468  9689  9689 D WM-PackageManagerHelper: Skipping component enablement for androidx.work.impl.background.systemjob.SystemJobService
08-01 05:33:23.468  9689  9689 D WM-Schedulers: Created SystemJobScheduler and enabled SystemJobService
08-01 05:33:23.475  4551  4669 D Variant : Panel updated: TaskPanel{mId='widget_panel
08-01 05:33:23.475  4551  4669 D Variant : , isRooTaskEmpty=false
08-01 05:33:23.475  4551  4669 D Variant : , mBounds=Rect(0, 152 - 832, 1408)
08-01 05:33:23.475  4551  4669 D Variant : , mAlpha=1.0
08-01 05:33:23.475  4551  4669 D Variant : , mIsVisible=true
08-01 05:33:23.475  4551  4669 D Variant : , rootTaskId=1000003
08-01 05:33:23.475  4551  4669 D Variant : , mRole=null
08-01 05:33:23.475  4551  4669 D Variant : , mLayer=2
08-01 05:33:23.475  4551  4669 D Variant : , mLeash=Surface(name=Task=1000003(widget_panel)#52)/@0xd07b1c4
08-01 05:33:23.475  4551  4669 D Variant : , mRootTaskStack=RootTaskStack(id=1000003, displayId=0, leash=Surface(name=Task=1000003(widget_panel)#52)/@0xd07b1c4, name=widget_panel, rootTaskInfo=TaskInfo{userId=10 taskId=1000003 effectiveUid=0 displayId=0 isRunning=true baseIntent=Intent {  } baseActivity=ComponentInfo{com.android.car.carlauncher/com.android.car.carlauncher.WidgetHostActivity} topActivity=ComponentInfo{com.android.car.carlauncher/com.android.car.carlauncher.WidgetHostActivity} origActivity=null realActivity=null realActivityIsAppLockEnabled=false numActivities=1 lastActiveTime=46727694 supportsMultiWindow=true supportsMultiWindowWithoutConstraints=true resizeMode=1 isResizeable=true minWidth=-1 minHeight=-1 defaultMinSize=220 token=WCT{android.os.BinderProxy@60898ad} topActivityType=1 pictureInPictureParams=null shouldDockBigOverlays=false launchIntoPipHostTaskId=-1 lastParentTaskIdBeforePip=-1 displayCutoutSafeInsets=Rect(0, 0 - 0, 0) topActivityInfo=ActivityInfo{b662914 com.android.car.carlauncher.WidgetHostActivity} launchCookies=[android.os.Binder@de5c56] positionInParent=Point(0, 152) parentTaskId=-1 isFocused=false isInteractive=false isVisible=true isVisibleRequested=false isTopActivityNoDisplay=false isSleeping=false locusId=null displayAreaFeatureId=1 isTopActivityTransparent=false isActivityStackTransparent=false lastNonFullscreenBounds=null leafTaskBoundsFromOptions= false capturedLink=null capturedLinkTimestamp=0 requestedVisibleTypes=503 topActivityRequestOpenInBrowserEducationTimestamp=0 appCompatTaskInfo=AppCompatTaskInfo { topActivityInSizeCompat=false isLeafTask= false eligibleForLetterboxEducation= false isLetterboxEducationEnabled= false isLetterboxDoubleTapEnabled= false eligibleForUserAspectRatioButton= false topActivityBoundsLetterboxed= false isFromLetterboxDoubleTap= false topActivityLetterboxVerticalPosition= -1 topActivityLetterboxHorizontalPosition= -1 topActivityLetterboxWidth=-1 topActivityLetterboxHeight=-1 topActivityAppBounds=Rect(0, 152 - 832, 1408) isUserFullscreenOverrideEnabled=false isSystemFullscreenOverrideEnabled=false hasMinAspectRatioOverride=false topActivityLetterboxBounds=null topNonResizableActivityAspectRatio=-1.0} topActivityMainWindowFrame=null isAppBubble=false})
08-01 05:33:23.475  4551  4669 D Variant : , mCornerRadius=Corner{mRadiusTL=0, mRadiusTR=0, mRadiusBL=0, mRadiusBR=0}
08-01 05:33:23.475  4551  4669 D Variant : , mIsLaunchRoot=false
08-01 05:33:23.475  4551  4669 D Variant : , mDisplayId=0
08-01 05:33:23.475  4551  4669 D Variant : , mDecors=Empty}
08-01 05:33:23.475  4551  4669 D Variant : Panel updated: TaskPanel{mId='map_panel
08-01 05:33:23.475  4551  4669 D Variant : , isRooTaskEmpty=false
08-01 05:33:23.475  4551  4669 D Variant : , mBounds=Rect(832, 152 - 2480, 1408)
08-01 05:33:23.475  4551  4669 D Variant : , mAlpha=1.0
08-01 05:33:23.475  4551  4669 D Variant : , mIsVisible=true
08-01 05:33:23.475  4551  4669 D Variant : , rootTaskId=1000004
08-01 05:33:23.475  4551  4669 D Variant : , mRole=null
08-01 05:33:23.475  4551  4669 D Variant : , mLayer=2
08-01 05:33:23.475  4551  4669 D Variant : , mLeash=Surface(name=Task=1000004(map_panel)#54)/@0x96fb1eb
08-01 05:33:23.475  4551  4669 D Variant : , mRootTaskStack=RootTaskStack(id=1000004, displayId=0, leash=Surface(name=Task=1000004(map_panel)#54)/@0x96fb1eb, name=map_panel, rootTaskInfo=TaskInfo{userId=10 taskId=1000004 effectiveUid=0 displayId=0 isRunning=true baseIntent=Intent {  } baseActivity=ComponentInfo{com.google.android.apps.maps/com.google.android.maps.MapsActivity} topActivity=ComponentInfo{com.google.android.apps.maps/com.google.android.maps.MapsActivity} origActivity=null realActivity=null realActivityIsAppLockEnabled=false numActivities=1 lastActiveTime=46727713 supportsMultiWindow=true supportsMultiWindowWithoutConstraints=true resizeMode=2 isResizeable=true minWidth=-1 minHeight=-1 defaultMinSize=220 token=WCT{android.os.BinderProxy@3868b48} topActivityType=1 pictureInPictureParams=null shouldDockBigOverlays=false launchIntoPipHostTaskId=-1 lastParentTaskIdBeforePip=-1 displayCutoutSafeInsets=Rect(0, 0 - 0, 0) topActivityInfo=ActivityInfo{47bc5bd com.google.android.maps.MapsActivity} launchCookies=[android.os.Binder@ac312a9] positionInParent=Point(832, 152) parentTaskId=-1 isFocused=true isInteractive=false isVisible=true isVisibleRequested=false isTopActivityNoDisplay=false isSleeping=false locusId=null displayAreaFeatureId=1 isTopActivityTransparent=false isActivityStackTransparent=false lastNonFullscreenBounds=null leafTaskBoundsFromOptions= false capturedLink=null capturedLinkTimestamp=0 requestedVisibleTypes=503 topActivityRequestOpenInBrowserEducationTimestamp=0 appCompatTaskInfo=AppCompatTaskInfo { topActivityInSizeCompat=false isLeafTask= false eligibleForLetterboxEducation= false isLetterboxEducationEnabled= false isLetterboxDoubleTapEnabled= false eligibleForUserAspectRatioButton= false topActivityBoundsLetterboxed= false isFromLetterboxDoubleTap= false topActivityLetterboxVerticalPosition= -1 topActivityLetterboxHorizontalPosition= -1 topActivityLetterboxWidth=-1 topActivityLetterboxHeight=-1 topActivityAppBounds=Rect(832, 0 - 2528, 1408) isUserFullscreenOverrideEnabled=false isSystemFullscreenOverrideEnabled=false hasMinAspectRatioOverride=false topActivityLetterboxBounds=null topNonResizableActivityAspectRatio=-1.0} topActivityMainWindowFrame=null isAppBubble=false})
08-01 05:33:23.475  4551  4669 D Variant : , mCornerRadius=Corner{mRadiusTL=96, mRadiusTR=96, mRadiusBL=96, mRadiusBR=96}
08-01 05:33:23.475  4551  4669 D Variant : , mIsLaunchRoot=false
08-01 05:33:23.475  4551  4669 D Variant : , mDisplayId=0
08-01 05:33:23.475  4551  4669 D Variant : , mDecors=Empty}
08-01 05:33:23.475  4551  4669 D Variant : Panel updated: TaskPanel{mId='app_panel
08-01 05:33:23.475  4551  4669 D Variant : , isRooTaskEmpty=false
08-01 05:33:23.475  4551  4669 D Variant : , mBounds=Rect(9, 152 - 2569, 1408)
08-01 05:33:23.475  4551  4669 D Variant : , mAlpha=0.99678886
08-01 05:33:23.475  4551  4669 D Variant : , mIsVisible=true
08-01 05:33:23.475  4551  4669 D Variant : , rootTaskId=1000008
08-01 05:33:23.475  4551  4669 D Variant : , mRole=com.android.car.scalableui.model.Role@657aed9
08-01 05:33:23.475  4551  4669 D Variant : , mLayer=100
08-01 05:33:23.475  4551  4669 D Variant : , mLeash=Surface(name=Task=1000008(app_panel)#58)/@0x1676fa7
08-01 05:33:23.475  4551  4669 D Variant : , mRootTaskStack=RootTaskStack(id=1000008, displayId=0, leash=Surface(name=Task=1000008(app_panel)#58)/@0x1676fa7, name=app_panel, rootTaskInfo=TaskInfo{userId=10 taskId=1000008 effectiveUid=0 displayId=0 isRunning=true baseIntent=Intent {  } baseActivity=ComponentInfo{com.tcs.vehicleassistant/com.tcs.vehicleassistant.LocalLLMActivity} topActivity=ComponentInfo{com.tcs.vehicleassistant/com.tcs.vehicleassistant.LocalLLMActivity} origActivity=null realActivity=null realActivityIsAppLockEnabled=false numActivities=1 lastActiveTime=46727764 supportsMultiWindow=true supportsMultiWindowWithoutConstraints=true resizeMode=1 isResizeable=true minWidth=-1 minHeight=-1 defaultMinSize=220 token=WCT{android.os.BinderProxy@f399c54} topActivityType=1 pictureInPictureParams=null shouldDockBigOverlays=false launchIntoPipHostTaskId=-1 lastParentTaskIdBeforePip=-1 displayCutoutSafeInsets=Rect(0, 0 - 0, 0) topActivityInfo=ActivityInfo{3698a29 com.tcs.vehicleassistant.LocalLLMActivity} launchCookies=[android.os.Binder@f4f70c1] positionInParent=Point(0, 152) parentTaskId=-1 isFocused=false isInteractive=false isVisible=true isVisibleRequested=true isTopActivityNoDisplay=false isSleeping=false locusId=null displayAreaFeatureId=1 isTopActivityTransparent=false isActivityStackTransparent=false lastNonFullscreenBounds=null leafTaskBoundsFromOptions= false capturedLink=null capturedLinkTimestamp=0 requestedVisibleTypes=503 topActivityRequestOpenInBrowserEducationTimestamp=0 appCompatTaskInfo=AppCompatTaskInfo { topActivityInSizeCompat=false isLeafTask= false eligibleForLetterboxEducation= false isLetterboxEducationEnabled= false isLetterboxDoubleTapEnabled= false eligibleForUserAspectRatioButton= false topActivityBoundsLetterboxed= false isFromLetterboxDoubleTap= false topActivityLetterboxVerticalPosition= -1 topActivityLetterboxHorizontalPosition= -1 topActivityLetterboxWidth=-1 topActivityLetterboxHeight=-1 topActivityAppBounds=Rect(0, 152 - 2560, 1408) isUserFullscreenOverrideEnabled=false isSystemFullscreenOverrideEnabled=false hasMinAspectRatioOverride=false topActivityLetterboxBounds=null topNonResizableActivityAspectRatio=-1.0} topActivityMainWindowFrame=null isAppBubble=false})
08-01 05:33:23.475  4551  4669 D Variant : , mCornerRadius=Corner{mRadiusTL=0, mRadiusTR=0, mRadiusBL=0, mRadiusBR=0}
08-01 05:33:23.475  4551  4669 D Variant : , mIsLaunchRoot=true
08-01 05:33:23.475  4551  4669 D Variant : , mDisplayId=0
08-01 05:33:23.475  4551  4669 D Variant : , mDecors=Empty}
08-01 05:33:23.475  4551  4669 D PanelTransitionCoordinator: Surface animation progress 0.99209785
08-01 05:33:23.475  4551  4669 D SysUIPanel: update TaskPanel:widget_panel, updateChildren =false, variantnull
08-01 05:33:23.476  4551  4669 D SysUIPanel: update TaskPanel:map_panel, updateChildren =false, variantnull
08-01 05:33:23.476  4551  4669 D SysUIPanel: update TaskPanel:app_panel, updateChildren =false, variantnull
08-01 05:33:23.482  9689  9689 I [Koin]  : [init] declare Android Context
08-01 05:33:23.491  4551  4669 D Variant : Panel updated: TaskPanel{mId='widget_panel
08-01 05:33:23.491  4551  4669 D Variant : , isRooTaskEmpty=false
08-01 05:33:23.491  4551  4669 D Variant : , mBounds=Rect(0, 152 - 832, 1408)
08-01 05:33:23.491  4551  4669 D Variant : , mAlpha=1.0
08-01 05:33:23.491  4551  4669 D Variant : , mIsVisible=true
08-01 05:33:23.491  4551  4669 D Variant : , rootTaskId=1000003
08-01 05:33:23.491  4551  4669 D Variant : , mRole=null
08-01 05:33:23.491  4551  4669 D Variant : , mLayer=2
08-01 05:33:23.491  4551  4669 D Variant : , mLeash=Surface(name=Task=1000003(widget_panel)#52)/@0xd07b1c4
08-01 05:33:23.491  4551  4669 D Variant : , mRootTaskStack=RootTaskStack(id=1000003, displayId=0, leash=Surface(name=Task=1000003(widget_panel)#52)/@0xd07b1c4, name=widget_panel, rootTaskInfo=TaskInfo{userId=10 taskId=1000003 effectiveUid=0 displayId=0 isRunning=true baseIntent=Intent {  } baseActivity=ComponentInfo{com.android.car.carlauncher/com.android.car.carlauncher.WidgetHostActivity} topActivity=ComponentInfo{com.android.car.carlauncher/com.android.car.carlauncher.WidgetHostActivity} origActivity=null realActivity=null realActivityIsAppLockEnabled=false numActivities=1 lastActiveTime=46727694 supportsMultiWindow=true supportsMultiWindowWithoutConstraints=true resizeMode=1 isResizeable=true minWidth=-1 minHeight=-1 defaultMinSize=220 token=WCT{android.os.BinderProxy@60898ad} topActivityType=1 pictureInPictureParams=null shouldDockBigOverlays=false launchIntoPipHostTaskId=-1 lastParentTaskIdBeforePip=-1 displayCutoutSafeInsets=Rect(0, 0 - 0, 0) topActivityInfo=ActivityInfo{b662914 com.android.car.carlauncher.WidgetHostActivity} launchCookies=[android.os.Binder@de5c56] positionInParent=Point(0, 152) parentTaskId=-1 isFocused=false isInteractive=false isVisible=true isVisibleRequested=false isTopActivityNoDisplay=false isSleeping=false locusId=null displayAreaFeatureId=1 isTopActivityTransparent=false isActivityStackTransparent=false lastNonFullscreenBounds=null leafTaskBoundsFromOptions= false capturedLink=null capturedLinkTimestamp=0 requestedVisibleTypes=503 topActivityRequestOpenInBrowserEducationTimestamp=0 appCompatTaskInfo=AppCompatTaskInfo { topActivityInSizeCompat=false isLeafTask= false eligibleForLetterboxEducation= false isLetterboxEducationEnabled= false isLetterboxDoubleTapEnabled= false eligibleForUserAspectRatioButton= false topActivityBoundsLetterboxed= false isFromLetterboxDoubleTap= false topActivityLetterboxVerticalPosition= -1 topActivityLetterboxHorizontalPosition= -1 topActivityLetterboxWidth=-1 topActivityLetterboxHeight=-1 topActivityAppBounds=Rect(0, 152 - 832, 1408) isUserFullscreenOverrideEnabled=false isSystemFullscreenOverrideEnabled=false hasMinAspectRatioOverride=false topActivityLetterboxBounds=null topNonResizableActivityAspectRatio=-1.0} topActivityMainWindowFrame=null isAppBubble=false})
08-01 05:33:23.491  4551  4669 D Variant : , mCornerRadius=Corner{mRadiusTL=0, mRadiusTR=0, mRadiusBL=0, mRadiusBR=0}
08-01 05:33:23.491  4551  4669 D Variant : , mIsLaunchRoot=false
08-01 05:33:23.491  4551  4669 D Variant : , mDisplayId=0
08-01 05:33:23.491  4551  4669 D Variant : , mDecors=Empty}
08-01 05:33:23.492  4551  4669 D Variant : Panel updated: TaskPanel{mId='map_panel
08-01 05:33:23.492  4551  4669 D Variant : , isRooTaskEmpty=false
08-01 05:33:23.492  4551  4669 D Variant : , mBounds=Rect(832, 152 - 2480, 1408)
08-01 05:33:23.492  4551  4669 D Variant : , mAlpha=1.0
08-01 05:33:23.492  4551  4669 D Variant : , mIsVisible=true
08-01 05:33:23.492  4551  4669 D Variant : , rootTaskId=1000004
08-01 05:33:23.492  4551  4669 D Variant : , mRole=null
08-01 05:33:23.492  4551  4669 D Variant : , mLayer=2
08-01 05:33:23.492  4551  4669 D Variant : , mLeash=Surface(name=Task=1000004(map_panel)#54)/@0x96fb1eb
08-01 05:33:23.492  4551  4669 D Variant : , mRootTaskStack=RootTaskStack(id=1000004, displayId=0, leash=Surface(name=Task=1000004(map_panel)#54)/@0x96fb1eb, name=map_panel, rootTaskInfo=TaskInfo{userId=10 taskId=1000004 effectiveUid=0 displayId=0 isRunning=true baseIntent=Intent {  } baseActivity=ComponentInfo{com.google.android.apps.maps/com.google.android.maps.MapsActivity} topActivity=ComponentInfo{com.google.android.apps.maps/com.google.android.maps.MapsActivity} origActivity=null realActivity=null realActivityIsAppLockEnabled=false numActivities=1 lastActiveTime=46727713 supportsMultiWindow=true supportsMultiWindowWithoutConstraints=true resizeMode=2 isResizeable=true minWidth=-1 minHeight=-1 defaultMinSize=220 token=WCT{android.os.BinderProxy@3868b48} topActivityType=1 pictureInPictureParams=null shouldDockBigOverlays=false launchIntoPipHostTaskId=-1 lastParentTaskIdBeforePip=-1 displayCutoutSafeInsets=Rect(0, 0 - 0, 0) topActivityInfo=ActivityInfo{47bc5bd com.google.android.maps.MapsActivity} launchCookies=[android.os.Binder@ac312a9] positionInParent=Point(832, 152) parentTaskId=-1 isFocused=true isInteractive=false isVisible=true isVisibleRequested=false isTopActivityNoDisplay=false isSleeping=false locusId=null displayAreaFeatureId=1 isTopActivityTransparent=false isActivityStackTransparent=false lastNonFullscreenBounds=null leafTaskBoundsFromOptions= false capturedLink=null capturedLinkTimestamp=0 requestedVisibleTypes=503 topActivityRequestOpenInBrowserEducationTimestamp=0 appCompatTaskInfo=AppCompatTaskInfo { topActivityInSizeCompat=false isLeafTask= false eligibleForLetterboxEducation= false isLetterboxEducationEnabled= false isLetterboxDoubleTapEnabled= false eligibleForUserAspectRatioButton= false topActivityBoundsLetterboxed= false isFromLetterboxDoubleTap= false topActivityLetterboxVerticalPosition= -1 topActivityLetterboxHorizontalPosition= -1 topActivityLetterboxWidth=-1 topActivityLetterboxHeight=-1 topActivityAppBounds=Rect(832, 0 - 2528, 1408) isUserFullscreenOverrideEnabled=false isSystemFullscreenOverrideEnabled=false hasMinAspectRatioOverride=false topActivityLetterboxBounds=null topNonResizableActivityAspectRatio=-1.0} topActivityMainWindowFrame=null isAppBubble=false})
08-01 05:33:23.492  4551  4669 D Variant : , mCornerRadius=Corner{mRadiusTL=96, mRadiusTR=96, mRadiusBL=96, mRadiusBR=96}
08-01 05:33:23.492  4551  4669 D Variant : , mIsLaunchRoot=false
08-01 05:33:23.492  4551  4669 D Variant : , mDisplayId=0
08-01 05:33:23.492  4551  4669 D Variant : , mDecors=Empty}
08-01 05:33:23.492  4551  4669 D Variant : Panel updated: TaskPanel{mId='app_panel
08-01 05:33:23.492  4551  4669 D Variant : , isRooTaskEmpty=false
08-01 05:33:23.492  4551  4669 D Variant : , mBounds=Rect(1, 152 - 2561, 1408)
08-01 05:33:23.492  4551  4669 D Variant : , mAlpha=0.9999889
08-01 05:33:23.492  4551  4669 D Variant : , mIsVisible=true
08-01 05:33:23.492  4551  4669 D Variant : , rootTaskId=1000008
08-01 05:33:23.492  4551  4669 D Variant : , mRole=com.android.car.scalableui.model.Role@657aed9
08-01 05:33:23.492  4551  4669 D Variant : , mLayer=100
08-01 05:33:23.492  4551  4669 D Variant : , mLeash=Surface(name=Task=1000008(app_panel)#58)/@0x1676fa7
08-01 05:33:23.492  4551  4669 D Variant : , mRootTaskStack=RootTaskStack(id=1000008, displayId=0, leash=Surface(name=Task=1000008(app_panel)#58)/@0x1676fa7, name=app_panel, rootTaskInfo=TaskInfo{userId=10 taskId=1000008 effectiveUid=0 displayId=0 isRunning=true baseIntent=Intent {  } baseActivity=ComponentInfo{com.tcs.vehicleassistant/com.tcs.vehicleassistant.LocalLLMActivity} topActivity=ComponentInfo{com.tcs.vehicleassistant/com.tcs.vehicleassistant.LocalLLMActivity} origActivity=null realActivity=null realActivityIsAppLockEnabled=false numActivities=1 lastActiveTime=46727764 supportsMultiWindow=true supportsMultiWindowWithoutConstraints=true resizeMode=1 isResizeable=true minWidth=-1 minHeight=-1 defaultMinSize=220 token=WCT{android.os.BinderProxy@f399c54} topActivityType=1 pictureInPictureParams=null shouldDockBigOverlays=false launchIntoPipHostTaskId=-1 lastParentTaskIdBeforePip=-1 displayCutoutSafeInsets=Rect(0, 0 - 0, 0) topActivityInfo=ActivityInfo{3698a29 com.tcs.vehicleassistant.LocalLLMActivity} launchCookies=[android.os.Binder@f4f70c1] positionInParent=Point(0, 152) parentTaskId=-1 isFocused=false isInteractive=false isVisible=true isVisibleRequested=true isTopActivityNoDisplay=false isSleeping=false locusId=null displayAreaFeatureId=1 isTopActivityTransparent=false isActivityStackTransparent=false lastNonFullscreenBounds=null leafTaskBoundsFromOptions= false capturedLink=null capturedLinkTimestamp=0 requestedVisibleTypes=503 topActivityRequestOpenInBrowserEducationTimestamp=0 appCompatTaskInfo=AppCompatTaskInfo { topActivityInSizeCompat=false isLeafTask= false eligibleForLetterboxEducation= false isLetterboxEducationEnabled= false isLetterboxDoubleTapEnabled= false eligibleForUserAspectRatioButton= false topActivityBoundsLetterboxed= false isFromLetterboxDoubleTap= false topActivityLetterboxVerticalPosition= -1 topActivityLetterboxHorizontalPosition= -1 topActivityLetterboxWidth=-1 topActivityLetterboxHeight=-1 topActivityAppBounds=Rect(0, 152 - 2560, 1408) isUserFullscreenOverrideEnabled=false isSystemFullscreenOverrideEnabled=false hasMinAspectRatioOverride=false topActivityLetterboxBounds=null topNonResizableActivityAspectRatio=-1.0} topActivityMainWindowFrame=null isAppBubble=false})
08-01 05:33:23.492  4551  4669 D Variant : , mCornerRadius=Corner{mRadiusTL=0, mRadiusTR=0, mRadiusBL=0, mRadiusBR=0}
08-01 05:33:23.492  4551  4669 D Variant : , mIsLaunchRoot=true
08-01 05:33:23.492  4551  4669 D Variant : , mDisplayId=0
08-01 05:33:23.492  4551  4669 D Variant : , mDecors=Empty}
08-01 05:33:23.492  4551  4669 D PanelTransitionCoordinator: Surface animation progress 0.9999726
08-01 05:33:23.492  4551  4669 D SysUIPanel: update TaskPanel:widget_panel, updateChildren =false, variantnull
08-01 05:33:23.492  4551  4669 D SysUIPanel: update TaskPanel:map_panel, updateChildren =false, variantnull
08-01 05:33:23.492  4551  4669 D SysUIPanel: update TaskPanel:app_panel, updateChildren =false, variantnull
08-01 05:33:23.496  9689  9689 I [Koin]  : Started 7 definitions in 0.329875 ms
08-01 05:33:23.508  4551  4669 D Variant : Panel updated: TaskPanel{mId='widget_panel
08-01 05:33:23.508  4551  4669 D Variant : , isRooTaskEmpty=false
08-01 05:33:23.508  4551  4669 D Variant : , mBounds=Rect(0, 152 - 832, 1408)
08-01 05:33:23.508  4551  4669 D Variant : , mAlpha=1.0
08-01 05:33:23.508  4551  4669 D Variant : , mIsVisible=true
08-01 05:33:23.508  4551  4669 D Variant : , rootTaskId=1000003
08-01 05:33:23.508  4551  4669 D Variant : , mRole=null
08-01 05:33:23.508  4551  4669 D Variant : , mLayer=2
08-01 05:33:23.508  4551  4669 D Variant : , mLeash=Surface(name=Task=1000003(widget_panel)#52)/@0xd07b1c4
08-01 05:33:23.508  4551  4669 D Variant : , mRootTaskStack=RootTaskStack(id=1000003, displayId=0, leash=Surface(name=Task=1000003(widget_panel)#52)/@0xd07b1c4, name=widget_panel, rootTaskInfo=TaskInfo{userId=10 taskId=1000003 effectiveUid=0 displayId=0 isRunning=true baseIntent=Intent {  } baseActivity=ComponentInfo{com.android.car.carlauncher/com.android.car.carlauncher.WidgetHostActivity} topActivity=ComponentInfo{com.android.car.carlauncher/com.android.car.carlauncher.WidgetHostActivity} origActivity=null realActivity=null realActivityIsAppLockEnabled=false numActivities=1 lastActiveTime=46727694 supportsMultiWindow=true supportsMultiWindowWithoutConstraints=true resizeMode=1 isResizeable=true minWidth=-1 minHeight=-1 defaultMinSize=220 token=WCT{android.os.BinderProxy@60898ad} topActivityType=1 pictureInPictureParams=null shouldDockBigOverlays=false launchIntoPipHostTaskId=-1 lastParentTaskIdBeforePip=-1 displayCutoutSafeInsets=Rect(0, 0 - 0, 0) topActivityInfo=ActivityInfo{b662914 com.android.car.carlauncher.WidgetHostActivity} launchCookies=[android.os.Binder@de5c56] positionInParent=Point(0, 152) parentTaskId=-1 isFocused=false isInteractive=false isVisible=true isVisibleRequested=false isTopActivityNoDisplay=false isSleeping=false locusId=null displayAreaFeatureId=1 isTopActivityTransparent=false isActivityStackTransparent=false lastNonFullscreenBounds=null leafTaskBoundsFromOptions= false capturedLink=null capturedLinkTimestamp=0 requestedVisibleTypes=503 topActivityRequestOpenInBrowserEducationTimestamp=0 appCompatTaskInfo=AppCompatTaskInfo { topActivityInSizeCompat=false isLeafTask= false eligibleForLetterboxEducation= false isLetterboxEducationEnabled= false isLetterboxDoubleTapEnabled= false eligibleForUserAspectRatioButton= false topActivityBoundsLetterboxed= false isFromLetterboxDoubleTap= false topActivityLetterboxVerticalPosition= -1 topActivityLetterboxHorizontalPosition= -1 topActivityLetterboxWidth=-1 topActivityLetterboxHeight=-1 topActivityAppBounds=Rect(0, 152 - 832, 1408) isUserFullscreenOverrideEnabled=false isSystemFullscreenOverrideEnabled=false hasMinAspectRatioOverride=false topActivityLetterboxBounds=null topNonResizableActivityAspectRatio=-1.0} topActivityMainWindowFrame=null isAppBubble=false})
08-01 05:33:23.508  4551  4669 D Variant : , mCornerRadius=Corner{mRadiusTL=0, mRadiusTR=0, mRadiusBL=0, mRadiusBR=0}
08-01 05:33:23.508  4551  4669 D Variant : , mIsLaunchRoot=false
08-01 05:33:23.508  4551  4669 D Variant : , mDisplayId=0
08-01 05:33:23.508  4551  4669 D Variant : , mDecors=Empty}
08-01 05:33:23.509  4551  4669 D Variant : Panel updated: TaskPanel{mId='map_panel
08-01 05:33:23.509  4551  4669 D Variant : , isRooTaskEmpty=false
08-01 05:33:23.509  4551  4669 D Variant : , mBounds=Rect(832, 152 - 2480, 1408)
08-01 05:33:23.509  4551  4669 D Variant : , mAlpha=1.0
08-01 05:33:23.509  4551  4669 D Variant : , mIsVisible=true
08-01 05:33:23.509  4551  4669 D Variant : , rootTaskId=1000004
08-01 05:33:23.509  4551  4669 D Variant : , mRole=null
08-01 05:33:23.509  4551  4669 D Variant : , mLayer=2
08-01 05:33:23.509  4551  4669 D Variant : , mLeash=Surface(name=Task=1000004(map_panel)#54)/@0x96fb1eb
08-01 05:33:23.509  4551  4669 D Variant : , mRootTaskStack=RootTaskStack(id=1000004, displayId=0, leash=Surface(name=Task=1000004(map_panel)#54)/@0x96fb1eb, name=map_panel, rootTaskInfo=TaskInfo{userId=10 taskId=1000004 effectiveUid=0 displayId=0 isRunning=true baseIntent=Intent {  } baseActivity=ComponentInfo{com.google.android.apps.maps/com.google.android.maps.MapsActivity} topActivity=ComponentInfo{com.google.android.apps.maps/com.google.android.maps.MapsActivity} origActivity=null realActivity=null realActivityIsAppLockEnabled=false numActivities=1 lastActiveTime=46727713 supportsMultiWindow=true supportsMultiWindowWithoutConstraints=true resizeMode=2 isResizeable=true minWidth=-1 minHeight=-1 defaultMinSize=220 token=WCT{android.os.BinderProxy@3868b48} topActivityType=1 pictureInPictureParams=null shouldDockBigOverlays=false launchIntoPipHostTaskId=-1 lastParentTaskIdBeforePip=-1 displayCutoutSafeInsets=Rect(0, 0 - 0, 0) topActivityInfo=ActivityInfo{47bc5bd com.google.android.maps.MapsActivity} launchCookies=[android.os.Binder@ac312a9] positionInParent=Point(832, 152) parentTaskId=-1 isFocused=true isInteractive=false isVisible=true isVisibleRequested=false isTopActivityNoDisplay=false isSleeping=false locusId=null displayAreaFeatureId=1 isTopActivityTransparent=false isActivityStackTransparent=false lastNonFullscreenBounds=null leafTaskBoundsFromOptions= false capturedLink=null capturedLinkTimestamp=0 requestedVisibleTypes=503 topActivityRequestOpenInBrowserEducationTimestamp=0 appCompatTaskInfo=AppCompatTaskInfo { topActivityInSizeCompat=false isLeafTask= false eligibleForLetterboxEducation= false isLetterboxEducationEnabled= false isLetterboxDoubleTapEnabled= false eligibleForUserAspectRatioButton= false topActivityBoundsLetterboxed= false isFromLetterboxDoubleTap= false topActivityLetterboxVerticalPosition= -1 topActivityLetterboxHorizontalPosition= -1 topActivityLetterboxWidth=-1 topActivityLetterboxHeight=-1 topActivityAppBounds=Rect(832, 0 - 2528, 1408) isUserFullscreenOverrideEnabled=false isSystemFullscreenOverrideEnabled=false hasMinAspectRatioOverride=false topActivityLetterboxBounds=null topNonResizableActivityAspectRatio=-1.0} topActivityMainWindowFrame=null isAppBubble=false})
08-01 05:33:23.509  4551  4669 D Variant : , mCornerRadius=Corner{mRadiusTL=96, mRadiusTR=96, mRadiusBL=96, mRadiusBR=96}
08-01 05:33:23.509  4551  4669 D Variant : , mIsLaunchRoot=false
08-01 05:33:23.509  4551  4669 D Variant : , mDisplayId=0
08-01 05:33:23.509  4551  4669 D Variant : , mDecors=Empty}
08-01 05:33:23.509  4551  4669 D Variant : Panel updated: TaskPanel{mId='app_panel
08-01 05:33:23.509  4551  4669 D Variant : , isRooTaskEmpty=false
08-01 05:33:23.509  4551  4669 D Variant : , mBounds=Rect(0, 152 - 2560, 1408)
08-01 05:33:23.509  4551  4669 D Variant : , mAlpha=1.0
08-01 05:33:23.509  4551  4669 D Variant : , mIsVisible=true
08-01 05:33:23.509  4551  4669 D Variant : , rootTaskId=1000008
08-01 05:33:23.509  4551  4669 D Variant : , mRole=com.android.car.scalableui.model.Role@657aed9
08-01 05:33:23.509  4551  4669 D Variant : , mLayer=100
08-01 05:33:23.509  4551  4669 D Variant : , mLeash=Surface(name=Task=1000008(app_panel)#58)/@0x1676fa7
08-01 05:33:23.509  4551  4669 D Variant : , mRootTaskStack=RootTaskStack(id=1000008, displayId=0, leash=Surface(name=Task=1000008(app_panel)#58)/@0x1676fa7, name=app_panel, rootTaskInfo=TaskInfo{userId=10 taskId=1000008 effectiveUid=0 displayId=0 isRunning=true baseIntent=Intent {  } baseActivity=ComponentInfo{com.tcs.vehicleassistant/com.tcs.vehicleassistant.LocalLLMActivity} topActivity=ComponentInfo{com.tcs.vehicleassistant/com.tcs.vehicleassistant.LocalLLMActivity} origActivity=null realActivity=null realActivityIsAppLockEnabled=false numActivities=1 lastActiveTime=46727764 supportsMultiWindow=true supportsMultiWindowWithoutConstraints=true resizeMode=1 isResizeable=true minWidth=-1 minHeight=-1 defaultMinSize=220 token=WCT{android.os.BinderProxy@f399c54} topActivityType=1 pictureInPictureParams=null shouldDockBigOverlays=false launchIntoPipHostTaskId=-1 lastParentTaskIdBeforePip=-1 displayCutoutSafeInsets=Rect(0, 0 - 0, 0) topActivityInfo=ActivityInfo{3698a29 com.tcs.vehicleassistant.LocalLLMActivity} launchCookies=[android.os.Binder@f4f70c1] positionInParent=Point(0, 152) parentTaskId=-1 isFocused=false isInteractive=false isVisible=true isVisibleRequested=true isTopActivityNoDisplay=false isSleeping=false locusId=null displayAreaFeatureId=1 isTopActivityTransparent=false isActivityStackTransparent=false lastNonFullscreenBounds=null leafTaskBoundsFromOptions= false capturedLink=null capturedLinkTimestamp=0 requestedVisibleTypes=503 topActivityRequestOpenInBrowserEducationTimestamp=0 appCompatTaskInfo=AppCompatTaskInfo { topActivityInSizeCompat=false isLeafTask= false eligibleForLetterboxEducation= false isLetterboxEducationEnabled= false isLetterboxDoubleTapEnabled= false eligibleForUserAspectRatioButton= false topActivityBoundsLetterboxed= false isFromLetterboxDoubleTap= false topActivityLetterboxVerticalPosition= -1 topActivityLetterboxHorizontalPosition= -1 topActivityLetterboxWidth=-1 topActivityLetterboxHeight=-1 topActivityAppBounds=Rect(0, 152 - 2560, 1408) isUserFullscreenOverrideEnabled=false isSystemFullscreenOverrideEnabled=false hasMinAspectRatioOverride=false topActivityLetterboxBounds=null topNonResizableActivityAspectRatio=-1.0} topActivityMainWindowFrame=null isAppBubble=false})
08-01 05:33:23.509  4551  4669 D Variant : , mCornerRadius=Corner{mRadiusTL=0, mRadiusTR=0, mRadiusBL=0, mRadiusBR=0}
08-01 05:33:23.509  4551  4669 D Variant : , mIsLaunchRoot=true
08-01 05:33:23.509  4551  4669 D Variant : , mDisplayId=0
08-01 05:33:23.509  4551  4669 D Variant : , mDecors=Empty}
08-01 05:33:23.509  4551  4669 D PanelTransitionCoordinator: Surface animation progress 1.0
08-01 05:33:23.509  4551  4669 D SysUIPanel: update TaskPanel:widget_panel, updateChildren =false, variantnull
08-01 05:33:23.509  4551  4669 D SysUIPanel: update TaskPanel:map_panel, updateChildren =false, variantnull
08-01 05:33:23.509  4551  4669 D SysUIPanel: update TaskPanel:app_panel, updateChildren =false, variantnull
08-01 05:33:23.517  4054  4174 D CorePackageUpdate: Couldn't find a persistent state for task= 1000089
08-01 05:33:23.518  4551  4669 D DisplaySystemBarsController: topFocusedWindowChanged behavior = 1, component = ComponentInfo{com.tcs.vehicleassistant/com.tcs.vehicleassistant.LocalLLMActivity}, requestedVisibleTypes = 503, mWindowRequestedVisibleTypes = 503, mPackageName = null, userId = 0, display id = 0
08-01 05:33:23.523  9689  9713 I DisplayManager: Choreographer implicitly registered for the refresh rate.
08-01 05:33:23.524  4551  4669 D SysUIPanel: setupToolbarRegion: widget_panel
08-01 05:33:23.524  4551  4669 E TaskPanel: Tried setting incorrect task tool bar bounds: Rect(0, 0 - 0, 0)on panel: widget_panel
08-01 05:33:23.524  4551  4669 D SysUIPanel: mRelativeToolbarBounds: Rect(0, -152 - 0, -152)
08-01 05:33:23.524  4551  4669 D PanelControllerInitializer: Init TaskToolbarController with class name com.android.systemui.car.wm.scalableui.panel.controller.CompatibilityToolbarController for widget_panel_controller
08-01 05:33:23.525  4551  4669 D SysUIPanel: setCaptionRegionRootTaskStack(id=1000003, displayId=0, leash=Surface(name=Task=1000003(widget_panel)#52)/@0xd07b1c4, name=widget_panel, rootTaskInfo=TaskInfo{userId=10 taskId=1000003 effectiveUid=0 displayId=0 isRunning=true baseIntent=Intent {  } baseActivity=ComponentInfo{com.android.car.carlauncher/com.android.car.carlauncher.WidgetHostActivity} topActivity=ComponentInfo{com.android.car.carlauncher/com.android.car.carlauncher.WidgetHostActivity} origActivity=null realActivity=null realActivityIsAppLockEnabled=false numActivities=1 lastActiveTime=46727694 supportsMultiWindow=true supportsMultiWindowWithoutConstraints=true resizeMode=1 isResizeable=true minWidth=-1 minHeight=-1 defaultMinSize=220 token=WCT{android.os.BinderProxy@60898ad} topActivityType=1 pictureInPictureParams=null shouldDockBigOverlays=false launchIntoPipHostTaskId=-1 lastParentTaskIdBeforePip=-1 displayCutoutSafeInsets=Rect(0, 0 - 0, 0) topActivityInfo=ActivityInfo{b662914 com.android.car.carlauncher.WidgetHostActivity} launchCookies=[android.os.Binder@de5c56] positionInParent=Point(0, 152) parentTaskId=-1 isFocused=false isInteractive=false isVisible=true isVisibleRequested=false isTopActivityNoDisplay=false isSleeping=false locusId=null displayAreaFeatureId=1 isTopActivityTransparent=false isActivityStackTransparent=false lastNonFullscreenBounds=null leafTaskBoundsFromOptions= false capturedLink=null capturedLinkTimestamp=0 requestedVisibleTypes=503 topActivityRequestOpenInBrowserEducationTimestamp=0 appCompatTaskInfo=AppCompatTaskInfo { topActivityInSizeCompat=false isLeafTask= false eligibleForLetterboxEducation= false isLetterboxEducationEnabled= false isLetterboxDoubleTapEnabled= false eligibleForUserAspectRatioButton= false topActivityBoundsLetterboxed= false isFromLetterboxDoubleTap= false topActivityLetterboxVerticalPosition= -1 topActivityLetterboxHorizontalPosition= -1 topActivityLetterboxWidth=-1 topActivityLetterboxHeight=-1 topActivityAppBounds=Rect(0, 152 - 832, 1408) isUserFullscreenOverrideEnabled=false isSystemFullscreenOverrideEnabled=false hasMinAspectRatioOverride=false topActivityLetterboxBounds=null topNonResizableActivityAspectRatio=-1.0} topActivityMainWindowFrame=null isAppBubble=false}), taskToolbarBounds Rect(0, -152 - 0, -152), taskToolBarControllercom.android.systemui.car.wm.scalableui.panel.controller.CompatibilityToolbarController@4af58d1
08-01 05:33:23.525  9689  9689 D ehicleassistant: Initializing ProtoLog
08-01 05:33:23.525  4551  4669 I AutoCaptionController: Root task already has a caption region. Updating it to new values. caption region [Rect(0, -152 - 0, -152)], root task stack [1000003]
08-01 05:33:23.525  9689  9689 D ProtoLog: Initializing ProtoLog DataSource
08-01 05:33:23.525  4551  4669 D SysUIPanel: widget_panel: PanelControllerMetadata unchanged.
08-01 05:33:23.525  4551  4669 D SysUIPanel: setupToolbarRegion: map_panel
08-01 05:33:23.525  4551  4669 E TaskPanel: Tried setting incorrect task tool bar bounds: Rect(0, 0 - 0, 0)on panel: map_panel
08-01 05:33:23.525  4551  4669 D SysUIPanel: mRelativeToolbarBounds: Rect(-832, -152 - -832, -152)
08-01 05:33:23.525  4551  4669 D PanelControllerInitializer: Init TaskToolbarController with class name com.android.systemui.car.wm.scalableui.panel.controller.CompatibilityToolbarController for map_panel_controller
08-01 05:33:23.525  4551  4669 D SysUIPanel: setCaptionRegionRootTaskStack(id=1000004, displayId=0, leash=Surface(name=Task=1000004(map_panel)#54)/@0x96fb1eb, name=map_panel, rootTaskInfo=TaskInfo{userId=10 taskId=1000004 effectiveUid=0 displayId=0 isRunning=true baseIntent=Intent {  } baseActivity=ComponentInfo{com.google.android.apps.maps/com.google.android.maps.MapsActivity} topActivity=ComponentInfo{com.google.android.apps.maps/com.google.android.maps.MapsActivity} origActivity=null realActivity=null realActivityIsAppLockEnabled=false numActivities=1 lastActiveTime=46727713 supportsMultiWindow=true supportsMultiWindowWithoutConstraints=true resizeMode=2 isResizeable=true minWidth=-1 minHeight=-1 defaultMinSize=220 token=WCT{android.os.BinderProxy@3868b48} topActivityType=1 pictureInPictureParams=null shouldDockBigOverlays=false launchIntoPipHostTaskId=-1 lastParentTaskIdBeforePip=-1 displayCutoutSafeInsets=Rect(0, 0 - 0, 0) topActivityInfo=ActivityInfo{47bc5bd com.google.android.maps.MapsActivity} launchCookies=[android.os.Binder@ac312a9] positionInParent=Point(832, 152) parentTaskId=-1 isFocused=true isInteractive=false isVisible=true isVisibleRequested=false isTopActivityNoDisplay=false isSleeping=false locusId=null displayAreaFeatureId=1 isTopActivityTransparent=false isActivityStackTransparent=false lastNonFullscreenBounds=null leafTaskBoundsFromOptions= false capturedLink=null capturedLinkTimestamp=0 requestedVisibleTypes=503 topActivityRequestOpenInBrowserEducationTimestamp=0 appCompatTaskInfo=AppCompatTaskInfo { topActivityInSizeCompat=false isLeafTask= false eligibleForLetterboxEducation= false isLetterboxEducationEnabled= false isLetterboxDoubleTapEnabled= false eligibleForUserAspectRatioButton= false topActivityBoundsLetterboxed= false isFromLetterboxDoubleTap= false topActivityLetterboxVerticalPosition= -1 topActivityLetterboxHorizontalPosition= -1 topActivityLetterboxWidth=-1 topActivityLetterboxHeight=-1 topActivityAppBounds=Rect(832, 0 - 2528, 1408) isUserFullscreenOverrideEnabled=false isSystemFullscreenOverrideEnabled=false hasMinAspectRatioOverride=false topActivityLetterboxBounds=null topNonResizableActivityAspectRatio=-1.0} topActivityMainWindowFrame=null isAppBubble=false}), taskToolbarBounds Rect(-832, -152 - -832, -152), taskToolBarControllercom.android.systemui.car.wm.scalableui.panel.controller.CompatibilityToolbarController@e5eaf36
08-01 05:33:23.525  4551  4669 I AutoCaptionController: Root task already has a caption region. Updating it to new values. caption region [Rect(-832, -152 - -832, -152)], root task stack [1000004]
08-01 05:33:23.525  4551  4669 D SysUIPanel: map_panel: PanelControllerMetadata unchanged.
08-01 05:33:23.525  4551  4669 D SysUIPanel: setupToolbarRegion: app_panel
08-01 05:33:23.525  4551  4669 D SysUIPanel: mRelativeToolbarBounds: Rect(0, 0 - 138, 1256)
08-01 05:33:23.525  4551  4669 D PanelControllerInitializer: Init TaskToolbarController with class name com.android.systemui.car.wm.scalableui.panel.controller.CompatibilityToolbarController for null
08-01 05:33:23.526  4551  4669 D SysUIPanel: setCaptionRegionRootTaskStack(id=1000008, displayId=0, leash=Surface(name=Task=1000008(app_panel)#58)/@0x1676fa7, name=app_panel, rootTaskInfo=TaskInfo{userId=10 taskId=1000008 effectiveUid=0 displayId=0 isRunning=true baseIntent=Intent {  } baseActivity=ComponentInfo{com.tcs.vehicleassistant/com.tcs.vehicleassistant.LocalLLMActivity} topActivity=ComponentInfo{com.tcs.vehicleassistant/com.tcs.vehicleassistant.LocalLLMActivity} origActivity=null realActivity=null realActivityIsAppLockEnabled=false numActivities=1 lastActiveTime=46727764 supportsMultiWindow=true supportsMultiWindowWithoutConstraints=true resizeMode=1 isResizeable=true minWidth=-1 minHeight=-1 defaultMinSize=220 token=WCT{android.os.BinderProxy@f399c54} topActivityType=1 pictureInPictureParams=null shouldDockBigOverlays=false launchIntoPipHostTaskId=-1 lastParentTaskIdBeforePip=-1 displayCutoutSafeInsets=Rect(0, 0 - 0, 0) topActivityInfo=ActivityInfo{3698a29 com.tcs.vehicleassistant.LocalLLMActivity} launchCookies=[android.os.Binder@f4f70c1] positionInParent=Point(0, 152) parentTaskId=-1 isFocused=false isInteractive=false isVisible=true isVisibleRequested=true isTopActivityNoDisplay=false isSleeping=false locusId=null displayAreaFeatureId=1 isTopActivityTransparent=false isActivityStackTransparent=false lastNonFullscreenBounds=null leafTaskBoundsFromOptions= false capturedLink=null capturedLinkTimestamp=0 requestedVisibleTypes=503 topActivityRequestOpenInBrowserEducationTimestamp=0 appCompatTaskInfo=AppCompatTaskInfo { topActivityInSizeCompat=false isLeafTask= false eligibleForLetterboxEducation= false isLetterboxEducationEnabled= false isLetterboxDoubleTapEnabled= false eligibleForUserAspectRatioButton= false topActivityBoundsLetterboxed= false isFromLetterboxDoubleTap= false topActivityLetterboxVerticalPosition= -1 topActivityLetterboxHorizontalPosition= -1 topActivityLetterboxWidth=-1 topActivityLetterboxHeight=-1 topActivityAppBounds=Rect(0, 152 - 2560, 1408) isUserFullscreenOverrideEnabled=false isSystemFullscreenOverrideEnabled=false hasMinAspectRatioOverride=false topActivityLetterboxBounds=null topNonResizableActivityAspectRatio=-1.0} topActivityMainWindowFrame=null isAppBubble=false}), taskToolbarBounds Rect(0, 0 - 138, 1256), taskToolBarControllercom.android.systemui.car.wm.scalableui.panel.controller.CompatibilityToolbarController@1773e37
08-01 05:33:23.526  4551  4669 I AutoCaptionController: Root task already has a caption region. Updating it to new values. caption region [Rect(0, 0 - 138, 1256)], root task stack [1000008]
08-01 05:33:23.526  4551  4669 D SysUIPanel: app_panel: PanelControllerMetadata unchanged.
08-01 05:33:23.526  9689  9713 D vulkan  : searching for layers in '/data/app/~~MLw-3f24mvqoMuVZr02KcA==/com.tcs.vehicleassistant-shYHwFB3ZTrpLUSelitLyA==/lib/arm64'
08-01 05:33:23.526  4551  4669 D PanelTransitionCoordinator: Animation set finished com.android.wm.shell.automotive.AutoTaskStackControllerImpl$startAnimation$isPlayedByDelegate$1@a446fa4
08-01 05:33:23.526  4551  4669 D SysUIPanel: update TaskPanel:widget_panel, updateChildren =true, variantVariant{
08-01 05:33:23.526  4551  4669 D SysUIPanel: 	mId=@235339779
08-01 05:33:23.526  4551  4669 D SysUIPanel: 	mIdName=closed
08-01 05:33:23.526  4551  4669 D SysUIPanel: 	mAlpha=1.0
08-01 05:33:23.526  4551  4669 D SysUIPanel: 	mIsVisible=false
08-01 05:33:23.526  4551  4669 D SysUIPanel: 	mLayer=2
08-01 05:33:23.526  4551  4669 D SysUIPanel: 	mCanFocusOnTransition=false
08-01 05:33:23.526  4551  4669 D SysUIPanel: 	mBounds=Rect(0, 152 - 832, 1408)
08-01 05:33:23.526  4551  4669 D SysUIPanel: 	mSafeBounds=Rect(0, 152 - 832, 1408)
08-01 05:33:23.526  4551  4669 D SysUIPanel: 	mTaskToolbarBounds=Rect(0, 0 - 0, 0)
08-01 05:33:23.526  4551  4669 D SysUIPanel: 	mCornerRadius=Corner{mRadiusTL=0, mRadiusTR=0, mRadiusBL=0, mRadiusBR=0}
08-01 05:33:23.526  4551  4669 D SysUIPanel: 	mInsets=Insets{left=0, top=0, right=0, bottom=0}
08-01 05:33:23.526  4551  4669 D SysUIPanel: 	mDecors=empty}
08-01 05:33:23.526  4551  4669 E TaskPanel: leash is Surface(name=Task=1000003(widget_panel)#52)/@0xd07b1c4, tx is null
08-01 05:33:23.526  4551  4669 D SysUIPanel: update TaskPanel:map_panel, updateChildren =true, variantVariant{
08-01 05:33:23.526  4551  4669 D SysUIPanel: 	mId=@235339779
08-01 05:33:23.526  4551  4669 D SysUIPanel: 	mIdName=closed
08-01 05:33:23.526  4551  4669 D SysUIPanel: 	mAlpha=1.0
08-01 05:33:23.526  4551  4669 D SysUIPanel: 	mIsVisible=false
08-01 05:33:23.526  4551  4669 D SysUIPanel: 	mLayer=2
08-01 05:33:23.526  4551  4669 D SysUIPanel: 	mCanFocusOnTransition=false
08-01 05:33:23.526  4551  4669 D SysUIPanel: 	mBounds=Rect(832, 152 - 2480, 1408)
08-01 05:33:23.526  4551  4669 D SysUIPanel: 	mSafeBounds=Rect(832, 152 - 2480, 1408)
08-01 05:33:23.526  4551  4669 D SysUIPanel: 	mTaskToolbarBounds=Rect(0, 0 - 0, 0)
08-01 05:33:23.526  4551  4669 D SysUIPanel: 	mCornerRadius=Corner{mRadiusTL=96, mRadiusTR=96, mRadiusBL=96, mRadiusBR=96}
08-01 05:33:23.526  4551  4669 D SysUIPanel: 	mInsets=Insets{left=0, top=0, right=0, bottom=0}
08-01 05:33:23.526  4551  4669 D SysUIPanel: 	mDecors=empty}
08-01 05:33:23.526  4551  4669 E TaskPanel: leash is Surface(name=Task=1000004(map_panel)#54)/@0x96fb1eb, tx is null
08-01 05:33:23.526  9689  9713 D vulkan  : searching for layers in '/data/app/~~MLw-3f24mvqoMuVZr02KcA==/com.tcs.vehicleassistant-shYHwFB3ZTrpLUSelitLyA==/base.apk!/lib/arm64-v8a'
08-01 05:33:23.526  4551  4669 D SysUIPanel: update TaskPanel:app_panel, updateChildren =true, variantVariant{
08-01 05:33:23.526  4551  4669 D SysUIPanel: 	mId=@235339784
08-01 05:33:23.526  4551  4669 D SysUIPanel: 	mIdName=opened
08-01 05:33:23.526  4551  4669 D SysUIPanel: 	mAlpha=1.0
08-01 05:33:23.526  4551  4669 D SysUIPanel: 	mIsVisible=true
08-01 05:33:23.526  4551  4669 D SysUIPanel: 	mLayer=100
08-01 05:33:23.526  4551  4669 D SysUIPanel: 	mCanFocusOnTransition=true
08-01 05:33:23.526  4551  4669 D SysUIPanel: 	mBounds=Rect(0, 152 - 2560, 1408)
08-01 05:33:23.526  4551  4669 D SysUIPanel: 	mSafeBounds=Rect(138, 152 - 2560, 1408)
08-01 05:33:23.526  4551  4669 D SysUIPanel: 	mTaskToolbarBounds=Rect(0, 152 - 138, 1408)
08-01 05:33:23.526  4551  4669 D SysUIPanel: 	mCornerRadius=Corner{mRadiusTL=0, mRadiusTR=0, mRadiusBL=0, mRadiusBR=0}
08-01 05:33:23.526  4551  4669 D SysUIPanel: 	mInsets=Insets{left=0, top=0, right=0, bottom=0}
08-01 05:33:23.526  4551  4669 D SysUIPanel: 	mDecors=empty}
08-01 05:33:23.526  4551  4669 E TaskPanel: leash is Surface(name=Task=1000008(app_panel)#58)/@0x1676fa7, tx is null
08-01 05:33:23.526  4551  4669 D PanelTransitionCoordinator: app_paneltoVariant
08-01 05:33:23.527  4551  4669 D SysUIPanel: update TaskPanel:app_panel, updateChildren =false, variantVariant{
08-01 05:33:23.527  4551  4669 D SysUIPanel: 	mId=@235339784
08-01 05:33:23.527  4551  4669 D SysUIPanel: 	mIdName=opened
08-01 05:33:23.527  4551  4669 D SysUIPanel: 	mAlpha=1.0
08-01 05:33:23.527  4551  4669 D SysUIPanel: 	mIsVisible=true
08-01 05:33:23.527  4551  4669 D SysUIPanel: 	mLayer=100
08-01 05:33:23.527  4551  4669 D SysUIPanel: 	mCanFocusOnTransition=true
08-01 05:33:23.527  4551  4669 D SysUIPanel: 	mBounds=Rect(0, 152 - 2560, 1408)
08-01 05:33:23.527  4551  4669 D SysUIPanel: 	mSafeBounds=Rect(138, 152 - 2560, 1408)
08-01 05:33:23.527  4551  4669 D SysUIPanel: 	mTaskToolbarBounds=Rect(0, 152 - 138, 1408)
08-01 05:33:23.527  4551  4669 D SysUIPanel: 	mCornerRadius=Corner{mRadiusTL=0, mRadiusTR=0, mRadiusBL=0, mRadiusBR=0}
08-01 05:33:23.527  4551  4669 D SysUIPanel: 	mInsets=Insets{left=0, top=0, right=0, bottom=0}
08-01 05:33:23.527  4551  4669 D SysUIPanel: 	mDecors=empty}
08-01 05:33:23.527  4551  4669 D PanelTransitionCoordinator: widget_paneltoVariant
08-01 05:33:23.527  4551  4669 D SysUIPanel: update TaskPanel:widget_panel, updateChildren =false, variantVariant{
08-01 05:33:23.527  4551  4669 D SysUIPanel: 	mId=@235339779
08-01 05:33:23.527  4551  4669 D SysUIPanel: 	mIdName=closed
08-01 05:33:23.527  4551  4669 D SysUIPanel: 	mAlpha=1.0
08-01 05:33:23.527  4551  4669 D SysUIPanel: 	mIsVisible=false
08-01 05:33:23.527  4551  4669 D SysUIPanel: 	mLayer=2
08-01 05:33:23.527  4551  4669 D SysUIPanel: 	mCanFocusOnTransition=false
08-01 05:33:23.527  4551  4669 D SysUIPanel: 	mBounds=Rect(0, 152 - 832, 1408)
08-01 05:33:23.527  4551  4669 D SysUIPanel: 	mSafeBounds=Rect(0, 152 - 832, 1408)
08-01 05:33:23.527  4551  4669 D SysUIPanel: 	mTaskToolbarBounds=Rect(0, 0 - 0, 0)
08-01 05:33:23.527  4551  4669 D SysUIPanel: 	mCornerRadius=Corner{mRadiusTL=0, mRadiusTR=0, mRadiusBL=0, mRadiusBR=0}
08-01 05:33:23.527  4551  4669 D SysUIPanel: 	mInsets=Insets{left=0, top=0, right=0, bottom=0}
08-01 05:33:23.527  4551  4669 D SysUIPanel: 	mDecors=empty}
08-01 05:33:23.527  4551  4669 D PanelTransitionCoordinator: map_paneltoVariant
08-01 05:33:23.527  4551  4669 D SysUIPanel: update TaskPanel:map_panel, updateChildren =false, variantVariant{
08-01 05:33:23.527  4551  4669 D SysUIPanel: 	mId=@235339779
08-01 05:33:23.527  4551  4669 D SysUIPanel: 	mIdName=closed
08-01 05:33:23.527  4551  4669 D SysUIPanel: 	mAlpha=1.0
08-01 05:33:23.527  4551  4669 D SysUIPanel: 	mIsVisible=false
08-01 05:33:23.527  4551  4669 D SysUIPanel: 	mLayer=2
08-01 05:33:23.527  4551  4669 D SysUIPanel: 	mCanFocusOnTransition=false
08-01 05:33:23.527  4551  4669 D SysUIPanel: 	mBounds=Rect(832, 152 - 2480, 1408)
08-01 05:33:23.527  4551  4669 D SysUIPanel: 	mSafeBounds=Rect(832, 152 - 2480, 1408)
08-01 05:33:23.527  4551  4669 D SysUIPanel: 	mTaskToolbarBounds=Rect(0, 0 - 0, 0)
08-01 05:33:23.527  4551  4669 D SysUIPanel: 	mCornerRadius=Corner{mRadiusTL=96, mRadiusTR=96, mRadiusBL=96, mRadiusBR=96}
08-01 05:33:23.527  4551  4669 D SysUIPanel: 	mInsets=Insets{left=0, top=0, right=0, bottom=0}
08-01 05:33:23.527  4551  4669 D SysUIPanel: 	mDecors=empty}
08-01 05:33:23.527  4551  4669 D PanelTransitionCoordinator: Finish the transition
08-01 05:33:23.527  4551  4669 V WindowManagerShell: Transition animation finished (aborted=false), notifying core (#57) android.os.BinderProxy@6aad98c@0
08-01 05:33:23.529  4054  4074 V WindowManager: Finish Transition (#57): created at 08-01 05:33:23.096 collect-started=0.059ms request-sent=8.662ms started=23.962ms ready=66.785ms sent=68.725ms commit=27.069ms finished=432.384ms
08-01 05:33:23.531  5879  5879 D VRI[MapsActivity]: visibilityChanged oldVisibility=true newVisibility=false
08-01 05:33:23.531  4972  4972 D VRI[WidgetHostActivity]: visibilityChanged oldVisibility=true newVisibility=false
08-01 05:33:23.532  9689  9689 I DefaultDispatch: type=1400 audit(0.0:345): avc:  denied  { read } for  name="llm" dev="dm-51" ino=841 scontext=u:r:platform_app_36:s0:c522,c768 tcontext=u:object_r:shell_data_file:s0 tclass=dir permissive=1
08-01 05:33:23.532  9689  9689 I DefaultDispatch: type=1400 audit(0.0:346): avc:  denied  { open } for  path="/data/local/tmp/llm" dev="dm-51" ino=841 scontext=u:r:platform_app_36:s0:c522,c768 tcontext=u:object_r:shell_data_file:s0 tclass=dir permissive=1
08-01 05:33:23.534  4551  4669 V WindowManagerShell: Track 0 became idle
08-01 05:33:23.534  4551  4669 V WindowManagerShell: All active transition animations finished
08-01 05:33:23.535  9689  9711 I DeviceCapabilities: OpenCL driver available at /vendor/lib64/libOpenCL.so
08-01 05:33:23.535  9689  9711 I LLMManager: Accelerator probe: device=tangorpro model=AOSP on Tangorpro sdk=37 cores=8 largeScreen=true openCL=/vendor/lib64/libOpenCL.so
08-01 05:33:23.535  4551  4669 D PanelTransitionCoordinator: dispatching animation end event for panel widget_panel with variant closed
08-01 05:33:23.535  9689  9711 I LLMManager: Backend chain for request 'Auto': [GPU, CPU]
08-01 05:33:23.535  4551  4669 D StateManager: handleEvents [Event{mId='_System_OnAnimationEndEvent' mTokens='panelToVariantId=closed , panelId=widget_panel' mApplicableDisplays='empty'}]
08-01 05:33:23.535  4054  4319 I Surface : Creating surface for consumer unnamed-4054-20 with slotExpansion=1 for 64 slots
08-01 05:33:23.535  4054  4319 I Surface : Creating surface for consumer ImageReader-1696x1408f1m1-4054-10 with slotExpansion=1 for 64 slots
08-01 05:33:23.535  4551  4669 D StateManager: No transition for widget_panel
08-01 05:33:23.535  9689  9711 D LLMManager: Starting LiteRT engine model=/data/local/tmp/llm/gemma-4-E2B-it.litertlm backend=GPU cacheDir=/data/user/10/com.tcs.vehicleassistant/no_backup/litertlm_kernel_cache speculativeWanted=false speculative=false
08-01 05:33:23.536  4054  4319 W ImageReader_JNI: Unable to acquire a buffer item, very likely client tried to acquire more than maxImages buffers
08-01 05:33:23.536  4551  4669 D StateManager: No transition for map_panel
08-01 05:33:23.536  4551  4669 D StateManager: No transition for unreactive_panel
08-01 05:33:23.536  4551  4669 D StateManager: No transition for nav
08-01 05:33:23.536  4551  4669 D StateManager: No transition for projected_panel
08-01 05:33:23.536  4551  4669 D StateManager: No transition for assistant_panel
08-01 05:33:23.536  4551  4669 D StateManager: No transition for app_panel
08-01 05:33:23.536  4551  4669 D StateManager: No transition for suw_panel
08-01 05:33:23.536  4551  4669 D StateManager: No transition for status
08-01 05:33:23.536  4551  4669 D StateManager: No transition for _Hun_Panel
08-01 05:33:23.536  4551  4669 D PanelTransitionCoordinator: No panel transactions - don't override focus
08-01 05:33:23.536  4551  4669 E AutoTaskStackController: startTransition(ops=0), no transaction started
08-01 05:33:23.536  4551  4669 D PanelTransitionCoordinator: dispatching animation end event for panel map_panel with variant closed
08-01 05:33:23.536  4551  4669 D StateManager: handleEvents [Event{mId='_System_OnAnimationEndEvent' mTokens='panelToVariantId=closed , panelId=map_panel' mApplicableDisplays='empty'}]
08-01 05:33:23.537  9689  9711 E ehicleassistant: No implementation found for void com.google.ai.edge.litertlm.NativeLibraryLoader.nativeCheckLoaded() (tried Java_com_google_ai_edge_litertlm_NativeLibraryLoader_nativeCheckLoaded and Java_com_google_ai_edge_litertlm_NativeLibraryLoader_nativeCheckLoaded__) - is the library loaded, e.g. System.loadLibrary?
08-01 05:33:23.537  4551  4669 D StateManager: No transition for widget_panel
08-01 05:33:23.537  4551  4669 D StateManager: No transition for map_panel
08-01 05:33:23.537  4551  4669 D StateManager: No transition for unreactive_panel
08-01 05:33:23.537  4551  4669 D StateManager: No transition for nav
08-01 05:33:23.537  4551  4669 D StateManager: No transition for projected_panel
08-01 05:33:23.537  4551  4669 D StateManager: No transition for assistant_panel
08-01 05:33:23.537  4551  4669 D StateManager: No transition for app_panel
08-01 05:33:23.537  4551  4669 D StateManager: No transition for suw_panel
08-01 05:33:23.537  4551  4669 D StateManager: No transition for status
08-01 05:33:23.537  4551  4669 D StateManager: No transition for _Hun_Panel
08-01 05:33:23.537  4551  4669 D PanelTransitionCoordinator: No panel transactions - don't override focus
08-01 05:33:23.537  4551  4669 E AutoTaskStackController: startTransition(ops=0), no transaction started
08-01 05:33:23.537  4551  4669 D PanelTransitionCoordinator: dispatching animation end event for panel app_panel with variant opened
08-01 05:33:23.537  4551  4669 D StateManager: handleEvents [Event{mId='_System_OnAnimationEndEvent' mTokens='panelToVariantId=opened , panelId=app_panel' mApplicableDisplays='empty'}]
08-01 05:33:23.537  4551  4669 D StateManager: No transition for widget_panel
08-01 05:33:23.538  4551  4669 D StateManager: No transition for map_panel
08-01 05:33:23.538  4551  4669 D StateManager: No transition for unreactive_panel
08-01 05:33:23.538  4551  4669 D StateManager: No transition for nav
08-01 05:33:23.538  4551  4669 D StateManager: No transition for projected_panel
08-01 05:33:23.538  4551  4669 D StateManager: No transition for assistant_panel
08-01 05:33:23.538  4551  4669 D StateManager: No transition for app_panel
08-01 05:33:23.538  4551  4669 D StateManager: No transition for suw_panel
08-01 05:33:23.538  4551  4669 D StateManager: No transition for status
08-01 05:33:23.538  4551  4669 D StateManager: No transition for _Hun_Panel
08-01 05:33:23.538  4551  4669 D PanelTransitionCoordinator: No panel transactions - don't override focus
08-01 05:33:23.538  4551  4669 E AutoTaskStackController: startTransition(ops=0), no transaction started
08-01 05:33:23.539  4972  4985 E JavaBinder: *** Uncaught remote exception! Exceptions are not yet supported across processes. Client PID 4551 UID 10153.
08-01 05:33:23.539  4972  4985 E JavaBinder: android.view.ViewRootImpl$CalledFromWrongThreadException: Only the original thread that created a view hierarchy can touch its views. Expected: main Calling: binder:4972_1
08-01 05:33:23.539  4972  4985 E JavaBinder: 	at android.view.ViewRootImpl.newCalledFromWrongThreadException(ViewRootImpl.java:12155)
08-01 05:33:23.539  4972  4985 E JavaBinder: 	at android.view.ViewRootImpl.throwCalledFromWrongThreadException(ViewRootImpl.java:12144)
08-01 05:33:23.539  4972  4985 E JavaBinder: 	at android.view.ViewRootImpl.checkThreadCompat(ViewRootImpl.java:12182)
08-01 05:33:23.539  4972  4985 E JavaBinder: 	at android.view.ViewRootImpl.scheduleTraversals(ViewRootImpl.java:3308)
08-01 05:33:23.539  4972  4985 E JavaBinder: 	at android.view.ViewRootImpl.invalidate(ViewRootImpl.java:2867)
08-01 05:33:23.539  4972  4985 E JavaBinder: 	at android.view.ViewRootImpl.onDescendantInvalidated(ViewRootImpl.java:2860)
08-01 05:33:23.539  4972  4985 E JavaBinder: 	at android.view.ViewGroup.onDescendantInvalidated(ViewGroup.java:6230)
08-01 05:33:23.539  4972  4985 E JavaBinder: 	at android.view.ViewGroup.onDescendantInvalidated(ViewGroup.java:6230)
08-01 05:33:23.539  4972  4985 E JavaBinder: 	at android.view.ViewGroup.onDescendantInvalidated(ViewGroup.java:6230)
08-01 05:33:23.539  4972  4985 E JavaBinder: 	at android.view.ViewGroup.onDescendantInvalidated(ViewGroup.java:6230)
08-01 05:33:23.539  4972  4985 E JavaBinder: 	at android.view.ViewGroup.onDescendantInvalidated(ViewGroup.java:6230)
08-01 05:33:23.539  4972  4985 E JavaBinder: 	at android.view.ViewGroup.onDescendantInvalidated(ViewGroup.java:6230)
08-01 05:33:23.539  4972  4985 E JavaBinder: 	at android.view.ViewGroup.onDescendantInvalidated(ViewGroup.java:6230)
08-01 05:33:23.539  4972  4985 E JavaBinder: 	at android.view.ViewGroup.invalidateChild(ViewGroup.java:6248)
08-01 05:33:23.539  4972  4985 E JavaBinder: 	at android.view.View.invalidateInternal(View.java:21490)
08-01 05:33:23.539  4972  4985 E JavaBinder: 	at android.view.View.invalidate(View.java:21450)
08-01 05:33:23.539  4972  4985 E JavaBinder: 	at android.view.View.invalidate(View.java:21432)
08-01 05:33:23.539  4972  4985 E JavaBinder: 	at android.view.SurfaceView.setResizeBackgroundColor(SurfaceView.java:2145)
08-01 05:33:23.539  4972  4985 E JavaBinder: 	at android.car.builtin.view.ViewHelper.seResizeBackgroundColor(ViewHelper.java:42)
08-01 05:33:23.539  4972  4985 E JavaBinder: 	at android.car.app.ControlledRemoteCarTaskView$1.onTaskInfoChanged(ControlledRemoteCarTaskView.java:100)
08-01 05:33:23.539  4972  4985 E JavaBinder: 	at android.car.app.ICarTaskViewClient$Stub.onTransact(ICarTaskViewClient.java:156)
08-01 05:33:23.539  4972  4985 E JavaBinder: 	at android.os.Binder.execTransactInternal(Binder.java:1364)
08-01 05:33:23.539  4972  4985 E JavaBinder: 	at android.os.Binder.execTransact(Binder.java:1323)
08-01 05:33:23.540  4551  4669 D ActivityThread: Too many transaction errors, throttling transaction error callback.
08-01 05:33:23.540  4551  4669 D SysUIPanel: Update widget_panel decors, with variantVariant{
08-01 05:33:23.540  4551  4669 D SysUIPanel: 	mId=@235339779
08-01 05:33:23.540  4551  4669 D SysUIPanel: 	mIdName=closed
08-01 05:33:23.540  4551  4669 D SysUIPanel: 	mAlpha=1.0
08-01 05:33:23.540  4551  4669 D SysUIPanel: 	mIsVisible=false
08-01 05:33:23.540  4551  4669 D SysUIPanel: 	mLayer=2
08-01 05:33:23.540  4551  4669 D SysUIPanel: 	mCanFocusOnTransition=false
08-01 05:33:23.540  4551  4669 D SysUIPanel: 	mBounds=Rect(0, 152 - 832, 1408)
08-01 05:33:23.540  4551  4669 D SysUIPanel: 	mSafeBounds=Rect(0, 152 - 832, 1408)
08-01 05:33:23.540  4551  4669 D SysUIPanel: 	mTaskToolbarBounds=Rect(0, 0 - 0, 0)
08-01 05:33:23.540  4551  4669 D SysUIPanel: 	mCornerRadius=Corner{mRadiusTL=0, mRadiusTR=0, mRadiusBL=0, mRadiusBR=0}
08-01 05:33:23.540  4551  4669 D SysUIPanel: 	mInsets=Insets{left=0, top=0, right=0, bottom=0}
08-01 05:33:23.540  4551  4669 D SysUIPanel: 	mDecors=empty}
08-01 05:33:23.540  4551  4669 D SysUIPanel: Update widget_panel decors, with decors{}
08-01 05:33:23.540  9689  9711 D nativeloader: Load /data/app/~~MLw-3f24mvqoMuVZr02KcA==/com.tcs.vehicleassistant-shYHwFB3ZTrpLUSelitLyA==/base.apk!/lib/arm64-v8a/liblitertlm_jni.so using class loader ns clns-9 (caller=/data/app/~~MLw-3f24mvqoMuVZr02KcA==/com.tcs.vehicleassistant-shYHwFB3ZTrpLUSelitLyA==/base.apk): ok
08-01 05:33:23.540  4551  4669 D AutoTaskStackController: onTaskInfoChanged = 1000004
08-01 05:33:23.540  4551  4669 D SysUIPanel: Update map_panel decors, with variantVariant{
08-01 05:33:23.540  4551  4669 D SysUIPanel: 	mId=@235339779
08-01 05:33:23.540  4551  4669 D SysUIPanel: 	mIdName=closed
08-01 05:33:23.540  4551  4669 D SysUIPanel: 	mAlpha=1.0
08-01 05:33:23.540  4551  4669 D SysUIPanel: 	mIsVisible=false
08-01 05:33:23.540  4551  4669 D SysUIPanel: 	mLayer=2
08-01 05:33:23.540  4551  4669 D SysUIPanel: 	mCanFocusOnTransition=false
08-01 05:33:23.540  4551  4669 D SysUIPanel: 	mBounds=Rect(832, 152 - 2480, 1408)
08-01 05:33:23.540  4551  4669 D SysUIPanel: 	mSafeBounds=Rect(832, 152 - 2480, 1408)
08-01 05:33:23.540  4551  4669 D SysUIPanel: 	mTaskToolbarBounds=Rect(0, 0 - 0, 0)
08-01 05:33:23.540  4551  4669 D SysUIPanel: 	mCornerRadius=Corner{mRadiusTL=96, mRadiusTR=96, mRadiusBL=96, mRadiusBR=96}
08-01 05:33:23.540  4551  4669 D SysUIPanel: 	mInsets=Insets{left=0, top=0, right=0, bottom=0}
08-01 05:33:23.540  4551  4669 D SysUIPanel: 	mDecors=empty}
08-01 05:33:23.540  4551  4669 D SysUIPanel: Update map_panel decors, with decors{}
08-01 05:33:23.540  4551  4669 D AutoTaskStackController: onTaskInfoChanged = 1000089
08-01 05:33:23.540  9689  9711 I native  : I0000 00:00:1785562403.540848    9711 litert_lm_loader.cc:197] LitertLmLoader::Initialize
08-01 05:33:23.540  9689  9711 I native  : I0000 00:00:1785562403.540960    9711 litert_lm_loader.cc:220] mmap_status is ok
08-01 05:33:23.540  9689  9711 I native  : I0000 00:00:1785562403.540993    9711 litert_lm_loader.cc:225] status: OK
08-01 05:33:23.541  9689  9711 I native  : I0000 00:00:1785562403.540998    9711 litert_lm_loader.cc:226] major_version: 1
08-01 05:33:23.541  9689  9711 I native  : I0000 00:00:1785562403.541011    9711 litert_lm_loader.cc:227] minor_version: 5
08-01 05:33:23.541  9689  9711 I native  : I0000 00:00:1785562403.541015    9711 litert_lm_loader.cc:228] patch_version: 0
08-01 05:33:23.541  9689  9711 I native  : I0000 00:00:1785562403.541028    9711 litert_lm_loader.cc:261] section_index: 0
08-01 05:33:23.541  9689  9711 I native  : I0000 00:00:1785562403.541031    9711 litert_lm_loader.cc:262] section_data_type: LlmMetadataProto
08-01 05:33:23.541  9689  9711 I native  : I0000 00:00:1785562403.541036    9711 litert_lm_loader.cc:264] section_begin_offset: 16384
08-01 05:33:23.541  9689  9711 I native  : I0000 00:00:1785562403.541039    9711 litert_lm_loader.cc:265] section_end_offset: 28576
08-01 05:33:23.541  9689  9711 I native  : I0000 00:00:1785562403.541043    9711 litert_lm_loader.cc:261] section_index: 1
08-01 05:33:23.541  9689  9711 I native  : I0000 00:00:1785562403.541046    9711 litert_lm_loader.cc:262] section_data_type: SP_Tokenizer
08-01 05:33:23.541  9689  9711 I native  : I0000 00:00:1785562403.541048    9711 litert_lm_loader.cc:264] section_begin_offset: 32768
08-01 05:33:23.541  9689  9711 I native  : I0000 00:00:1785562403.541051    9711 litert_lm_loader.cc:265] section_end_offset: 4721781
08-01 05:33:23.541  9689  9711 I native  : I0000 00:00:1785562403.541060    9711 litert_lm_loader.cc:105] model_type: tf_lite_embedder
08-01 05:33:23.541  9689  9711 I native  : I0000 00:00:1785562403.541068    9711 litert_lm_loader.cc:261] section_index: 2
08-01 05:33:23.541  9689  9711 I native  : I0000 00:00:1785562403.541072    9711 litert_lm_loader.cc:262] section_data_type: TFLiteModel
08-01 05:33:23.541  9689  9711 I native  : I0000 00:00:1785562403.541074    9711 litert_lm_loader.cc:264] section_begin_offset: 4734976
08-01 05:33:23.541  9689  9711 I native  : I0000 00:00:1785562403.541077    9711 litert_lm_loader.cc:265] section_end_offset: 108546696
08-01 05:33:23.541  9689  9711 I native  : I0000 00:00:1785562403.541080    9711 litert_lm_loader.cc:105] model_type: tf_lite_per_layer_embedder
08-01 05:33:23.541  9689  9711 I native  : I0000 00:00:1785562403.541084    9711 litert_lm_loader.cc:261] section_index: 3
08-01 05:33:23.541  9689  9711 I native  : I0000 00:00:1785562403.541087    9711 litert_lm_loader.cc:262] section_data_type: TFLiteModel
08-01 05:33:23.541  9689  9711 I native  : I0000 00:00:1785562403.541090    9711 litert_lm_loader.cc:264] section_begin_offset: 108560384
08-01 05:33:23.541  9689  9711 I native  : I0000 00:00:1785562403.541093    9711 litert_lm_loader.cc:265] section_end_offset: 1393078776
08-01 05:33:23.541  9689  9711 I native  : I0000 00:00:1785562403.541096    9711 litert_lm_loader.cc:105] model_type: tf_lite_audio_encoder_hw
08-01 05:33:23.541  9689  9711 I native  : I0000 00:00:1785562403.541099    9711 litert_lm_loader.cc:244] section_backend_constraint: cpu
08-01 05:33:23.541  9689  9711 I native  : I0000 00:00:1785562403.541102    9711 litert_lm_loader.cc:261] section_index: 4
08-01 05:33:23.541  9689  9711 I native  : I0000 00:00:1785562403.541105    9711 litert_lm_loader.cc:262] section_data_type: TFLiteModel
08-01 05:33:23.541  9689  9711 I native  : I0000 00:00:1785562403.541108    9711 litert_lm_loader.cc:264] section_begin_offset: 1393082368
08-01 05:33:23.541  9689  9711 I native  : I0000 00:00:1785562403.541111    9711 litert_lm_loader.cc:265] section_end_offset: 1487134648
08-01 05:33:23.541  9689  9711 I native  : I0000 00:00:1785562403.541115    9711 litert_lm_loader.cc:105] model_type: tf_lite_audio_adapter
08-01 05:33:23.541  9689  9711 I native  : I0000 00:00:1785562403.541445    9711 litert_lm_loader.cc:244] section_backend_constraint: cpu
08-01 05:33:23.541  9689  9711 I native  : I0000 00:00:1785562403.541457    9711 litert_lm_loader.cc:261] section_index: 5
08-01 05:33:23.541  9689  9711 I native  : I0000 00:00:1785562403.541465    9711 litert_lm_loader.cc:262] section_data_type: TFLiteModel
08-01 05:33:23.541  9689  9711 I native  : I0000 00:00:1785562403.541468    9711 litert_lm_loader.cc:264] section_begin_offset: 1487142912
08-01 05:33:23.541  9689  9711 I native  : I0000 00:00:1785562403.541472    9711 litert_lm_loader.cc:265] section_end_offset: 1496584156
08-01 05:33:23.541  9689  9711 I native  : I0000 00:00:1785562403.541476    9711 litert_lm_loader.cc:105] model_type: tf_lite_end_of_audio
08-01 05:33:23.541  9689  9711 I native  : I0000 00:00:1785562403.541479    9711 litert_lm_loader.cc:261] section_index: 6
08-01 05:33:23.541  9689  9711 I native  : I0000 00:00:1785562403.541482    9711 litert_lm_loader.cc:262] section_data_type: TFLiteModel
08-01 05:33:23.542  9689  9711 I native  : I0000 00:00:1785562403.542124    9711 litert_lm_loader.cc:264] section_begin_offset: 1496596480
08-01 05:33:23.542  9689  9711 I native  : I0000 00:00:1785562403.542152    9711 litert_lm_loader.cc:265] section_end_offset: 1496603252
08-01 05:33:23.542  9689  9711 I native  : I0000 00:00:1785562403.542161    9711 litert_lm_loader.cc:105] model_type: tf_lite_vision_encoder
08-01 05:33:23.542  9689  9711 I native  : I0000 00:00:1785562403.542170    9711 litert_lm_loader.cc:248] section_prefer_activation_type: fp16
08-01 05:33:23.542  9689  9711 I native  : I0000 00:00:1785562403.542175    9711 litert_lm_loader.cc:261] section_index: 7
08-01 05:33:23.542  9689  9711 I native  : I0000 00:00:1785562403.542179    9711 litert_lm_loader.cc:262] section_data_type: TFLiteModel
08-01 05:33:23.542  9689  9711 I native  : I0000 00:00:1785562403.542182    9711 litert_lm_loader.cc:264] section_begin_offset: 1496612864
08-01 05:33:23.542  9689  9711 I native  : I0000 00:00:1785562403.542185    9711 litert_lm_loader.cc:265] section_end_offset: 1720750800
08-01 05:33:23.542  9689  9711 I native  : I0000 00:00:1785562403.542190    9711 litert_lm_loader.cc:105] model_type: tf_lite_vision_adapter
08-01 05:33:23.542  9689  9711 I native  : I0000 00:00:1785562403.542193    9711 litert_lm_loader.cc:244] section_backend_constraint: cpu
08-01 05:33:23.542  9689  9711 I native  : I0000 00:00:1785562403.542196    9711 litert_lm_loader.cc:261] section_index: 8
08-01 05:33:23.542  9689  9711 I native  : I0000 00:00:1785562403.542199    9711 litert_lm_loader.cc:262] section_data_type: TFLiteModel
08-01 05:33:23.542  9689  9711 I native  : I0000 00:00:1785562403.542202    9711 litert_lm_loader.cc:264] section_begin_offset: 1720762368
08-01 05:33:23.542  9689  9711 I native  : I0000 00:00:1785562403.542205    9711 litert_lm_loader.cc:265] section_end_offset: 1725505296
08-01 05:33:23.542  9689  9711 I native  : I0000 00:00:1785562403.542208    9711 litert_lm_loader.cc:105] model_type: tf_lite_end_of_vision
08-01 05:33:23.542  9689  9711 I native  : I0000 00:00:1785562403.542211    9711 litert_lm_loader.cc:261] section_index: 9
08-01 05:33:23.542  9689  9711 I native  : I0000 00:00:1785562403.542214    9711 litert_lm_loader.cc:262] section_data_type: TFLiteModel
08-01 05:33:23.542  9689  9711 I native  : I0000 00:00:1785562403.542217    9711 litert_lm_loader.cc:264] section_begin_offset: 1725513728
08-01 05:33:23.542  9689  9711 I native  : I0000 00:00:1785562403.542220    9711 litert_lm_loader.cc:265] section_end_offset: 1725520500
08-01 05:33:23.542  9689  9711 I native  : I0000 00:00:1785562403.542223    9711 litert_lm_loader.cc:105] model_type: tf_lite_prefill_decode
08-01 05:33:23.542  9689  9711 I native  : I0000 00:00:1785562403.542226    9711 litert_lm_loader.cc:248] section_prefer_activation_type: fp16
08-01 05:33:23.542  9689  9711 I native  : I0000 00:00:1785562403.542229    9711 litert_lm_loader.cc:261] section_index: 10
08-01 05:33:23.542  9689  9711 I native  : I0000 00:00:1785562403.542231    9711 litert_lm_loader.cc:262] section_data_type: TFLiteModel
08-01 05:33:23.542  9689  9711 I native  : I0000 00:00:1785562403.542234    9711 litert_lm_loader.cc:264] section_begin_offset: 1725530112
08-01 05:33:23.542  9689  9711 I native  : I0000 00:00:1785562403.542237    9711 litert_lm_loader.cc:265] section_end_offset: 2543805296
08-01 05:33:23.542  9689  9711 I native  : I0000 00:00:1785562403.542242    9711 litert_lm_loader.cc:105] model_type: tf_lite_mtp_drafter
08-01 05:33:23.542  9689  9711 I native  : I0000 00:00:1785562403.542246    9711 litert_lm_loader.cc:261] section_index: 11
08-01 05:33:23.542  9689  9711 I native  : I0000 00:00:1785562403.542251    9711 litert_lm_loader.cc:262] section_data_type: TFLiteModel
08-01 05:33:23.542  9689  9711 I native  : I0000 00:00:1785562403.542254    9711 litert_lm_loader.cc:264] section_begin_offset: 2543812608
08-01 05:33:23.542  9689  9711 I native  : I0000 00:00:1785562403.542257    9711 litert_lm_loader.cc:265] section_end_offset: 2588138320
08-01 05:33:23.542  9689  9711 I native  : I0000 00:00:1785562403.542556    9711 litert_lm_loader.cc:197] LitertLmLoader::Initialize
08-01 05:33:23.542  9689  9711 I native  : I0000 00:00:1785562403.542630    9711 litert_lm_loader.cc:220] mmap_status is ok
08-01 05:33:23.542  9689  9711 I native  : I0000 00:00:1785562403.542641    9711 litert_lm_loader.cc:225] status: OK
08-01 05:33:23.542  9689  9711 I native  : I0000 00:00:1785562403.542645    9711 litert_lm_loader.cc:226] major_version: 1
08-01 05:33:23.542  9689  9711 I native  : I0000 00:00:1785562403.542650    9711 litert_lm_loader.cc:227] minor_version: 5
08-01 05:33:23.542  9689  9711 I native  : I0000 00:00:1785562403.542653    9711 litert_lm_loader.cc:228] patch_version: 0
08-01 05:33:23.542  9689  9711 I native  : I0000 00:00:1785562403.542658    9711 litert_lm_loader.cc:261] section_index: 0
08-01 05:33:23.542  9689  9711 I native  : I0000 00:00:1785562403.542662    9711 litert_lm_loader.cc:262] section_data_type: LlmMetadataProto
08-01 05:33:23.542  9689  9711 I native  : I0000 00:00:1785562403.542665    9711 litert_lm_loader.cc:264] section_begin_offset: 16384
08-01 05:33:23.542  9689  9711 I native  : I0000 00:00:1785562403.542668    9711 litert_lm_loader.cc:265] section_end_offset: 28576
08-01 05:33:23.542  9689  9711 I native  : I0000 00:00:1785562403.542671    9711 litert_lm_loader.cc:261] section_index: 1
08-01 05:33:23.542  4054  4319 E ConsumerBase: [ImageReader-1696x1408f1m1-4054-10] abandonLocked: ConsumerBase is abandoned!
08-01 05:33:23.543  4551  4669 D AutoCaptionController: Task id 1000089 requires DisplayCompat false, top activity safe region letterboxed false, for user 10 and top activity: ComponentInfo{com.tcs.vehicleassistant/com.tcs.vehicleassistant.LocalLLMActivity}
08-01 05:33:23.543  9689  9711 I native  : I0000 00:00:1785562403.542674    9711 litert_lm_loader.cc:262] section_data_type: SP_Tokenizer
08-01 05:33:23.543  4551  4669 D AutoCaptionController: updateCaptionBarVisibility. TaskId: 1000089, visible false, captionDecor null
08-01 05:33:23.543  9689  9711 I native  : I0000 00:00:1785562403.543087    9711 litert_lm_loader.cc:264] section_begin_offset: 32768
08-01 05:33:23.543  9689  9711 I native  : I0000 00:00:1785562403.543235    9711 litert_lm_loader.cc:265] section_end_offset: 4721781
08-01 05:33:23.543  9689  9711 I native  : I0000 00:00:1785562403.543244    9711 litert_lm_loader.cc:105] model_type: tf_lite_embedder
08-01 05:33:23.543  9689  9711 I native  : I0000 00:00:1785562403.543250    9711 litert_lm_loader.cc:261] section_index: 2
08-01 05:33:23.543  9689  9711 I native  : I0000 00:00:1785562403.543255    9711 litert_lm_loader.cc:262] section_data_type: TFLiteModel
08-01 05:33:23.543  9689  9711 I native  : I0000 00:00:1785562403.543258    9711 litert_lm_loader.cc:264] section_begin_offset: 4734976
08-01 05:33:23.543  9689  9711 I native  : I0000 00:00:1785562403.543261    9711 litert_lm_loader.cc:265] section_end_offset: 108546696
08-01 05:33:23.543  9689  9711 I native  : I0000 00:00:1785562403.543264    9711 litert_lm_loader.cc:105] model_type: tf_lite_per_layer_embedder
08-01 05:33:23.543  9689  9711 I native  : I0000 00:00:1785562403.543268    9711 litert_lm_loader.cc:261] section_index: 3
08-01 05:33:23.543  9689  9711 I native  : I0000 00:00:1785562403.543271    9711 litert_lm_loader.cc:262] section_data_type: TFLiteModel
08-01 05:33:23.543  9689  9711 I native  : I0000 00:00:1785562403.543273    9711 litert_lm_loader.cc:264] section_begin_offset: 108560384
08-01 05:33:23.543  9689  9711 I native  : I0000 00:00:1785562403.543276    9711 litert_lm_loader.cc:265] section_end_offset: 1393078776
08-01 05:33:23.543  9689  9711 I native  : I0000 00:00:1785562403.543279    9711 litert_lm_loader.cc:105] model_type: tf_lite_audio_encoder_hw
08-01 05:33:23.543  9689  9711 I native  : I0000 00:00:1785562403.543282    9711 litert_lm_loader.cc:244] section_backend_constraint: cpu
08-01 05:33:23.543  9689  9711 I native  : I0000 00:00:1785562403.543285    9711 litert_lm_loader.cc:261] section_index: 4
08-01 05:33:23.543  9689  9711 I native  : I0000 00:00:1785562403.543289    9711 litert_lm_loader.cc:262] section_data_type: TFLiteModel
08-01 05:33:23.543  9689  9711 I native  : I0000 00:00:1785562403.543292    9711 litert_lm_loader.cc:264] section_begin_offset: 1393082368
08-01 05:33:23.543  9689  9711 I native  : I0000 00:00:1785562403.543295    9711 litert_lm_loader.cc:265] section_end_offset: 1487134648
08-01 05:33:23.543  9689  9711 I native  : I0000 00:00:1785562403.543298    9711 litert_lm_loader.cc:105] model_type: tf_lite_audio_adapter
08-01 05:33:23.543  9689  9711 I native  : I0000 00:00:1785562403.543301    9711 litert_lm_loader.cc:244] section_backend_constraint: cpu
08-01 05:33:23.543  9689  9711 I native  : I0000 00:00:1785562403.543304    9711 litert_lm_loader.cc:261] section_index: 5
08-01 05:33:23.543  9689  9711 I native  : I0000 00:00:1785562403.543307    9711 litert_lm_loader.cc:262] section_data_type: TFLiteModel
08-01 05:33:23.543  9689  9711 I native  : I0000 00:00:1785562403.543311    9711 litert_lm_loader.cc:264] section_begin_offset: 1487142912
08-01 05:33:23.543  9689  9711 I native  : I0000 00:00:1785562403.543314    9711 litert_lm_loader.cc:265] section_end_offset: 1496584156
08-01 05:33:23.543  4551  4669 D AutoTaskStackController: onTaskInfoChanged = 1000008
08-01 05:33:23.543  9689  9711 I native  : I0000 00:00:1785562403.543317    9711 litert_lm_loader.cc:105] model_type: tf_lite_end_of_audio
08-01 05:33:23.543  9689  9711 I native  : I0000 00:00:1785562403.543320    9711 litert_lm_loader.cc:261] section_index: 6
08-01 05:33:23.543  9689  9711 I native  : I0000 00:00:1785562403.543323    9711 litert_lm_loader.cc:262] section_data_type: TFLiteModel
08-01 05:33:23.543  9689  9711 I native  : I0000 00:00:1785562403.543326    9711 litert_lm_loader.cc:264] section_begin_offset: 1496596480
08-01 05:33:23.543  9689  9711 I native  : I0000 00:00:1785562403.543329    9711 litert_lm_loader.cc:265] section_end_offset: 1496603252
08-01 05:33:23.543  9689  9711 I native  : I0000 00:00:1785562403.543332    9711 litert_lm_loader.cc:105] model_type: tf_lite_vision_encoder
08-01 05:33:23.543  9689  9711 I native  : I0000 00:00:1785562403.543335    9711 litert_lm_loader.cc:248] section_prefer_activation_type: fp16
08-01 05:33:23.543  9689  9711 I native  : I0000 00:00:1785562403.543338    9711 litert_lm_loader.cc:261] section_index: 7
08-01 05:33:23.543  9689  9711 I native  : I0000 00:00:1785562403.543341    9711 litert_lm_loader.cc:262] section_data_type: TFLiteModel
08-01 05:33:23.543  9689  9711 I native  : I0000 00:00:1785562403.543343    9711 litert_lm_loader.cc:264] section_begin_offset: 1496612864
08-01 05:33:23.543  9689  9711 I native  : I0000 00:00:1785562403.543346    9711 litert_lm_loader.cc:265] section_end_offset: 1720750800
08-01 05:33:23.543  9689  9711 I native  : I0000 00:00:1785562403.543349    9711 litert_lm_loader.cc:105] model_type: tf_lite_vision_adapter
08-01 05:33:23.543  9689  9711 I native  : I0000 00:00:1785562403.543352    9711 litert_lm_loader.cc:244] section_backend_constraint: cpu
08-01 05:33:23.543  9689  9711 I native  : I0000 00:00:1785562403.543355    9711 litert_lm_loader.cc:261] section_index: 8
08-01 05:33:23.543  9689  9711 I native  : I0000 00:00:1785562403.543358    9711 litert_lm_loader.cc:262] section_data_type: TFLiteModel
08-01 05:33:23.543  9689  9711 I native  : I0000 00:00:1785562403.543360    9711 litert_lm_loader.cc:264] section_begin_offset: 1720762368
08-01 05:33:23.543  9689  9711 I native  : I0000 00:00:1785562403.543363    9711 litert_lm_loader.cc:265] section_end_offset: 1725505296
08-01 05:33:23.543  9689  9711 I native  : I0000 00:00:1785562403.543366    9711 litert_lm_loader.cc:105] model_type: tf_lite_end_of_vision
08-01 05:33:23.543  9689  9711 I native  : I0000 00:00:1785562403.543369    9711 litert_lm_loader.cc:261] section_index: 9
08-01 05:33:23.543  9689  9711 I native  : I0000 00:00:1785562403.543372    9711 litert_lm_loader.cc:262] section_data_type: TFLiteModel
08-01 05:33:23.543  9689  9711 I native  : I0000 00:00:1785562403.543374    9711 litert_lm_loader.cc:264] section_begin_offset: 1725513728
08-01 05:33:23.543  9689  9711 I native  : I0000 00:00:1785562403.543378    9711 litert_lm_loader.cc:265] section_end_offset: 1725520500
08-01 05:33:23.543  9689  9711 I native  : I0000 00:00:1785562403.543381    9711 litert_lm_loader.cc:105] model_type: tf_lite_prefill_decode
08-01 05:33:23.543  9689  9711 I native  : I0000 00:00:1785562403.543384    9711 litert_lm_loader.cc:248] section_prefer_activation_type: fp16
08-01 05:33:23.543  9689  9711 I native  : I0000 00:00:1785562403.543387    9711 litert_lm_loader.cc:261] section_index: 10
08-01 05:33:23.543  9689  9711 I native  : I0000 00:00:1785562403.543390    9711 litert_lm_loader.cc:262] section_data_type: TFLiteModel
08-01 05:33:23.543  9689  9711 I native  : I0000 00:00:1785562403.543392    9711 litert_lm_loader.cc:264] section_begin_offset: 1725530112
08-01 05:33:23.543  9689  9711 I native  : I0000 00:00:1785562403.543395    9711 litert_lm_loader.cc:265] section_end_offset: 2543805296
08-01 05:33:23.543  9689  9711 I native  : I0000 00:00:1785562403.543398    9711 litert_lm_loader.cc:105] model_type: tf_lite_mtp_drafter
08-01 05:33:23.543  9689  9711 I native  : I0000 00:00:1785562403.543403    9711 litert_lm_loader.cc:261] section_index: 11
08-01 05:33:23.543  9689  9711 I native  : I0000 00:00:1785562403.543406    9711 litert_lm_loader.cc:262] section_data_type: TFLiteModel
08-01 05:33:23.543  9689  9711 I native  : I0000 00:00:1785562403.543408    9711 litert_lm_loader.cc:264] section_begin_offset: 2543812608
08-01 05:33:23.543  9689  9711 I native  : I0000 00:00:1785562403.543411    9711 litert_lm_loader.cc:265] section_end_offset: 2588138320
08-01 05:33:23.543  4551  4669 D SysUIPanel: Update app_panel decors, with variantVariant{
08-01 05:33:23.543  4551  4669 D SysUIPanel: 	mId=@235339784
08-01 05:33:23.543  4551  4669 D SysUIPanel: 	mIdName=opened
08-01 05:33:23.543  4551  4669 D SysUIPanel: 	mAlpha=1.0
08-01 05:33:23.543  4551  4669 D SysUIPanel: 	mIsVisible=true
08-01 05:33:23.543  4551  4669 D SysUIPanel: 	mLayer=100
08-01 05:33:23.543  4551  4669 D SysUIPanel: 	mCanFocusOnTransition=true
08-01 05:33:23.543  4551  4669 D SysUIPanel: 	mBounds=Rect(0, 152 - 2560, 1408)
08-01 05:33:23.543  4551  4669 D SysUIPanel: 	mSafeBounds=Rect(138, 152 - 2560, 1408)
08-01 05:33:23.543  4551  4669 D SysUIPanel: 	mTaskToolbarBounds=Rect(0, 152 - 138, 1408)
08-01 05:33:23.543  4551  4669 D SysUIPanel: 	mCornerRadius=Corner{mRadiusTL=0, mRadiusTR=0, mRadiusBL=0, mRadiusBR=0}
08-01 05:33:23.543  4551  4669 D SysUIPanel: 	mInsets=Insets{left=0, top=0, right=0, bottom=0}
08-01 05:33:23.543  4551  4669 D SysUIPanel: 	mDecors=empty}
08-01 05:33:23.543  4551  4669 D SysUIPanel: Update app_panel decors, with decors{}
08-01 05:33:23.543  9689  9711 I native  : I0000 00:00:1785562403.543539    9711 engine_advanced_impl.cc:260] New model files have LlmModelType, loading tokenizer asynchronously
08-01 05:33:23.544  9689  9711 I native  : I0000 00:00:1785562403.544291    9711 engine_settings.cc:101] The Main backend constraint is not set.
08-01 05:33:23.544  4551  4669 D AutoTaskStackController: onTaskInfoChanged = 1000004
08-01 05:33:23.544  9689  9711 I native  : I0000 00:00:1785562403.544467    9711 engine_settings.cc:448] The validated engine settings: EngineSettings: 
08-01 05:33:23.544  9689  9711 I native  :   MainExecutorSettings: backend: GPU
08-01 05:33:23.544  9689  9711 I native  : backend_config:
08-01 05:33:23.544  9689  9711 I native  : max_top_k: 1
08-01 05:33:23.544  9689  9711 I native  : 
08-01 05:33:23.544  9689  9711 I native  : max_tokens: 3072
08-01 05:33:23.544  9689  9711 I native  : activation_data_type: FLOAT16
08-01 05:33:23.544  9689  9711 I native  : max_num_images: 0
08-01 05:33:23.544  9689  9711 I native  : lora_rank: 0
08-01 05:33:23.544  9689  9711 I native  : cache_dir: /data/user/10/com.tcs.vehicleassistant/no_backup/litertlm_kernel_cache
08-01 05:33:23.544  9689  9711 I native  : cache_file: Not set
08-01 05:33:23.544  9689  9711 I native  : litert_dispatch_lib_dir: Not set
08-01 05:33:23.544  9689  9711 I native  : model_assets: model_path: /data/local/tmp/llm/gemma-4-E2B-it.litertlm
08-01 05:33:23.544  9689  9711 I native  : fake_weights_mode: FAKE_WEIGHTS_NONE
08-01 05:33:23.544  9689  9711 I native  : 
08-01 05:33:23.544  9689  9711 I native  : advanced_settings: prefill_batch_sizes: []
08-01 05:33:23.544  9689  9711 I native  : num_output_candidates: 1
08-01 05:33:23.544  9689  9711 I native  : configure_magic_numbers: true
08-01 05:33:23.544  9689  9711 I native  : verify_magic_numbers: false
08-01 05:33:23.544  9689  9711 I native  : clear_kv_cache_before_prefill: true
08-01 05:33:23.544  9689  9711 I native  : num_logits_to_print_after_decode: 0
08-01 05:33:23.544  9689  9711 I native  : gpu_madvise_original_shared_tensors: true
08-01 05:33:23.544  9689  9711 I native  : is_benchmark: false
08-01 05:33:23.544  9689  9711 I native  : preferred_device_substr: 
08-01 05:33:23.544  9689  9711 I native  : num_threads_to_upload: -1
08-01 05:33:23.544  9689  9711 I native  : num_threads_to_compile: -1
08-01 05:33:23.544  9689  9711 I native  : convert_weights_on_gpu: true
08-01 05:33:23.544  9689  9711 I native  : wait_for_weights_conversion_complete_in_benchmark: true
08-01 05:33:23.544  9689  9711 I native  : optimize_shader_compilation: true
08-01 05:33:23.544  9689  9711 I native  : cache_compiled_shaders_only: false
08-01 05:33:23.544  9689  9711 I native  : share_constant_tensors: true
08-01 05:33:23.544  9689  9711 I native  : sampler_handles_input: true
08-01 05:33:23.544  9689  9711 I native  : allow_src_quantized_fc_conv_ops: true
08-01 05:33:23.544  9689  9711 I native  : hint_waiting_for_completion: false
08-01 05:33:23.544  9689  9711 I native  : gpu_context_low_priority: Not set
08-01 05:33:23.544  9689  9711 I native  : enable_speculative_decoding: false
08-01 05:33:23.544  9689  9711 I native  : disable_delegate_clustering: true
08-01 05:33:23.544  9689  9711 I native  : hint_kernel_batch_size: Not set
08-01 05:33:23.544  9689  9711 I native  : 
08-01 05:33:23.544  9689  9711 I native  : diffusion_config: Not set
08-01 05:33:23.544  9689  9711 I native  :   LlmMetadata: MessageLite at 0x7937234f20  BenchmarkParams: Not set
08-01 05:33:23.544  9689  9711 I native  :   VisionExecutorSettings: Not set
08-01 05:33:23.544  9689  9711 I native  :   AudioExecutorSettings: Not set
08-01 05:33:23.544  9689  9711 I native  :   ParallelFileSectionLoading: true
08-01 05:33:23.544  9689  9711 I native  :   SingleThreadedExecution: false
08-01 05:33:23.544  9689  9711 I native  : I0000 00:00:1785562403.544545    9711 model_resources_litert_lm.cc:121] model_type: TF_LITE_PREFILL_DECODE
08-01 05:33:23.544  9689  9711 I native  : I0000 00:00:1785562403.544550    9711 model_resources_litert_lm.cc:122] litert model size: 818275184
08-01 05:33:23.544  9689  9711 I litert  : [environment.cc:30] Creating LiteRT environment with options
08-01 05:33:23.544  9689  9711 W litert  : [npu_registry.cc:34] NPU accelerator could not be loaded and registered: kLiteRtStatusErrorInvalidArgument.
08-01 05:33:23.544  9689  9711 I litert  : [accelerator_registry.cc:54] RegisterAccelerator: ptr=0x7aa2fefb10, name=LiteRT GPU
08-01 05:33:23.544  9689  9711 I litert  : [gpu_registry.cc:87] Statically linked GPU accelerator registered.
08-01 05:33:23.544  9689  9711 I litert  : [accelerator_registry.cc:54] RegisterAccelerator: ptr=0x7aa2ff0cb0, name=CpuAccelerator
08-01 05:33:23.544  9689  9711 I litert  : [cpu_registry.cc:42] CPU accelerator registered.
08-01 05:33:23.544  4551  4669 D AutoTaskStackController: onTaskInfoChanged = 1000088
08-01 05:33:23.546  4551  4669 D AutoCaptionController: Task id 1000088 requires DisplayCompat false, top activity safe region letterboxed false, for user 10 and top activity: ComponentInfo{com.android.car.carlauncher/com.android.car.carlauncher.WidgetHostActivity}
08-01 05:33:23.546  4551  4669 D AutoCaptionController: updateCaptionBarVisibility. TaskId: 1000088, visible false, captionDecor null
08-01 05:33:23.546  4551  4669 D AutoTaskStackController: onTaskInfoChanged = 1000003
08-01 05:33:23.546  4551  4551 D ButtonSelectionStateController: updatePanelButtonsSelection: mSelectedButtonsForPanelVisibility=0, mSelectedButtonsForPanelApp=0
08-01 05:33:23.547  4972  4972 D FocusParkingView: The window of Activity [com.android.car.carlauncher.CarLauncher@7a35ff6] lost focus
08-01 05:33:23.547  4972  4972 D FocusParkingView: The window of Activity [com.android.car.carlauncher.CarLauncher@7a35ff6] lost focus
08-01 05:33:23.547  4972  4972 D FocusAreaHelper: The window of Activity [com.android.car.carlauncher.CarLauncher@7a35ff6] lost focus
08-01 05:33:23.547  4972  4972 D FocusAreaHelper: The window of Activity [com.android.car.carlauncher.CarLauncher@7a35ff6] lost focus
08-01 05:33:23.551  9689  9689 D AppCompatDelegate: Checking for metadata for AppLocalesMetadataHolderService : Service not found
08-01 05:33:23.574  4551  4669 V WindowManagerShell: Transition requested (#58): android.os.BinderProxy@1835109 TransitionRequestInfo { type = CHANGE, triggerTask = null, pipChange = null, remoteTransitionInfo = null, displayChanges = null, requestedLocation = null, userChange = null, windowingLayerChange = null, fullscreenRequestChange = null, flags = 0, debugId = 58 }
08-01 05:33:23.574  4551  4669 D AutoTaskStackController: handleRequest, id=58, binder=android.os.BinderProxy@1835109, type=6, triggertask = null
08-01 05:33:23.574  4551  4669 D PanelAutoTaskStackTransitionHandlerDelegate: handleRequest: TransitionRequestInfo { type = CHANGE, triggerTask = null, pipChange = null, remoteTransitionInfo = null, displayChanges = null, requestedLocation = null, userChange = null, windowingLayerChange = null, fullscreenRequestChange = null, flags = 0, debugId = 58 }
08-01 05:33:23.574  4551  4669 D StateManager: handleEvents [Event{mId='empty_event' mTokens='empty' mApplicableDisplays='empty'}]
08-01 05:33:23.574  4551  4669 D StateManager: No transition for widget_panel
08-01 05:33:23.574  4551  4669 D StateManager: No transition for map_panel
08-01 05:33:23.574  4551  4669 D StateManager: No transition for unreactive_panel
08-01 05:33:23.574  4551  4669 D StateManager: No transition for nav
08-01 05:33:23.574  4551  4669 D StateManager: No transition for projected_panel
08-01 05:33:23.574  4551  4669 D StateManager: No transition for assistant_panel
08-01 05:33:23.574  4551  4669 D StateManager: No transition for app_panel
08-01 05:33:23.574  4551  4669 D StateManager: No transition for suw_panel
08-01 05:33:23.574  4551  4669 D StateManager: No transition for status
08-01 05:33:23.574  4551  4669 D StateManager: No transition for _Hun_Panel
08-01 05:33:23.575  4551  4669 D PanelTransitionCoordinator: No panel transactions - don't override focus
08-01 05:33:23.575  4551  4669 D PanelAutoTaskStackTransitionHandlerDelegate: handleRequest: COMPLETED AutoTaskStackTransaction(operations=[])
08-01 05:33:23.575  4551  4669 D AutoTaskStackController: Sending ast = 
08-01 05:33:23.575  4551  4669 D AutoTaskStackController: 	
08-01 05:33:23.575  4551  4669 V WindowManagerShell: Transition (#58): request handled by AutoTaskStackControllerImpl
08-01 05:33:23.579  4551  4669 D AutoTaskStackController: onTaskInfoChanged = 1000008
08-01 05:33:23.579  4551  4669 D AutoTaskStackController: onTaskInfoChanged = 1000089
08-01 05:33:23.582  4551  4669 D AutoCaptionController: Task id 1000089 requires DisplayCompat false, top activity safe region letterboxed false, for user 10 and top activity: ComponentInfo{com.tcs.vehicleassistant/com.tcs.vehicleassistant.LocalLLMActivity}
08-01 05:33:23.582  4551  4669 D AutoCaptionController: updateCaptionBarVisibility. TaskId: 1000089, visible false, captionDecor null
08-01 05:33:23.583  4054  4074 V WindowManager: Sent Transition (#58) createdAt=08-01 05:33:23.573 via request=TransitionRequestInfo { type = CHANGE, triggerTask = null, pipChange = null, remoteTransitionInfo = null, displayChanges = null, requestedLocation = null, userChange = null, windowingLayerChange = null, fullscreenRequestChange = null, flags = 0, debugId = 58 }
08-01 05:33:23.583  4054  4074 V WindowManager:     startWCT=WindowContainerTransaction { changes= {} hops= [] flags= 0 errorCallbackToken=null taskFragmentOrganizer=null }
08-01 05:33:23.583  4054  4074 V WindowManager:     info={id=58 t=CHANGE f=0x0 trk=0 r=[0@Point(0, 152)] c=[
08-01 05:33:23.583  4054  4074 V WindowManager:         {WCT{RemoteToken{4780941 Task{f4a07e3 #1000089 type=standard A=1010188:com.tcs.vehicleassistant}}} m=CHANGE f=NONE leash=Surface(name=Task=1000089#310)/@0x518762f sb=Rect(0, 152 - 2560, 1408) eb=Rect(0, 152 - 2560, 1408) epz=Point(2560, 1256) d=0 taskParent=1000008 winMode=6 userId=10}
08-01 05:33:23.583  4054  4074 V WindowManager:     ]}
08-01 05:33:23.586  4551  5532 V WindowManagerShell: onTransitionReady(transaction=17411797420711)
08-01 05:33:23.586  4551  4669 V WindowManagerShell: onTransitionReady (#58) android.os.BinderProxy@1835109: {id=58 t=CHANGE f=0x0 trk=0 r=[0@Point(0, 152)] c=[
08-01 05:33:23.586  4551  4669 V WindowManagerShell:         {m=CHANGE f=NONE leash=Surface(name=Task=1000089#310)/@0xd906f0e sb=Rect(0, 152 - 2560, 1408) eb=Rect(0, 152 - 2560, 1408) epz=Point(2560, 1256) d=0 taskParent=1000008 winMode=6 userId=10}
08-01 05:33:23.586  4551  4669 V WindowManagerShell:     ]}
08-01 05:33:23.587  4551  4669 V WindowManagerShell: Playing animation for (#58) android.os.BinderProxy@1835109@0
08-01 05:33:23.587  4551  4669 V WindowManagerShell:  try firstHandler com.android.wm.shell.automotive.AutoTaskStackControllerImpl@2c1ddd8
08-01 05:33:23.587  4551  4669 D AutoTaskStackController: startAnimation, id=58 = changes=[{m=CHANGE f=NONE leash=Surface(name=Task=1000089#310)/@0xd906f0e sb=Rect(0, 152 - 2560, 1408) eb=Rect(0, 152 - 2560, 1408) epz=Point(2560, 1256) d=0 taskParent=1000008 winMode=6 userId=10}]
08-01 05:33:23.587  4551  4669 D AutoTaskStackController:  in startAnimation, id=58, changedTaskStacks=
08-01 05:33:23.587  4551  4669 D AutoTaskStackController: 	
08-01 05:33:23.588  4551  4669 D PanelAutoTaskStackTransitionHandlerDelegate: startAnimation INFO = {id=58 t=CHANGE f=0x0 trk=0 r=[0@Point(0, 152)] c=[{m=CHANGE f=NONE leash=Surface(name=Task=1000089#310)/@0xd906f0e sb=Rect(0, 152 - 2560, 1408) eb=Rect(0, 152 - 2560, 1408) epz=Point(2560, 1256) d=0 taskParent=1000008 winMode=6 userId=10}]}, changedTaskStacks=[], start transaction=17411797420711, finishTransaction=17411797420714
08-01 05:33:23.588  4551  4669 D PanelTransitionCoordinator: Post applied events []
08-01 05:33:23.588  4551  4669 D PanelTransitionCoordinator: No animations for transition android.os.BinderProxy@1835109
08-01 05:33:23.589  4551  4669 V WindowManagerShell:  skip handler com.android.wm.shell.automotive.AutoTaskStackControllerImpl@2c1ddd8
08-01 05:33:23.589  4551  4669 V WindowManagerShell: Transition doesn't have explicit remote, search filters for match for {id=58 t=CHANGE f=0x0 trk=0 r=[0@Point(0, 152)] c=[{m=CHANGE f=NONE leash=Surface(name=Task=1000089#310)/@0xd906f0e sb=Rect(0, 152 - 2560, 1408) eb=Rect(0, 152 - 2560, 1408) epz=Point(2560, 1256) d=0 taskParent=1000008 winMode=6 userId=10}]}
08-01 05:33:23.590  4551  4669 V WindowManagerShell:  Delegate animation for (#58) to null
08-01 05:33:23.590  4551  4669 V WindowManagerShell: start default transition animation, info = {id=58 t=CHANGE f=0x0 trk=0 r=[0@Point(0, 152)] c=[{m=CHANGE f=NONE leash=Surface(name=Task=1000089#310)/@0xd906f0e sb=Rect(0, 152 - 2560, 1408) eb=Rect(0, 152 - 2560, 1408) epz=Point(2560, 1256) d=0 taskParent=1000008 winMode=6 userId=10}]}
08-01 05:33:23.593  4551  4669 V WindowManagerShell: Transition animation finished (aborted=false), notifying core (#58) android.os.BinderProxy@1835109@0
08-01 05:33:23.595  4054  4074 V WindowManager: Finish Transition (#58): created at 08-01 05:33:23.573 collect-started=0.07ms request-sent=0.622ms started=2.421ms ready=2.383ms sent=8.875ms commit=10.903ms finished=21.857ms
08-01 05:33:23.596  4551  4669 V WindowManagerShell: Track 0 became idle
08-01 05:33:23.596  4551  4669 V WindowManagerShell: All active transition animations finished
08-01 05:33:23.596  4551  4669 V WindowManagerShell:  animated by com.android.wm.shell.transition.DefaultTransitionHandler@9c40f3c
08-01 05:33:23.596  4551  4669 V WindowManagerShell: Track 0 became idle
08-01 05:33:23.596  4551  4669 V WindowManagerShell: All active transition animations finished
08-01 05:33:23.621  9689  9689 I ContextGuard: Loaded 12 context policies (enabled=true)
08-01 05:33:23.621  9689  9689 I ToolManager: Registered Tool: analyzeCabinState (CUSTOM_KOTLIN) -> <TOOL>analyzeCabinState()</TOOL>
08-01 05:33:23.622  9689  9689 I ToolManager: Registered Tool: setTemperature (CUSTOM_KOTLIN) -> <TOOL>setTemperature(VAL)</TOOL>
08-01 05:33:23.622  9689  9689 I ToolManager: Registered Tool: increaseTemperature (CUSTOM_KOTLIN) -> <TOOL>increaseTemperature()</TOOL>
08-01 05:33:23.622  9689  9689 I ToolManager: Registered Tool: decreaseTemperature (CUSTOM_KOTLIN) -> <TOOL>decreaseTemperature()</TOOL>
08-01 05:33:23.622  9689  9689 I ToolManager: Registered Tool: setFanSpeed (CUSTOM_KOTLIN) -> <TOOL>setFanSpeed(LEVEL)</TOOL>
08-01 05:33:23.622  9689  9689 I ToolManager: Registered Tool: increaseFanSpeed (CUSTOM_KOTLIN) -> <TOOL>increaseFanSpeed()</TOOL>
08-01 05:33:23.623  9689  9689 I ToolManager: Registered Tool: decreaseFanSpeed (CUSTOM_KOTLIN) -> <TOOL>decreaseFanSpeed()</TOOL>
08-01 05:33:23.623  9689  9689 I ToolManager: Registered Tool: setAirflowDirection (CUSTOM_KOTLIN) -> <TOOL>setAirflowDirection(direction)</TOOL>
08-01 05:33:23.623  9689  9689 I ToolManager: Registered Tool: turnOnAC (GENERIC_VHAL_WRITE) -> <TOOL>turnOnAC()</TOOL>
08-01 05:33:23.623  9689  9689 I ToolManager: Registered Tool: turnOffAC (GENERIC_VHAL_WRITE) -> <TOOL>turnOffAC()</TOOL>
08-01 05:33:23.623  9689  9689 I ToolManager: Registered Tool: turnOnAutoClimate (GENERIC_VHAL_WRITE) -> <TOOL>turnOnAutoClimate()</TOOL>
08-01 05:33:23.623  9689  9689 I ToolManager: Registered Tool: turnOffAutoClimate (GENERIC_VHAL_WRITE) -> <TOOL>turnOffAutoClimate()</TOOL>
08-01 05:33:23.623  9689  9689 I ToolManager: Registered Tool: turnOnRecirculation (GENERIC_VHAL_WRITE) -> <TOOL>turnOnRecirculation()</TOOL>
08-01 05:33:23.624  9689  9689 I ToolManager: Registered Tool: turnOffRecirculation (GENERIC_VHAL_WRITE) -> <TOOL>turnOffRecirculation()</TOOL>
08-01 05:33:23.624  9689  9689 I ToolManager: Registered Tool: turnOnHvacPower (GENERIC_VHAL_WRITE) -> <TOOL>turnOnHvacPower()</TOOL>
08-01 05:33:23.624  9689  9689 I ToolManager: Registered Tool: turnOffHvacPower (GENERIC_VHAL_WRITE) -> <TOOL>turnOffHvacPower()</TOOL>
08-01 05:33:23.624  9689  9689 I ToolManager: Registered Tool: turnOnDefroster (GENERIC_VHAL_WRITE) -> <TOOL>turnOnDefroster()</TOOL>
08-01 05:33:23.624  9689  9689 I ToolManager: Registered Tool: turnOffDefroster (GENERIC_VHAL_WRITE) -> <TOOL>turnOffDefroster()</TOOL>
08-01 05:33:23.624  9689  9689 I ToolManager: Registered Tool: turnOnRearDefroster (GENERIC_VHAL_WRITE) -> <TOOL>turnOnRearDefroster()</TOOL>
08-01 05:33:23.624  9689  9689 I ToolManager: Registered Tool: turnOffRearDefroster (GENERIC_VHAL_WRITE) -> <TOOL>turnOffRearDefroster()</TOOL>
08-01 05:33:23.625  9689  9689 I ToolManager: Registered Tool: openWindowsSlightly (CUSTOM_KOTLIN) -> <TOOL>openWindowsSlightly()</TOOL>
08-01 05:33:23.625  9689  9689 I ToolManager: Registered Tool: closeAllWindows (CUSTOM_KOTLIN) -> <TOOL>closeAllWindows()</TOOL>
08-01 05:33:23.625  9689  9689 I ToolManager: Registered Tool: turnOnCabinLight (GENERIC_VHAL_WRITE) -> <TOOL>turnOnCabinLight()</TOOL>
08-01 05:33:23.625  9689  9689 I ToolManager: Registered Tool: turnOffCabinLight (GENERIC_VHAL_WRITE) -> <TOOL>turnOffCabinLight()</TOOL>
08-01 05:33:23.625  9689  9689 I ToolManager: Registered Tool: setSeatHeater (CUSTOM_KOTLIN) -> <TOOL>setSeatHeater(LEVEL)</TOOL>
08-01 05:33:23.625  9689  9689 I ToolManager: Registered Tool: setSeatMassager (CUSTOM_KOTLIN) -> <TOOL>setSeatMassager(LEVEL)</TOOL>
08-01 05:33:23.625  9689  9689 I ToolManager: Registered Tool: checkAllWindowsClosed (CUSTOM_KOTLIN) -> <TOOL>checkAllWindowsClosed()</TOOL>
08-01 05:33:23.625  9689  9689 I ToolManager: Registered Tool: movePassengerSeatForward (CUSTOM_KOTLIN) -> <TOOL>movePassengerSeatForward()</TOOL>
08-01 05:33:23.625  9689  9689 I ToolManager: Registered Tool: setEnergeticCabinLighting (GENERIC_VHAL_WRITE) -> <TOOL>setEnergeticCabinLighting()</TOOL>
08-01 05:33:23.626  9689  9689 I ToolManager: Registered Tool: enableFreshAirIntake (CUSTOM_KOTLIN) -> <TOOL>enableFreshAirIntake()</TOOL>
08-01 05:33:23.626  9689  9689 I ToolManager: Registered Tool: protectFromPollutedAir (CUSTOM_KOTLIN) -> <TOOL>protectFromPollutedAir()</TOOL>
08-01 05:33:23.626  9689  9689 I ToolManager: Registered Tool: defogWindshield (CUSTOM_KOTLIN) -> <TOOL>defogWindshield()</TOOL>
08-01 05:33:23.626  9689  9689 I ToolManager: Registered Tool: improveRoadVisibility (CUSTOM_KOTLIN) -> <TOOL>improveRoadVisibility()</TOOL>
08-01 05:33:23.626  9689  9689 I ToolManager: Registered Tool: handleDrowsyDriving (CUSTOM_KOTLIN) -> <TOOL>handleDrowsyDriving()</TOOL>
08-01 05:33:23.626  9689  9689 I ToolManager: Registered Tool: enhanceNiceEvening (CUSTOM_KOTLIN) -> <TOOL>enhanceNiceEvening()</TOOL>
08-01 05:33:23.626  9689  9689 I ToolManager: Registered Tool: suggestOptimizedChargingRate (CUSTOM_KOTLIN) -> <TOOL>suggestOptimizedChargingRate()</TOOL>
08-01 05:33:23.626  9689  9689 I ToolManager: Registered Tool: sendUpcomingEventReminder (CUSTOM_KOTLIN) -> <TOOL>sendUpcomingEventReminder()</TOOL>
08-01 05:33:23.626  9689  9689 I ToolManager: Registered Tool: explainChildSeatInstallation (CUSTOM_KOTLIN) -> <TOOL>explainChildSeatInstallation()</TOOL>
08-01 05:33:23.627  9689  9689 I ToolManager: Registered Tool: suggestUmbrellaIfRainy (CUSTOM_KOTLIN) -> <TOOL>suggestUmbrellaIfRainy()</TOOL>
08-01 05:33:23.627  9689  9689 I ToolManager: Registered Tool: getNewsHighlights (CUSTOM_KOTLIN) -> <TOOL>getNewsHighlights()</TOOL>
08-01 05:33:23.627  9689  9689 I ToolManager: Registered Tool: handleDriverFatigue (CUSTOM_KOTLIN) -> <TOOL>handleDriverFatigue(ALERT_LEVEL)</TOOL>
08-01 05:33:23.627  9689  9689 I ToolManager: Registered Tool: alertDriverDistraction (CUSTOM_KOTLIN) -> <TOOL>alertDriverDistraction()</TOOL>
08-01 05:33:23.627  9689  9689 I ToolManager: Registered Tool: provideLaneLevelGuidance (CUSTOM_KOTLIN) -> <TOOL>provideLaneLevelGuidance()</TOOL>
08-01 05:33:23.627  9689  9689 I ToolManager: Registered Tool: suggestAlternateRoute (CUSTOM_KOTLIN) -> <TOOL>suggestAlternateRoute()</TOOL>
08-01 05:33:23.627  9689  9689 I ToolManager: Registered Tool: adjustBgmForSituation (CUSTOM_KOTLIN) -> <TOOL>adjustBgmForSituation()</TOOL>
08-01 05:33:23.627  9689  9689 I ToolManager: Registered Tool: checkVehicleSecured (CUSTOM_KOTLIN) -> <TOOL>checkVehicleSecured()</TOOL>
08-01 05:33:23.627  9689  9689 I ToolManager: Registered Tool: prepareForCommute (CUSTOM_KOTLIN) -> <TOOL>prepareForCommute()</TOOL>
08-01 05:33:23.627  9689  9689 I ToolManager: Registered Tool: optimizeCabinForLongDrive (CUSTOM_KOTLIN) -> <TOOL>optimizeCabinForLongDrive()</TOOL>
08-01 05:33:23.627  9689  9689 I ToolManager: Registered Tool: prepareForIncomingRain (CUSTOM_KOTLIN) -> <TOOL>prepareForIncomingRain()</TOOL>
08-01 05:33:23.628  9689  9689 I ToolManager: Registered Tool: prepareForParking (CUSTOM_KOTLIN) -> <TOOL>prepareForParking()</TOOL>
08-01 05:33:23.628  9689  9689 I ToolManager: Registered Tool: optimizeEnergyForRange (CUSTOM_KOTLIN) -> <TOOL>optimizeEnergyForRange()</TOOL>
08-01 05:33:23.628  9689  9689 I ToolManager: Registered Tool: makeTripEnjoyable (CUSTOM_KOTLIN) -> <TOOL>makeTripEnjoyable()</TOOL>
08-01 05:33:23.628  9689  9689 I ToolManager: Registered Tool: checkTripReadiness (CUSTOM_KOTLIN) -> <TOOL>checkTripReadiness()</TOOL>
08-01 05:33:23.628  9689  9689 I ToolManager: Registered Tool: prepareForElderlyPassengers (CUSTOM_KOTLIN) -> <TOOL>prepareForElderlyPassengers()</TOOL>
08-01 05:33:23.628  9689  9689 I ToolManager: Registered Tool: prepareForImportantMeeting (CUSTOM_KOTLIN) -> <TOOL>prepareForImportantMeeting()</TOOL>
08-01 05:33:23.628  9689  9689 I ToolManager: Registered Tool: prepareForArrival (CUSTOM_KOTLIN) -> <TOOL>prepareForArrival()</TOOL>
08-01 05:33:23.628  9689  9689 I ToolManager: Registered Tool: handleEmergencyFeeling (CUSTOM_KOTLIN) -> <TOOL>handleEmergencyFeeling()</TOOL>
08-01 05:33:23.628  9689  9689 I ToolManager: Registered Tool: enableAdaptiveNightMode (CUSTOM_KOTLIN) -> <TOOL>enableAdaptiveNightMode()</TOOL>
08-01 05:33:23.628  9689  9689 I ToolManager: Registered Tool: prepareForAirportTrip (CUSTOM_KOTLIN) -> <TOOL>prepareForAirportTrip()</TOOL>
08-01 05:33:23.628  9689  9689 I ToolManager: Registered Tool: explainLowRange (CUSTOM_KOTLIN) -> <TOOL>explainLowRange()</TOOL>
08-01 05:33:23.629  9689  9689 I ToolManager: Registered Tool: answerVehicleIdentity (CUSTOM_KOTLIN) -> <TOOL>answerVehicleIdentity()</TOOL>
08-01 05:33:23.629  9689  9689 I ToolManager: Registered Tool: playMusic (CUSTOM_KOTLIN) -> <TOOL>playMusic(SONG)</TOOL>
08-01 05:33:23.629  9689  9689 I ToolManager: Registered Tool: pauseMusic (CUSTOM_KOTLIN) -> <TOOL>pauseMusic()</TOOL>
08-01 05:33:23.629  9689  9689 I ToolManager: Registered Tool: stopMusic (CUSTOM_KOTLIN) -> <TOOL>stopMusic()</TOOL>
08-01 05:33:23.629  9689  9689 I ToolManager: Registered Tool: nextTrack (CUSTOM_KOTLIN) -> <TOOL>nextTrack()</TOOL>
08-01 05:33:23.629  9689  9689 I ToolManager: Registered Tool: prevTrack (CUSTOM_KOTLIN) -> <TOOL>prevTrack()</TOOL>
08-01 05:33:23.629  9689  9689 I ToolManager: Registered Tool: setVolumeLevel (CUSTOM_KOTLIN) -> <TOOL>setVolumeLevel(VAL)</TOOL>
08-01 05:33:23.629  9689  9689 I ToolManager: Registered Tool: callContact (CUSTOM_KOTLIN) -> <TOOL>callContact(NAME)</TOOL>
08-01 05:33:23.629  9689  9689 I ToolManager: Registered Tool: sendText (CUSTOM_KOTLIN) -> <TOOL>sendText(NAME,MSG)</TOOL>
08-01 05:33:23.629  9689  9689 I ToolManager: Registered Tool: remember (CUSTOM_KOTLIN) -> <TOOL>remember(FACT)</TOOL>
08-01 05:33:23.630  9689  9689 I ToolManager: Registered Tool: getWeather (CUSTOM_KOTLIN) -> <TOOL>getWeather(CITY)</TOOL>
08-01 05:33:23.630  9689  9689 I ToolManager: Registered Tool: searchNearby (CUSTOM_KOTLIN) -> <TOOL>searchNearby(amenity)</TOOL>
08-01 05:33:23.630  9689  9689 I ToolManager: Registered Tool: search (CUSTOM_KOTLIN) -> <TOOL>search(search_term)</TOOL>
08-01 05:33:23.630  9689  9689 I ToolManager: Registered Tool: startNavigationTo (CUSTOM_KOTLIN) -> <TOOL>startNavigationTo("PLACE_NAME")</TOOL>
08-01 05:33:23.630  9689  9689 I ToolManager: Registered Tool: openTrunk (CUSTOM_KOTLIN) -> <TOOL>openTrunk()</TOOL>
08-01 05:33:23.630  9689  9689 I ToolManager: Registered Tool: setWindowPosition (CUSTOM_KOTLIN) -> <TOOL>setWindowPosition(PCT)</TOOL>
08-01 05:33:23.631  9689  9689 I ToolManager: Registered Tool: unlockDoors (GENERIC_VHAL_WRITE) -> <TOOL>unlockDoors()</TOOL>
08-01 05:33:23.631  9689  9689 I ToolManager: Registered Tool: setDriverTemperature (CUSTOM_KOTLIN) -> <TOOL>setDriverTemperature(VAL)</TOOL>
08-01 05:33:23.631  9689  9689 I ToolManager: Registered Tool: setPassengerTemperature (CUSTOM_KOTLIN) -> <TOOL>setPassengerTemperature(VAL)</TOOL>
08-01 05:33:23.631  9689  9689 I ToolManager: Registered Tool: bookRestaurant (CUSTOM_KOTLIN) -> <TOOL>bookRestaurant()</TOOL>
08-01 05:33:23.631  9689  9689 I ToolManager: Registered Tool: queryMemory (CUSTOM_KOTLIN) -> <TOOL>queryMemory()</TOOL>
08-01 05:33:23.631  9689  9689 I ToolManager: Registered Tool: openApp (CUSTOM_KOTLIN) -> <TOOL>openApp()</TOOL>
08-01 05:33:23.631  9689  9689 I ToolManager: Registered Tool: setAllWindowsPosition (CUSTOM_KOTLIN) -> <TOOL>setAllWindowsPosition()</TOOL>
08-01 05:33:23.631  9689  9689 I ToolManager: Registered Tool: checkVehicleState (CUSTOM_KOTLIN) -> <TOOL>checkVehicleState()</TOOL>
08-01 05:33:23.631  9689  9689 I ToolManager: Registered Tool: increasePassengerTemperature (CUSTOM_KOTLIN) -> <TOOL>increasePassengerTemperature()</TOOL>
08-01 05:33:23.631  9689  9689 I ToolManager: Registered Tool: decreasePassengerTemperature (CUSTOM_KOTLIN) -> <TOOL>decreasePassengerTemperature()</TOOL>
08-01 05:33:23.631  9689  9689 I ToolManager: Registered Tool: increaseDriverTemperature (CUSTOM_KOTLIN) -> <TOOL>increaseDriverTemperature()</TOOL>
08-01 05:33:23.632  9689  9689 I ToolManager: Registered Tool: decreaseDriverTemperature (CUSTOM_KOTLIN) -> <TOOL>decreaseDriverTemperature()</TOOL>
08-01 05:33:23.632  9689  9689 I ToolManager: Registered Tool: handleFeelingCold (CUSTOM_KOTLIN) -> <TOOL>handleFeelingCold()</TOOL>
08-01 05:33:23.632  9689  9689 I ToolManager: Registered Tool: call (CUSTOM_KOTLIN) -> <TOOL>call(NUMBER)</TOOL>
08-01 05:33:23.632  9689  9689 I ToolManager: Registered Tool: suggestNearbyPlaces (CUSTOM_KOTLIN) -> <TOOL>suggestNearby()</TOOL>
08-01 05:33:23.637  9689  9689 D CompatChangeReporter: Compat change id reported: 247079863; UID 1010188; state: ENABLED
08-01 05:33:23.637  4972  4980 I car.carlauncher: Compiler allocated 5332KB to compile void android.view.ViewRootImpl.performTraversals(long)
08-01 05:33:23.648  9689  9711 I litert  : [environment.cc:30] Creating LiteRT environment with options
08-01 05:33:23.648  9689  9711 W litert  : [npu_registry.cc:34] NPU accelerator could not be loaded and registered: kLiteRtStatusErrorInvalidArgument.
08-01 05:33:23.648  9689  9711 I litert  : [accelerator_registry.cc:54] RegisterAccelerator: ptr=0x7aa2ff1310, name=LiteRT GPU
08-01 05:33:23.648  9689  9711 I litert  : [gpu_registry.cc:87] Statically linked GPU accelerator registered.
08-01 05:33:23.648  9689  9711 I litert  : [accelerator_registry.cc:54] RegisterAccelerator: ptr=0x7aa2ff0dd0, name=CpuAccelerator
08-01 05:33:23.648  9689  9711 I litert  : [cpu_registry.cc:42] CPU accelerator registered.
08-01 05:33:23.660  4054  4054 W AccessibilityManagerService:  wait for adding window timeout: 32
08-01 05:33:23.661  4768  4768 V RotaryController: onAccessibilityEvent: EventType: TYPE_WINDOW_STATE_CHANGED; EventTime: 47113239; PackageName: com.tcs.vehicleassistant; MovementGranularity: 0; Action: 0; ContentChangeTypes: []; WindowChangeTypes: []; TextChangeTypes: [] [ ClassName: android.widget.FrameLayout; Text: [Application icon]; ContentDescription: null; ItemCount: -1; CurrentItemIndex: -1; Enabled: true; Password: false; Checked: false; FullScreen: false; Scrollable: false; ImportantForAccessibility: true; AccessibilityDataSensitive: false; BeforeText: null; FromIndex: -1; ToIndex: -1; ScrollX: 0; ScrollY: 0; MaxScrollX: 0; MaxScrollY: 0; ScrollDeltaX: -1; ScrollDeltaY: -1; AddedCount: -1; RemovedCount: -1; ParcelableData: null; DisplayId: 0 ]; recordCount: 0
08-01 05:33:23.662  4768  4768 V RotaryController: event window ID: 20
--------- beginning of kernel
08-01 05:33:23.691   802   802 E logbuffer_pcie1: [22782] OC Initial Status check: 0x5FC(0xf0)
08-01 05:33:23.723   802   802 I logbuffer_pcie1: [22783] D state: 0, LTSSM: 0
08-01 05:33:23.723   802   802 I logbuffer_pcie1: [22784] L0(0x11)
08-01 05:33:23.726   802   802 W [05:33:23.715903][dhd][wlan]dhd_plat_l1ss_ctrl: Control L1ss RC side 1
08-01 05:33:23.744  9689  9711 I native  : I0000 00:00:1785562403.744431    9711 executor_settings_base.cc:376] Deleted 1 stale cache files.
08-01 05:33:23.744  9689  9711 I native  : I0000 00:00:1785562403.744520    9711 litert_compiled_model_executor_utils.cc:524] Setting serialization dir: /data/user/10/com.tcs.vehicleassistant/no_backup/litertlm_kernel_cache
08-01 05:33:23.744  9689  9711 I litert  : [magic_number_utils.cc:97] Loaded: num_subgraphs=976, num_signatures=4
08-01 05:33:23.744  9689  9711 I litert  : [magic_number_utils.cc:105]   signature=decode, subgraph_index=0, num_tensors=2703, num_inputs=35, num_outputs=32, num_ops=2068
08-01 05:33:23.744  9689  9711 I litert  : [magic_number_utils.cc:105]   signature=prefill_1024, subgraph_index=1, num_tensors=1454, num_inputs=35, num_outputs=30, num_ops=1107
08-01 05:33:23.744  9689  9711 I litert  : [magic_number_utils.cc:105]   signature=prefill_128, subgraph_index=2, num_tensors=1454, num_inputs=35, num_outputs=30, num_ops=1107
08-01 05:33:23.744  9689  9711 I litert  : [magic_number_utils.cc:105]   signature=verify, subgraph_index=3, num_tensors=2887, num_inputs=35, num_outputs=32, num_ops=2243
08-01 05:33:23.744  9689  9711 I litert  : [magic_number_utils.cc:109] Magic number configs: num_configs=1
08-01 05:33:23.744  9689  9711 I litert  : [magic_number_utils.cc:116]   config[0]: magic_number=32003, target_number=3072, signature_prefix=null
08-01 05:33:23.745  9689  9711 I litert  : [magic_number_utils.cc:435] 439 tensors of signature decode have been updated for magic number  32003 to target number 3072
08-01 05:33:23.746  9689  9711 I litert  : [magic_number_utils.cc:435] 271 tensors of signature prefill_1024 have been updated for magic number  32003 to target number 3072
08-01 05:33:23.746  9689  9711 I litert  : [magic_number_utils.cc:435] 270 tensors of signature prefill_128 have been updated for magic number  32003 to target number 3072
08-01 05:33:23.748  9689  9711 I litert  : [magic_number_utils.cc:435] 444 tensors of signature verify have been updated for magic number  32003 to target number 3072
08-01 05:33:23.748  9689  9711 I litert  : [compiled_model.cc:805] Flatbuffer model initialized directly from incoming litert model.
08-01 05:33:23.752  9689  9711 I tflite  : Initialized TensorFlow Lite runtime.
08-01 05:33:23.766  4054  4253 D WifiClientModeImpl[46736571:wlan0]: updateLinkLayerStatsRssiSpeedFrequencyCapabilities rssi=-58 TxLinkspeed=390 freq=5240 RxLinkSpeed=650
08-01 05:33:23.766  4054  4253 D WifiDataStall: tx tput in kbps: 348791
08-01 05:33:23.766  4054  4253 D WifiDataStall: rx tput in kbps: 611914
08-01 05:33:23.766  4054  4253 V WifiConfigManager: Updating scan detail cache freq=5240 BSSID=90:32:4b:d3:f0:6b RSSI=-57 for "90324BD3F068-5G"WPA_PSK
08-01 05:33:23.766  4054  4253 D WifiChannelUtilization:  freq: 5240 onTime: 39527 busyTime: 1628712 onTimeDiff: 1180 busyTimeDiff: 120405 utilization: -1 utilization t0: -1
08-01 05:33:23.766  4054  4253 D WifiDataStall:  use default cca Level
08-01 05:33:23.766  4054  4253 D WifiDataStall:  ccaLevel = 15
08-01 05:33:23.767  4054  4253 D WifiDataStall: L2 txTputKbps: 348791, rxTputKbps: 611914, L3 txTputKbps: 0, rxTputKbps: 0, TxTrafficHigh: false, RxTrafficHigh: false, Throughput Sufficient: true
08-01 05:33:23.767  4054  4253 D WifiThroughputPredictor:  utilization (LLS) -1 isBluetoothConnected: false final utilization: 15
08-01 05:33:23.767  4054  4253 D WifiThroughputPredictor:  BW: 2 RSSI: -58 Nss: 2 Mode: 5 symDur: 3600 snrDb 16 bitPerTone: 5328 rate: 692 throughput: 651
08-01 05:33:23.767  4054  4253 D WifiThroughputPredictor:  utilization (LLS) -1 isBluetoothConnected: false final utilization: 15
08-01 05:33:23.767  4054  4253 D WifiThroughputPredictor:  BW: 2 RSSI: -58 Nss: 2 Mode: 5 symDur: 3600 snrDb 16 bitPerTone: 5328 rate: 692 throughput: 651
08-01 05:33:23.773   936   984 D WifiHAL : Start debug command
08-01 05:33:23.773   936   984 D WifiHAL : In DebugCommand::handleResponse, mType:4
08-01 05:33:23.773   936   984 D WifiHAL : len = 4, expected len = 4
08-01 05:33:23.774  4054  4253 I HalDevMgr: bestIfaceCreationProposal is null, requestIface=STA, existingIface=[name=wlan0 type=STA]
08-01 05:33:23.775  4054  4253 D WifiScoreCard: BSSID update SIGNAL_POLL ID: 1629483720 SSID: "90324BD3F068-5G", BSSID: 90:32:4b:d3:f0:6b, MAC: d2:bc:0e:8c:4e:68, IP: /192.168.3.92, Security type: 2, Supplicant state: COMPLETED, Wi-Fi standard: 11ac, RSSI: -58, Link speed: 390Mbps, Tx Link speed: 390Mbps, Max Supported Tx Link speed: 866Mbps, Calculated Tx : 348Mbps, Rx Link speed: 650Mbps, Max Supported Rx Link speed: 866Mbps, Calculated Rx : 611Mbps, Frequency: 5240MHz, Net ID: 0, Metered hint: false, score: 100, isUsable: true, CarrierMerged: false, SubscriptionId: -1, IsPrimary: 1, Trusted: true, Restricted: false, Ephemeral: false, OEM paid: false, OEM private: false, OSU AP: false, FQDN: <none>, Provider friendly name: <none>, Requesting package name: <none>"90324BD3F068-5G"wpa2-pskMLO Information: , Is TID-To-Link negotiation supported by the AP: false, AP MLD Address: <none>, AP MLO Link Id: <none>, AP MLO Affiliated links: <none>, Vendor Data: <none>
08-01 05:33:23.775  4054  4253 D WifiScoreCard: txRate: 1 txSpeed: 390
08-01 05:33:23.775  4054  4253 D WifiScoreCard: network update SIGNAL_POLL "90324BD3F068-5G" ID: 1753303961 RSSI -58 txSpeed -1
08-01 05:33:23.775  4054  4253 D WifiClientModeImpl[46736571:wlan0]:  ClientModeImpl$L2ConnectedState screen=on 11 0 "90324BD3F068-5G" 90:32:4b:d3:f0:6b rssi=-58 f=5240 sc=100 link=390 tx=0.1, 0.0, 0.0 rx=0.2 bcn=3608 [on:59 tx:4 rx:0 period:3093] from screen [on:12022 period:136450] score=100
08-01 05:33:23.794  9689  9711 I native  : I0000 00:00:1785562403.794231    9711 delegate_opencl.cc:623] options->hint_waiting_for_completion: false
08-01 05:33:23.794  9689  9711 I native  : I0000 00:00:1785562403.794293    9711 delegate_opencl.cc:625] options->kernel_batch_size: -1
08-01 05:33:23.796  9689  9689 I ToolManager: Registered 91 tools; BM25 index holds 91 documents.
08-01 05:33:23.798  9689  9711 E libEGL  : call to OpenGL ES API with no current context (logged once per thread)
08-01 05:33:23.798  9689  9689 V SLog    : static_init took to complete: 0ms
08-01 05:33:23.799  9689  9711 I litert  : [environment.cc:41] Adding options to the existing LiteRT environment
08-01 05:33:23.800  9689  9711 I tflite  : Loaded OpenCL library with dlopen.
08-01 05:33:23.800  9689  9711 I litert  : [gpu_environment.cc:220] Created OpenCL device from provided device id and platform id.
08-01 05:33:23.801  9689  9711 I litert  : [gpu_environment.cc:283] Reusing provided EGL environment.
08-01 05:33:23.801  9689  9711 I litert  : [gpu_environment.h:155] Created LiteRT GpuEnvironment.
08-01 05:33:23.801  9689  9711 I litert  : [environment.cc:41] Adding options to the existing LiteRT environment
08-01 05:33:23.802  9689  9689 I CAR.L   : createCar: car_service is already ready, took (ms): 1
08-01 05:33:23.803  4363  4383 V CAR.PropertyHalServiceConfigs: propId is not writable: PERF_VEHICLE_SPEED
08-01 05:33:23.804  9689  9711 I tflite  : Replacing 2068 out of 2068 node(s) with delegate (LITERT_CL) node, yielding 1 partitions for subgraph 0.
08-01 05:33:23.822  9689  9689 W CarPropertyManager: register: PropertyId=291504647, exception=java.lang.SecurityException: Do not have read permissions for properties: [PERF_VEHICLE_SPEED]
08-01 05:33:23.824  9689  9689 D nativeloader: Load liblargeparcelablejni.so using system ns (caller=/system/framework/android.car.jar): ok
08-01 05:33:23.824  9689  9689 D SubscriptionManager: stageNewOptions: options: [CarSubscription{propertyId: 356517131, areaIds: [1, 4, 16, 64, 32], updateRateHz: 0.0, enableVariableUpdateRate: false, resolution: 0.0}]
08-01 05:33:23.825  9689  9689 D SubscriptionManager: New combined subscription rate info for property: HVAC_SEAT_TEMPERATURE, areaId: ROW_1_RIGHT, RateInfo{updateRateHz: 0.000000, enableVur: false, resolution: 0.000000}
08-01 05:33:23.826  9689  9689 D SubscriptionManager: New combined subscription rate info for property: HVAC_SEAT_TEMPERATURE, areaId: ROW_2_LEFT, RateInfo{updateRateHz: 0.000000, enableVur: false, resolution: 0.000000}
08-01 05:33:23.826  9689  9689 D SubscriptionManager: New combined subscription rate info for property: HVAC_SEAT_TEMPERATURE, areaId: ROW_2_RIGHT, RateInfo{updateRateHz: 0.000000, enableVur: false, resolution: 0.000000}
08-01 05:33:23.826  9689  9689 D SubscriptionManager: New combined subscription rate info for property: HVAC_SEAT_TEMPERATURE, areaId: ROW_1_LEFT, RateInfo{updateRateHz: 0.000000, enableVur: false, resolution: 0.000000}
08-01 05:33:23.826  9689  9689 D SubscriptionManager: New combined subscription rate info for property: HVAC_SEAT_TEMPERATURE, areaId: ROW_2_CENTER, RateInfo{updateRateHz: 0.000000, enableVur: false, resolution: 0.000000}
08-01 05:33:23.827  4363  4383 D SubscriptionManager: stageNewOptions: options: [CarSubscription{propertyId: 356517131, areaIds: [1, 4, 16, 32, 64], updateRateHz: 0.0, enableVariableUpdateRate: false, resolution: 0.0}]
08-01 05:33:23.828  9689  9689 D SubscriptionManager: stageNewOptions: options: [CarSubscription{propertyId: 358614275, areaIds: [1, 4, 16, 64, 32], updateRateHz: 0.0, enableVariableUpdateRate: false, resolution: 0.0}]
08-01 05:33:23.829  9689  9689 D SubscriptionManager: New combined subscription rate info for property: HVAC_TEMPERATURE_SET, areaId: ROW_1_LEFT, RateInfo{updateRateHz: 0.000000, enableVur: false, resolution: 0.000000}
08-01 05:33:23.829  9689  9711 W native  : W0000 00:00:1785562403.829615    9711 gpu_model_builder.cc:4293] Weights preparation on Gpu is disabled for PowerVR, Broadcom, Mali GPUs and non-OpenCL/WebGPU/Metal backends.
08-01 05:33:23.829  9689  9689 D SubscriptionManager: New combined subscription rate info for property: HVAC_TEMPERATURE_SET, areaId: ROW_1_RIGHT, RateInfo{updateRateHz: 0.000000, enableVur: false, resolution: 0.000000}
08-01 05:33:23.829  9689  9689 D SubscriptionManager: New combined subscription rate info for property: HVAC_TEMPERATURE_SET, areaId: ROW_2_RIGHT, RateInfo{updateRateHz: 0.000000, enableVur: false, resolution: 0.000000}
08-01 05:33:23.830  9689  9689 D SubscriptionManager: New combined subscription rate info for property: HVAC_TEMPERATURE_SET, areaId: ROW_2_LEFT, RateInfo{updateRateHz: 0.000000, enableVur: false, resolution: 0.000000}
08-01 05:33:23.830  9689  9689 D SubscriptionManager: New combined subscription rate info for property: HVAC_TEMPERATURE_SET, areaId: ROW_2_CENTER, RateInfo{updateRateHz: 0.000000, enableVur: false, resolution: 0.000000}
08-01 05:33:23.830  4363  5049 D SubscriptionManager: stageNewOptions: options: [CarSubscription{propertyId: 358614275, areaIds: [1, 4, 16, 32, 64], updateRateHz: 0.0, enableVariableUpdateRate: false, resolution: 0.0}]
08-01 05:33:23.832  9689  9689 D SubscriptionManager: stageNewOptions: options: [CarSubscription{propertyId: 354419984, areaIds: [1, 4, 16, 64, 32], updateRateHz: 0.0, enableVariableUpdateRate: false, resolution: 0.0}]
08-01 05:33:23.833  9689  9689 D SubscriptionManager: New combined subscription rate info for property: HVAC_POWER_ON, areaId: ROW_1_LEFT, RateInfo{updateRateHz: 0.000000, enableVur: false, resolution: 0.000000}
08-01 05:33:23.833  9689  9689 D SubscriptionManager: New combined subscription rate info for property: HVAC_POWER_ON, areaId: ROW_2_LEFT, RateInfo{updateRateHz: 0.000000, enableVur: false, resolution: 0.000000}
08-01 05:33:23.833  9689  9689 D SubscriptionManager: New combined subscription rate info for property: HVAC_POWER_ON, areaId: ROW_2_CENTER, RateInfo{updateRateHz: 0.000000, enableVur: false, resolution: 0.000000}
08-01 05:33:23.833  9689  9689 D SubscriptionManager: New combined subscription rate info for property: HVAC_POWER_ON, areaId: ROW_2_RIGHT, RateInfo{updateRateHz: 0.000000, enableVur: false, resolution: 0.000000}
08-01 05:33:23.834  9689  9689 D SubscriptionManager: New combined subscription rate info for property: HVAC_POWER_ON, areaId: ROW_1_RIGHT, RateInfo{updateRateHz: 0.000000, enableVur: false, resolution: 0.000000}
08-01 05:33:23.834  4363  4383 D SubscriptionManager: stageNewOptions: options: [CarSubscription{propertyId: 354419984, areaIds: [1, 4, 16, 32, 64], updateRateHz: 0.0, enableVariableUpdateRate: false, resolution: 0.0}]
08-01 05:33:23.835  9689  9689 D SubscriptionManager: stageNewOptions: options: [CarSubscription{propertyId: 354419978, areaIds: [1, 4, 16, 64, 32], updateRateHz: 0.0, enableVariableUpdateRate: false, resolution: 0.0}]
08-01 05:33:23.836  9689  9689 D SubscriptionManager: New combined subscription rate info for property: HVAC_AUTO_ON, areaId: ROW_1_RIGHT, RateInfo{updateRateHz: 0.000000, enableVur: false, resolution: 0.000000}
08-01 05:33:23.837  9689  9689 D SubscriptionManager: New combined subscription rate info for property: HVAC_AUTO_ON, areaId: ROW_1_LEFT, RateInfo{updateRateHz: 0.000000, enableVur: false, resolution: 0.000000}
08-01 05:33:23.837  9689  9689 D SubscriptionManager: New combined subscription rate info for property: HVAC_AUTO_ON, areaId: ROW_2_RIGHT, RateInfo{updateRateHz: 0.000000, enableVur: false, resolution: 0.000000}
08-01 05:33:23.837  9689  9689 D SubscriptionManager: New combined subscription rate info for property: HVAC_AUTO_ON, areaId: ROW_2_CENTER, RateInfo{updateRateHz: 0.000000, enableVur: false, resolution: 0.000000}
08-01 05:33:23.837  9689  9689 D SubscriptionManager: New combined subscription rate info for property: HVAC_AUTO_ON, areaId: ROW_2_LEFT, RateInfo{updateRateHz: 0.000000, enableVur: false, resolution: 0.000000}
08-01 05:33:23.838  4363  5049 D SubscriptionManager: stageNewOptions: options: [CarSubscription{propertyId: 354419978, areaIds: [1, 4, 16, 32, 64], updateRateHz: 0.0, enableVariableUpdateRate: false, resolution: 0.0}]
08-01 05:33:23.839  9689  9689 D SubscriptionManager: stageNewOptions: options: [CarSubscription{propertyId: 354419973, areaIds: [1, 4, 16, 64, 32], updateRateHz: 0.0, enableVariableUpdateRate: false, resolution: 0.0}]
08-01 05:33:23.840  9689  9689 D SubscriptionManager: New combined subscription rate info for property: HVAC_AC_ON, areaId: ROW_2_CENTER, RateInfo{updateRateHz: 0.000000, enableVur: false, resolution: 0.000000}
08-01 05:33:23.841  9689  9689 D SubscriptionManager: New combined subscription rate info for property: HVAC_AC_ON, areaId: ROW_1_LEFT, RateInfo{updateRateHz: 0.000000, enableVur: false, resolution: 0.000000}
08-01 05:33:23.841  9689  9689 D SubscriptionManager: New combined subscription rate info for property: HVAC_AC_ON, areaId: ROW_2_LEFT, RateInfo{updateRateHz: 0.000000, enableVur: false, resolution: 0.000000}
08-01 05:33:23.841  9689  9689 D SubscriptionManager: New combined subscription rate info for property: HVAC_AC_ON, areaId: ROW_1_RIGHT, RateInfo{updateRateHz: 0.000000, enableVur: false, resolution: 0.000000}
08-01 05:33:23.842  9689  9689 D SubscriptionManager: New combined subscription rate info for property: HVAC_AC_ON, areaId: ROW_2_RIGHT, RateInfo{updateRateHz: 0.000000, enableVur: false, resolution: 0.000000}
08-01 05:33:23.842  4363  4383 D SubscriptionManager: stageNewOptions: options: [CarSubscription{propertyId: 354419973, areaIds: [1, 4, 16, 32, 64], updateRateHz: 0.0, enableVariableUpdateRate: false, resolution: 0.0}]
08-01 05:33:23.843  9689  9689 D SubscriptionManager: stageNewOptions: options: [CarSubscription{propertyId: 356517120, areaIds: [1, 4, 16, 64, 32], updateRateHz: 0.0, enableVariableUpdateRate: false, resolution: 0.0}]
08-01 05:33:23.845  9689  9689 D SubscriptionManager: New combined subscription rate info for property: HVAC_FAN_SPEED, areaId: ROW_2_CENTER, RateInfo{updateRateHz: 0.000000, enableVur: false, resolution: 0.000000}
08-01 05:33:23.845  9689  9689 D SubscriptionManager: New combined subscription rate info for property: HVAC_FAN_SPEED, areaId: ROW_2_RIGHT, RateInfo{updateRateHz: 0.000000, enableVur: false, resolution: 0.000000}
08-01 05:33:23.845  9689  9689 D SubscriptionManager: New combined subscription rate info for property: HVAC_FAN_SPEED, areaId: ROW_2_LEFT, RateInfo{updateRateHz: 0.000000, enableVur: false, resolution: 0.000000}
08-01 05:33:23.845  9689  9689 D SubscriptionManager: New combined subscription rate info for property: HVAC_FAN_SPEED, areaId: ROW_1_RIGHT, RateInfo{updateRateHz: 0.000000, enableVur: false, resolution: 0.000000}
08-01 05:33:23.846  9689  9689 D SubscriptionManager: New combined subscription rate info for property: HVAC_FAN_SPEED, areaId: ROW_1_LEFT, RateInfo{updateRateHz: 0.000000, enableVur: false, resolution: 0.000000}
08-01 05:33:23.846  4363  5049 D SubscriptionManager: stageNewOptions: options: [CarSubscription{propertyId: 356517120, areaIds: [1, 4, 16, 32, 64], updateRateHz: 0.0, enableVariableUpdateRate: false, resolution: 0.0}]
08-01 05:33:23.847  9689  9689 D SubscriptionManager: stageNewOptions: options: [CarSubscription{propertyId: 320865540, areaIds: [1, 2], updateRateHz: 0.0, enableVariableUpdateRate: false, resolution: 0.0}]
08-01 05:33:23.849  9689  9689 D SubscriptionManager: New combined subscription rate info for property: HVAC_DEFROSTER, areaId: FRONT_WINDSHIELD, RateInfo{updateRateHz: 0.000000, enableVur: false, resolution: 0.000000}
08-01 05:33:23.849  9689  9689 D SubscriptionManager: New combined subscription rate info for property: HVAC_DEFROSTER, areaId: REAR_WINDSHIELD, RateInfo{updateRateHz: 0.000000, enableVur: false, resolution: 0.000000}
08-01 05:33:23.849  4363  5049 D SubscriptionManager: stageNewOptions: options: [CarSubscription{propertyId: 320865540, areaIds: [1, 2], updateRateHz: 0.0, enableVariableUpdateRate: false, resolution: 0.0}]
08-01 05:33:23.850  4363  5049 V CAR.PropertyHalServiceConfigs: propId is not writable: FUEL_LEVEL
08-01 05:33:23.851  9689  9689 W CarPropertyManager: register: PropertyId=291504903, exception=java.lang.SecurityException: Do not have read permissions for properties: [FUEL_LEVEL]
08-01 05:33:23.851  4363  5049 V CAR.PropertyHalServiceConfigs: propId is not writable: GEAR_SELECTION
08-01 05:33:23.852  9689  9689 D SubscriptionManager: stageNewOptions: options: [CarSubscription{propertyId: 289408000, areaIds: [0], updateRateHz: 0.0, enableVariableUpdateRate: false, resolution: 0.0}]
08-01 05:33:23.853  9689  9689 D SubscriptionManager: New combined subscription rate info for property: GEAR_SELECTION, areaId: GLOBAL, RateInfo{updateRateHz: 0.000000, enableVur: false, resolution: 0.000000}
08-01 05:33:23.853  4363  5049 D SubscriptionManager: stageNewOptions: options: [CarSubscription{propertyId: 289408000, areaIds: [0], updateRateHz: 0.0, enableVariableUpdateRate: false, resolution: 0.0}]
08-01 05:33:23.855  9689  9689 D SubscriptionManager: stageNewOptions: options: [CarSubscription{propertyId: 322964416, areaIds: [16, 64, 256, 1024, 65536], updateRateHz: 0.0, enableVariableUpdateRate: false, resolution: 0.0}]
08-01 05:33:23.856  9689  9689 D SubscriptionManager: New combined subscription rate info for property: WINDOW_POS, areaId: ROOF_TOP_1, RateInfo{updateRateHz: 0.000000, enableVur: false, resolution: 0.000000}
08-01 05:33:23.856  9689  9689 D SubscriptionManager: New combined subscription rate info for property: WINDOW_POS, areaId: ROW_2_LEFT, RateInfo{updateRateHz: 0.000000, enableVur: false, resolution: 0.000000}
08-01 05:33:23.856  9689  9689 D SubscriptionManager: New combined subscription rate info for property: WINDOW_POS, areaId: ROW_1_LEFT, RateInfo{updateRateHz: 0.000000, enableVur: false, resolution: 0.000000}
08-01 05:33:23.856  9689  9689 D SubscriptionManager: New combined subscription rate info for property: WINDOW_POS, areaId: ROW_1_RIGHT, RateInfo{updateRateHz: 0.000000, enableVur: false, resolution: 0.000000}
08-01 05:33:23.857  9689  9689 D SubscriptionManager: New combined subscription rate info for property: WINDOW_POS, areaId: ROW_2_RIGHT, RateInfo{updateRateHz: 0.000000, enableVur: false, resolution: 0.000000}
08-01 05:33:23.857  4363  5049 D SubscriptionManager: stageNewOptions: options: [CarSubscription{propertyId: 322964416, areaIds: [16, 64, 256, 1024, 65536], updateRateHz: 0.0, enableVariableUpdateRate: false, resolution: 0.0}]
08-01 05:33:23.857  4363  5049 D SubscriptionManager: New combined subscription rate info for property: WINDOW_POS, areaId: ROW_2_RIGHT, RateInfo{updateRateHz: 0.000000, enableVur: false, resolution: 0.000000}
08-01 05:33:23.858  4363  5049 D SubscriptionManager: New combined subscription rate info for property: WINDOW_POS, areaId: ROW_1_LEFT, RateInfo{updateRateHz: 0.000000, enableVur: false, resolution: 0.000000}
08-01 05:33:23.858  4363  5049 D SubscriptionManager: New combined subscription rate info for property: WINDOW_POS, areaId: ROW_2_LEFT, RateInfo{updateRateHz: 0.000000, enableVur: false, resolution: 0.000000}
08-01 05:33:23.858  4363  5049 D SubscriptionManager: New combined subscription rate info for property: WINDOW_POS, areaId: ROOF_TOP_1, RateInfo{updateRateHz: 0.000000, enableVur: false, resolution: 0.000000}
08-01 05:33:23.858  4363  5049 D SubscriptionManager: New combined subscription rate info for property: WINDOW_POS, areaId: ROW_1_RIGHT, RateInfo{updateRateHz: 0.000000, enableVur: false, resolution: 0.000000}
08-01 05:33:23.858  4363  5049 D SubscriptionManager: stageNewOptions: options: [CarSubscription{propertyId: 322964416, areaIds: [16, 64, 256, 1024, 65536], updateRateHz: 0.0, enableVariableUpdateRate: false, resolution: 0.0}]
08-01 05:33:23.858  4363  5049 D SubscriptionManager: New combined subscription rate info for property: WINDOW_POS, areaId: ROW_2_RIGHT, RateInfo{updateRateHz: 0.000000, enableVur: false, resolution: 0.000000}
08-01 05:33:23.858  4363  5049 D SubscriptionManager: New combined subscription rate info for property: WINDOW_POS, areaId: ROW_2_LEFT, RateInfo{updateRateHz: 0.000000, enableVur: false, resolution: 0.000000}
08-01 05:33:23.858  4363  5049 D SubscriptionManager: New combined subscription rate info for property: WINDOW_POS, areaId: ROW_1_RIGHT, RateInfo{updateRateHz: 0.000000, enableVur: false, resolution: 0.000000}
08-01 05:33:23.858  4363  5049 D SubscriptionManager: New combined subscription rate info for property: WINDOW_POS, areaId: ROOF_TOP_1, RateInfo{updateRateHz: 0.000000, enableVur: false, resolution: 0.000000}
08-01 05:33:23.858  4363  5049 D SubscriptionManager: New combined subscription rate info for property: WINDOW_POS, areaId: ROW_1_LEFT, RateInfo{updateRateHz: 0.000000, enableVur: false, resolution: 0.000000}
08-01 05:33:23.877  4363  5049 V CAR.PropertyHalServiceConfigs: propId is not writable: INFO_MODEL
08-01 05:33:23.878  9689  9689 D SubscriptionManager: stageNewOptions: options: [CarSubscription{propertyId: 286261506, areaIds: [0], updateRateHz: 0.0, enableVariableUpdateRate: false, resolution: 0.0}]
08-01 05:33:23.879  9689  9689 D SubscriptionManager: New combined subscription rate info for property: INFO_MODEL, areaId: GLOBAL, RateInfo{updateRateHz: 0.000000, enableVur: false, resolution: 0.000000}
08-01 05:33:23.879  4363  5049 D SubscriptionManager: stageNewOptions: options: [CarSubscription{propertyId: 286261506, areaIds: [0], updateRateHz: 0.0, enableVariableUpdateRate: false, resolution: 0.0}]
08-01 05:33:23.880  4363  5049 D SubscriptionManager: New combined subscription rate info for property: INFO_MODEL, areaId: GLOBAL, RateInfo{updateRateHz: 0.000000, enableVur: false, resolution: 0.000000}
08-01 05:33:23.880  4363  5049 D SubscriptionManager: stageNewOptions: options: [CarSubscription{propertyId: 286261506, areaIds: [0], updateRateHz: 0.0, enableVariableUpdateRate: false, resolution: 0.0}]
08-01 05:33:23.880  4363  5049 D SubscriptionManager: New combined subscription rate info for property: INFO_MODEL, areaId: GLOBAL, RateInfo{updateRateHz: 0.000000, enableVur: false, resolution: 0.000000}
08-01 05:33:23.880  4363  5049 W CAR.HAL : Ignore subscribing to static property: INFO_MODEL(0x11100102)
08-01 05:33:23.880  9689  9689 I VehicleManager: Registered custom JSON property: INFO_MODEL (286261506)
08-01 05:33:23.881  9689  9689 W CarPropertyManager: register: PropertyId=289410818, exception=java.lang.SecurityException: Do not have read permissions for properties: [CABIN_LIGHTS_SWITCH]
08-01 05:33:23.881  9689  9689 I VehicleManager: Registered custom JSON property: CABIN_LIGHTS_SWITCH (289410818)
08-01 05:33:23.882  9689  9689 D SubscriptionManager: stageNewOptions: options: [CarSubscription{propertyId: 320865540, areaIds: [1, 2], updateRateHz: 0.0, enableVariableUpdateRate: false, resolution: 0.0}]
08-01 05:33:23.883  9689  9689 I VehicleManager: Registered custom JSON property: HVAC_DEFROSTER (320865540)
08-01 05:33:23.883  9689  9689 D SubscriptionManager: stageNewOptions: options: [CarSubscription{propertyId: 322964416, areaIds: [16, 64, 256, 1024, 65536], updateRateHz: 0.0, enableVariableUpdateRate: false, resolution: 0.0}]
08-01 05:33:23.884  9689  9689 I VehicleManager: Registered custom JSON property: WINDOW_POS (322964416)
08-01 05:33:23.885  9689  9689 D SubscriptionManager: stageNewOptions: options: [CarSubscription{propertyId: 354419973, areaIds: [1, 4, 16, 64, 32], updateRateHz: 0.0, enableVariableUpdateRate: false, resolution: 0.0}]
08-01 05:33:23.886  9689  9689 I VehicleManager: Registered custom JSON property: HVAC_AC_ON (354419973)
08-01 05:33:23.887  9689  9689 D SubscriptionManager: stageNewOptions: options: [CarSubscription{propertyId: 354419976, areaIds: [1, 4, 16, 64, 32], updateRateHz: 0.0, enableVariableUpdateRate: false, resolution: 0.0}]
08-01 05:33:23.888  9689  9689 D SubscriptionManager: New combined subscription rate info for property: HVAC_RECIRC_ON, areaId: ROW_2_LEFT, RateInfo{updateRateHz: 0.000000, enableVur: false, resolution: 0.000000}
08-01 05:33:23.889  9689  9689 D SubscriptionManager: New combined subscription rate info for property: HVAC_RECIRC_ON, areaId: ROW_1_LEFT, RateInfo{updateRateHz: 0.000000, enableVur: false, resolution: 0.000000}
08-01 05:33:23.889  9689  9689 D SubscriptionManager: New combined subscription rate info for property: HVAC_RECIRC_ON, areaId: ROW_2_CENTER, RateInfo{updateRateHz: 0.000000, enableVur: false, resolution: 0.000000}
08-01 05:33:23.889  9689  9689 D SubscriptionManager: New combined subscription rate info for property: HVAC_RECIRC_ON, areaId: ROW_2_RIGHT, RateInfo{updateRateHz: 0.000000, enableVur: false, resolution: 0.000000}
08-01 05:33:23.889  9689  9689 D SubscriptionManager: New combined subscription rate info for property: HVAC_RECIRC_ON, areaId: ROW_1_RIGHT, RateInfo{updateRateHz: 0.000000, enableVur: false, resolution: 0.000000}
08-01 05:33:23.890  4363  5049 D SubscriptionManager: stageNewOptions: options: [CarSubscription{propertyId: 354419976, areaIds: [1, 4, 16, 32, 64], updateRateHz: 0.0, enableVariableUpdateRate: false, resolution: 0.0}]
08-01 05:33:23.890  9689  9689 I VehicleManager: Registered custom JSON property: HVAC_RECIRC_ON (354419976)
08-01 05:33:23.891  9689  9689 D SubscriptionManager: stageNewOptions: options: [CarSubscription{propertyId: 354419978, areaIds: [1, 4, 16, 64, 32], updateRateHz: 0.0, enableVariableUpdateRate: false, resolution: 0.0}]
08-01 05:33:23.892  9689  9689 I VehicleManager: Registered custom JSON property: HVAC_AUTO_ON (354419978)
08-01 05:33:23.893  9689  9689 D SubscriptionManager: stageNewOptions: options: [CarSubscription{propertyId: 354419984, areaIds: [1, 4, 16, 64, 32], updateRateHz: 0.0, enableVariableUpdateRate: false, resolution: 0.0}]
08-01 05:33:23.894  9689  9689 I VehicleManager: Registered custom JSON property: HVAC_POWER_ON (354419984)
08-01 05:33:23.895  9689  9689 D SubscriptionManager: stageNewOptions: options: [CarSubscription{propertyId: 356517131, areaIds: [1, 4, 16, 64, 32], updateRateHz: 0.0, enableVariableUpdateRate: false, resolution: 0.0}]
08-01 05:33:23.896  9689  9689 I VehicleManager: Registered custom JSON property: HVAC_SEAT_TEMPERATURE (356517131)
08-01 05:33:23.897  9689  9689 D SubscriptionManager: stageNewOptions: options: [CarSubscription{propertyId: 356517121, areaIds: [1, 4, 16, 64, 32], updateRateHz: 0.0, enableVariableUpdateRate: false, resolution: 0.0}]
08-01 05:33:23.898  9689  9689 D SubscriptionManager: New combined subscription rate info for property: HVAC_FAN_DIRECTION, areaId: ROW_2_RIGHT, RateInfo{updateRateHz: 0.000000, enableVur: false, resolution: 0.000000}
08-01 05:33:23.899  9689  9689 D SubscriptionManager: New combined subscription rate info for property: HVAC_FAN_DIRECTION, areaId: ROW_1_RIGHT, RateInfo{updateRateHz: 0.000000, enableVur: false, resolution: 0.000000}
08-01 05:33:23.899  9689  9689 D SubscriptionManager: New combined subscription rate info for property: HVAC_FAN_DIRECTION, areaId: ROW_2_LEFT, RateInfo{updateRateHz: 0.000000, enableVur: false, resolution: 0.000000}
08-01 05:33:23.899  9689  9689 D SubscriptionManager: New combined subscription rate info for property: HVAC_FAN_DIRECTION, areaId: ROW_2_CENTER, RateInfo{updateRateHz: 0.000000, enableVur: false, resolution: 0.000000}
08-01 05:33:23.899  9689  9689 D SubscriptionManager: New combined subscription rate info for property: HVAC_FAN_DIRECTION, areaId: ROW_1_LEFT, RateInfo{updateRateHz: 0.000000, enableVur: false, resolution: 0.000000}
08-01 05:33:23.900  4363  4383 D SubscriptionManager: stageNewOptions: options: [CarSubscription{propertyId: 356517121, areaIds: [1, 4, 16, 32, 64], updateRateHz: 0.0, enableVariableUpdateRate: false, resolution: 0.0}]
08-01 05:33:23.901  9689  9689 I VehicleManager: Registered custom JSON property: HVAC_FAN_DIRECTION (356517121)
08-01 05:33:23.902  9689  9689 W CarPropertyManager: register: PropertyId=371198722, exception=java.lang.SecurityException: Do not have read permissions for properties: [DOOR_LOCK]
08-01 05:33:23.902  9689  9689 I VehicleManager: Registered custom JSON property: DOOR_LOCK (371198722)
08-01 05:33:23.902  4363  5049 V CAR.PropertyHalServiceConfigs: propId is not writable: PERF_VEHICLE_SPEED
08-01 05:33:23.902  9689  9689 W CarPropertyManager: Missing required permissions to access property: PERF_VEHICLE_SPEED
08-01 05:33:23.903  4054  4319 I Surface : Creating surface for consumer unnamed-4054-21 with slotExpansion=1 for 64 slots
08-01 05:33:23.903  4054  4319 I Surface : Creating surface for consumer ImageReader-832x1256f1m1-4054-11 with slotExpansion=1 for 64 slots
08-01 05:33:23.903  4054  4319 W ImageReader_JNI: Unable to acquire a buffer item, very likely client tried to acquire more than maxImages buffers
08-01 05:33:23.905  4363  5049 V CAR.PropertyHalServiceConfigs: propId is not writable: FUEL_LEVEL
08-01 05:33:23.905  4054  4319 E ConsumerBase: [ImageReader-832x1256f1m1-4054-11] abandonLocked: ConsumerBase is abandoned!
08-01 05:33:23.906  9689  9689 W CarPropertyManager: Missing required permissions to access property: FUEL_LEVEL
08-01 05:33:24.157  4054  4174 D CompatChangeReporter: Compat change id reported: 161145287; UID 1010188; state: ENABLED
08-01 05:33:24.157  9689  9689 I DebugBroadcasts: Registered debug receiver for com.tcs.vehicleassistant.SIDELOAD_MODEL
08-01 05:33:24.176  9689  9689 D DesktopExperienceFlags: Toggle override initialized to: false
08-01 05:33:24.176  4054  4260 D ConnectivityService: NetReassign [no changes] [c 0] [a 1] [i 3]
08-01 05:33:24.179  9689  9689 I TextToSpeech: Sucessfully bound to com.google.android.tts
08-01 05:33:24.179  4054  4174 D TextToSpeechManagerPerUserService: Trying to start connection to TTS engine: com.google.android.tts
08-01 05:33:24.180  9689  9689 D LocalLLMActivity: Skipped CabinCameraManager auto-start to preserve system camera service stability.
08-01 05:33:24.181  4054  4054 D TextToSpeechManagerPerUserService: Connected successfully to TTS engine: com.google.android.tts
08-01 05:33:24.182  9689  9705 I TextToSpeech: Connected to TTS engine
08-01 05:33:24.187  9689  9689 I AndroidAudioManager: Loading TTS voice id=amy-low assets=true catalogSpeakers=1 speed=1.0
08-01 05:33:24.191  9689  9689 D nativeloader: Load /data/app/~~MLw-3f24mvqoMuVZr02KcA==/com.tcs.vehicleassistant-shYHwFB3ZTrpLUSelitLyA==/base.apk!/lib/arm64-v8a/libsherpa-onnx-jni.so using class loader ns clns-9 (caller=/data/app/~~MLw-3f24mvqoMuVZr02KcA==/com.tcs.vehicleassistant-shYHwFB3ZTrpLUSelitLyA==/base.apk!classes13.dex): ok
08-01 05:33:24.221  6512  8098 I GoogleTTSServiceImpl: currentLocale = en-US
08-01 05:33:24.223  6512  8098 I GoogleTTSServiceImpl: For default lang en-us is name en-US-language (en-us-x-iog-server)
08-01 05:33:24.224  9689  9736 I TextToSpeech: Setting up the connection to TTS engine...
08-01 05:33:24.258   802   802 W [05:33:24.248018][dhd][wlan]dhd_plat_l1ss_ctrl: Control L1ss RC side 0
08-01 05:33:24.272   802   802 E logbuffer_pcie1: [22785] OC Initial Status check: 0x5FC(0xf0)
08-01 05:33:24.305   802   802 I logbuffer_pcie1: [22786] D state: 0, LTSSM: 0
08-01 05:33:24.305   802   802 I logbuffer_pcie1: [22787] L0(0x11)
08-01 05:33:24.308   802   802 W [05:33:24.297799][dhd][wlan]dhd_plat_l1ss_ctrl: Control L1ss RC side 1
08-01 05:33:24.308   802   802 W [05:33:24.297899][dhd][wlan]dhd_runtimepm_state: Schedule DPC to process pending Rx packets
08-01 05:33:24.666  1797  1802 I pixel-thermal: VIRTUAL-USB-UI:0 raw data: NEUTRAL-MINUS-USB2:556 USB-MINUS-USB2:-2604 VIRTUAL-USB-UI:0 VIRTUAL-USBC-UI-HIGH-SOC:0 VIRTUAL-USBC-UI-LOW-SOC:0 neutral_therm:32573 usb_pwr_therm:29413 usb_pwr_therm2:32017 
08-01 05:33:24.683  1797  1802 I pixel-thermal: VIRTUAL-SKIN-CPU-GPU:30.5587 raw data: VIRTUAL-BACK-CHARGER:29711.1 VIRTUAL-BACK-SOC:30436.1 VIRTUAL-FRONT-BL:30558.7 VIRTUAL-FRONT-SOC:28889.6 VIRTUAL-SKIN:30558.7 VIRTUAL-SKIN-CPU-GPU:30558.7 charger_skin_therm:32796 disp_therm:30125 neutral_therm:32573 quiet_therm:31950 
08-01 05:33:24.684  1797  1802 I pixel-thermal: VIRTUAL-SKIN-HINT:30.5587 raw data: VIRTUAL-SKIN:30558.7 VIRTUAL-SKIN-HINT:30558.7 
08-01 05:33:24.684  1797  1802 I pixel-thermal: VIRTUAL-SKIN:30.5587 raw data: VIRTUAL-SKIN:30558.7 
08-01 05:33:24.684  1797  1802 I pixel-thermal: VIRTUAL-USB-THROTTLING:0 raw data: NEUTRAL-MINUS-USB2:556 USB-MINUS-USB2:-2604 VIRTUAL-USB-THROTTLING:0 VIRTUAL-USBC-THROTTLING-HIGH-SOC:0 VIRTUAL-USBC-THROTTLING-LOW-SOC:0 usb_pwr_therm:29413 
08-01 05:33:24.684  1797  1802 I pixel-thermal: usb_pwr_therm:29.413 raw data: usb_pwr_therm:29413 
08-01 05:33:24.993   802   802 W [05:33:24.982392][dhd][wlan]dhd_plat_l1ss_ctrl: Control L1ss RC side 0
08-01 05:33:25.143  5879  9685 I FA      : Application backgrounded at: timestamp_millis: 1785562403143
08-01 05:33:25.143  5879  9685 W FA      : Failed to retrieve Firebase Instance Id
08-01 05:33:25.370  9689  9689 I ehicleassistant: Waiting for a blocking GC NativeAlloc
08-01 05:33:25.385  9689  9689 I ehicleassistant: WaitForGcToComplete blocked NativeAlloc on NativeAlloc for 15.768ms
08-01 05:33:25.405  9689  9689 I DebugBroadcasts: Registered debug receiver for com.tcs.vehicleassistant.DIAGNOSTICS_DUMP
08-01 05:33:25.406  9689  9689 I DebugBroadcasts: Registered debug receiver for com.tcs.vehicleassistant.TEST_QUERY
08-01 05:33:25.427   480   480 I servicemanager: Caller(pid=9689,uid=1010188,sid=u:r:platform_app_36:s0:c522,c768) Found android.hardware.graphics.allocator.IAllocator/default in device VINTF manifest.
08-01 05:33:25.429   480   480 I servicemanager: Caller(pid=9689,uid=1010188,sid=u:r:platform_app_36:s0:c522,c768) Found android.hardware.graphics.allocator.IAllocator/default in device VINTF manifest.
08-01 05:33:25.430   480   480 I servicemanager: Caller(pid=9689,uid=1010188,sid=u:r:platform_app_36:s0:c522,c768) Found mapper/pixel in device VINTF manifest.
08-01 05:33:25.423  4054  4703 I CarDisplayCompatScaleProviderUpdatableImpl: Returning CompatScale null for package com.tcs.vehicleassistant
08-01 05:33:25.424  4054  4703 W InputChannel-JNI: Channel already disposed.
08-01 05:33:25.431  9689  9689 D VehicleManager: Registry property updated: HVAC_SEAT_TEMPERATURE = 0
08-01 05:33:25.431  9689  9689 D VehicleManager: Registry property updated: HVAC_SEAT_TEMPERATURE = 0
08-01 05:33:25.431  9689  9689 D VehicleManager: Registry property updated: HVAC_SEAT_TEMPERATURE = 0
08-01 05:33:25.431  9689  9689 D VehicleManager: Registry property updated: HVAC_SEAT_TEMPERATURE = 0
08-01 05:33:25.431  9689  9689 D VehicleManager: Registry property updated: HVAC_SEAT_TEMPERATURE = 0
08-01 05:33:25.431  9689  9689 D VehicleManager: Registry property updated: HVAC_POWER_ON = true
08-01 05:33:25.431  9689  9689 D VehicleManager: Registry property updated: HVAC_POWER_ON = true
08-01 05:33:25.431  9689  9689 D VehicleManager: Registry property updated: HVAC_POWER_ON = true
08-01 05:33:25.431  9689  9689 D VehicleManager: Registry property updated: HVAC_POWER_ON = true
08-01 05:33:25.431  9689  9689 D VehicleManager: Registry property updated: HVAC_POWER_ON = true
08-01 05:33:25.431  9689  9689 D VehicleManager: Registry property updated: HVAC_AUTO_ON = true
08-01 05:33:25.432  9689  9689 D VehicleManager: Registry property updated: HVAC_AUTO_ON = true
08-01 05:33:25.432  9689  9689 D VehicleManager: Registry property updated: HVAC_AUTO_ON = true
08-01 05:33:25.432  9689  9689 D VehicleManager: Registry property updated: HVAC_AUTO_ON = true
08-01 05:33:25.432  9689  9689 D VehicleManager: Registry property updated: HVAC_AUTO_ON = true
08-01 05:33:25.432  9689  9689 D VehicleManager: Registry property updated: HVAC_AC_ON = true
08-01 05:33:25.432  9689  9689 D VehicleManager: Registry property updated: HVAC_AC_ON = true
08-01 05:33:25.432  9689  9689 D VehicleManager: Registry property updated: HVAC_AC_ON = true
08-01 05:33:25.432  9689  9689 D VehicleManager: Registry property updated: HVAC_AC_ON = true
08-01 05:33:25.432  9689  9689 D VehicleManager: Registry property updated: HVAC_AC_ON = true
08-01 05:33:25.432  9689  9689 D VehicleManager: Registry property updated: HVAC_DEFROSTER = false
08-01 05:33:25.432  9689  9689 D VehicleManager: Registry property updated: HVAC_DEFROSTER = false
08-01 05:33:25.432  9689  9689 D VehicleManager: Registry property updated: WINDOW_POS = 0
08-01 05:33:25.432  9689  9689 D VehicleManager: Registry property updated: WINDOW_POS = 0
08-01 05:33:25.432  9689  9689 D VehicleManager: Registry property updated: WINDOW_POS = 0
08-01 05:33:25.432  9689  9689 D VehicleManager: Registry property updated: WINDOW_POS = 0
08-01 05:33:25.432  9689  9689 D VehicleManager: Registry property updated: WINDOW_POS = 0
08-01 05:33:25.432  9689  9689 D VehicleManager: Registry property updated: INFO_MODEL = Speedy Model
08-01 05:33:25.432  9689  9689 D VehicleManager: Registry property updated: HVAC_RECIRC_ON = true
08-01 05:33:25.432  9689  9689 D VehicleManager: Registry property updated: HVAC_RECIRC_ON = true
08-01 05:33:25.432  9689  9689 D VehicleManager: Registry property updated: HVAC_RECIRC_ON = true
08-01 05:33:25.432  9689  9689 D VehicleManager: Registry property updated: HVAC_RECIRC_ON = true
08-01 05:33:25.432  9689  9689 D VehicleManager: Registry property updated: HVAC_RECIRC_ON = true
08-01 05:33:25.433  9689  9689 D VehicleManager: Registry property updated: HVAC_FAN_DIRECTION = 1
08-01 05:33:25.433  9689  9689 D VehicleManager: Registry property updated: HVAC_FAN_DIRECTION = 1
08-01 05:33:25.433  9689  9689 D VehicleManager: Registry property updated: HVAC_FAN_DIRECTION = 1
08-01 05:33:25.433  9689  9689 D VehicleManager: Registry property updated: HVAC_FAN_DIRECTION = 1
08-01 05:33:25.433  9689  9689 D VehicleManager: Registry property updated: HVAC_FAN_DIRECTION = 1
08-01 05:33:25.433  9689  9689 I Choreographer: Skipped 81 frames!  The application may be doing too much work on its main thread.
08-01 05:33:25.456  9689  9689 D VRI[LocalLLMActivity]: WindowInsets changed: 2560x1256 
08-01 05:33:25.457  9689  9689 D WindowOnBackDispatcher: setTopOnBackInvokedCallback (unwrapped): android.view.ViewRootImpl$$ExternalSyntheticLambda14@90b951d
08-01 05:33:25.457  4054  4174 D CoreBackPreview: Window{d65f1a6 u10 com.tcs.vehicleassistant/com.tcs.vehicleassistant.LocalLLMActivity}: Setting back callback OnBackInvokedCallbackInfo{mCallback=android.window.IOnBackInvokedCallback$Stub$Proxy@cccacdf, mPriority=0, mIsAnimationCallback=false, mOverrideBehavior=0}
08-01 05:33:25.457  9689  9689 I HWUI    : Using FreeType backend (prop=Auto)
08-01 05:33:25.480   802   802 E logbuffer_pcie1: [22788] OC Initial Status check: 0x5FC(0xf0)
08-01 05:33:25.511   802   802 I logbuffer_pcie1: [22789] D state: 0, LTSSM: 0
08-01 05:33:25.511   802   802 I logbuffer_pcie1: [22790] L0(0x11)
08-01 05:33:25.514   802   802 W [05:33:25.504135][dhd][wlan]dhd_plat_l1ss_ctrl: Control L1ss RC side 1
08-01 05:33:25.516  4054  4174 D WindowManager: setClientSurface Surface(name=VRI-com.tcs.vehicleassistant/com.tcs.vehicleassistant.LocalLLMActivity#319)/@0x34bbd2c for d65f1a6 com.tcs.vehicleassistant/com.tcs.vehicleassistant.LocalLLMActivity
08-01 05:33:25.519  9689  9689 I Surface : Creating surface for consumer unnamed-9689-0 with slotExpansion=1 for 64 slots
08-01 05:33:25.520  9689  9689 I Surface : Creating surface for consumer VRI[LocalLLMActivity]#0(BLAST Consumer)0 with slotExpansion=1 for 64 slots
08-01 05:33:25.520  4768  4768 V RotaryController: onAccessibilityEvent: EventType: TYPE_WINDOWS_CHANGED; EventTime: 47115598; PackageName: null; MovementGranularity: 0; Action: 0; ContentChangeTypes: []; WindowChangeTypes: [WINDOWS_CHANGE_ACTIVE, WINDOWS_CHANGE_FOCUSED]; TextChangeTypes: [] [ ClassName: null; Text: []; ContentDescription: null; ItemCount: -1; CurrentItemIndex: -1; Enabled: false; Password: false; Checked: false; FullScreen: false; Scrollable: false; ImportantForAccessibility: true; AccessibilityDataSensitive: false; BeforeText: null; FromIndex: -1; ToIndex: -1; ScrollX: 0; ScrollY: 0; MaxScrollX: 0; MaxScrollY: 0; ScrollDeltaX: -1; ScrollDeltaY: -1; AddedCount: -1; RemovedCount: -1; ParcelableData: null; DisplayId: 0 ]; recordCount: 0
08-01 05:33:25.520  4768  4768 V RotaryController: event window ID: a
08-01 05:33:25.842   619 30637 W powerhal-libperfmgr: The actual duration is way far from the target (408344565 >> 11620000)
08-01 05:33:25.845  6512  8098 I GoogleTTSServiceImpl: currentLocale = en-US
08-01 05:33:25.846  4054  4074 I ActivityTaskManager: Displayed com.tcs.vehicleassistant/.LocalLLMActivity for user 10: +2s752ms
08-01 05:33:25.846  6512  6697 I GoogleTTSServiceImpl: currentLocale = en-US
08-01 05:33:25.847  6512  6697 I GoogleTTSServiceImpl: For default lang en-us is name en-US-language (en-us-x-iog-server)
08-01 05:33:25.848  4054  6535 I AppWidgetServiceImpl: stopListening() 10
08-01 05:33:25.848  4054  6535 I AppWidgetServiceImpl: No new profiles to load for user 10 profileIds: [10]
08-01 05:33:25.848  4054  6535 I AppWidgetServiceImpl: Pruning host HostId{user:10, app:10097, hostId:1024, pkg:com.android.car.carlauncher}
08-01 05:33:25.849  6512  6697 I GoogleTTSServiceImpl: currentLocale = en-US
08-01 05:33:25.854  6512  6655 I LocalSynthesizer: Attempting to load synthesizer for voice: en-us-x-hol-seanet-embedded
08-01 05:33:25.854  6512  6655 I LocalSynthesizer: Voice en-us-x-hol-seanet-embedded is already supported by loaded synthesizer en-us-x-multi.
08-01 05:33:25.854  6512  6655 I ComposerWrapperImpl: Skipping initialization, can already run voice en-us-x-hol-seanet-embedded.
08-01 05:33:25.862  4551  4551 D CarNotificationListener: onNotificationPosted: StatusBarNotification(pkg=com.google.android.apps.maps user=UserHandle{10} id=1 tag=null key=10|com.google.android.apps.maps|1|null|1010128: Notification(channel=1_foreground_1 shortcut=null contentView=null vibrate=null sound=null defaults=0 flags=ONGOING_EVENT|ONLY_ALERT_ONCE|NO_CLEAR|FOREGROUND_SERVICE|LOCAL_ONLY color=0xff00654f category=navigation groupKey=navigation_status_notification_group vis=PUBLIC))
08-01 05:33:25.862  4551  4551 D CarNotificationListener: Is incoming notification a group summary?: false
08-01 05:33:25.863  4551  4551 D CarHeadsUpNotificationManager: Unable to show as HUN: importance is not sufficient
08-01 05:33:25.863  4551  4551 D CarHeadsUpNotificationManager: 10|com.google.android.apps.maps|1|null|1010128 is not an active heads up notification
08-01 05:33:25.863  4551  4551 D CarNotificationListener: Is 10|com.google.android.apps.maps|1|null|1010128 added to HUN manager?: false
08-01 05:33:25.869  9689  9705 I HWUI    : Davey! duration=1765ms; Flags=1, FrameTimelineVsyncId=90902, IntendedVsync=47114158800915, Vsync=47115505857078, InputEventId=0, HandleInputStart=47115513445571, AnimationStart=47115513448582, PerformTraversalsStart=47115513473200, DrawStart=47115864474868, FrameDeadline=47114175400915, FrameStartTime=47115513293227, FrameInterval=16630323, WorkloadTarget=16600000, AnimationTime=47115505857078, SyncQueued=47115899190282, SyncStart=47115899244806, IssueDrawCommandsStart=47115899504775, SwapBuffers=47115920947565, FrameCompleted=47115924739435, DequeueBufferDuration=7161, QueueBufferDuration=337524, GpuCompleted=47115924739435, SwapBuffersCompleted=47115921330540, DisplayPresentTime=526992536208, CommandSubmissionCompleted=47115920947565, 
08-01 05:33:25.873  4768  4768 V RotaryController: onAccessibilityEvent: EventType: TYPE_WINDOW_STATE_CHANGED; EventTime: 47115635; PackageName: com.tcs.vehicleassistant; MovementGranularity: 0; Action: 0; ContentChangeTypes: []; WindowChangeTypes: []; TextChangeTypes: [] [ ClassName: com.tcs.vehicleassistant.LocalLLMActivity; Text: [VehicleEdgeAssistant]; ContentDescription: null; ItemCount: -1; CurrentItemIndex: -1; Enabled: true; Password: false; Checked: false; FullScreen: true; Scrollable: false; ImportantForAccessibility: true; AccessibilityDataSensitive: false; BeforeText: null; FromIndex: -1; ToIndex: -1; ScrollX: 0; ScrollY: 0; MaxScrollX: 0; MaxScrollY: 0; ScrollDeltaX: -1; ScrollDeltaY: -1; AddedCount: -1; RemovedCount: -1; ParcelableData: null; DisplayId: 0 ]; recordCount: 0
08-01 05:33:25.995  4054  6535 V GrammaticalInflectionUtils: AttributionSource: AttributionSource { uid = 1010188, packageName = null, attributionTag = null, token = android.os.Binder@6b926d2, deviceId = 0, next = null } does not have READ_SYSTEM_GRAMMATICAL_GENDER permission.
08-01 05:33:25.997  3862  3862 W Zygote  : Resorting to Java fork code; multipleOK = false
08-01 05:33:25.998  9689  9689 I WakeWord: Wake word disabled in settings; not starting the listener.
08-01 05:33:26.010  3862  3862 D Zygote  : Forked child process 9753
08-01 05:33:26.011  9689  9689 I Choreographer: Skipped 33 frames!  The application may be doing too much work on its main thread.
08-01 05:33:26.012  9689  9714 I AndroidAudioManager: Loading TTS voice id=amy-low assets=true catalogSpeakers=1 speed=1.0
08-01 05:33:26.013  4054  4132 I ActivityManager: Start proc 9753:com.tcs.vehicleassistant:wakeword/u10a188 for started-service {com.tcs.vehicleassistant/com.tcs.vehicleassistant.WakeWordService}
08-01 05:33:26.013  9753  9753 W zygote64: Activation of cgroup controller +memory failed in path /sys/fs/cgroup/apps/uid_1010188: Invalid argument
08-01 05:33:26.013  9753  9753 I libprocessgroup: Created cgroup /sys/fs/cgroup/apps/uid_1010188/pid_9753
08-01 05:33:26.014  9753  9753 I Zygote  : seccomp disabled by setenforce 0
08-01 05:33:26.014  9753  9753 I libc    : SetHeapTaggingLevel: tag level set to 0
08-01 05:33:26.019  9753  9753 I Zygote  : Process 9753 created for com.tcs.vehicleassistant:wakeword
08-01 05:33:26.019  9753  9753 I istant:wakeword: Late-enabling -Xcheck:jni
08-01 05:33:26.036  9689  9689 I ehicleassistant: type=1400 audit(0.0:347): avc:  denied  { read } for  name="llm" dev="dm-51" ino=841 scontext=u:r:platform_app_36:s0:c522,c768 tcontext=u:object_r:shell_data_file:s0 tclass=dir permissive=1
08-01 05:33:26.036  9689  9689 I ehicleassistant: type=1400 audit(0.0:348): avc:  denied  { open } for  path="/data/local/tmp/llm" dev="dm-51" ino=841 scontext=u:r:platform_app_36:s0:c522,c768 tcontext=u:object_r:shell_data_file:s0 tclass=dir permissive=1
08-01 05:33:26.040  4768  4768 V RotaryController: event source: android.view.accessibility.AccessibilityNodeInfo@80006cdf; boundsInParent: Rect(0, 0 - 2560, 1256); boundsInScreen: Rect(0, 152 - 2560, 1408); boundsInWindow: Rect(0, 152 - 2560, 1408); packageName: com.tcs.vehicleassistant; className: android.widget.FrameLayout; text: null; error: null; maxTextLength: -1; stateDescription: null; contentDescription: null; tooltipText: null; containerTitle: null; viewIdResName: null; uniqueId: null; checkable: false; checked: false; focusable: false; focused: false; selected: false; clickable: false; longClickable: false; contextClickable: false; enabled: true; password: false; scrollable: false; granularScrollingSupported: false; importantForAccessibility: true; visible: true; actions: [AccessibilityAction: ACTION_SELECT - null, AccessibilityAction: ACTION_CLEAR_SELECTION - null, AccessibilityAction: ACTION_ACCESSIBILITY_FOCUS - null, AccessibilityAction: ACTION_SHOW_ON_SCREEN - null]; isTextSelectable: false
08-01 05:33:26.040  4768  4768 V RotaryController: event window ID: 21
08-01 05:33:26.041  4768  4768 V RotaryController: onAccessibilityEvent: EventType: TYPE_WINDOW_STATE_CHANGED; EventTime: 47115517; PackageName: com.tcs.vehicleassistant; MovementGranularity: 0; Action: 0; ContentChangeTypes: [CONTENT_CHANGE_TYPE_PANE_APPEARED]; WindowChangeTypes: []; TextChangeTypes: [] [ ClassName: android.widget.FrameLayout; Text: [MediaPipe Local LLM]; ContentDescription: null; ItemCount: -1; CurrentItemIndex: -1; Enabled: true; Password: false; Checked: false; FullScreen: false; Scrollable: false; ImportantForAccessibility: true; AccessibilityDataSensitive: false; BeforeText: null; FromIndex: -1; ToIndex: -1; ScrollX: 0; ScrollY: 0; MaxScrollX: 0; MaxScrollY: 0; ScrollDeltaX: -1; ScrollDeltaY: -1; AddedCount: -1; RemovedCount: -1; ParcelableData: null; DisplayId: 0 ]; recordCount: 0
08-01 05:33:26.054   802   802 W [05:33:26.043330][dhd][wlan]dhd_plat_l1ss_ctrl: Control L1ss RC side 0
08-01 05:33:26.047  9753  9753 I istant:wakeword: Using generational CollectorTypeCMC GC.
08-01 05:33:26.050  7142  7146 I adbd    : jdwp connection from 9753
08-01 05:33:26.053  9689  9689 I AndroidAudioManager: Loading TTS voice id=amy-low assets=true catalogSpeakers=1 speed=1.0
08-01 05:33:26.056  9753  9753 D nativeloader: Load libframework-connectivity-tiramisu-jni.so using APEX ns com_android_tethering for caller /apex/com.android.tethering/javalib/framework-connectivity-t.jar: ok
08-01 05:33:26.068  5459  5481 I FontLog : Received query Noto Color Emoji Compat, URI content://com.google.android.gms.fonts [CONTEXT service_id=132 ]
08-01 05:33:26.068  4054  4174 I CarDisplayCompatScaleProviderUpdatableImpl: Returning CompatScale null for package com.tcs.vehicleassistant
08-01 05:33:26.069  5459  5481 I FontLog : Query [emojicompat-emoji-font] resolved to {Noto Color Emoji Compat, wdth 100.0, wght 400, ital 0.0, bestEffort false}, isVf false} [CONTEXT service_id=132 ]
08-01 05:33:26.076  5459  5481 I FontLog : Fetch {Noto Color Emoji Compat, wdth 100.0, wght 400, ital 0.0, bestEffort false}, isVf false} end status Status{statusCode=SUCCESS, resolution=null} [CONTEXT service_id=132 ]
08-01 05:33:26.077  9753  9753 D CompatChangeReporter: Compat change id reported: 242716250; UID 1010188; state: ENABLED
08-01 05:33:26.085  5459  5481 I FontLog : Pulling font file for id = 6, cache size = 5 [CONTEXT service_id=132 ]
08-01 05:33:26.098  5459  5481 I FontLog : Pulling font file for id = 6, cache size = 5 [CONTEXT service_id=132 ]
08-01 05:33:26.217  9753  9753 D nativeloader: Configuring clns-9 for other apk /data/app/~~MLw-3f24mvqoMuVZr02KcA==/com.tcs.vehicleassistant-shYHwFB3ZTrpLUSelitLyA==/base.apk. target_sdk_version=34, uses_libraries=libOpenCL.so:libOpenCL-pixel.so, library_path=/data/app/~~MLw-3f24mvqoMuVZr02KcA==/com.tcs.vehicleassistant-shYHwFB3ZTrpLUSelitLyA==/lib/arm64:/data/app/~~MLw-3f24mvqoMuVZr02KcA==/com.tcs.vehicleassistant-shYHwFB3ZTrpLUSelitLyA==/base.apk!/lib/arm64-v8a, permitted_path=/data:/mnt/expand:/data/user/10/com.tcs.vehicleassistant
08-01 05:33:26.235  4551  4741 D WindowOnBackDispatcher: setTopOnBackInvokedCallback (unwrapped): null
08-01 05:33:26.236  4054  6535 D CoreBackPreview: Window{ead236a u10 Splash Screen com.tcs.vehicleassistant EXITING}: Setting back callback null
08-01 05:33:26.263  9753  9753 V GraphicsEnvironment: Currently set values for:
08-01 05:33:26.263  9753  9753 V GraphicsEnvironment:   angle_gl_driver_selection_pkgs=[]
08-01 05:33:26.263  9753  9753 V GraphicsEnvironment:   angle_gl_driver_selection_values=[]
08-01 05:33:26.263  9753  9753 V GraphicsEnvironment: com.tcs.vehicleassistant is not listed in per-application setting
08-01 05:33:26.263  9753  9753 V GraphicsEnvironment: No special selections for ANGLE, returning default driver choice
08-01 05:33:26.264  9753  9753 V GraphicsEnvironment: Neither updatable production driver nor prerelease driver is supported.
08-01 05:33:26.299  9753  9753 I [Koin]  : [init] declare Android Context
08-01 05:33:26.323  9753  9753 I [Koin]  : Started 7 definitions in 0.315145 ms
08-01 05:33:26.342  4054  6535 D OomAdjuster: Not killing cached processes
08-01 05:33:26.429  4054  4174 I ActivityManager: Background started FGS: Allowed [callingPackage: com.tcs.vehicleassistant; callingUid: 1010188; uidState: TOP ; uidBFSL: [BFSL]; BFGS denied: false; intent: Intent { act=com.tcs.vehicleassistant.action.WAKE_WORD_RELOAD_LLM xflg=0x4 cmp=com.tcs.vehicleassistant/.WakeWordService (has extras) }; code:PROC_STATE_TOP; tempAllowListReason:<null>; allowWiu:12; targetSdkVersion:34; callerTargetSdkVersion:34; startForegroundCount:0; bindFromPackage:null; isBindService:false]
08-01 05:33:26.447  9753  9777 I WakeWord: Reloading LLM in wakeword process: /data/local/tmp/llm/gemma-4-E2B-it.litertlm
08-01 05:33:26.458  9753  9777 I DeviceCapabilities: OpenCL driver available at /vendor/lib64/libOpenCL.so
08-01 05:33:26.458  9753  9777 I LLMManager: Accelerator probe: device=tangorpro model=AOSP on Tangorpro sdk=37 cores=8 largeScreen=true openCL=/vendor/lib64/libOpenCL.so
08-01 05:33:26.458  9753  9777 I LLMManager: Backend chain for request 'Auto': [GPU, CPU]
08-01 05:33:26.459  9753  9777 D LLMManager: Starting LiteRT engine model=/data/local/tmp/llm/gemma-4-E2B-it.litertlm backend=GPU cacheDir=/data/user/10/com.tcs.vehicleassistant/no_backup/litertlm_kernel_cache speculativeWanted=false speculative=false
08-01 05:33:26.461  9753  9777 E istant:wakeword: No implementation found for void com.google.ai.edge.litertlm.NativeLibraryLoader.nativeCheckLoaded() (tried Java_com_google_ai_edge_litertlm_NativeLibraryLoader_nativeCheckLoaded and Java_com_google_ai_edge_litertlm_NativeLibraryLoader_nativeCheckLoaded__) - is the library loaded, e.g. System.loadLibrary?
08-01 05:33:26.465  9753  9777 D nativeloader: Load /data/app/~~MLw-3f24mvqoMuVZr02KcA==/com.tcs.vehicleassistant-shYHwFB3ZTrpLUSelitLyA==/base.apk!/lib/arm64-v8a/liblitertlm_jni.so using class loader ns clns-9 (caller=/data/app/~~MLw-3f24mvqoMuVZr02KcA==/com.tcs.vehicleassistant-shYHwFB3ZTrpLUSelitLyA==/base.apk): ok
08-01 05:33:26.465  9753  9777 I native  : I0000 00:00:1785562406.465808    9777 litert_lm_loader.cc:197] LitertLmLoader::Initialize
08-01 05:33:26.465  9753  9777 I native  : I0000 00:00:1785562406.465963    9777 litert_lm_loader.cc:220] mmap_status is ok
08-01 05:33:26.465  9753  9777 I native  : I0000 00:00:1785562406.465992    9777 litert_lm_loader.cc:225] status: OK
08-01 05:33:26.466  9753  9777 I native  : I0000 00:00:1785562406.466018    9777 litert_lm_loader.cc:226] major_version: 1
08-01 05:33:26.466  9753  9777 I native  : I0000 00:00:1785562406.466036    9777 litert_lm_loader.cc:227] minor_version: 5
08-01 05:33:26.466  9753  9777 I native  : I0000 00:00:1785562406.466042    9777 litert_lm_loader.cc:228] patch_version: 0
08-01 05:33:26.466  9753  9777 I native  : I0000 00:00:1785562406.466059    9777 litert_lm_loader.cc:261] section_index: 0
08-01 05:33:26.466  9753  9777 I native  : I0000 00:00:1785562406.466064    9777 litert_lm_loader.cc:262] section_data_type: LlmMetadataProto
08-01 05:33:26.466  9753  9777 I native  : I0000 00:00:1785562406.466070    9777 litert_lm_loader.cc:264] section_begin_offset: 16384
08-01 05:33:26.466  9753  9777 I native  : I0000 00:00:1785562406.466074    9777 litert_lm_loader.cc:265] section_end_offset: 28576
08-01 05:33:26.466  9753  9777 I native  : I0000 00:00:1785562406.466079    9777 litert_lm_loader.cc:261] section_index: 1
08-01 05:33:26.466  9753  9777 I native  : I0000 00:00:1785562406.466084    9777 litert_lm_loader.cc:262] section_data_type: SP_Tokenizer
08-01 05:33:26.466  9753  9777 I native  : I0000 00:00:1785562406.466088    9777 litert_lm_loader.cc:264] section_begin_offset: 32768
08-01 05:33:26.466  9753  9777 I native  : I0000 00:00:1785562406.466092    9777 litert_lm_loader.cc:265] section_end_offset: 4721781
08-01 05:33:26.466  9753  9777 I native  : I0000 00:00:1785562406.466102    9777 litert_lm_loader.cc:105] model_type: tf_lite_embedder
08-01 05:33:26.466  9753  9777 I native  : I0000 00:00:1785562406.466111    9777 litert_lm_loader.cc:261] section_index: 2
08-01 05:33:26.466  9753  9777 I native  : I0000 00:00:1785562406.466116    9777 litert_lm_loader.cc:262] section_data_type: TFLiteModel
08-01 05:33:26.466  9753  9777 I native  : I0000 00:00:1785562406.466120    9777 litert_lm_loader.cc:264] section_begin_offset: 4734976
08-01 05:33:26.466  9753  9777 I native  : I0000 00:00:1785562406.466125    9777 litert_lm_loader.cc:265] section_end_offset: 108546696
08-01 05:33:26.466  9753  9777 I native  : I0000 00:00:1785562406.466129    9777 litert_lm_loader.cc:105] model_type: tf_lite_per_layer_embedder
08-01 05:33:26.466  9753  9777 I native  : I0000 00:00:1785562406.466134    9777 litert_lm_loader.cc:261] section_index: 3
08-01 05:33:26.466  9753  9777 I native  : I0000 00:00:1785562406.466138    9777 litert_lm_loader.cc:262] section_data_type: TFLiteModel
08-01 05:33:26.466  9753  9777 I native  : I0000 00:00:1785562406.466142    9777 litert_lm_loader.cc:264] section_begin_offset: 108560384
08-01 05:33:26.466  9753  9777 I native  : I0000 00:00:1785562406.466146    9777 litert_lm_loader.cc:265] section_end_offset: 1393078776
08-01 05:33:26.466  9753  9777 I native  : I0000 00:00:1785562406.466151    9777 litert_lm_loader.cc:105] model_type: tf_lite_audio_encoder_hw
08-01 05:33:26.466  9753  9777 I native  : I0000 00:00:1785562406.466155    9777 litert_lm_loader.cc:244] section_backend_constraint: cpu
08-01 05:33:26.466  9753  9777 I native  : I0000 00:00:1785562406.466159    9777 litert_lm_loader.cc:261] section_index: 4
08-01 05:33:26.466  9753  9777 I native  : I0000 00:00:1785562406.466163    9777 litert_lm_loader.cc:262] section_data_type: TFLiteModel
08-01 05:33:26.466  9753  9777 I native  : I0000 00:00:1785562406.466167    9777 litert_lm_loader.cc:264] section_begin_offset: 1393082368
08-01 05:33:26.466  9753  9777 I native  : I0000 00:00:1785562406.466171    9777 litert_lm_loader.cc:265] section_end_offset: 1487134648
08-01 05:33:26.466  9753  9777 I native  : I0000 00:00:1785562406.466176    9777 litert_lm_loader.cc:105] model_type: tf_lite_audio_adapter
08-01 05:33:26.466  9753  9777 I native  : I0000 00:00:1785562406.466181    9777 litert_lm_loader.cc:244] section_backend_constraint: cpu
08-01 05:33:26.466  9753  9777 I native  : I0000 00:00:1785562406.466186    9777 litert_lm_loader.cc:261] section_index: 5
08-01 05:33:26.466  9753  9777 I native  : I0000 00:00:1785562406.466190    9777 litert_lm_loader.cc:262] section_data_type: TFLiteModel
08-01 05:33:26.466  9753  9777 I native  : I0000 00:00:1785562406.466193    9777 litert_lm_loader.cc:264] section_begin_offset: 1487142912
08-01 05:33:26.466  9753  9777 I native  : I0000 00:00:1785562406.466197    9777 litert_lm_loader.cc:265] section_end_offset: 1496584156
08-01 05:33:26.466  9753  9777 I native  : I0000 00:00:1785562406.466201    9777 litert_lm_loader.cc:105] model_type: tf_lite_end_of_audio
08-01 05:33:26.466  9753  9777 I native  : I0000 00:00:1785562406.466206    9777 litert_lm_loader.cc:261] section_index: 6
08-01 05:33:26.466  9753  9777 I native  : I0000 00:00:1785562406.466210    9777 litert_lm_loader.cc:262] section_data_type: TFLiteModel
08-01 05:33:26.466  9753  9777 I native  : I0000 00:00:1785562406.466214    9777 litert_lm_loader.cc:264] section_begin_offset: 1496596480
08-01 05:33:26.466  9753  9777 I native  : I0000 00:00:1785562406.466219    9777 litert_lm_loader.cc:265] section_end_offset: 1496603252
08-01 05:33:26.466  9753  9777 I native  : I0000 00:00:1785562406.466223    9777 litert_lm_loader.cc:105] model_type: tf_lite_vision_encoder
08-01 05:33:26.466  9753  9777 I native  : I0000 00:00:1785562406.466228    9777 litert_lm_loader.cc:248] section_prefer_activation_type: fp16
08-01 05:33:26.466  9753  9777 I native  : I0000 00:00:1785562406.466232    9777 litert_lm_loader.cc:261] section_index: 7
08-01 05:33:26.466  9753  9777 I native  : I0000 00:00:1785562406.466236    9777 litert_lm_loader.cc:262] section_data_type: TFLiteModel
08-01 05:33:26.466  9753  9777 I native  : I0000 00:00:1785562406.466240    9777 litert_lm_loader.cc:264] section_begin_offset: 1496612864
08-01 05:33:26.466  9753  9777 I native  : I0000 00:00:1785562406.466245    9777 litert_lm_loader.cc:265] section_end_offset: 1720750800
08-01 05:33:26.466  9753  9777 I native  : I0000 00:00:1785562406.466249    9777 litert_lm_loader.cc:105] model_type: tf_lite_vision_adapter
08-01 05:33:26.466  9753  9777 I native  : I0000 00:00:1785562406.466253    9777 litert_lm_loader.cc:244] section_backend_constraint: cpu
08-01 05:33:26.466  9753  9777 I native  : I0000 00:00:1785562406.466257    9777 litert_lm_loader.cc:261] section_index: 8
08-01 05:33:26.466  9753  9777 I native  : I0000 00:00:1785562406.466261    9777 litert_lm_loader.cc:262] section_data_type: TFLiteModel
08-01 05:33:26.466  9753  9777 I native  : I0000 00:00:1785562406.466265    9777 litert_lm_loader.cc:264] section_begin_offset: 1720762368
08-01 05:33:26.466  9753  9777 I native  : I0000 00:00:1785562406.466269    9777 litert_lm_loader.cc:265] section_end_offset: 1725505296
08-01 05:33:26.466  9753  9777 I native  : I0000 00:00:1785562406.466273    9777 litert_lm_loader.cc:105] model_type: tf_lite_end_of_vision
08-01 05:33:26.466  9753  9777 I native  : I0000 00:00:1785562406.466278    9777 litert_lm_loader.cc:261] section_index: 9
08-01 05:33:26.466  9753  9777 I native  : I0000 00:00:1785562406.466282    9777 litert_lm_loader.cc:262] section_data_type: TFLiteModel
08-01 05:33:26.466  9753  9777 I native  : I0000 00:00:1785562406.466285    9777 litert_lm_loader.cc:264] section_begin_offset: 1725513728
08-01 05:33:26.466  9753  9777 I native  : I0000 00:00:1785562406.466289    9777 litert_lm_loader.cc:265] section_end_offset: 1725520500
08-01 05:33:26.466  9753  9777 I native  : I0000 00:00:1785562406.466294    9777 litert_lm_loader.cc:105] model_type: tf_lite_prefill_decode
08-01 05:33:26.466  9753  9777 I native  : I0000 00:00:1785562406.466299    9777 litert_lm_loader.cc:248] section_prefer_activation_type: fp16
08-01 05:33:26.466  9753  9777 I native  : I0000 00:00:1785562406.466303    9777 litert_lm_loader.cc:261] section_index: 10
08-01 05:33:26.466  9753  9777 I native  : I0000 00:00:1785562406.466307    9777 litert_lm_loader.cc:262] section_data_type: TFLiteModel
08-01 05:33:26.466  9753  9777 I native  : I0000 00:00:1785562406.466311    9777 litert_lm_loader.cc:264] section_begin_offset: 1725530112
08-01 05:33:26.466  9753  9777 I native  : I0000 00:00:1785562406.466315    9777 litert_lm_loader.cc:265] section_end_offset: 2543805296
08-01 05:33:26.466  9753  9777 I native  : I0000 00:00:1785562406.466319    9777 litert_lm_loader.cc:105] model_type: tf_lite_mtp_drafter
08-01 05:33:26.466  9753  9777 I native  : I0000 00:00:1785562406.466324    9777 litert_lm_loader.cc:261] section_index: 11
08-01 05:33:26.466  9753  9777 I native  : I0000 00:00:1785562406.466328    9777 litert_lm_loader.cc:262] section_data_type: TFLiteModel
08-01 05:33:26.466  9753  9777 I native  : I0000 00:00:1785562406.466332    9777 litert_lm_loader.cc:264] section_begin_offset: 2543812608
08-01 05:33:26.466  9753  9777 I native  : I0000 00:00:1785562406.466336    9777 litert_lm_loader.cc:265] section_end_offset: 2588138320
08-01 05:33:26.466  9753  9777 I native  : I0000 00:00:1785562406.466446    9777 litert_lm_loader.cc:197] LitertLmLoader::Initialize
08-01 05:33:26.466  9753  9777 I native  : I0000 00:00:1785562406.466470    9777 litert_lm_loader.cc:220] mmap_status is ok
08-01 05:33:26.466  9753  9777 I native  : I0000 00:00:1785562406.466482    9777 litert_lm_loader.cc:225] status: OK
08-01 05:33:26.466  9753  9777 I native  : I0000 00:00:1785562406.466487    9777 litert_lm_loader.cc:226] major_version: 1
08-01 05:33:26.466  9753  9777 I native  : I0000 00:00:1785562406.466494    9777 litert_lm_loader.cc:227] minor_version: 5
08-01 05:33:26.466  9753  9777 I native  : I0000 00:00:1785562406.466498    9777 litert_lm_loader.cc:228] patch_version: 0
08-01 05:33:26.466  9753  9777 I native  : I0000 00:00:1785562406.466503    9777 litert_lm_loader.cc:261] section_index: 0
08-01 05:33:26.466  9753  9777 I native  : I0000 00:00:1785562406.466508    9777 litert_lm_loader.cc:262] section_data_type: LlmMetadataProto
08-01 05:33:26.466  9753  9777 I native  : I0000 00:00:1785562406.466513    9777 litert_lm_loader.cc:264] section_begin_offset: 16384
08-01 05:33:26.466  9753  9777 I native  : I0000 00:00:1785562406.466517    9777 litert_lm_loader.cc:265] section_end_offset: 28576
08-01 05:33:26.466  9753  9777 I native  : I0000 00:00:1785562406.466522    9777 litert_lm_loader.cc:261] section_index: 1
08-01 05:33:26.466  9753  9777 I native  : I0000 00:00:1785562406.466527    9777 litert_lm_loader.cc:262] section_data_type: SP_Tokenizer
08-01 05:33:26.466  9753  9777 I native  : I0000 00:00:1785562406.466531    9777 litert_lm_loader.cc:264] section_begin_offset: 32768
08-01 05:33:26.466  9753  9777 I native  : I0000 00:00:1785562406.466535    9777 litert_lm_loader.cc:265] section_end_offset: 4721781
08-01 05:33:26.466  9753  9777 I native  : I0000 00:00:1785562406.466539    9777 litert_lm_loader.cc:105] model_type: tf_lite_embedder
08-01 05:33:26.466  9753  9777 I native  : I0000 00:00:1785562406.466545    9777 litert_lm_loader.cc:261] section_index: 2
08-01 05:33:26.466  9753  9777 I native  : I0000 00:00:1785562406.466551    9777 litert_lm_loader.cc:262] section_data_type: TFLiteModel
08-01 05:33:26.466  9753  9777 I native  : I0000 00:00:1785562406.466555    9777 litert_lm_loader.cc:264] section_begin_offset: 4734976
08-01 05:33:26.466  9753  9777 I native  : I0000 00:00:1785562406.466559    9777 litert_lm_loader.cc:265] section_end_offset: 108546696
08-01 05:33:26.466  9753  9777 I native  : I0000 00:00:1785562406.466563    9777 litert_lm_loader.cc:105] model_type: tf_lite_per_layer_embedder
08-01 05:33:26.466  9753  9777 I native  : I0000 00:00:1785562406.466568    9777 litert_lm_loader.cc:261] section_index: 3
08-01 05:33:26.466  9753  9777 I native  : I0000 00:00:1785562406.466572    9777 litert_lm_loader.cc:262] section_data_type: TFLiteModel
08-01 05:33:26.466  9753  9777 I native  : I0000 00:00:1785562406.466576    9777 litert_lm_loader.cc:264] section_begin_offset: 108560384
08-01 05:33:26.466  9753  9777 I native  : I0000 00:00:1785562406.466580    9777 litert_lm_loader.cc:265] section_end_offset: 1393078776
08-01 05:33:26.466  9753  9777 I native  : I0000 00:00:1785562406.466584    9777 litert_lm_loader.cc:105] model_type: tf_lite_audio_encoder_hw
08-01 05:33:26.466  9753  9777 I native  : I0000 00:00:1785562406.466588    9777 litert_lm_loader.cc:244] section_backend_constraint: cpu
08-01 05:33:26.466  9753  9777 I native  : I0000 00:00:1785562406.466592    9777 litert_lm_loader.cc:261] section_index: 4
08-01 05:33:26.466  9753  9777 I native  : I0000 00:00:1785562406.466596    9777 litert_lm_loader.cc:262] section_data_type: TFLiteModel
08-01 05:33:26.466  9753  9777 I native  : I0000 00:00:1785562406.466600    9777 litert_lm_loader.cc:264] section_begin_offset: 1393082368
08-01 05:33:26.466  9753  9777 I native  : I0000 00:00:1785562406.466604    9777 litert_lm_loader.cc:265] section_end_offset: 1487134648
08-01 05:33:26.466  9753  9777 I native  : I0000 00:00:1785562406.466608    9777 litert_lm_loader.cc:105] model_type: tf_lite_audio_adapter
08-01 05:33:26.466  9753  9777 I native  : I0000 00:00:1785562406.466613    9777 litert_lm_loader.cc:244] section_backend_constraint: cpu
08-01 05:33:26.466  9753  9777 I native  : I0000 00:00:1785562406.466617    9777 litert_lm_loader.cc:261] section_index: 5
08-01 05:33:26.466  9753  9777 I native  : I0000 00:00:1785562406.466621    9777 litert_lm_loader.cc:262] section_data_type: TFLiteModel
08-01 05:33:26.466  9753  9777 I native  : I0000 00:00:1785562406.466625    9777 litert_lm_loader.cc:264] section_begin_offset: 1487142912
08-01 05:33:26.466  9753  9777 I native  : I0000 00:00:1785562406.466629    9777 litert_lm_loader.cc:265] section_end_offset: 1496584156
08-01 05:33:26.466  9753  9777 I native  : I0000 00:00:1785562406.466633    9777 litert_lm_loader.cc:105] model_type: tf_lite_end_of_audio
08-01 05:33:26.466  9753  9777 I native  : I0000 00:00:1785562406.466637    9777 litert_lm_loader.cc:261] section_index: 6
08-01 05:33:26.466  9753  9777 I native  : I0000 00:00:1785562406.466641    9777 litert_lm_loader.cc:262] section_data_type: TFLiteModel
08-01 05:33:26.466  9753  9777 I native  : I0000 00:00:1785562406.466645    9777 litert_lm_loader.cc:264] section_begin_offset: 1496596480
08-01 05:33:26.466  9753  9777 I native  : I0000 00:00:1785562406.466650    9777 litert_lm_loader.cc:265] section_end_offset: 1496603252
08-01 05:33:26.466  9753  9777 I native  : I0000 00:00:1785562406.466655    9777 litert_lm_loader.cc:105] model_type: tf_lite_vision_encoder
08-01 05:33:26.466  9753  9777 I native  : I0000 00:00:1785562406.466659    9777 litert_lm_loader.cc:248] section_prefer_activation_type: fp16
08-01 05:33:26.466  9753  9777 I native  : I0000 00:00:1785562406.466663    9777 litert_lm_loader.cc:261] section_index: 7
08-01 05:33:26.466  9753  9777 I native  : I0000 00:00:1785562406.466667    9777 litert_lm_loader.cc:262] section_data_type: TFLiteModel
08-01 05:33:26.466  9753  9777 I native  : I0000 00:00:1785562406.466671    9777 litert_lm_loader.cc:264] section_begin_offset: 1496612864
08-01 05:33:26.466  9753  9777 I native  : I0000 00:00:1785562406.466675    9777 litert_lm_loader.cc:265] section_end_offset: 1720750800
08-01 05:33:26.466  9753  9777 I native  : I0000 00:00:1785562406.466679    9777 litert_lm_loader.cc:105] model_type: tf_lite_vision_adapter
08-01 05:33:26.466  9753  9777 I native  : I0000 00:00:1785562406.466684    9777 litert_lm_loader.cc:244] section_backend_constraint: cpu
08-01 05:33:26.466  9753  9777 I native  : I0000 00:00:1785562406.466688    9777 litert_lm_loader.cc:261] section_index: 8
08-01 05:33:26.466  9753  9777 I native  : I0000 00:00:1785562406.466692    9777 litert_lm_loader.cc:262] section_data_type: TFLiteModel
08-01 05:33:26.466  9753  9777 I native  : I0000 00:00:1785562406.466696    9777 litert_lm_loader.cc:264] section_begin_offset: 1720762368
08-01 05:33:26.466  9753  9777 I native  : I0000 00:00:1785562406.466700    9777 litert_lm_loader.cc:265] section_end_offset: 1725505296
08-01 05:33:26.466  9753  9777 I native  : I0000 00:00:1785562406.466704    9777 litert_lm_loader.cc:105] model_type: tf_lite_end_of_vision
08-01 05:33:26.466  9753  9777 I native  : I0000 00:00:1785562406.466708    9777 litert_lm_loader.cc:261] section_index: 9
08-01 05:33:26.466  9753  9777 I native  : I0000 00:00:1785562406.466712    9777 litert_lm_loader.cc:262] section_data_type: TFLiteModel
08-01 05:33:26.466  9753  9777 I native  : I0000 00:00:1785562406.466716    9777 litert_lm_loader.cc:264] section_begin_offset: 1725513728
08-01 05:33:26.466  9753  9777 I native  : I0000 00:00:1785562406.466720    9777 litert_lm_loader.cc:265] section_end_offset: 1725520500
08-01 05:33:26.466  9753  9777 I native  : I0000 00:00:1785562406.466725    9777 litert_lm_loader.cc:105] model_type: tf_lite_prefill_decode
08-01 05:33:26.466  9753  9777 I native  : I0000 00:00:1785562406.466729    9777 litert_lm_loader.cc:248] section_prefer_activation_type: fp16
08-01 05:33:26.466  9753  9777 I native  : I0000 00:00:1785562406.466732    9777 litert_lm_loader.cc:261] section_index: 10
08-01 05:33:26.466  9753  9777 I native  : I0000 00:00:1785562406.466736    9777 litert_lm_loader.cc:262] section_data_type: TFLiteModel
08-01 05:33:26.466  9753  9777 I native  : I0000 00:00:1785562406.466740    9777 litert_lm_loader.cc:264] section_begin_offset: 1725530112
08-01 05:33:26.466  9753  9777 I native  : I0000 00:00:1785562406.466744    9777 litert_lm_loader.cc:265] section_end_offset: 2543805296
08-01 05:33:26.466  9753  9777 I native  : I0000 00:00:1785562406.466748    9777 litert_lm_loader.cc:105] model_type: tf_lite_mtp_drafter
08-01 05:33:26.466  9753  9777 I native  : I0000 00:00:1785562406.466753    9777 litert_lm_loader.cc:261] section_index: 11
08-01 05:33:26.466  9753  9777 I native  : I0000 00:00:1785562406.466757    9777 litert_lm_loader.cc:262] section_data_type: TFLiteModel
08-01 05:33:26.466  9753  9777 I native  : I0000 00:00:1785562406.466761    9777 litert_lm_loader.cc:264] section_begin_offset: 2543812608
08-01 05:33:26.466  9753  9777 I native  : I0000 00:00:1785562406.466765    9777 litert_lm_loader.cc:265] section_end_offset: 2588138320
08-01 05:33:26.466  9753  9777 I native  : I0000 00:00:1785562406.466834    9777 engine_advanced_impl.cc:260] New model files have LlmModelType, loading tokenizer asynchronously
08-01 05:33:26.467  9753  9777 I native  : I0000 00:00:1785562406.466999    9777 engine_settings.cc:101] The Main backend constraint is not set.
08-01 05:33:26.467  9753  9777 I native  : I0000 00:00:1785562406.467017    9777 engine_settings.cc:448] The validated engine settings: EngineSettings: 
08-01 05:33:26.467  9753  9777 I native  :   MainExecutorSettings: backend: GPU
08-01 05:33:26.467  9753  9777 I native  : backend_config:
08-01 05:33:26.467  9753  9777 I native  : max_top_k: 1
08-01 05:33:26.467  9753  9777 I native  : 
08-01 05:33:26.467  9753  9777 I native  : max_tokens: 3072
08-01 05:33:26.467  9753  9777 I native  : activation_data_type: FLOAT16
08-01 05:33:26.467  9753  9777 I native  : max_num_images: 0
08-01 05:33:26.467  9753  9777 I native  : lora_rank: 0
08-01 05:33:26.467  9753  9777 I native  : cache_dir: /data/user/10/com.tcs.vehicleassistant/no_backup/litertlm_kernel_cache
08-01 05:33:26.467  9753  9777 I native  : cache_file: Not set
08-01 05:33:26.467  9753  9777 I native  : litert_dispatch_lib_dir: Not set
08-01 05:33:26.467  9753  9777 I native  : model_assets: model_path: /data/local/tmp/llm/gemma-4-E2B-it.litertlm
08-01 05:33:26.467  9753  9777 I native  : fake_weights_mode: FAKE_WEIGHTS_NONE
08-01 05:33:26.467  9753  9777 I native  : 
08-01 05:33:26.467  9753  9777 I native  : advanced_settings: prefill_batch_sizes: []
08-01 05:33:26.467  9753  9777 I native  : num_output_candidates: 1
08-01 05:33:26.467  9753  9777 I native  : configure_magic_numbers: true
08-01 05:33:26.467  9753  9777 I native  : verify_magic_numbers: false
08-01 05:33:26.467  9753  9777 I native  : clear_kv_cache_before_prefill: true
08-01 05:33:26.467  9753  9777 I native  : num_logits_to_print_after_decode: 0
08-01 05:33:26.467  9753  9777 I native  : gpu_madvise_original_shared_tensors: true
08-01 05:33:26.467  9753  9777 I native  : is_benchmark: false
08-01 05:33:26.467  9753  9777 I native  : preferred_device_substr: 
08-01 05:33:26.467  9753  9777 I native  : num_threads_to_upload: -1
08-01 05:33:26.467  9753  9777 I native  : num_threads_to_compile: -1
08-01 05:33:26.467  9753  9777 I native  : convert_weights_on_gpu: true
08-01 05:33:26.467  9753  9777 I native  : wait_for_weights_conversion_complete_in_benchmark: true
08-01 05:33:26.467  9753  9777 I native  : optimize_shader_compilation: true
08-01 05:33:26.467  9753  9777 I native  : cache_compiled_shaders_only: false
08-01 05:33:26.467  9753  9777 I native  : share_constant_tensors: true
08-01 05:33:26.467  9753  9777 I native  : sampler_handles_input: true
08-01 05:33:26.467  9753  9777 I native  : allow_src_quantized_fc_conv_ops: true
08-01 05:33:26.467  9753  9777 I native  : hint_waiting_for_completion: false
08-01 05:33:26.467  9753  9777 I native  : gpu_context_low_priority: Not set
08-01 05:33:26.467  9753  9777 I native  : enable_speculative_decoding: false
08-01 05:33:26.467  9753  9777 I native  : disable_delegate_clustering: true
08-01 05:33:26.467  9753  9777 I native  : hint_kernel_batch_size: Not set
08-01 05:33:26.467  9753  9777 I native  : 
08-01 05:33:26.467  9753  9777 I native  : diffusion_config: Not set
08-01 05:33:26.467  9753  9777 I native  :   LlmMetadata: MessageLite at 0x798028c3a0  BenchmarkParams: Not set
08-01 05:33:26.467  9753  9777 I native  :   VisionExecutorSettings: Not set
08-01 05:33:26.467  9753  9777 I native  :   AudioExecutorSettings: Not set
08-01 05:33:26.467  9753  9777 I native  :   ParallelFileSectionLoading: true
08-01 05:33:26.467  9753  9777 I native  :   SingleThreadedExecution: false
08-01 05:33:26.467  9753  9777 I native  : I0000 00:00:1785562406.467156    9777 model_resources_litert_lm.cc:121] model_type: TF_LITE_PREFILL_DECODE
08-01 05:33:26.467  9753  9777 I native  : I0000 00:00:1785562406.467179    9777 model_resources_litert_lm.cc:122] litert model size: 818275184
08-01 05:33:26.467  9753  9777 I litert  : [environment.cc:30] Creating LiteRT environment with options
08-01 05:33:26.467  9753  9777 W litert  : [npu_registry.cc:34] NPU accelerator could not be loaded and registered: kLiteRtStatusErrorInvalidArgument.
08-01 05:33:26.467  9753  9777 I litert  : [accelerator_registry.cc:54] RegisterAccelerator: ptr=0x7aa2fed3b0, name=LiteRT GPU
08-01 05:33:26.467  9753  9777 I litert  : [gpu_registry.cc:87] Statically linked GPU accelerator registered.
08-01 05:33:26.467  9753  9777 I litert  : [accelerator_registry.cc:54] RegisterAccelerator: ptr=0x7aa2fecbd0, name=CpuAccelerator
08-01 05:33:26.467  9753  9777 I litert  : [cpu_registry.cc:42] CPU accelerator registered.
08-01 05:33:26.611  9753  9777 I litert  : [environment.cc:30] Creating LiteRT environment with options
08-01 05:33:26.612  9753  9777 W litert  : [npu_registry.cc:34] NPU accelerator could not be loaded and registered: kLiteRtStatusErrorInvalidArgument.
08-01 05:33:26.612  9753  9777 I litert  : [accelerator_registry.cc:54] RegisterAccelerator: ptr=0x7aa2fed7d0, name=LiteRT GPU
08-01 05:33:26.612  9753  9777 I litert  : [gpu_registry.cc:87] Statically linked GPU accelerator registered.
08-01 05:33:26.612  9753  9777 I litert  : [accelerator_registry.cc:54] RegisterAccelerator: ptr=0x7aa2feebb0, name=CpuAccelerator
08-01 05:33:26.612  9753  9777 I litert  : [cpu_registry.cc:42] CPU accelerator registered.
08-01 05:33:26.612  9753  9777 I native  : I0000 00:00:1785562406.612494    9777 executor_settings_base.cc:376] Deleted 1 stale cache files.
08-01 05:33:26.612  9753  9777 I native  : I0000 00:00:1785562406.612564    9777 litert_compiled_model_executor_utils.cc:524] Setting serialization dir: /data/user/10/com.tcs.vehicleassistant/no_backup/litertlm_kernel_cache
08-01 05:33:26.612  9753  9777 I litert  : [magic_number_utils.cc:97] Loaded: num_subgraphs=976, num_signatures=4
08-01 05:33:26.612  9753  9777 I litert  : [magic_number_utils.cc:105]   signature=decode, subgraph_index=0, num_tensors=2703, num_inputs=35, num_outputs=32, num_ops=2068
08-01 05:33:26.612  9753  9777 I litert  : [magic_number_utils.cc:105]   signature=prefill_1024, subgraph_index=1, num_tensors=1454, num_inputs=35, num_outputs=30, num_ops=1107
08-01 05:33:26.612  9753  9777 I litert  : [magic_number_utils.cc:105]   signature=prefill_128, subgraph_index=2, num_tensors=1454, num_inputs=35, num_outputs=30, num_ops=1107
08-01 05:33:26.612  9753  9777 I litert  : [magic_number_utils.cc:105]   signature=verify, subgraph_index=3, num_tensors=2887, num_inputs=35, num_outputs=32, num_ops=2243
08-01 05:33:26.612  9753  9777 I litert  : [magic_number_utils.cc:109] Magic number configs: num_configs=1
08-01 05:33:26.612  9753  9777 I litert  : [magic_number_utils.cc:116]   config[0]: magic_number=32003, target_number=3072, signature_prefix=null
08-01 05:33:26.614  9753  9777 I litert  : [magic_number_utils.cc:435] 439 tensors of signature decode have been updated for magic number  32003 to target number 3072
08-01 05:33:26.614  9753  9777 I litert  : [magic_number_utils.cc:435] 271 tensors of signature prefill_1024 have been updated for magic number  32003 to target number 3072
08-01 05:33:26.615  9753  9777 I litert  : [magic_number_utils.cc:435] 270 tensors of signature prefill_128 have been updated for magic number  32003 to target number 3072
08-01 05:33:26.617  9753  9777 I litert  : [magic_number_utils.cc:435] 444 tensors of signature verify have been updated for magic number  32003 to target number 3072
08-01 05:33:26.617  9753  9777 I litert  : [compiled_model.cc:805] Flatbuffer model initialized directly from incoming litert model.
08-01 05:33:26.623  9753  9777 I tflite  : Initialized TensorFlow Lite runtime.
08-01 05:33:26.683  9753  9777 I native  : I0000 00:00:1785562406.683463    9777 delegate_opencl.cc:623] options->hint_waiting_for_completion: false
08-01 05:33:26.683  9753  9777 I native  : I0000 00:00:1785562406.683649    9777 delegate_opencl.cc:625] options->kernel_batch_size: -1
08-01 05:33:26.697  9753  9777 E libEGL  : call to OpenGL ES API with no current context (logged once per thread)
08-01 05:33:26.699  9753  9777 I litert  : [environment.cc:41] Adding options to the existing LiteRT environment
08-01 05:33:26.699  9753  9777 I tflite  : Loaded OpenCL library with dlopen.
08-01 05:33:26.700  9753  9777 I litert  : [gpu_environment.cc:220] Created OpenCL device from provided device id and platform id.
08-01 05:33:26.701  9753  9777 I litert  : [gpu_environment.cc:283] Reusing provided EGL environment.
08-01 05:33:26.701  9753  9777 I litert  : [gpu_environment.h:155] Created LiteRT GpuEnvironment.
08-01 05:33:26.701  9753  9777 I litert  : [environment.cc:41] Adding options to the existing LiteRT environment
08-01 05:33:26.705  9753  9777 I tflite  : Replacing 2068 out of 2068 node(s) with delegate (LITERT_CL) node, yielding 1 partitions for subgraph 0.
08-01 05:33:26.739  9753  9777 W native  : W0000 00:00:1785562406.739079    9777 gpu_model_builder.cc:4293] Weights preparation on Gpu is disabled for PowerVR, Broadcom, Mali GPUs and non-OpenCL/WebGPU/Metal backends.
08-01 05:33:26.789   802   802 E logbuffer_pcie1: [22791] OC Initial Status check: 0x5FC(0xf0)
08-01 05:33:26.821   802   802 I logbuffer_pcie1: [22792] D state: 0, LTSSM: 0
08-01 05:33:26.821   802   802 I logbuffer_pcie1: [22793] L0(0x11)
08-01 05:33:26.824   802   802 W [05:33:26.814034][dhd][wlan]dhd_plat_l1ss_ctrl: Control L1ss RC side 1
08-01 05:33:26.870  4054  4253 D WifiClientModeImpl[46736571:wlan0]: updateLinkLayerStatsRssiSpeedFrequencyCapabilities rssi=-58 TxLinkspeed=390 freq=5240 RxLinkSpeed=650
08-01 05:33:26.870  4054  4253 D WifiDataStall: tx tput in kbps: 348791
08-01 05:33:26.870  4054  4253 D WifiDataStall: rx tput in kbps: 611914
08-01 05:33:26.870  4054  4253 V WifiConfigManager: Updating scan detail cache freq=5240 BSSID=90:32:4b:d3:f0:6b RSSI=-57 for "90324BD3F068-5G"WPA_PSK
08-01 05:33:26.870  4054  4253 D WifiChannelUtilization:  freq: 5240 onTime: 39646 busyTime: 1641611 onTimeDiff: 1299 busyTimeDiff: 133304 utilization: -1 utilization t0: -1
08-01 05:33:26.871  4054  4253 D WifiDataStall:  use default cca Level
08-01 05:33:26.871  4054  4253 D WifiDataStall:  ccaLevel = 15
08-01 05:33:26.871  4054  4253 D WifiDataStall: L2 txTputKbps: 348791, rxTputKbps: 611914, L3 txTputKbps: 0, rxTputKbps: 0, TxTrafficHigh: false, RxTrafficHigh: false, Throughput Sufficient: true
08-01 05:33:26.871  4054  4253 D WifiThroughputPredictor:  utilization (LLS) -1 isBluetoothConnected: false final utilization: 15
08-01 05:33:26.871  4054  4253 D WifiThroughputPredictor:  BW: 2 RSSI: -58 Nss: 2 Mode: 5 symDur: 3600 snrDb 16 bitPerTone: 5328 rate: 692 throughput: 651
08-01 05:33:26.871  4054  4253 D WifiThroughputPredictor:  utilization (LLS) -1 isBluetoothConnected: false final utilization: 15
08-01 05:33:26.871  4054  4253 D WifiThroughputPredictor:  BW: 2 RSSI: -58 Nss: 2 Mode: 5 symDur: 3600 snrDb 16 bitPerTone: 5328 rate: 692 throughput: 651
08-01 05:33:26.882   936   984 D WifiHAL : Start debug command
08-01 05:33:26.882   936   984 D WifiHAL : In DebugCommand::handleResponse, mType:4
08-01 05:33:26.882   936   984 D WifiHAL : len = 4, expected len = 4
08-01 05:33:26.884  4054  4253 I HalDevMgr: bestIfaceCreationProposal is null, requestIface=STA, existingIface=[name=wlan0 type=STA]
08-01 05:33:26.885  4054  4253 D WifiScoreCard: BSSID update SIGNAL_POLL ID: 1629483720 SSID: "90324BD3F068-5G", BSSID: 90:32:4b:d3:f0:6b, MAC: d2:bc:0e:8c:4e:68, IP: /192.168.3.92, Security type: 2, Supplicant state: COMPLETED, Wi-Fi standard: 11ac, RSSI: -58, Link speed: 390Mbps, Tx Link speed: 390Mbps, Max Supported Tx Link speed: 866Mbps, Calculated Tx : 348Mbps, Rx Link speed: 650Mbps, Max Supported Rx Link speed: 866Mbps, Calculated Rx : 611Mbps, Frequency: 5240MHz, Net ID: 0, Metered hint: false, score: 100, isUsable: true, CarrierMerged: false, SubscriptionId: -1, IsPrimary: 1, Trusted: true, Restricted: false, Ephemeral: false, OEM paid: false, OEM private: false, OSU AP: false, FQDN: <none>, Provider friendly name: <none>, Requesting package name: <none>"90324BD3F068-5G"wpa2-pskMLO Information: , Is TID-To-Link negotiation supported by the AP: false, AP MLD Address: <none>, AP MLO Link Id: <none>, AP MLO Affiliated links: <none>, Vendor Data: <none>
08-01 05:33:26.885  4054  4253 D WifiScoreCard: txRate: 1 txSpeed: 390
08-01 05:33:26.885  4054  4253 D WifiScoreCard: network update SIGNAL_POLL "90324BD3F068-5G" ID: 1753303961 RSSI -58 txSpeed -1
08-01 05:33:26.885  4054  4253 D WifiClientModeImpl[46736571:wlan0]:  ClientModeImpl$L2ConnectedState screen=on 11 0 "90324BD3F068-5G" 90:32:4b:d3:f0:6b rssi=-58 f=5240 sc=100 link=390 tx=0.2, 0.0, 0.0 rx=0.2 bcn=3638 [on:126 tx:8 rx:0 period:3110] from screen [on:12148 period:139560] score=100
08-01 05:33:27.114  4054  5282 E TaskPersister: File error accessing recents directory (directory doesn't exist?).
08-01 05:33:27.114  4054  5282 E TaskPersister: File error accessing recents directory (directory doesn't exist?).
08-01 05:33:27.365   802   802 W [05:33:27.354529][dhd][wlan]dhd_plat_l1ss_ctrl: Control L1ss RC side 0
08-01 05:33:27.376  4054  4253 D WifiNetworkSelector: Current connected network: 0
08-01 05:33:27.377  4054  4253 V WifiConnectivityManager: No partial scan because firmware roaming is supported.
08-01 05:33:27.377  4054  4253 V WifiConnectivityManager: schedulePeriodicScanTimer intervalMs 20000
08-01 05:33:27.646  9689  9689 I VehicleAgentService: Reloaded cabin TTS from prefs
08-01 05:33:27.649  4054  4172 I ActivityManager: Background started FGS: Allowed [callingPackage: com.tcs.vehicleassistant; callingUid: 1010188; uidState: TOP ; uidBFSL: [BFSL]; BFGS denied: false; intent: Intent { act=com.tcs.vehicleassistant.RELOAD_TTS xflg=0x4 cmp=com.tcs.vehicleassistant/.service.VehicleAgentService }; code:PROC_STATE_TOP; tempAllowListReason:<null>; allowWiu:12; targetSdkVersion:34; callerTargetSdkVersion:34; startForegroundCount:0; bindFromPackage:null; isBindService:false]
08-01 05:33:27.651  4054  4172 W ForegroundServiceTypeLoggerModule: Foreground service start for UID: 1010188 does not have any types
08-01 05:33:27.661  9689  9689 I Choreographer: Skipped 98 frames!  The application may be doing too much work on its main thread.
08-01 05:33:27.662  4054  4222 I ImeTracker: com.tcs.vehicleassistant:8e6810cc: onRequestHide at ORIGIN_SERVER reason HIDE_UNSPECIFIED_WINDOW fromUser false userId 10 displayId 0
08-01 05:33:27.668  8547  8547 I GoogleInputMethodService: GoogleInputMethodService.onFinishInput():2259 
08-01 05:33:27.668  4054  4703 W InputChannel-JNI: Channel already disposed.
08-01 05:33:27.668  8547  8547 I Module  : DeviceLockedStatusModuleProvider$Module.updateDeviceLockedStatusInternal():127 repeatCheckTimes = 0, locked = false
08-01 05:33:27.669  8547  8547 I GoogleInputMethodService: GoogleInputMethodService.onStartInput():1446 onStartInput(EditorInfo{EditorInfo{packageName=com.tcs.vehicleassistant, inputType=0, inputTypeString=NULL, enableLearning=false, autoCorrection=false, autoComplete=false, imeOptions=0, privateImeOptions=null, actionName=UNSPECIFIED, actionLabel=null, initialSelStart=-1, initialSelEnd=-1, initialCapsMode=0, label=null, fieldId=0, fieldName=null, extras=null, hintText=null, hintLocales=[]}}, false)
08-01 05:33:27.669  8547  8547 I InputMethodService: InputMethodService.updateInputViewCoversNavigation():341 Input view is null, cannot update input view padding.
08-01 05:33:27.669  8547  8547 I Module  : DeviceLockedStatusModuleProvider$Module.updateDeviceLockedStatusInternal():127 repeatCheckTimes = 1, locked = false
08-01 05:33:27.670  4054  6535 I ImeTracker: system_server:28e2a186: onRequestHide at ORIGIN_SERVER reason IME_REQUESTED_CHANGED_LISTENER fromUser false displayId 0
08-01 05:33:27.670  4054  4174 W PackageConfigPersister: App-specific configuration not found for packageName: com.tcs.vehicleassistant and userId: 10
08-01 05:33:27.671  4054  6535 I ImeTracker: system_server:d3dd1c6b: onRequestHide at ORIGIN_SERVER reason HIDE_INPUT_TARGET_CHANGED fromUser false displayId 0
08-01 05:33:27.671  4054  4077 I ImeTracker: system_server:28e2a186: onCancelled at PHASE_SERVER_SHOULD_HIDE
08-01 05:33:27.671  4054  4077 I ImeTracker: system_server:d3dd1c6b: onCancelled at PHASE_SERVER_SHOULD_HIDE
08-01 05:33:27.706  4768  4768 V RotaryController: event source: android.view.accessibility.AccessibilityNodeInfo@80006cdf; boundsInParent: Rect(0, 0 - 2560, 1256); boundsInScreen: Rect(0, 152 - 2560, 1408); boundsInWindow: Rect(0, 152 - 2560, 1408); packageName: com.tcs.vehicleassistant; className: android.widget.FrameLayout; text: null; error: null; maxTextLength: -1; stateDescription: null; contentDescription: null; tooltipText: null; containerTitle: null; viewIdResName: null; uniqueId: null; checkable: false; checked: false; focusable: false; focused: false; selected: false; clickable: false; longClickable: false; contextClickable: false; enabled: true; password: false; scrollable: false; granularScrollingSupported: false; importantForAccessibility: true; visible: true; actions: [AccessibilityAction: ACTION_SELECT - null, AccessibilityAction: ACTION_CLEAR_SELECTION - null, AccessibilityAction: ACTION_ACCESSIBILITY_FOCUS - null, AccessibilityAction: ACTION_SHOW_ON_SCREEN - null]; isTextSelectable: false
08-01 05:33:27.706  4768  4768 V RotaryController: event window ID: 21
08-01 05:33:27.708  4768  4768 V RotaryController: onAccessibilityEvent: EventType: TYPE_WINDOWS_CHANGED; EventTime: 47115950; PackageName: null; MovementGranularity: 0; Action: 0; ContentChangeTypes: []; WindowChangeTypes: [WINDOWS_CHANGE_REMOVED]; TextChangeTypes: [] [ ClassName: null; Text: []; ContentDescription: null; ItemCount: -1; CurrentItemIndex: -1; Enabled: false; Password: false; Checked: false; FullScreen: false; Scrollable: false; ImportantForAccessibility: true; AccessibilityDataSensitive: false; BeforeText: null; FromIndex: -1; ToIndex: -1; ScrollX: 0; ScrollY: 0; MaxScrollX: 0; MaxScrollY: 0; ScrollDeltaX: -1; ScrollDeltaY: -1; AddedCount: -1; RemovedCount: -1; ParcelableData: null; DisplayId: 0 ]; recordCount: 0
08-01 05:33:27.708  4768  4768 V RotaryController: event window ID: a
08-01 05:33:27.708  4768  4768 V RotaryController: onAccessibilityEvent: EventType: TYPE_WINDOWS_CHANGED; EventTime: 47115951; PackageName: null; MovementGranularity: 0; Action: 0; ContentChangeTypes: []; WindowChangeTypes: [WINDOWS_CHANGE_ADDED]; TextChangeTypes: [] [ ClassName: null; Text: []; ContentDescription: null; ItemCount: -1; CurrentItemIndex: -1; Enabled: false; Password: false; Checked: false; FullScreen: false; Scrollable: false; ImportantForAccessibility: true; AccessibilityDataSensitive: false; BeforeText: null; FromIndex: -1; ToIndex: -1; ScrollX: 0; ScrollY: 0; MaxScrollX: 0; MaxScrollY: 0; ScrollDeltaX: -1; ScrollDeltaY: -1; AddedCount: -1; RemovedCount: -1; ParcelableData: null; DisplayId: 0 ]; recordCount: 0
08-01 05:33:27.708  4768  4768 V RotaryController: event window ID: 21
08-01 05:33:27.709  4768  4768 V RotaryController: onAccessibilityEvent: EventType: TYPE_VIEW_SCROLLED; EventTime: 47116117; PackageName: com.tcs.vehicleassistant; MovementGranularity: 0; Action: 0; ContentChangeTypes: []; WindowChangeTypes: []; TextChangeTypes: [] [ ClassName: androidx.recyclerview.widget.RecyclerView; Text: []; ContentDescription: null; ItemCount: 2; CurrentItemIndex: -1; Enabled: true; Password: false; Checked: false; FullScreen: false; Scrollable: false; ImportantForAccessibility: true; AccessibilityDataSensitive: false; BeforeText: null; FromIndex: 0; ToIndex: 1; ScrollX: 0; ScrollY: 0; MaxScrollX: 0; MaxScrollY: 0; ScrollDeltaX: 0; ScrollDeltaY: 0; AddedCount: -1; RemovedCount: -1; ParcelableData: null; DisplayId: 0 ]; recordCount: 0
08-01 05:33:27.727  9689  9706 I HWUI    : Davey! duration=1680ms; Flags=0, FrameTimelineVsyncId=91072, IntendedVsync=47116105124287, Vsync=47117735323025, InputEventId=0, HandleInputStart=47117741794693, AnimationStart=47117741800308, PerformTraversalsStart=47117742745458, DrawStart=47117773356908, FrameDeadline=47116139596346, FrameStartTime=47117741534439, FrameInterval=16634681, WorkloadTarget=16600000, AnimationTime=47117735323025, SyncQueued=47117782408015, SyncStart=47117782484268, IssueDrawCommandsStart=47117782653580, SwapBuffers=47117784152237, FrameCompleted=47117785890315, DequeueBufferDuration=10132, QueueBufferDuration=383301, GpuCompleted=47117785890315, SwapBuffersCompleted=47117784580623, DisplayPresentTime=526992820688, CommandSubmissionCompleted=47117784152237, 
08-01 05:33:27.865  9689  9714 I AndroidAudioManager: Reloaded TTS voice=amy-low sid=0 speed=1.0
08-01 05:33:27.948   892   892 I google_battery: MSC_TTF: est:2506(41min), max_ratio:169 [0:0,0,0][1:28,-887,3000][2:0,0,0]
08-01 05:33:27.956   892   892 W healthd : battery l=93 v=4283 t=28.4 h=2 st=4 c=-115000 fc=7064000 cc=3 chg=u
08-01 05:33:27.951  4551  4966 D PowerUI : can't show warning due to - plugged: true status unknown: false
08-01 05:33:27.952  9689  9689 D InsetsController: hide(ime())
08-01 05:33:27.952  9689  9689 I ImeTracker: com.tcs.vehicleassistant:8e6810cc: onCancelled at PHASE_CLIENT_ALREADY_HIDDEN
08-01 05:33:27.962  4768  4768 V RotaryController: event source: android.view.accessibility.AccessibilityNodeInfo@1595e; boundsInParent: Rect(0, 0 - 1479, 687); boundsInScreen: Rect(1049, 528 - 2528, 1215); boundsInWindow: Rect(1049, 528 - 2528, 1215); packageName: com.tcs.vehicleassistant; className: androidx.recyclerview.widget.RecyclerView; text: null; error: null; maxTextLength: -1; stateDescription: null; contentDescription: null; tooltipText: null; containerTitle: null; viewIdResName: null; uniqueId: null; checkable: false; checked: false; focusable: true; focused: false; selected: false; clickable: false; longClickable: false; contextClickable: false; enabled: true; password: false; scrollable: false; granularScrollingSupported: false; importantForAccessibility: true; visible: true; actions: [AccessibilityAction: ACTION_FOCUS - null, AccessibilityAction: ACTION_SELECT - null, AccessibilityAction: ACTION_CLEAR_SELECTION - null, AccessibilityAction: ACTION_ACCESSIBILITY_FOCUS - null, AccessibilityAction: ACTION_SHOW_ON_SCREEN - null]; isTextSelectable: false
08-01 05:33:27.962  4768  4768 V RotaryController: event window ID: 21
08-01 05:33:27.963  4768  4768 V RotaryController: onAccessibilityEvent: EventType: TYPE_WINDOW_STATE_CHANGED; EventTime: 47117741; PackageName: com.tcs.vehicleassistant; MovementGranularity: 0; Action: 0; ContentChangeTypes: []; WindowChangeTypes: []; TextChangeTypes: [] [ ClassName: com.tcs.vehicleassistant.LocalLLMActivity; Text: [VehicleEdgeAssistant]; ContentDescription: null; ItemCount: -1; CurrentItemIndex: -1; Enabled: true; Password: false; Checked: false; FullScreen: true; Scrollable: false; ImportantForAccessibility: true; AccessibilityDataSensitive: false; BeforeText: null; FromIndex: -1; ToIndex: -1; ScrollX: 0; ScrollY: 0; MaxScrollX: 0; MaxScrollY: 0; ScrollDeltaX: -1; ScrollDeltaY: -1; AddedCount: -1; RemovedCount: -1; ParcelableData: null; DisplayId: 0 ]; recordCount: 0
08-01 05:33:27.968  4768  4768 V RotaryController: event source: android.view.accessibility.AccessibilityNodeInfo@80006cdf; boundsInParent: Rect(0, 0 - 2560, 1256); boundsInScreen: Rect(0, 152 - 2560, 1408); boundsInWindow: Rect(0, 152 - 2560, 1408); packageName: com.tcs.vehicleassistant; className: android.widget.FrameLayout; text: null; error: null; maxTextLength: -1; stateDescription: null; contentDescription: null; tooltipText: null; containerTitle: null; viewIdResName: null; uniqueId: null; checkable: false; checked: false; focusable: false; focused: false; selected: false; clickable: false; longClickable: false; contextClickable: false; enabled: true; password: false; scrollable: false; granularScrollingSupported: false; importantForAccessibility: true; visible: true; actions: [AccessibilityAction: ACTION_SELECT - null, AccessibilityAction: ACTION_CLEAR_SELECTION - null, AccessibilityAction: ACTION_ACCESSIBILITY_FOCUS - null, AccessibilityAction: ACTION_SHOW_ON_SCREEN - null]; isTextSelectable: false
08-01 05:33:27.968  4768  4768 V RotaryController: event window ID: 21
08-01 05:33:27.969  4768  4768 V RotaryController: onAccessibilityEvent: EventType: TYPE_VIEW_SCROLLED; EventTime: 47118041; PackageName: com.tcs.vehicleassistant; MovementGranularity: 0; Action: 0; ContentChangeTypes: []; WindowChangeTypes: []; TextChangeTypes: [] [ ClassName: androidx.recyclerview.widget.RecyclerView; Text: []; ContentDescription: null; ItemCount: 3; CurrentItemIndex: -1; Enabled: true; Password: false; Checked: false; FullScreen: false; Scrollable: false; ImportantForAccessibility: true; AccessibilityDataSensitive: false; BeforeText: null; FromIndex: 0; ToIndex: 2; ScrollX: 0; ScrollY: 0; MaxScrollX: 0; MaxScrollY: 0; ScrollDeltaX: 0; ScrollDeltaY: 0; AddedCount: -1; RemovedCount: -1; ParcelableData: null; DisplayId: 0 ]; recordCount: 0
08-01 05:33:27.981  4768  4768 V RotaryController: event source: android.view.accessibility.AccessibilityNodeInfo@1595e; boundsInParent: Rect(0, 0 - 1479, 687); boundsInScreen: Rect(1049, 528 - 2528, 1215); boundsInWindow: Rect(1049, 528 - 2528, 1215); packageName: com.tcs.vehicleassistant; className: androidx.recyclerview.widget.RecyclerView; text: null; error: null; maxTextLength: -1; stateDescription: null; contentDescription: null; tooltipText: null; containerTitle: null; viewIdResName: null; uniqueId: null; checkable: false; checked: false; focusable: true; focused: false; selected: false; clickable: false; longClickable: false; contextClickable: false; enabled: true; password: false; scrollable: false; granularScrollingSupported: false; importantForAccessibility: true; visible: true; actions: [AccessibilityAction: ACTION_FOCUS - null, AccessibilityAction: ACTION_SELECT - null, AccessibilityAction: ACTION_CLEAR_SELECTION - null, AccessibilityAction: ACTION_ACCESSIBILITY_FOCUS - null, AccessibilityAction: ACTION_SHOW_ON_SCREEN - null]; isTextSelectable: false
08-01 05:33:27.981  4768  4768 V RotaryController: event window ID: 21
08-01 05:33:28.026  9689  9714 I AndroidAudioManager: Loading TTS voice id=amy-low assets=true catalogSpeakers=1 speed=1.0
08-01 05:33:28.226  4054  6535 E TransitionChain: Can't collect into a chain with no transition
08-01 05:33:28.226  4054  6535 E TransitionChain: Can't collect into a chain with no transition
08-01 05:33:28.229  4054  6535 D CorePackageUpdate: onRecentTaskRemoved Removing task: 1000086
08-01 05:33:28.229  4054  6535 D CorePackageUpdate: Couldn't find a persistent state for task= 1000086
08-01 05:33:28.235  4551  4669 V RecentTasksController: Notify recent tasks changed
08-01 05:33:28.278  5879  5879 D WindowOnBackDispatcher: setTopOnBackInvokedCallback (unwrapped): null
08-01 05:33:28.279  4054  4172 D CoreBackPreview: Window{3314d95 u10 com.google.android.apps.maps/com.google.android.maps.MapsActivity}: Setting back callback null
08-01 05:33:28.280  5879  5879 D ViewRootImpl: Skipping stats log for color mode
08-01 05:33:28.284  4054  4183 W UsageStatsService: Unexpected activity event reported! (com.google.android.apps.maps/com.google.android.maps.MapsActivity event : 23 instanceId : 173990991)
08-01 05:33:28.285  4054  4174 E TransitionChain: Can't collect into a chain with no transition
08-01 05:33:28.285  4054  4174 E TransitionChain: Can't collect into a chain with no transition
08-01 05:33:28.285  4054  4174 D CorePackageUpdate: onRecentTaskRemoved Removing task: 1000086
08-01 05:33:28.285  4054  4174 D CorePackageUpdate: Couldn't find a persistent state for task= 1000086
08-01 05:33:28.286  4551  4669 V RecentTasksController: Notify recent tasks changed
08-01 05:33:28.290  4551  4669 V ShellTaskOrganizer: Task vanished taskId=1000086
08-01 05:33:28.293  4551  4669 V WindowManagerShell: Directly starting a new transition type=CLOSE wct=WindowContainerTransaction { changes= {} hops= [{removeTask: task=android.os.BinderProxy@bde2327 removeFromRecents=true killProcess=true}] flags= 0 errorCallbackToken=null taskFragmentOrganizer=null } handler=com.android.wm.shell.taskview.TaskViewTransitions@57216d1
08-01 05:33:28.294  4054  4174 E WindowOrganizerController: Attempting to externally manipulate a non-organized container: Task{e933eae #1000086 type=undefined A=1010128:com.google.android.apps.maps}={removeTask: task=RemoteToken{6f4a7a5 Task{e933eae #1000086 type=undefined A=1010128:com.google.android.apps.maps}} removeFromRecents=true killProcess=true}
08-01 05:33:28.298  4551  9681 V WindowManagerShell: onTransitionReady(transaction=17411797420775)
08-01 05:33:28.298  4551  4669 V RecentTasksController: Notify recent tasks changed
08-01 05:33:28.298  4054  4074 V WindowManager: Sent Transition (#59) createdAt=08-01 05:33:28.294
08-01 05:33:28.298  4054  4074 V WindowManager:     startWCT=WindowContainerTransaction { changes= {} hops= [] flags= 0 errorCallbackToken=null taskFragmentOrganizer=null }
08-01 05:33:28.299  4054  4074 V WindowManager:     info={id=59 t=CLOSE f=0x0 trk=0 r=[] c=[]}
08-01 05:33:28.301  4551  4669 V AppCompat: SingleSurfaceLetterboxController: []
08-01 05:33:28.301  4551  4669 V AppCompat: MultiSurfaceLetterboxController: []
08-01 05:33:28.301  4551  4669 V AppCompat: LetterboxInputController: []
08-01 05:33:28.302  4551  4669 V AppCompat: RoundedCornersLetterboxController: {}
08-01 05:33:28.302  4551  4669 D AutoTaskStackController: onTaskInfoChanged = 1000004
08-01 05:33:28.302  4551  4669 V WindowManagerShell: onTransitionReady (#59) android.os.BinderProxy@37509d4: {id=59 t=CLOSE f=0x0 trk=0 r=[] c=[]}
08-01 05:33:28.302  4551  4669 V WindowManagerShell: No transition roots in (#59) android.os.BinderProxy@37509d4@0 so abort
08-01 05:33:28.303  4551  4669 V WindowManagerShell: Transition animation finished (aborted=true), notifying core (#59) android.os.BinderProxy@37509d4@0
08-01 05:33:28.304  4054  4074 V WindowManager: Finish Transition (#59): created at 08-01 05:33:28.294 collect-started=0.164ms started=0.226ms ready=1.462ms sent=3.791ms finished=9.44ms
08-01 05:33:28.304  4551  4669 V WindowManagerShell: Track 0 became idle
08-01 05:33:28.304  4551  4669 V WindowManagerShell: All active transition animations finished
08-01 05:33:28.387  4551  4669 V RecentTasksController: Notify recent tasks changed
08-01 05:33:28.847  1797  1802 I pixel-thermal: charger_skin_therm:32.93 raw data: charger_skin_therm:32930 
08-01 05:33:28.860   802   802 E logbuffer_pcie1: [22794] OC Initial Status check: 0x5FC(0xf0)
08-01 05:33:28.892   802   802 I logbuffer_pcie1: [22795] D state: 0, LTSSM: 0
08-01 05:33:28.893   802   802 I logbuffer_pcie1: [22796] L0(0x11)
08-01 05:33:28.896   802   802 W [05:33:28.885684][dhd][wlan]dhd_plat_l1ss_ctrl: Control L1ss RC side 1
08-01 05:33:29.117 26789 26789 I google_charger: usbchg=USB typec=null usbv=4725 usbc=1386 usbMv=5000 usbMc=3000
08-01 05:33:29.120 26789 26789 W google_battery: MSC_DIN chg_state=bb810b303010005 f=0x5 chg_s=Charging chg_t=Fast vchg=4275 icl=3000
08-01 05:33:29.121 26789 26789 W google_battery: MSC_DSG vbatt_idx:1->1 vt=4400000 fv_uv=4400000 vb=4275781 ib=413437 cv_cnt=3 ov_cnt=0
08-01 05:33:29.121 26789 26789 W google_battery: MSC_LOGIC temp_idx:2->2, vbatt_idx:1->1, fv=4400000->4400000, cc_max=3450000, ui=30000 cv_cnt=3 ov_cnt=0
08-01 05:33:29.309  9689  9786 D ProfileInstaller: Installing profile for com.tcs.vehicleassistant
08-01 05:33:29.469  9689  9714 I AndroidAudioManager: Reloaded TTS voice=amy-low sid=0 speed=1.0
08-01 05:33:29.956  4054  4253 D WifiClientModeImpl[46736571:wlan0]: updateLinkLayerStatsRssiSpeedFrequencyCapabilities rssi=-58 TxLinkspeed=390 freq=5240 RxLinkSpeed=650
08-01 05:33:29.956  4054  4253 D WifiDataStall: tx tput in kbps: 348791
08-01 05:33:29.956  4054  4253 D WifiDataStall: rx tput in kbps: 611914
08-01 05:33:29.957  4054  4253 V WifiConfigManager: Updating scan detail cache freq=5240 BSSID=90:32:4b:d3:f0:6b RSSI=-57 for "90324BD3F068-5G"WPA_PSK
08-01 05:33:29.957  4054  4253 D WifiChannelUtilization:  freq: 5240 onTime: 39705 busyTime: 1654512 onTimeDiff: 1358 busyTimeDiff: 146205 utilization: -1 utilization t0: -1
08-01 05:33:29.957  4054  4253 D WifiDataStall:  use default cca Level
08-01 05:33:29.957  4054  4253 D WifiDataStall:  ccaLevel = 15
08-01 05:33:29.957  4054  4253 D WifiDataStall: L2 txTputKbps: 348791, rxTputKbps: 611914, L3 txTputKbps: 0, rxTputKbps: 1, TxTrafficHigh: false, RxTrafficHigh: false, Throughput Sufficient: true
08-01 05:33:29.958  4054  4253 D WifiThroughputPredictor:  utilization (LLS) -1 isBluetoothConnected: false final utilization: 15
08-01 05:33:29.958  4054  4253 D WifiThroughputPredictor:  BW: 2 RSSI: -58 Nss: 2 Mode: 5 symDur: 3600 snrDb 16 bitPerTone: 5328 rate: 692 throughput: 651
08-01 05:33:29.958  4054  4253 D WifiThroughputPredictor:  utilization (LLS) -1 isBluetoothConnected: false final utilization: 15
08-01 05:33:29.958  4054  4253 D WifiThroughputPredictor:  BW: 2 RSSI: -58 Nss: 2 Mode: 5 symDur: 3600 snrDb 16 bitPerTone: 5328 rate: 692 throughput: 651
08-01 05:33:29.968   936   984 D WifiHAL : Start debug command
08-01 05:33:29.968   936   984 D WifiHAL : In DebugCommand::handleResponse, mType:4
08-01 05:33:29.968   936   984 D WifiHAL : len = 4, expected len = 4
08-01 05:33:29.969  4054  4253 I HalDevMgr: bestIfaceCreationProposal is null, requestIface=STA, existingIface=[name=wlan0 type=STA]
08-01 05:33:29.969  4054  4253 D WifiScoreCard: BSSID update SIGNAL_POLL ID: 1629483720 SSID: "90324BD3F068-5G", BSSID: 90:32:4b:d3:f0:6b, MAC: d2:bc:0e:8c:4e:68, IP: /192.168.3.92, Security type: 2, Supplicant state: COMPLETED, Wi-Fi standard: 11ac, RSSI: -58, Link speed: 390Mbps, Tx Link speed: 390Mbps, Max Supported Tx Link speed: 866Mbps, Calculated Tx : 348Mbps, Rx Link speed: 650Mbps, Max Supported Rx Link speed: 866Mbps, Calculated Rx : 611Mbps, Frequency: 5240MHz, Net ID: 0, Metered hint: false, score: 100, isUsable: true, CarrierMerged: false, SubscriptionId: -1, IsPrimary: 1, Trusted: true, Restricted: false, Ephemeral: false, OEM paid: false, OEM private: false, OSU AP: false, FQDN: <none>, Provider friendly name: <none>, Requesting package name: <none>"90324BD3F068-5G"wpa2-pskMLO Information: , Is TID-To-Link negotiation supported by the AP: false, AP MLD Address: <none>, AP MLO Link Id: <none>, AP MLO Affiliated links: <none>, Vendor Data: <none>
08-01 05:33:29.969  4054  4253 D WifiScoreCard: txRate: 1 txSpeed: 390
08-01 05:33:29.969  4054  4253 D WifiScoreCard: network update SIGNAL_POLL "90324BD3F068-5G" ID: 1753303961 RSSI -58 txSpeed -1
08-01 05:33:29.970  4054  4253 D WifiClientModeImpl[46736571:wlan0]:  ClientModeImpl$L2ConnectedState screen=on 11 0 "90324BD3F068-5G" 90:32:4b:d3:f0:6b rssi=-58 f=5240 sc=100 link=390 tx=0.0, 0.0, 0.0 rx=0.0 bcn=3668 [on:83 tx:4 rx:0 period:3084] from screen [on:12231 period:142645] score=100
08-01 05:33:30.477   802   802 W [05:33:30.466796][dhd][wlan]dhd_plat_l1ss_ctrl: Control L1ss RC side 0
08-01 05:33:32.986   802   802 E logbuffer_pcie1: [22797] OC Initial Status check: 0x5FC(0xf0)
08-01 05:33:32.977  4054  4130 D OomAdjuster: Not killing cached processes
08-01 05:33:33.018   802   802 I logbuffer_pcie1: [22798] D state: 0, LTSSM: 0
08-01 05:33:33.018   802   802 I logbuffer_pcie1: [22799] L0(0x11)
08-01 05:33:33.022   802   802 W [05:33:33.011261][dhd][wlan]dhd_plat_l1ss_ctrl: Control L1ss RC side 1
08-01 05:33:33.074  4054  4253 D WifiClientModeImpl[46736571:wlan0]: updateLinkLayerStatsRssiSpeedFrequencyCapabilities rssi=-58 TxLinkspeed=390 freq=5240 RxLinkSpeed=650
08-01 05:33:33.075  4054  4253 D WifiDataStall: tx tput in kbps: 348791
08-01 05:33:33.075  4054  4253 D WifiDataStall: rx tput in kbps: 611914
08-01 05:33:33.075  4054  4253 V WifiConfigManager: Updating scan detail cache freq=5240 BSSID=90:32:4b:d3:f0:6b RSSI=-57 for "90324BD3F068-5G"WPA_PSK
08-01 05:33:33.075  4054  4253 D WifiChannelUtilization:  freq: 5240 onTime: 39757 busyTime: 1667410 onTimeDiff: 1410 busyTimeDiff: 159103 utilization: -1 utilization t0: -1
08-01 05:33:33.075  4054  4253 D WifiDataStall:  use default cca Level
08-01 05:33:33.075  4054  4253 D WifiDataStall:  ccaLevel = 15
08-01 05:33:33.075  4054  4253 D WifiDataStall: L2 txTputKbps: 348791, rxTputKbps: 611914, L3 txTputKbps: 0, rxTputKbps: 0, TxTrafficHigh: false, RxTrafficHigh: false, Throughput Sufficient: true
08-01 05:33:33.077  4054  4253 D WifiThroughputPredictor:  utilization (LLS) -1 isBluetoothConnected: false final utilization: 15
08-01 05:33:33.077  4054  4253 D WifiThroughputPredictor:  BW: 2 RSSI: -58 Nss: 2 Mode: 5 symDur: 3600 snrDb 16 bitPerTone: 5328 rate: 692 throughput: 651
08-01 05:33:33.077  4054  4253 D WifiThroughputPredictor:  utilization (LLS) -1 isBluetoothConnected: false final utilization: 15
08-01 05:33:33.077  4054  4253 D WifiThroughputPredictor:  BW: 2 RSSI: -58 Nss: 2 Mode: 5 symDur: 3600 snrDb 16 bitPerTone: 5328 rate: 692 throughput: 651
08-01 05:33:33.088   936   984 D WifiHAL : Start debug command
08-01 05:33:33.089   936   984 D WifiHAL : In DebugCommand::handleResponse, mType:4
08-01 05:33:33.089   936   984 D WifiHAL : len = 4, expected len = 4
08-01 05:33:33.091  4054  4253 I HalDevMgr: bestIfaceCreationProposal is null, requestIface=STA, existingIface=[name=wlan0 type=STA]
08-01 05:33:33.091  4054  4253 D WifiScoreCard: BSSID update SIGNAL_POLL ID: 1629483720 SSID: "90324BD3F068-5G", BSSID: 90:32:4b:d3:f0:6b, MAC: d2:bc:0e:8c:4e:68, IP: /192.168.3.92, Security type: 2, Supplicant state: COMPLETED, Wi-Fi standard: 11ac, RSSI: -58, Link speed: 390Mbps, Tx Link speed: 390Mbps, Max Supported Tx Link speed: 866Mbps, Calculated Tx : 348Mbps, Rx Link speed: 650Mbps, Max Supported Rx Link speed: 866Mbps, Calculated Rx : 611Mbps, Frequency: 5240MHz, Net ID: 0, Metered hint: false, score: 100, isUsable: true, CarrierMerged: false, SubscriptionId: -1, IsPrimary: 1, Trusted: true, Restricted: false, Ephemeral: false, OEM paid: false, OEM private: false, OSU AP: false, FQDN: <none>, Provider friendly name: <none>, Requesting package name: <none>"90324BD3F068-5G"wpa2-pskMLO Information: , Is TID-To-Link negotiation supported by the AP: false, AP MLD Address: <none>, AP MLO Link Id: <none>, AP MLO Affiliated links: <none>, Vendor Data: <none>
08-01 05:33:33.091  4054  4253 D WifiScoreCard: txRate: 1 txSpeed: 390
08-01 05:33:33.091  4054  4253 D WifiScoreCard: network update SIGNAL_POLL "90324BD3F068-5G" ID: 1753303961 RSSI -58 txSpeed -1
08-01 05:33:33.091  4054  4253 D WifiClientModeImpl[46736571:wlan0]:  ClientModeImpl$L2ConnectedState screen=on 11 0 "90324BD3F068-5G" 90:32:4b:d3:f0:6b rssi=-58 f=5240 sc=100 link=390 tx=0.0, 0.0, 0.0 rx=0.0 bcn=3698 [on:31 tx:3 rx:0 period:3121] from screen [on:12262 period:145766] score=100
08-01 05:33:33.561   802   802 W [05:33:33.550609][dhd][wlan]dhd_plat_l1ss_ctrl: Control L1ss RC side 0
08-01 05:33:33.714   878  1460 I Lyric   : proxy_camera_provider.cc:237: Attempting to rebind to ICameraProvider
08-01 05:33:35.148  5709  5709 D BoundBrokerSvc: onUnbind: Intent { act=com.google.android.gms.measurement.START xflg=0x4 pkg=com.google.android.gms }
08-01 05:33:36.108   802   802 E logbuffer_pcie1: [22800] OC Initial Status check: 0x5FC(0xf0)
08-01 05:33:36.140   802   802 I logbuffer_pcie1: [22801] D state: 0, LTSSM: 0
08-01 05:33:36.141   802   802 I logbuffer_pcie1: [22802] L0(0x11)
08-01 05:33:36.144   802   802 W [05:33:36.133765][dhd][wlan]dhd_plat_l1ss_ctrl: Control L1ss RC side 1
08-01 05:33:36.197  4054  4253 D WifiClientModeImpl[46736571:wlan0]: updateLinkLayerStatsRssiSpeedFrequencyCapabilities rssi=-58 TxLinkspeed=390 freq=5240 RxLinkSpeed=650
08-01 05:33:36.198  4054  4253 D WifiDataStall: tx tput in kbps: 348791
08-01 05:33:36.198  4054  4253 D WifiDataStall: rx tput in kbps: 611914
08-01 05:33:36.198  4054  4253 V WifiConfigManager: Updating scan detail cache freq=5240 BSSID=90:32:4b:d3:f0:6b RSSI=-57 for "90324BD3F068-5G"WPA_PSK
08-01 05:33:36.198  4054  4253 D WifiChannelUtilization:  freq: 5240 onTime: 39819 busyTime: 1680309 onTimeDiff: 1472 busyTimeDiff: 172002 utilization: -1 utilization t0: -1
08-01 05:33:36.198  4054  4253 D WifiDataStall:  use default cca Level
08-01 05:33:36.198  4054  4253 D WifiDataStall:  ccaLevel = 15
08-01 05:33:36.198  4054  4253 D WifiDataStall: L2 txTputKbps: 348791, rxTputKbps: 611914, L3 txTputKbps: 0, rxTputKbps: 0, TxTrafficHigh: false, RxTrafficHigh: false, Throughput Sufficient: true
08-01 05:33:36.201  4054  4253 D WifiThroughputPredictor:  utilization (LLS) -1 isBluetoothConnected: false final utilization: 15
08-01 05:33:36.201  4054  4253 D WifiThroughputPredictor:  BW: 2 RSSI: -58 Nss: 2 Mode: 5 symDur: 3600 snrDb 16 bitPerTone: 5328 rate: 692 throughput: 651
08-01 05:33:36.201  4054  4253 D WifiThroughputPredictor:  utilization (LLS) -1 isBluetoothConnected: false final utilization: 15
08-01 05:33:36.201  4054  4253 D WifiThroughputPredictor:  BW: 2 RSSI: -58 Nss: 2 Mode: 5 symDur: 3600 snrDb 16 bitPerTone: 5328 rate: 692 throughput: 651
08-01 05:33:36.212   936  3260 D WifiHAL : Start debug command
08-01 05:33:36.212   936  3260 D WifiHAL : In DebugCommand::handleResponse, mType:4
08-01 05:33:36.212   936  3260 D WifiHAL : len = 4, expected len = 4
08-01 05:33:36.215  4054  4253 I HalDevMgr: bestIfaceCreationProposal is null, requestIface=STA, existingIface=[name=wlan0 type=STA]
08-01 05:33:36.216  4054  4253 D WifiScoreCard: BSSID update SIGNAL_POLL ID: 1629483720 SSID: "90324BD3F068-5G", BSSID: 90:32:4b:d3:f0:6b, MAC: d2:bc:0e:8c:4e:68, IP: /192.168.3.92, Security type: 2, Supplicant state: COMPLETED, Wi-Fi standard: 11ac, RSSI: -58, Link speed: 390Mbps, Tx Link speed: 390Mbps, Max Supported Tx Link speed: 866Mbps, Calculated Tx : 348Mbps, Rx Link speed: 650Mbps, Max Supported Rx Link speed: 866Mbps, Calculated Rx : 611Mbps, Frequency: 5240MHz, Net ID: 0, Metered hint: false, score: 100, isUsable: true, CarrierMerged: false, SubscriptionId: -1, IsPrimary: 1, Trusted: true, Restricted: false, Ephemeral: false, OEM paid: false, OEM private: false, OSU AP: false, FQDN: <none>, Provider friendly name: <none>, Requesting package name: <none>"90324BD3F068-5G"wpa2-pskMLO Information: , Is TID-To-Link negotiation supported by the AP: false, AP MLD Address: <none>, AP MLO Link Id: <none>, AP MLO Affiliated links: <none>, Vendor Data: <none>
08-01 05:33:36.216  4054  4253 D WifiScoreCard: txRate: 1 txSpeed: 390
08-01 05:33:36.216  4054  4253 D WifiScoreCard: network update SIGNAL_POLL "90324BD3F068-5G" ID: 1753303961 RSSI -58 txSpeed -1
08-01 05:33:36.216  4054  4253 D WifiClientModeImpl[46736571:wlan0]:  ClientModeImpl$L2ConnectedState screen=on 11 0 "90324BD3F068-5G" 90:32:4b:d3:f0:6b rssi=-58 f=5240 sc=100 link=390 tx=0.0, 0.0, 0.0 rx=0.0 bcn=3729 [on:65 tx:3 rx:0 period:3124] from screen [on:12327 period:148891] score=100
08-01 05:33:36.685   802   802 W [05:33:36.675098][dhd][wlan]dhd_plat_l1ss_ctrl: Control L1ss RC side 0
08-01 05:33:38.254  4054  4174 D OomAdjuster: Not killing cached processes
08-01 05:33:39.233   802   802 E logbuffer_pcie1: [22803] OC Initial Status check: 0x5FC(0xf0)
08-01 05:33:39.266   802   802 I logbuffer_pcie1: [22804] D state: 0, LTSSM: 0
08-01 05:33:39.266   802   802 I logbuffer_pcie1: [22805] L0(0x11)
08-01 05:33:39.270   802   802 W [05:33:39.259373][dhd][wlan]dhd_plat_l1ss_ctrl: Control L1ss RC side 1
08-01 05:33:39.324  4054  4253 D WifiClientModeImpl[46736571:wlan0]: updateLinkLayerStatsRssiSpeedFrequencyCapabilities rssi=-58 TxLinkspeed=390 freq=5240 RxLinkSpeed=650
08-01 05:33:39.324  4054  4253 D WifiDataStall: tx tput in kbps: 348791
08-01 05:33:39.324  4054  4253 D WifiDataStall: rx tput in kbps: 611914
08-01 05:33:39.324  4054  4253 V WifiConfigManager: Updating scan detail cache freq=5240 BSSID=90:32:4b:d3:f0:6b RSSI=-57 for "90324BD3F068-5G"WPA_PSK
08-01 05:33:39.325  4054  4253 D WifiChannelUtilization:  freq: 5240 onTime: 39875 busyTime: 1693208 onTimeDiff: 1528 busyTimeDiff: 184901 utilization: -1 utilization t0: -1
08-01 05:33:39.325  4054  4253 D WifiDataStall:  use default cca Level
08-01 05:33:39.325  4054  4253 D WifiDataStall:  ccaLevel = 15
08-01 05:33:39.325  4054  4253 D WifiDataStall: L2 txTputKbps: 348791, rxTputKbps: 611914, L3 txTputKbps: 0, rxTputKbps: 0, TxTrafficHigh: false, RxTrafficHigh: false, Throughput Sufficient: true
08-01 05:33:39.326  4054  4253 D WifiThroughputPredictor:  utilization (LLS) -1 isBluetoothConnected: false final utilization: 15
08-01 05:33:39.326  4054  4253 D WifiThroughputPredictor:  BW: 2 RSSI: -58 Nss: 2 Mode: 5 symDur: 3600 snrDb 16 bitPerTone: 5328 rate: 692 throughput: 651
08-01 05:33:39.326  4054  4253 D WifiThroughputPredictor:  utilization (LLS) -1 isBluetoothConnected: false final utilization: 15
08-01 05:33:39.326  4054  4253 D WifiThroughputPredictor:  BW: 2 RSSI: -58 Nss: 2 Mode: 5 symDur: 3600 snrDb 16 bitPerTone: 5328 rate: 692 throughput: 651
08-01 05:33:39.336   936  3260 D WifiHAL : Start debug command
08-01 05:33:39.336   936  3260 D WifiHAL : In DebugCommand::handleResponse, mType:4
08-01 05:33:39.336   936  3260 D WifiHAL : len = 4, expected len = 4
08-01 05:33:39.337  4054  4253 I HalDevMgr: bestIfaceCreationProposal is null, requestIface=STA, existingIface=[name=wlan0 type=STA]
08-01 05:33:39.337  4054  4253 D WifiScoreCard: BSSID update SIGNAL_POLL ID: 1629483720 SSID: "90324BD3F068-5G", BSSID: 90:32:4b:d3:f0:6b, MAC: d2:bc:0e:8c:4e:68, IP: /192.168.3.92, Security type: 2, Supplicant state: COMPLETED, Wi-Fi standard: 11ac, RSSI: -58, Link speed: 390Mbps, Tx Link speed: 390Mbps, Max Supported Tx Link speed: 866Mbps, Calculated Tx : 348Mbps, Rx Link speed: 650Mbps, Max Supported Rx Link speed: 866Mbps, Calculated Rx : 611Mbps, Frequency: 5240MHz, Net ID: 0, Metered hint: false, score: 100, isUsable: true, CarrierMerged: false, SubscriptionId: -1, IsPrimary: 1, Trusted: true, Restricted: false, Ephemeral: false, OEM paid: false, OEM private: false, OSU AP: false, FQDN: <none>, Provider friendly name: <none>, Requesting package name: <none>"90324BD3F068-5G"wpa2-pskMLO Information: , Is TID-To-Link negotiation supported by the AP: false, AP MLD Address: <none>, AP MLO Link Id: <none>, AP MLO Affiliated links: <none>, Vendor Data: <none>
08-01 05:33:39.338  4054  4253 D WifiScoreCard: txRate: 1 txSpeed: 390
08-01 05:33:39.338  4054  4253 D WifiScoreCard: network update SIGNAL_POLL "90324BD3F068-5G" ID: 1753303961 RSSI -58 txSpeed -1
08-01 05:33:39.338  4054  4253 D WifiClientModeImpl[46736571:wlan0]:  ClientModeImpl$L2ConnectedState screen=on 11 0 "90324BD3F068-5G" 90:32:4b:d3:f0:6b rssi=-58 f=5240 sc=100 link=390 tx=0.0, 0.0, 0.0 rx=0.0 bcn=3759 [on:56 tx:3 rx:0 period:3121] from screen [on:12383 period:152013] score=100
08-01 05:33:40.125   802   802 W [05:33:40.114348][dhd][wlan]dhd_plat_l1ss_ctrl: Control L1ss RC side 0
08-01 05:33:40.885  4054  4138 D CompatChangeReporter: Compat change id reported: 313677553; UID 1010128; state: ENABLED
08-01 05:33:42.354   802   802 E logbuffer_pcie1: [22806] OC Initial Status check: 0x5FC(0xf0)
08-01 05:33:42.386   802   802 I logbuffer_pcie1: [22807] D state: 0, LTSSM: 0
08-01 05:33:42.386   802   802 I logbuffer_pcie1: [22808] L0(0x11)
08-01 05:33:42.390   802   802 W [05:33:42.379419][dhd][wlan]dhd_plat_l1ss_ctrl: Control L1ss RC side 1
08-01 05:33:42.428  4054  4253 D WifiClientModeImpl[46736571:wlan0]: updateLinkLayerStatsRssiSpeedFrequencyCapabilities rssi=-58 TxLinkspeed=390 freq=5240 RxLinkSpeed=650
08-01 05:33:42.428  4054  4253 D WifiDataStall: tx tput in kbps: 348791
08-01 05:33:42.428  4054  4253 D WifiDataStall: rx tput in kbps: 611914
08-01 05:33:42.428  4054  4253 V WifiConfigManager: Updating scan detail cache freq=5240 BSSID=90:32:4b:d3:f0:6b RSSI=-57 for "90324BD3F068-5G"WPA_PSK
08-01 05:33:42.428  4054  4253 D WifiChannelUtilization:  freq: 5240 onTime: 39943 busyTime: 1706107 onTimeDiff: 297 busyTimeDiff: 64496 utilization: -1 utilization t0: -1
08-01 05:33:42.429  4054  4253 D WifiDataStall:  use default cca Level
08-01 05:33:42.429  4054  4253 D WifiDataStall:  ccaLevel = 15
08-01 05:33:42.429  4054  4253 D WifiDataStall: L2 txTputKbps: 348791, rxTputKbps: 611914, L3 txTputKbps: 0, rxTputKbps: 1, TxTrafficHigh: false, RxTrafficHigh: false, Throughput Sufficient: true
08-01 05:33:42.430  4054  4253 D WifiThroughputPredictor:  utilization (LLS) -1 isBluetoothConnected: false final utilization: 15
08-01 05:33:42.430  4054  4253 D WifiThroughputPredictor:  BW: 2 RSSI: -58 Nss: 2 Mode: 5 symDur: 3600 snrDb 16 bitPerTone: 5328 rate: 692 throughput: 651
08-01 05:33:42.430  4054  4253 D WifiThroughputPredictor:  utilization (LLS) -1 isBluetoothConnected: false final utilization: 15
08-01 05:33:42.430  4054  4253 D WifiThroughputPredictor:  BW: 2 RSSI: -58 Nss: 2 Mode: 5 symDur: 3600 snrDb 16 bitPerTone: 5328 rate: 692 throughput: 651
08-01 05:33:42.437   936   984 D WifiHAL : Start debug command
08-01 05:33:42.437   936   984 D WifiHAL : In DebugCommand::handleResponse, mType:4
08-01 05:33:42.437   936   984 D WifiHAL : len = 4, expected len = 4
08-01 05:33:42.439  4054  4253 I HalDevMgr: bestIfaceCreationProposal is null, requestIface=STA, existingIface=[name=wlan0 type=STA]
08-01 05:33:42.440  4054  4253 D WifiScoreCard: BSSID update SIGNAL_POLL ID: 1629483720 SSID: "90324BD3F068-5G", BSSID: 90:32:4b:d3:f0:6b, MAC: d2:bc:0e:8c:4e:68, IP: /192.168.3.92, Security type: 2, Supplicant state: COMPLETED, Wi-Fi standard: 11ac, RSSI: -58, Link speed: 390Mbps, Tx Link speed: 390Mbps, Max Supported Tx Link speed: 866Mbps, Calculated Tx : 348Mbps, Rx Link speed: 650Mbps, Max Supported Rx Link speed: 866Mbps, Calculated Rx : 611Mbps, Frequency: 5240MHz, Net ID: 0, Metered hint: false, score: 100, isUsable: true, CarrierMerged: false, SubscriptionId: -1, IsPrimary: 1, Trusted: true, Restricted: false, Ephemeral: false, OEM paid: false, OEM private: false, OSU AP: false, FQDN: <none>, Provider friendly name: <none>, Requesting package name: <none>"90324BD3F068-5G"wpa2-pskMLO Information: , Is TID-To-Link negotiation supported by the AP: false, AP MLD Address: <none>, AP MLO Link Id: <none>, AP MLO Affiliated links: <none>, Vendor Data: <none>
08-01 05:33:42.440  4054  4253 D WifiScoreCard: txRate: 1 txSpeed: 390
08-01 05:33:42.440  4054  4253 D WifiScoreCard: network update SIGNAL_POLL "90324BD3F068-5G" ID: 1753303961 RSSI -58 txSpeed -1
08-01 05:33:42.440  4054  4253 D WifiClientModeImpl[46736571:wlan0]:  ClientModeImpl$L2ConnectedState screen=on 11 0 "90324BD3F068-5G" 90:32:4b:d3:f0:6b rssi=-58 f=5240 sc=100 link=390 tx=0.0, 0.0, 0.0 rx=0.0 bcn=3789 [on:69 tx:3 rx:0 period:3102] from screen [on:12452 period:155115] score=100
08-01 05:33:42.884  4054  4158 I SharedLibrariesImpl: Start pruneUnusedStaticSharedLibraries for neededSpace: 9223372036854775807 maxCachePeriod: 604800000
08-01 05:33:43.657   802   802 W [05:33:43.646819][dhd][wlan]dhd_plat_l1ss_ctrl: Control L1ss RC side 0
08-01 05:33:43.708   802   802 E logbuffer_pcie1: [22809] OC Initial Status check: 0x5FC(0xf0)
08-01 05:33:43.740   802   802 I logbuffer_pcie1: [22810] D state: 0, LTSSM: 0
08-01 05:33:43.741   802   802 I logbuffer_pcie1: [22811] L0(0x11)
08-01 05:33:43.744   802   802 W [05:33:43.733914][dhd][wlan]dhd_plat_l1ss_ctrl: Control L1ss RC side 1
08-01 05:33:44.805   802   802 W [05:33:44.795090][dhd][wlan]dhd_plat_l1ss_ctrl: Control L1ss RC side 0
08-01 05:33:45.457   802   802 E logbuffer_pcie1: [22812] OC Initial Status check: 0x5FC(0xf0)
08-01 05:33:45.489   802   802 I logbuffer_pcie1: [22813] D state: 0, LTSSM: 0
08-01 05:33:45.489   802   802 I logbuffer_pcie1: [22814] L0(0x11)
08-01 05:33:45.493   802   802 W [05:33:45.482243][dhd][wlan]dhd_plat_l1ss_ctrl: Control L1ss RC side 1
08-01 05:33:45.534  4054  4253 D WifiClientModeImpl[46736571:wlan0]: updateLinkLayerStatsRssiSpeedFrequencyCapabilities rssi=-58 TxLinkspeed=390 freq=5240 RxLinkSpeed=650
08-01 05:33:45.535  4054  4253 D WifiDataStall: tx tput in kbps: 348791
08-01 05:33:45.535  4054  4253 D WifiDataStall: rx tput in kbps: 611914
08-01 05:33:45.535  4054  4253 V WifiConfigManager: Updating scan detail cache freq=5240 BSSID=90:32:4b:d3:f0:6b RSSI=-57 for "90324BD3F068-5G"WPA_PSK
08-01 05:33:45.536  4054  4253 D WifiChannelUtilization:  freq: 5240 onTime: 40153 busyTime: 1719007 onTimeDiff: 507 busyTimeDiff: 77396 utilization: -1 utilization t0: -1
08-01 05:33:45.536  4054  4253 D WifiDataStall:  use default cca Level
08-01 05:33:45.536  4054  4253 D WifiDataStall:  ccaLevel = 15
08-01 05:33:45.536  4054  4253 D WifiDataStall: L2 txTputKbps: 348791, rxTputKbps: 611914, L3 txTputKbps: 0, rxTputKbps: 1, TxTrafficHigh: false, RxTrafficHigh: false, Throughput Sufficient: true
08-01 05:33:45.537  4054  4253 D WifiThroughputPredictor:  utilization (LLS) -1 isBluetoothConnected: false final utilization: 15
08-01 05:33:45.537  4054  4253 D WifiThroughputPredictor:  BW: 2 RSSI: -58 Nss: 2 Mode: 5 symDur: 3600 snrDb 16 bitPerTone: 5328 rate: 692 throughput: 651
08-01 05:33:45.537  4054  4253 D WifiThroughputPredictor:  utilization (LLS) -1 isBluetoothConnected: false final utilization: 15
08-01 05:33:45.537  4054  4253 D WifiThroughputPredictor:  BW: 2 RSSI: -58 Nss: 2 Mode: 5 symDur: 3600 snrDb 16 bitPerTone: 5328 rate: 692 throughput: 651
08-01 05:33:45.546   936  3260 D WifiHAL : Start debug command
08-01 05:33:45.546   936  3260 D WifiHAL : In DebugCommand::handleResponse, mType:4
08-01 05:33:45.546   936  3260 D WifiHAL : len = 4, expected len = 4
08-01 05:33:45.548  4054  4253 I HalDevMgr: bestIfaceCreationProposal is null, requestIface=STA, existingIface=[name=wlan0 type=STA]
08-01 05:33:45.548  4054  4253 D WifiScoreCard: BSSID update SIGNAL_POLL ID: 1629483720 SSID: "90324BD3F068-5G", BSSID: 90:32:4b:d3:f0:6b, MAC: d2:bc:0e:8c:4e:68, IP: /192.168.3.92, Security type: 2, Supplicant state: COMPLETED, Wi-Fi standard: 11ac, RSSI: -58, Link speed: 390Mbps, Tx Link speed: 390Mbps, Max Supported Tx Link speed: 866Mbps, Calculated Tx : 348Mbps, Rx Link speed: 650Mbps, Max Supported Rx Link speed: 866Mbps, Calculated Rx : 611Mbps, Frequency: 5240MHz, Net ID: 0, Metered hint: false, score: 100, isUsable: true, CarrierMerged: false, SubscriptionId: -1, IsPrimary: 1, Trusted: true, Restricted: false, Ephemeral: false, OEM paid: false, OEM private: false, OSU AP: false, FQDN: <none>, Provider friendly name: <none>, Requesting package name: <none>"90324BD3F068-5G"wpa2-pskMLO Information: , Is TID-To-Link negotiation supported by the AP: false, AP MLD Address: <none>, AP MLO Link Id: <none>, AP MLO Affiliated links: <none>, Vendor Data: <none>
08-01 05:33:45.549  4054  4253 D WifiScoreCard: txRate: 1 txSpeed: 390
08-01 05:33:45.549  4054  4253 D WifiScoreCard: network update SIGNAL_POLL "90324BD3F068-5G" ID: 1753303961 RSSI -58 txSpeed -1
08-01 05:33:45.549  4054  4253 D WifiClientModeImpl[46736571:wlan0]:  ClientModeImpl$L2ConnectedState screen=on 11 0 "90324BD3F068-5G" 90:32:4b:d3:f0:6b rssi=-58 f=5240 sc=100 link=390 tx=0.6, 0.0, 0.0 rx=0.4 bcn=3819 [on:208 tx:5 rx:0 period:3109] from screen [on:12660 period:158224] score=100
08-01 05:33:46.037   802   802 W [05:33:46.026478][dhd][wlan]dhd_plat_l1ss_ctrl: Control L1ss RC side 0
08-01 05:33:46.060  9689  9711 I native  : I0000 00:00:1785562426.060680    9711 delegate_kernel.cc:313] Total 32 external tensors are used for delegate inputs and outputs
08-01 05:33:46.060  9689  9711 I native  : I0000 00:00:1785562426.060846    9711 delegate_kernel.cc:840] Initializing OpenCL-based API from serialized data.
08-01 05:33:46.522  9689  9711 I native  : I0000 00:00:1785562426.522556    9711 delegate_kernel.cc:738] Initialized InferenceContext from serialized data.
08-01 05:33:46.587  9689  9711 I tflite  : Replacing 1107 out of 1107 node(s) with delegate (LITERT_CL) node, yielding 1 partitions for subgraph 1.
08-01 05:33:46.754  4054  4130 D OomAdjuster: Not killing cached processes
08-01 05:33:46.776  9689  9711 I native  : I0000 00:00:1785562426.776653    9711 delegate_kernel.cc:313] Total 31 external tensors are used for delegate inputs and outputs
08-01 05:33:46.776  9689  9711 I native  : I0000 00:00:1785562426.776741    9711 delegate_kernel.cc:840] Initializing OpenCL-based API from serialized data.
08-01 05:33:47.007  9689  9711 I native  : I0000 00:00:1785562427.007071    9711 delegate_kernel.cc:738] Initialized InferenceContext from serialized data.
08-01 05:33:47.020  9689  9711 I tflite  : Replacing 1107 out of 1107 node(s) with delegate (LITERT_CL) node, yielding 1 partitions for subgraph 2.
08-01 05:33:47.032  9689  9711 I native  : I0000 00:00:1785562427.032886    9711 delegate_kernel.cc:313] Total 31 external tensors are used for delegate inputs and outputs
08-01 05:33:47.032  9689  9711 I native  : I0000 00:00:1785562427.032952    9711 delegate_kernel.cc:840] Initializing OpenCL-based API from serialized data.
08-01 05:33:47.125  9689  9711 I native  : I0000 00:00:1785562427.125460    9711 delegate_kernel.cc:738] Initialized InferenceContext from serialized data.
08-01 05:33:47.131  9689  9711 I tflite  : Replacing 2243 out of 2243 node(s) with delegate (LITERT_CL) node, yielding 1 partitions for subgraph 3.
08-01 05:33:47.158  9689  9711 I native  : I0000 00:00:1785562427.158241    9711 delegate_kernel.cc:313] Total 32 external tensors are used for delegate inputs and outputs
08-01 05:33:47.158  9689  9711 I native  : I0000 00:00:1785562427.158331    9711 delegate_kernel.cc:840] Initializing OpenCL-based API from serialized data.
08-01 05:33:47.306  9689  9711 I native  : I0000 00:00:1785562427.306466    9711 delegate_kernel.cc:738] Initialized InferenceContext from serialized data.
08-01 05:33:47.325  9689  9711 I litert  : [environment.cc:30] Creating LiteRT environment with options
08-01 05:33:47.325  9689  9711 W litert  : [npu_registry.cc:34] NPU accelerator could not be loaded and registered: kLiteRtStatusErrorInvalidArgument.
08-01 05:33:47.325  9689  9711 I litert  : [accelerator_registry.cc:54] RegisterAccelerator: ptr=0x7aa3981a90, name=LiteRT GPU
08-01 05:33:47.325  9689  9711 I litert  : [gpu_registry.cc:87] Statically linked GPU accelerator registered.
08-01 05:33:47.325  9689  9711 I litert  : [accelerator_registry.cc:54] RegisterAccelerator: ptr=0x7aa3981c10, name=CpuAccelerator
08-01 05:33:47.325  9689  9711 I litert  : [cpu_registry.cc:42] CPU accelerator registered.
08-01 05:33:47.350  9689  9711 I native  : I0000 00:00:1785562427.350824    9711 model_resources_litert_lm.cc:121] model_type: TF_LITE_END_OF_AUDIO
08-01 05:33:47.350  9689  9711 I native  : I0000 00:00:1785562427.350893    9711 model_resources_litert_lm.cc:122] litert model size: 6772
08-01 05:33:47.351  9689  9711 I native  : I0000 00:00:1785562427.351062    9711 model_resources_litert_lm.cc:121] model_type: TF_LITE_END_OF_VISION
08-01 05:33:47.351  9689  9711 I native  : I0000 00:00:1785562427.351109    9711 model_resources_litert_lm.cc:122] litert model size: 6772
08-01 05:33:47.351  9689  9711 I native  : I0000 00:00:1785562427.351433    9711 model_resources_litert_lm.cc:121] model_type: TF_LITE_EMBEDDER
08-01 05:33:47.351  9689  9711 I native  : I0000 00:00:1785562427.351444    9711 model_resources_litert_lm.cc:122] litert model size: 103811720
08-01 05:33:47.353  9689  9711 I litert  : [magic_number_utils.cc:97] Loaded: num_subgraphs=1, num_signatures=1
08-01 05:33:47.353  9689  9711 I litert  : [magic_number_utils.cc:105]   signature=embedder, subgraph_index=0, num_tensors=16, num_inputs=1, num_outputs=1, num_ops=8
08-01 05:33:47.353  9689  9711 I litert  : [magic_number_utils.cc:109] Magic number configs: num_configs=1
08-01 05:33:47.353  9689  9711 I litert  : [magic_number_utils.cc:116]   config[0]: magic_number=32003, target_number=3072, signature_prefix=null
08-01 05:33:47.353  9689  9711 I litert  : [compiled_model.cc:805] Flatbuffer model initialized directly from incoming litert model.
08-01 05:33:47.357  9689  9711 W litert  : [compiled_model.cc:941] You should provide the `DispatchLibraryDir` option to use NPU.
08-01 05:33:47.357  9689  9711 I tflite  : Created TensorFlow Lite XNNPACK delegate for CPU.
08-01 05:33:47.357  9689  9711 I tflite  : Replacing 2 out of 8 node(s) with delegate (TfLiteXNNPackDelegate) node, yielding 2 partitions for subgraph 0.
08-01 05:33:47.357  9689  9711 I native  : I0000 00:00:1785562427.357915    9711 embedding_lookup_text.cc:310] EmbeddingLookupText::Initialize Creating input buffers
08-01 05:33:47.358  9689  9711 I native  : I0000 00:00:1785562427.358225    9711 embedding_lookup_text.cc:349] EmbeddingLookupText initialized: signature=embedder, rank=3, floats_per_token=1536
08-01 05:33:47.359  9689  9711 I litert  : [magic_number_utils.cc:97] Loaded: num_subgraphs=1, num_signatures=1
08-01 05:33:47.359  9689  9711 I litert  : [magic_number_utils.cc:105]   signature=eoa, subgraph_index=0, num_tensors=1, num_inputs=0, num_outputs=1, num_ops=0
08-01 05:33:47.359  9689  9711 I litert  : [magic_number_utils.cc:109] Magic number configs: num_configs=1
08-01 05:33:47.359  9689  9711 I litert  : [magic_number_utils.cc:116]   config[0]: magic_number=32003, target_number=3072, signature_prefix=null
08-01 05:33:47.359  9689  9711 I litert  : [compiled_model.cc:805] Flatbuffer model initialized directly from incoming litert model.
08-01 05:33:47.359  9689  9711 W litert  : [compiled_model.cc:941] You should provide the `DispatchLibraryDir` option to use NPU.
08-01 05:33:47.360  9689  9711 I litert  : [compiled_model.cc:1641] Tracked constant output tensor eoa_embedding with locked address
08-01 05:33:47.360  9689  9711 I litert  : [magic_number_utils.cc:97] Loaded: num_subgraphs=1, num_signatures=1
08-01 05:33:47.360  9689  9711 I litert  : [magic_number_utils.cc:105]   signature=eoi, subgraph_index=0, num_tensors=1, num_inputs=0, num_outputs=1, num_ops=0
08-01 05:33:47.360  9689  9711 I litert  : [magic_number_utils.cc:109] Magic number configs: num_configs=1
08-01 05:33:47.360  9689  9711 I litert  : [magic_number_utils.cc:116]   config[0]: magic_number=32003, target_number=3072, signature_prefix=null
08-01 05:33:47.360  9689  9711 I litert  : [compiled_model.cc:805] Flatbuffer model initialized directly from incoming litert model.
08-01 05:33:47.360  9689  9711 W litert  : [compiled_model.cc:941] You should provide the `DispatchLibraryDir` option to use NPU.
08-01 05:33:47.360  9689  9711 I litert  : [compiled_model.cc:1641] Tracked constant output tensor eoi_embedding with locked address
08-01 05:33:47.360  9689  9711 I native  : I0000 00:00:1785562427.360560    9711 model_resources_litert_lm.cc:121] model_type: TF_LITE_PER_LAYER_EMBEDDER
08-01 05:33:47.360  9689  9711 I native  : I0000 00:00:1785562427.360576    9711 model_resources_litert_lm.cc:122] litert model size: 1284518392
08-01 05:33:47.381  4054  4253 D WifiNetworkSelector: Current connected network: 0
08-01 05:33:47.381  4054  4253 V WifiConnectivityManager: No partial scan because firmware roaming is supported.
08-01 05:33:47.381  4054  4253 V WifiConnectivityManager: schedulePeriodicScanTimer intervalMs 20000
08-01 05:33:47.401  9689  9711 I litert  : [magic_number_utils.cc:97] Loaded: num_subgraphs=1, num_signatures=1
08-01 05:33:47.401  9689  9711 I litert  : [magic_number_utils.cc:105]   signature=per_layer_embedder, subgraph_index=0, num_tensors=83, num_inputs=1, num_outputs=1, num_ops=42
08-01 05:33:47.401  9689  9711 I litert  : [magic_number_utils.cc:109] Magic number configs: num_configs=1
08-01 05:33:47.401  9689  9711 I litert  : [magic_number_utils.cc:116]   config[0]: magic_number=32003, target_number=3072, signature_prefix=null
08-01 05:33:47.401  9689  9711 I litert  : [compiled_model.cc:805] Flatbuffer model initialized directly from incoming litert model.
08-01 05:33:47.534  9689  9711 W litert  : [compiled_model.cc:941] You should provide the `DispatchLibraryDir` option to use NPU.
08-01 05:33:47.534  9689  9711 I tflite  : Replacing 1 out of 42 node(s) with delegate (TfLiteXNNPackDelegate) node, yielding 2 partitions for subgraph 0.
08-01 05:33:47.534  9689  9711 I native  : I0000 00:00:1785562427.534520    9711 embedding_lookup_text.cc:310] EmbeddingLookupText::Initialize Creating input buffers
08-01 05:33:47.534  9689  9711 I native  : I0000 00:00:1785562427.534595    9711 embedding_lookup_text.cc:349] EmbeddingLookupText initialized: signature=per_layer_embedder, rank=4, floats_per_token=8960
08-01 05:33:47.535  9689  9711 I native  : I0000 00:00:1785562427.535323    9711 engine_settings.cc:101] The Main backend constraint is not set.
08-01 05:33:47.535  9689  9711 I native  : I0000 00:00:1785562427.535347    9711 engine_settings.cc:448] The validated engine settings: EngineSettings: 
08-01 05:33:47.535  9689  9711 I native  :   MainExecutorSettings: backend: GPU
08-01 05:33:47.535  9689  9711 I native  : backend_config:
08-01 05:33:47.535  9689  9711 I native  : max_top_k: 1
08-01 05:33:47.535  9689  9711 I native  : 
08-01 05:33:47.535  9689  9711 I native  : max_tokens: 3072
08-01 05:33:47.535  9689  9711 I native  : activation_data_type: FLOAT16
08-01 05:33:47.535  9689  9711 I native  : max_num_images: 0
08-01 05:33:47.535  9689  9711 I native  : lora_rank: 0
08-01 05:33:47.535  9689  9711 I native  : cache_dir: /data/user/10/com.tcs.vehicleassistant/no_backup/litertlm_kernel_cache
08-01 05:33:47.535  9689  9711 I native  : cache_file: Not set
08-01 05:33:47.535  9689  9711 I native  : litert_dispatch_lib_dir: Not set
08-01 05:33:47.535  9689  9711 I native  : model_assets: model_path: /data/local/tmp/llm/gemma-4-E2B-it.litertlm
08-01 05:33:47.535  9689  9711 I native  : fake_weights_mode: FAKE_WEIGHTS_NONE
08-01 05:33:47.535  9689  9711 I native  : 
08-01 05:33:47.535  9689  9711 I native  : advanced_settings: prefill_batch_sizes: []
08-01 05:33:47.535  9689  9711 I native  : num_output_candidates: 1
08-01 05:33:47.535  9689  9711 I native  : configure_magic_numbers: true
08-01 05:33:47.535  9689  9711 I native  : verify_magic_numbers: false
08-01 05:33:47.535  9689  9711 I native  : clear_kv_cache_before_prefill: true
08-01 05:33:47.535  9689  9711 I native  : num_logits_to_print_after_decode: 0
08-01 05:33:47.535  9689  9711 I native  : gpu_madvise_original_shared_tensors: true
08-01 05:33:47.535  9689  9711 I native  : is_benchmark: false
08-01 05:33:47.535  9689  9711 I native  : preferred_device_substr: 
08-01 05:33:47.535  9689  9711 I native  : num_threads_to_upload: -1
08-01 05:33:47.535  9689  9711 I native  : num_threads_to_compile: -1
08-01 05:33:47.535  9689  9711 I native  : convert_weights_on_gpu: true
08-01 05:33:47.535  9689  9711 I native  : wait_for_weights_conversion_complete_in_benchmark: true
08-01 05:33:47.535  9689  9711 I native  : optimize_shader_compilation: true
08-01 05:33:47.535  9689  9711 I native  : cache_compiled_shaders_only: false
08-01 05:33:47.535  9689  9711 I native  : share_constant_tensors: true
08-01 05:33:47.535  9689  9711 I native  : sampler_handles_input: true
08-01 05:33:47.535  9689  9711 I native  : allow_src_quantized_fc_conv_ops: true
08-01 05:33:47.535  9689  9711 I native  : hint_waiting_for_completion: false
08-01 05:33:47.535  9689  9711 I native  : gpu_context_low_priority: Not set
08-01 05:33:47.535  9689  9711 I native  : enable_speculative_decoding: false
08-01 05:33:47.535  9689  9711 I native  : disable_delegate_clustering: true
08-01 05:33:47.535  9689  9711 I native  : hint_kernel_batch_size: Not set
08-01 05:33:47.535  9689  9711 I native  : 
08-01 05:33:47.535  9689  9711 I native  : diffusion_config: Not set
08-01 05:33:47.535  9689  9711 I native  :   LlmMetadata: MessageLite at 0x7937234f20  BenchmarkParams: Not set
08-01 05:33:47.535  9689  9711 I native  :   VisionExecutorSettings: Not set
08-01 05:33:47.535  9689  9711 I native  :   AudioExecutorSettings: Not set
08-01 05:33:47.535  9689  9711 I native  :   ParallelFileSectionLoading: true
08-01 05:33:47.535  9689  9711 I native  :   SingleThreadedExecution: false
08-01 05:33:47.535  9689  9711 I native  : I0000 00:00:1785562427.535407    9711 threadpool.cc:41] ThreadPool 'execution_thread_pool': Running up to 1 threads.
08-01 05:33:47.535  9689  9711 I native  : I0000 00:00:1785562427.535415    9711 threadpool.cc:41] ThreadPool 'callback_thread_pool': Running up to 1 threads.
08-01 05:33:47.550  9689  9711 I native  : I0000 00:00:1785562427.550187    9711 model_data_processor_factory.cc:598] Creating Gemma4DataProcessor
08-01 05:33:47.550  9689  9711 W native  : W0000 00:00:1785562427.550479    9711 mel_filterbank.cc:137] Missing 10 bands  starting at 0 in mel-frequency design. Perhaps too many channels or not enough frequency resolution in spectrum. (fft_length: 257 sample_rate: 16000 mel_channel_count: 128 lower_frequency_limit: 0 upper_frequency_limit: 8000
08-01 05:33:47.550  9689  9711 D LLMManager: Conversation reset. isFirstMessage=true backend=GPU speculativeWas=false
08-01 05:33:47.552  9689  9711 I LLMManager: Engine ready: model=/data/local/tmp/llm/gemma-4-E2B-it.litertlm backend=GPU requested=Auto speculative=false kernelCacheWarm=true kernelCacheBytes=377694576
08-01 05:33:47.689   802   802 E logbuffer_pcie1: [22815] OC Initial Status check: 0x5FC(0xf0)
08-01 05:33:47.682  4768  4768 V RotaryController: onAccessibilityEvent: EventType: TYPE_VIEW_SCROLLED; EventTime: 47137759; PackageName: com.tcs.vehicleassistant; MovementGranularity: 0; Action: 0; ContentChangeTypes: []; WindowChangeTypes: []; TextChangeTypes: [] [ ClassName: androidx.recyclerview.widget.RecyclerView; Text: []; ContentDescription: null; ItemCount: 4; CurrentItemIndex: -1; Enabled: true; Password: false; Checked: false; FullScreen: false; Scrollable: true; ImportantForAccessibility: true; AccessibilityDataSensitive: false; BeforeText: null; FromIndex: 0; ToIndex: 3; ScrollX: 0; ScrollY: 0; MaxScrollX: 0; MaxScrollY: 0; ScrollDeltaX: 0; ScrollDeltaY: 0; AddedCount: -1; RemovedCount: -1; ParcelableData: null; DisplayId: 0 ]; recordCount: 0
08-01 05:33:47.691  4768  4768 V RotaryController: event source: android.view.accessibility.AccessibilityNodeInfo@1595e; boundsInParent: Rect(0, 0 - 1479, 687); boundsInScreen: Rect(1049, 528 - 2528, 1215); boundsInWindow: Rect(1049, 528 - 2528, 1215); packageName: com.tcs.vehicleassistant; className: androidx.recyclerview.widget.RecyclerView; text: null; error: null; maxTextLength: -1; stateDescription: null; contentDescription: null; tooltipText: null; containerTitle: null; viewIdResName: null; uniqueId: null; checkable: false; checked: false; focusable: true; focused: false; selected: false; clickable: false; longClickable: false; contextClickable: false; enabled: true; password: false; scrollable: true; granularScrollingSupported: false; importantForAccessibility: true; visible: true; actions: [AccessibilityAction: ACTION_FOCUS - null, AccessibilityAction: ACTION_SELECT - null, AccessibilityAction: ACTION_CLEAR_SELECTION - null, AccessibilityAction: ACTION_ACCESSIBILITY_FOCUS - null, AccessibilityAction: ACTION_SCROLL_BACKWARD - null, AccessibilityAction: ACTION_SHOW_ON_SCREEN - null]; isTextSelectable: false
08-01 05:33:47.691  4768  4768 V RotaryController: event window ID: 21
08-01 05:33:47.719   802   802 I logbuffer_pcie1: [22816] D state: 0, LTSSM: 0
08-01 05:33:47.719   802   802 I logbuffer_pcie1: [22817] L0(0x11)
08-01 05:33:47.723   802   802 W [05:33:47.712461][dhd][wlan]dhd_plat_l1ss_ctrl: Control L1ss RC side 1
08-01 05:33:48.269   802   802 W [05:33:48.258419][dhd][wlan]dhd_plat_l1ss_ctrl: Control L1ss RC side 0
08-01 05:33:48.564   802   802 E logbuffer_pcie1: [22818] OC Initial Status check: 0x5FC(0xf0)
08-01 05:33:48.596   802   802 I logbuffer_pcie1: [22819] D state: 0, LTSSM: 0
08-01 05:33:48.596   802   802 I logbuffer_pcie1: [22820] L0(0x11)
08-01 05:33:48.600   802   802 W [05:33:48.589550][dhd][wlan]dhd_plat_l1ss_ctrl: Control L1ss RC side 1
08-01 05:33:48.641  4054  4253 D WifiClientModeImpl[46736571:wlan0]: updateLinkLayerStatsRssiSpeedFrequencyCapabilities rssi=-58 TxLinkspeed=390 freq=5240 RxLinkSpeed=650
08-01 05:33:48.641  4054  4253 D WifiDataStall: tx tput in kbps: 348791
08-01 05:33:48.641  4054  4253 D WifiDataStall: rx tput in kbps: 611914
08-01 05:33:48.642  4054  4253 V WifiConfigManager: Updating scan detail cache freq=5240 BSSID=90:32:4b:d3:f0:6b RSSI=-57 for "90324BD3F068-5G"WPA_PSK
08-01 05:33:48.642  4054  4253 D WifiChannelUtilization:  freq: 5240 onTime: 40268 busyTime: 1731906 onTimeDiff: 622 busyTimeDiff: 90295 utilization: -1 utilization t0: -1
08-01 05:33:48.642  4054  4253 D WifiDataStall:  use default cca Level
08-01 05:33:48.642  4054  4253 D WifiDataStall:  ccaLevel = 15
08-01 05:33:48.642  4054  4253 D WifiDataStall: L2 txTputKbps: 348791, rxTputKbps: 611914, L3 txTputKbps: 0, rxTputKbps: 0, TxTrafficHigh: false, RxTrafficHigh: false, Throughput Sufficient: true
08-01 05:33:48.644  4054  4253 D WifiThroughputPredictor:  utilization (LLS) -1 isBluetoothConnected: false final utilization: 15
08-01 05:33:48.644  4054  4253 D WifiThroughputPredictor:  BW: 2 RSSI: -58 Nss: 2 Mode: 5 symDur: 3600 snrDb 16 bitPerTone: 5328 rate: 692 throughput: 651
08-01 05:33:48.644  4054  4253 D WifiThroughputPredictor:  utilization (LLS) -1 isBluetoothConnected: false final utilization: 15
08-01 05:33:48.644  4054  4253 D WifiThroughputPredictor:  BW: 2 RSSI: -58 Nss: 2 Mode: 5 symDur: 3600 snrDb 16 bitPerTone: 5328 rate: 692 throughput: 651
08-01 05:33:48.655   936  3260 D WifiHAL : Start debug command
08-01 05:33:48.655   936  3260 D WifiHAL : In DebugCommand::handleResponse, mType:4
08-01 05:33:48.655   936  3260 D WifiHAL : len = 4, expected len = 4
08-01 05:33:48.657  4054  4253 I HalDevMgr: bestIfaceCreationProposal is null, requestIface=STA, existingIface=[name=wlan0 type=STA]
08-01 05:33:48.658  4054  4253 D WifiScoreCard: BSSID update SIGNAL_POLL ID: 1629483720 SSID: "90324BD3F068-5G", BSSID: 90:32:4b:d3:f0:6b, MAC: d2:bc:0e:8c:4e:68, IP: /192.168.3.92, Security type: 2, Supplicant state: COMPLETED, Wi-Fi standard: 11ac, RSSI: -58, Link speed: 390Mbps, Tx Link speed: 390Mbps, Max Supported Tx Link speed: 866Mbps, Calculated Tx : 348Mbps, Rx Link speed: 650Mbps, Max Supported Rx Link speed: 866Mbps, Calculated Rx : 611Mbps, Frequency: 5240MHz, Net ID: 0, Metered hint: false, score: 100, isUsable: true, CarrierMerged: false, SubscriptionId: -1, IsPrimary: 1, Trusted: true, Restricted: false, Ephemeral: false, OEM paid: false, OEM private: false, OSU AP: false, FQDN: <none>, Provider friendly name: <none>, Requesting package name: <none>"90324BD3F068-5G"wpa2-pskMLO Information: , Is TID-To-Link negotiation supported by the AP: false, AP MLD Address: <none>, AP MLO Link Id: <none>, AP MLO Affiliated links: <none>, Vendor Data: <none>
08-01 05:33:48.658  4054  4253 D WifiScoreCard: txRate: 1 txSpeed: 390
08-01 05:33:48.658  4054  4253 D WifiScoreCard: network update SIGNAL_POLL "90324BD3F068-5G" ID: 1753303961 RSSI -58 txSpeed -1
08-01 05:33:48.659  4054  4253 D WifiClientModeImpl[46736571:wlan0]:  ClientModeImpl$L2ConnectedState screen=on 11 0 "90324BD3F068-5G" 90:32:4b:d3:f0:6b rssi=-58 f=5240 sc=100 link=390 tx=0.4, 0.0, 0.0 rx=0.3 bcn=3849 [on:116 tx:4 rx:0 period:3109] from screen [on:12776 period:161333] score=100
08-01 05:33:50.187   802   802 W [05:33:50.176487][dhd][wlan]dhd_plat_l1ss_ctrl: Control L1ss RC side 0
08-01 05:33:51.674   802   802 E logbuffer_pcie1: [22821] OC Initial Status check: 0x5FC(0xf0)
08-01 05:33:51.706   802   802 I logbuffer_pcie1: [22822] D state: 0, LTSSM: 0
08-01 05:33:51.706   802   802 I logbuffer_pcie1: [22823] L0(0x11)
08-01 05:33:51.710   802   802 W [05:33:51.699524][dhd][wlan]dhd_plat_l1ss_ctrl: Control L1ss RC side 1
08-01 05:33:51.748  4054  4253 D WifiClientModeImpl[46736571:wlan0]: updateLinkLayerStatsRssiSpeedFrequencyCapabilities rssi=-58 TxLinkspeed=390 freq=5240 RxLinkSpeed=650
08-01 05:33:51.748  4054  4253 D WifiDataStall: tx tput in kbps: 348791
08-01 05:33:51.748  4054  4253 D WifiDataStall: rx tput in kbps: 611914
08-01 05:33:51.748  4054  4253 V WifiConfigManager: Updating scan detail cache freq=5240 BSSID=90:32:4b:d3:f0:6b RSSI=-57 for "90324BD3F068-5G"WPA_PSK
08-01 05:33:51.748  4054  4253 D WifiChannelUtilization:  freq: 5240 onTime: 40373 busyTime: 1744806 onTimeDiff: 727 busyTimeDiff: 103195 utilization: -1 utilization t0: -1
08-01 05:33:51.748  4054  4253 D WifiDataStall:  use default cca Level
08-01 05:33:51.748  4054  4253 D WifiDataStall:  ccaLevel = 15
08-01 05:33:51.748  4054  4253 D WifiDataStall: L2 txTputKbps: 348791, rxTputKbps: 611914, L3 txTputKbps: 0, rxTputKbps: 1, TxTrafficHigh: false, RxTrafficHigh: false, Throughput Sufficient: true
08-01 05:33:51.749  4054  4253 D WifiThroughputPredictor:  utilization (LLS) -1 isBluetoothConnected: false final utilization: 15
08-01 05:33:51.749  4054  4253 D WifiThroughputPredictor:  BW: 2 RSSI: -58 Nss: 2 Mode: 5 symDur: 3600 snrDb 16 bitPerTone: 5328 rate: 692 throughput: 651
08-01 05:33:51.749  4054  4253 D WifiThroughputPredictor:  utilization (LLS) -1 isBluetoothConnected: false final utilization: 15
08-01 05:33:51.749  4054  4253 D WifiThroughputPredictor:  BW: 2 RSSI: -58 Nss: 2 Mode: 5 symDur: 3600 snrDb 16 bitPerTone: 5328 rate: 692 throughput: 651
08-01 05:33:51.755   936  3260 D WifiHAL : Start debug command
08-01 05:33:51.755   936  3260 D WifiHAL : In DebugCommand::handleResponse, mType:4
08-01 05:33:51.755   936  3260 D WifiHAL : len = 4, expected len = 4
08-01 05:33:51.756  4054  4253 I HalDevMgr: bestIfaceCreationProposal is null, requestIface=STA, existingIface=[name=wlan0 type=STA]
08-01 05:33:51.757  4054  4253 D WifiScoreCard: BSSID update SIGNAL_POLL ID: 1629483720 SSID: "90324BD3F068-5G", BSSID: 90:32:4b:d3:f0:6b, MAC: d2:bc:0e:8c:4e:68, IP: /192.168.3.92, Security type: 2, Supplicant state: COMPLETED, Wi-Fi standard: 11ac, RSSI: -58, Link speed: 390Mbps, Tx Link speed: 390Mbps, Max Supported Tx Link speed: 866Mbps, Calculated Tx : 348Mbps, Rx Link speed: 650Mbps, Max Supported Rx Link speed: 866Mbps, Calculated Rx : 611Mbps, Frequency: 5240MHz, Net ID: 0, Metered hint: false, score: 100, isUsable: true, CarrierMerged: false, SubscriptionId: -1, IsPrimary: 1, Trusted: true, Restricted: false, Ephemeral: false, OEM paid: false, OEM private: false, OSU AP: false, FQDN: <none>, Provider friendly name: <none>, Requesting package name: <none>"90324BD3F068-5G"wpa2-pskMLO Information: , Is TID-To-Link negotiation supported by the AP: false, AP MLD Address: <none>, AP MLO Link Id: <none>, AP MLO Affiliated links: <none>, Vendor Data: <none>
08-01 05:33:51.757  4054  4253 D WifiScoreCard: txRate: 1 txSpeed: 390
08-01 05:33:51.757  4054  4253 D WifiScoreCard: network update SIGNAL_POLL "90324BD3F068-5G" ID: 1753303961 RSSI -58 txSpeed -1
08-01 05:33:51.757  4054  4253 D WifiClientModeImpl[46736571:wlan0]:  ClientModeImpl$L2ConnectedState screen=on 11 0 "90324BD3F068-5G" 90:32:4b:d3:f0:6b rssi=-58 f=5240 sc=100 link=390 tx=0.3, 0.0, 0.0 rx=0.3 bcn=3880 [on:108 tx:4 rx:0 period:3097] from screen [on:12884 period:164432] score=100
08-01 05:33:52.253   802   802 W [05:33:52.242735][dhd][wlan]dhd_plat_l1ss_ctrl: Control L1ss RC side 0
08-01 05:33:53.128  7142  7142 I adbd    : adbd service requested 'shell,v2,TERM=dumb:export ANDROID_LOG_TAGS="''"; exec logcat '-d''
08-01 05:33:53.226   490   490 I logd    : logdr: UID=0 GID=0 PID=9814 n tail=0 logMask=99 pid=0 start=0ns deadline=0ns
